I/art: Background partial concurrent mark sweep GC freed 1410934(25MB) AllocSpace objects, 0(0B) LOS objects, 34% free, 30MB/46MB, paused 1.324ms total 102.016ms
I/art: Background partial concurrent mark sweep GC freed 1408171(25MB) AllocSpace objects, 0(0B) LOS objects, 34% free, 31MB/47MB, paused 4.039ms total 101.263ms
I/art: Background partial concurrent mark sweep GC freed 1486065(27MB) AllocSpace objects, 0(0B) LOS objects, 33% free, 31MB/47MB, paused 674us total 107.176ms
I/art: Background partial concurrent mark sweep GC freed 1325511(24MB) AllocSpace objects, 0(0B) LOS objects, 33% free, 31MB/47MB, paused 843us total 100.095ms
I/art: Background partial concurrent mark sweep GC freed 1462289(27MB) AllocSpace objects, 0(0B) LOS objects, 34% free, 30MB/46MB, paused 620us total 104.307ms
I/art: Background partial concurrent mark sweep GC freed 1382532(25MB) AllocSpace objects, 0(0B) LOS objects, 34% free, 30MB/46MB, paused 608us total 101.329ms
I/art: Background partial concurrent mark sweep GC freed 1356493(24MB) AllocSpace objects, 0(0B) LOS objects, 34% free, 30MB/46MB, paused 3.034ms total 100.862ms
I/art: Background partial concurrent mark sweep GC freed 1419256(26MB) AllocSpace objects, 0(0B) LOS objects, 34% free, 30MB/46MB, paused 668us total 100.428ms
I/art: Background partial concurrent mark sweep GC freed 1418412(26MB) AllocSpace objects, 0(0B) LOS objects, 34% free, 30MB/46MB, paused 678us total 101.245ms
I/art: Background sticky concurrent mark sweep GC freed 1229353(21MB) AllocSpace objects, 0(0B) LOS objects, 29% free, 31MB/44MB, paused 2.351ms total 103.368ms
I/art: Background partial concurrent mark sweep GC freed 1295066(24MB) AllocSpace objects, 0(0B) LOS objects, 34% free, 30MB/46MB, paused 724us total 134.902ms
I/art: Background sticky concurrent mark sweep GC freed 1283153(22MB) AllocSpace objects, 0(0B) LOS objects, 33% free, 31MB/46MB, paused 690us total 105.956ms
I/art: Background partial concurrent mark sweep GC freed 1392911(25MB) AllocSpace objects, 0(0B) LOS objects, 32% free, 32MB/48MB, paused 746us total 152.819ms
I/art: Background sticky concurrent mark sweep GC freed 1321507(23MB) AllocSpace objects, 0(0B) LOS objects, 32% free, 32MB/48MB, paused 733us total 107.305ms
I/art: Background partial concurrent mark sweep GC freed 1529125(27MB) AllocSpace objects, 0(0B) LOS objects, 33% free, 31MB/47MB, paused 598us total 149.015ms
I/art: Background sticky concurrent mark sweep GC freed 1369017(24MB) AllocSpace objects, 0(0B) LOS objects, 33% free, 32MB/47MB, paused 2.535ms total 115.284ms
I/art: Background partial concurrent mark sweep GC freed 1465645(26MB) AllocSpace objects, 0(0B) LOS objects, 32% free, 33MB/49MB, paused 674us total 119.842ms
I/art: Background partial concurrent mark sweep GC freed 1465987(27MB) AllocSpace objects, 0(0B) LOS objects, 33% free, 32MB/48MB, paused 579us total 109.479ms
I/art: Background partial concurrent mark sweep GC freed 1418083(26MB) AllocSpace objects, 0(0B) LOS objects, 33% free, 32MB/48MB, paused 1.004ms total 110.184ms
I/art: Background partial concurrent mark sweep GC freed 1430030(27MB) AllocSpace objects, 0(0B) LOS objects, 33% free, 32MB/48MB, paused 673us total 107.289ms
I/art: Background partial concurrent mark sweep GC freed 1418753(27MB) AllocSpace objects, 0(0B) LOS objects, 33% free, 31MB/47MB, paused 657us total 103.087ms
I/art: Background partial concurrent mark sweep GC freed 1371567(26MB) AllocSpace objects, 0(0B) LOS objects, 33% free, 31MB/47MB, paused 558us total 102.699ms
I/art: Background partial concurrent mark sweep GC freed 1400529(25MB) AllocSpace objects, 0(0B) LOS objects, 32% free, 33MB/49MB, paused 838us total 115.076ms
I/art: Background partial concurrent mark sweep GC freed 1528982(28MB) AllocSpace objects, 0(0B) LOS objects, 33% free, 32MB/48MB, paused 535us total 111.782ms
I/art: Background partial concurrent mark sweep GC freed 1428400(27MB) AllocSpace objects, 0(0B) LOS objects, 33% free, 32MB/48MB, paused 716us total 107.352ms
I/art: Background partial concurrent mark sweep GC freed 1415209(27MB) AllocSpace objects, 0(0B) LOS objects, 33% free, 31MB/47MB, paused 628us total 104.916ms
I/art: Background partial concurrent mark sweep GC freed 1395429(26MB) AllocSpace objects, 0(0B) LOS objects, 34% free, 30MB/46MB, paused 542us total 101.553ms
I/art: Background sticky concurrent mark sweep GC freed 1049380(18MB) AllocSpace objects, 0(0B) LOS objects, 21% free, 36MB/46MB, paused 7.958ms total 75.129ms
I/art: Background sticky concurrent mark sweep GC freed 957853(16MB) AllocSpace objects, 0(0B) LOS objects, 13% free, 40MB/46MB, paused 7.866ms total 91.441ms
I/art: Background partial concurrent mark sweep GC freed 1336529(25MB) AllocSpace objects, 0(0B) LOS objects, 34% free, 30MB/46MB, paused 669us total 100.511ms
I/art: Background sticky concurrent mark sweep GC freed 1240942(21MB) AllocSpace objects, 0(0B) LOS objects, 29% free, 32MB/46MB, paused 768us total 104.389ms
I/art: Background partial concurrent mark sweep GC freed 1366301(25MB) AllocSpace objects, 0(0B) LOS objects, 32% free, 33MB/49MB, paused 913us total 147.931ms
I/art: Background sticky concurrent mark sweep GC freed 1283660(22MB) AllocSpace objects, 0(0B) LOS objects, 20% free, 38MB/49MB, paused 11.972ms total 147.655ms
I/art: Background partial concurrent mark sweep GC freed 1502212(28MB) AllocSpace objects, 0(0B) LOS objects, 33% free, 31MB/47MB, paused 754us total 146.134ms
I/art: Background sticky concurrent mark sweep GC freed 1330311(23MB) AllocSpace objects, 0(0B) LOS objects, 32% free, 32MB/47MB, paused 963us total 110.315ms
I/art: Background partial concurrent mark sweep GC freed 1446411(26MB) AllocSpace objects, 0(0B) LOS objects, 32% free, 33MB/49MB, paused 866us total 151.518ms
I/art: Background sticky concurrent mark sweep GC freed 1338855(23MB) AllocSpace objects, 0(0B) LOS objects, 31% free, 33MB/49MB, paused 1.389ms total 112.484ms
I/art: Background partial concurrent mark sweep GC freed 1552892(28MB) AllocSpace objects, 0(0B) LOS objects, 33% free, 32MB/48MB, paused 747us total 123.060ms
I/art: Background partial concurrent mark sweep GC freed 1388507(27MB) AllocSpace objects, 0(0B) LOS objects, 34% free, 30MB/46MB, paused 468us total 100ms
I/art: Background partial concurrent mark sweep GC freed 1354102(25MB) AllocSpace objects, 0(0B) LOS objects, 34% free, 31MB/47MB, paused 662us total 101.222ms
I/art: Background partial concurrent mark sweep GC freed 1367272(26MB) AllocSpace objects, 0(0B) LOS objects, 34% free, 30MB/46MB, paused 674us total 100.689ms
I/art: Background sticky concurrent mark sweep GC freed 1264559(22MB) AllocSpace objects, 0(0B) LOS objects, 30% free, 32MB/47MB, paused 5.629ms total 81.167ms
I/art: Background partial concurrent mark sweep GC freed 1332971(25MB) AllocSpace objects, 0(0B) LOS objects, 34% free, 30MB/46MB, paused 792us total 101.593ms
I/art: Background partial concurrent mark sweep GC freed 1361955(26MB) AllocSpace objects, 0(0B) LOS objects, 33% free, 31MB/47MB, paused 942us total 135.231ms
I/art: Background sticky concurrent mark sweep GC freed 1313312(23MB) AllocSpace objects, 0(0B) LOS objects, 33% free, 31MB/47MB, paused 680us total 104.990ms
I/art: Background partial concurrent mark sweep GC freed 1426477(25MB) AllocSpace objects, 0(0B) LOS objects, 32% free, 33MB/49MB, paused 940us total 149.540ms
I/art: Background sticky concurrent mark sweep GC freed 1354035(24MB) AllocSpace objects, 0(0B) LOS objects, 32% free, 32MB/48MB, paused 961us total 108.554ms
I/art: Background partial concurrent mark sweep GC freed 1553812(28MB) AllocSpace objects, 0(0B) LOS objects, 33% free, 31MB/47MB, paused 671us total 152.669ms
I/art: Background sticky concurrent mark sweep GC freed 1391899(24MB) AllocSpace objects, 0(0B) LOS objects, 33% free, 31MB/47MB, paused 876us total 112.807ms
I/art: Background partial concurrent mark sweep GC freed 1453792(26MB) AllocSpace objects, 0(0B) LOS objects, 32% free, 32MB/48MB, paused 695us total 143.311ms
I/art: Background sticky concurrent mark sweep GC freed 1219774(21MB) AllocSpace objects, 0(0B) LOS objects, 23% free, 36MB/48MB, paused 7.209ms total 88.984ms
I/art: Background partial concurrent mark sweep GC freed 1460657(27MB) AllocSpace objects, 0(0B) LOS objects, 33% free, 31MB/47MB, paused 1.220ms total 110.555ms
I/art: Background partial concurrent mark sweep GC freed 1391515(26MB) AllocSpace objects, 0(0B) LOS objects, 33% free, 31MB/47MB, paused 487us total 104.080ms
I/art: Background partial concurrent mark sweep GC freed 1365079(26MB) AllocSpace objects, 0(0B) LOS objects, 34% free, 30MB/46MB, paused 496us total 101.730ms
I/art: Background sticky concurrent mark sweep GC freed 1046706(18MB) AllocSpace objects, 0(0B) LOS objects, 21% free, 36MB/46MB, paused 7.999ms total 75.841ms
I/art: Background partial concurrent mark sweep GC freed 1352298(26MB) AllocSpace objects, 0(0B) LOS objects, 33% free, 31MB/47MB, paused 586us total 102.176ms
I/art: Background partial concurrent mark sweep GC freed 1364708(26MB) AllocSpace objects, 0(0B) LOS objects, 34% free, 31MB/47MB, paused 650us total 101.390ms
I/art: Background partial concurrent mark sweep GC freed 1313968(25MB) AllocSpace objects, 0(0B) LOS objects, 33% free, 31MB/47MB, paused 865us total 100.332ms
I/art: Background partial concurrent mark sweep GC freed 1379187(26MB) AllocSpace objects, 0(0B) LOS objects, 33% free, 31MB/47MB, paused 1.624ms total 136.472ms
I/art: Background sticky concurrent mark sweep GC freed 1287592(22MB) AllocSpace objects, 0(0B) LOS objects, 30% free, 32MB/47MB, paused 1.218ms total 111.219ms
I/art: Background partial concurrent mark sweep GC freed 1422941(25MB) AllocSpace objects, 0(0B) LOS objects, 32% free, 32MB/48MB, paused 821us total 147.499ms
I/art: Background sticky concurrent mark sweep GC freed 1325919(23MB) AllocSpace objects, 0(0B) LOS objects, 31% free, 33MB/48MB, paused 1.631ms total 111.108ms
I/art: Background partial concurrent mark sweep GC freed 1538227(28MB) AllocSpace objects, 0(0B) LOS objects, 33% free, 32MB/48MB, paused 871us total 153.871ms
I/art: Background sticky concurrent mark sweep GC freed 1378064(24MB) AllocSpace objects, 0(0B) LOS objects, 33% free, 32MB/48MB, paused 835us total 110.336ms
I/art: Background partial concurrent mark sweep GC freed 1472237(26MB) AllocSpace objects, 0(0B) LOS objects, 32% free, 33MB/49MB, paused 896us total 156.635ms
I/art: Background partial concurrent mark sweep GC freed 1447129(27MB) AllocSpace objects, 0(0B) LOS objects, 32% free, 32MB/48MB, paused 611us total 108.168ms
I/art: Background partial concurrent mark sweep GC freed 1421201(27MB) AllocSpace objects, 0(0B) LOS objects, 32% free, 32MB/48MB, paused 674us total 107.782ms
I/art: Background sticky concurrent mark sweep GC freed 1264635(21MB) AllocSpace objects, 0(0B) LOS objects, 21% free, 38MB/48MB, paused 8.202ms total 105.066ms
I/art: Background partial concurrent mark sweep GC freed 1490558(27MB) AllocSpace objects, 0(0B) LOS objects, 33% free, 31MB/47MB, paused 489us total 106.643ms
I/art: Background partial concurrent mark sweep GC freed 1381095(26MB) AllocSpace objects, 0(0B) LOS objects, 33% free, 31MB/47MB, paused 593us total 103.209ms
I/art: Background partial concurrent mark sweep GC freed 1364143(26MB) AllocSpace objects, 0(0B) LOS objects, 33% free, 31MB/47MB, paused 642us total 103.273ms
I/art: Background sticky concurrent mark sweep GC freed 1060370(18MB) AllocSpace objects, 0(0B) LOS objects, 21% free, 36MB/47MB, paused 7.915ms total 77.732ms
I/art: Background partial concurrent mark sweep GC freed 1359819(26MB) AllocSpace objects, 0(0B) LOS objects, 33% free, 31MB/47MB, paused 576us total 101.766ms
I/art: Background partial concurrent mark sweep GC freed 1342425(26MB) AllocSpace objects, 0(0B) LOS objects, 34% free, 30MB/46MB, paused 656us total 122.227ms
I/art: Background sticky concurrent mark sweep GC freed 1280346(22MB) AllocSpace objects, 0(0B) LOS objects, 32% free, 31MB/46MB, paused 804us total 102.714ms
I/art: Background partial concurrent mark sweep GC freed 1369785(24MB) AllocSpace objects, 0(0B) LOS objects, 32% free, 32MB/48MB, paused 756us total 148.071ms
I/art: Background sticky concurrent mark sweep GC freed 1335015(23MB) AllocSpace objects, 0(0B) LOS objects, 32% free, 32MB/48MB, paused 1.565ms total 108.807ms
I/art: Background partial concurrent mark sweep GC freed 1533929(27MB) AllocSpace objects, 0(0B) LOS objects, 33% free, 32MB/48MB, paused 1.083ms total 153.610ms
I/art: Background sticky concurrent mark sweep GC freed 1383403(24MB) AllocSpace objects, 0(0B) LOS objects, 33% free, 31MB/47MB, paused 738us total 111.587ms
I/art: Background partial concurrent mark sweep GC freed 1462415(26MB) AllocSpace objects, 0(0B) LOS objects, 32% free, 33MB/49MB, paused 865us total 155.137ms
I/art: Background sticky concurrent mark sweep GC freed 1285624(22MB) AllocSpace objects, 0(0B) LOS objects, 27% free, 35MB/48MB, paused 7.990ms total 86.400ms
I/art: Background sticky concurrent mark sweep GC freed 719443(11MB) AllocSpace objects, 0(0B) LOS objects, 5% free, 45MB/48MB, paused 8.358ms total 79.502ms
I/art: Background partial concurrent mark sweep GC freed 1312801(26MB) AllocSpace objects, 0(0B) LOS objects, 34% free, 30MB/46MB, paused 873us total 125.359ms
I/art: Background sticky concurrent mark sweep GC freed 1290467(23MB) AllocSpace objects, 0(0B) LOS objects, 33% free, 30MB/46MB, paused 602us total 101.896ms
I/art: Background partial concurrent mark sweep GC freed 1371885(24MB) AllocSpace objects, 0(0B) LOS objects, 32% free, 33MB/49MB, paused 1.059ms total 158.075ms
I/art: Background sticky concurrent mark sweep GC freed 1354788(24MB) AllocSpace objects, 0(0B) LOS objects, 32% free, 33MB/49MB, paused 626us total 106.105ms
I/art: Background partial concurrent mark sweep GC freed 1465999(26MB) AllocSpace objects, 0(0B) LOS objects, 30% free, 37MB/53MB, paused 3.831ms total 174.009ms
I/art: Background sticky concurrent mark sweep GC freed 1379542(24MB) AllocSpace objects, 0(0B) LOS objects, 25% free, 39MB/53MB, paused 1.105ms total 136.769ms
I/art: Background partial concurrent mark sweep GC freed 1686782(30MB) AllocSpace objects, 0(0B) LOS objects, 30% free, 35MB/51MB, paused 7.517ms total 181.201ms
I/art: Background sticky concurrent mark sweep GC freed 1429279(25MB) AllocSpace objects, 0(0B) LOS objects, 31% free, 34MB/50MB, paused 695us total 110.537ms
I/art: Background partial concurrent mark sweep GC freed 1535714(27MB) AllocSpace objects, 0(0B) LOS objects, 29% free, 38MB/54MB, paused 3.880ms total 186.390ms
I/art: Background sticky concurrent mark sweep GC freed 1401085(24MB) AllocSpace objects, 0(0B) LOS objects, 24% free, 41MB/54MB, paused 1.743ms total 140.306ms
I/art: Background partial concurrent mark sweep GC freed 1783051(32MB) AllocSpace objects, 0(0B) LOS objects, 30% free, 36MB/52MB, paused 5.728ms total 142.252ms
I/art: Background partial concurrent mark sweep GC freed 1548517(29MB) AllocSpace objects, 0(0B) LOS objects, 32% free, 32MB/48MB, paused 684us total 111.245ms
I/art: Background partial concurrent mark sweep GC freed 1419202(27MB) AllocSpace objects, 0(0B) LOS objects, 33% free, 31MB/47MB, paused 811us total 101.980ms
I/art: Background sticky concurrent mark sweep GC freed 1060205(18MB) AllocSpace objects, 0(0B) LOS objects, 22% free, 37MB/47MB, paused 7.876ms total 76.293ms
I/art: Background partial concurrent mark sweep GC freed 1375464(26MB) AllocSpace objects, 0(0B) LOS objects, 33% free, 31MB/47MB, paused 588us total 103.221ms
I/art: Background partial concurrent mark sweep GC freed 1288958(23MB) AllocSpace objects, 0(0B) LOS objects, 30% free, 37MB/53MB, paused 3.745ms total 164.154ms
I/art: Background sticky concurrent mark sweep GC freed 1286138(22MB) AllocSpace objects, 0(0B) LOS objects, 24% free, 40MB/53MB, paused 4.426ms total 133.740ms
I/art: Background partial concurrent mark sweep GC freed 1710861(31MB) AllocSpace objects, 0(0B) LOS objects, 31% free, 34MB/50MB, paused 1.182ms total 168.824ms
I/art: Background sticky concurrent mark sweep GC freed 1380564(24MB) AllocSpace objects, 0(0B) LOS objects, 29% free, 35MB/50MB, paused 4.249ms total 128.320ms
I/art: Background partial concurrent mark sweep GC freed 1506044(27MB) AllocSpace objects, 0(0B) LOS objects, 30% free, 37MB/53MB, paused 3.970ms total 173.082ms
I/art: Background sticky concurrent mark sweep GC freed 1353744(23MB) AllocSpace objects, 0(0B) LOS objects, 23% free, 40MB/53MB, paused 1.076ms total 144.566ms
I/art: Background partial concurrent mark sweep GC freed 1703409(31MB) AllocSpace objects, 0(0B) LOS objects, 32% free, 32MB/48MB, paused 704us total 159.835ms
I/art: Background sticky concurrent mark sweep GC freed 1352188(23MB) AllocSpace objects, 0(0B) LOS objects, 31% free, 33MB/48MB, paused 730us total 116.799ms
I/art: Background partial concurrent mark sweep GC freed 1471256(26MB) AllocSpace objects, 0(0B) LOS objects, 32% free, 33MB/49MB, paused 1.232ms total 161.542ms
I/art: Background sticky concurrent mark sweep GC freed 1302983(22MB) AllocSpace objects, 0(0B) LOS objects, 27% free, 35MB/49MB, paused 933us total 105.175ms
I/art: Background partial concurrent mark sweep GC freed 1538653(28MB) AllocSpace objects, 0(0B) LOS objects, 32% free, 32MB/48MB, paused 644us total 112.955ms
I/art: Background partial concurrent mark sweep GC freed 1441347(27MB) AllocSpace objects, 0(0B) LOS objects, 33% free, 31MB/47MB, paused 493us total 101.427ms
I/art: Background partial concurrent mark sweep GC freed 1371102(26MB) AllocSpace objects, 0(0B) LOS objects, 33% free, 31MB/47MB, paused 662us total 102.321ms
I/art: Background partial concurrent mark sweep GC freed 1362564(26MB) AllocSpace objects, 0(0B) LOS objects, 33% free, 31MB/47MB, paused 703us total 102.974ms
I/art: Background sticky concurrent mark sweep GC freed 1051134(18MB) AllocSpace objects, 0(0B) LOS objects, 21% free, 36MB/47MB, paused 7.975ms total 76.368ms
I/art: Background partial concurrent mark sweep GC freed 1359887(26MB) AllocSpace objects, 0(0B) LOS objects, 33% free, 31MB/47MB, paused 673us total 102.492ms
I/art: Background sticky concurrent mark sweep GC freed 1302141(23MB) AllocSpace objects, 0(0B) LOS objects, 33% free, 31MB/47MB, paused 695us total 106.193ms
I/art: Background partial concurrent mark sweep GC freed 1397927(25MB) AllocSpace objects, 0(0B) LOS objects, 32% free, 32MB/48MB, paused 804us total 147.919ms
I/art: Background sticky concurrent mark sweep GC freed 1331193(23MB) AllocSpace objects, 0(0B) LOS objects, 32% free, 32MB/48MB, paused 642us total 107.522ms
I/art: Background partial concurrent mark sweep GC freed 1536190(27MB) AllocSpace objects, 0(0B) LOS objects, 33% free, 31MB/47MB, paused 629us total 151.760ms
I/art: Background sticky concurrent mark sweep GC freed 1380128(24MB) AllocSpace objects, 0(0B) LOS objects, 33% free, 31MB/47MB, paused 740us total 112.359ms
I/art: Background partial concurrent mark sweep GC freed 1451770(26MB) AllocSpace objects, 0(0B) LOS objects, 32% free, 33MB/49MB, paused 1.300ms total 151.298ms
I/art: Background sticky concurrent mark sweep GC freed 1364192(24MB) AllocSpace objects, 0(0B) LOS objects, 32% free, 33MB/49MB, paused 880us total 110.880ms
I/art: Background partial concurrent mark sweep GC freed 1617137(29MB) AllocSpace objects, 0(0B) LOS objects, 33% free, 32MB/48MB, paused 1.953ms total 164.568ms
I/art: Background sticky concurrent mark sweep GC freed 1406211(25MB) AllocSpace objects, 0(0B) LOS objects, 33% free, 31MB/47MB, paused 799us total 112.781ms
I/art: Background partial concurrent mark sweep GC freed 1450015(26MB) AllocSpace objects, 0(0B) LOS objects, 32% free, 32MB/48MB, paused 1.550ms total 151.613ms
I/art: Background partial concurrent mark sweep GC freed 1448563(27MB) AllocSpace objects, 0(0B) LOS objects, 33% free, 32MB/48MB, paused 600us total 107.403ms
I/art: Background sticky concurrent mark sweep GC freed 1071315(18MB) AllocSpace objects, 0(0B) LOS objects, 15% free, 40MB/48MB, paused 8.442ms total 96.347ms
I/art: Background partial concurrent mark sweep GC freed 1402159(27MB) AllocSpace objects, 0(0B) LOS objects, 34% free, 30MB/46MB, paused 609us total 100.529ms
I/art: Background partial concurrent mark sweep GC freed 1333062(25MB) AllocSpace objects, 0(0B) LOS objects, 33% free, 31MB/47MB, paused 938us total 100.892ms
I/art: Background partial concurrent mark sweep GC freed 1374974(26MB) AllocSpace objects, 0(0B) LOS objects, 34% free, 30MB/46MB, paused 649us total 102.009ms
I/art: Background partial concurrent mark sweep GC freed 1368544(26MB) AllocSpace objects, 0(0B) LOS objects, 33% free, 31MB/47MB, paused 986us total 135.950ms
I/art: Background sticky concurrent mark sweep GC freed 1311248(23MB) AllocSpace objects, 0(0B) LOS objects, 33% free, 31MB/47MB, paused 956us total 106.384ms
I/art: Background partial concurrent mark sweep GC freed 1422599(25MB) AllocSpace objects, 0(0B) LOS objects, 32% free, 32MB/48MB, paused 948us total 150.382ms
I/art: Background sticky concurrent mark sweep GC freed 1352946(24MB) AllocSpace objects, 0(0B) LOS objects, 32% free, 33MB/48MB, paused 618us total 109.347ms
I/art: Background partial concurrent mark sweep GC freed 1554691(28MB) AllocSpace objects, 0(0B) LOS objects, 33% free, 32MB/48MB, paused 706us total 153.064ms
I/art: Background sticky concurrent mark sweep GC freed 1395047(24MB) AllocSpace objects, 0(0B) LOS objects, 33% free, 31MB/47MB, paused 903us total 114.083ms
I/art: Background partial concurrent mark sweep GC freed 1461464(26MB) AllocSpace objects, 0(0B) LOS objects, 32% free, 33MB/49MB, paused 730us total 153.656ms
I/art: Background sticky concurrent mark sweep GC freed 1377699(24MB) AllocSpace objects, 0(0B) LOS objects, 32% free, 32MB/48MB, paused 603us total 109.172ms
I/art: Background partial concurrent mark sweep GC freed 1459976(25MB) AllocSpace objects, 0(0B) LOS objects, 28% free, 39MB/55MB, paused 2.143ms total 199.281ms
I/art: Background sticky concurrent mark sweep GC freed 1390850(24MB) AllocSpace objects, 0(0B) LOS objects, 28% free, 39MB/55MB, paused 1.301ms total 108.717ms
I/art: Background partial concurrent mark sweep GC freed 1843354(34MB) AllocSpace objects, 0(0B) LOS objects, 31% free, 34MB/50MB, paused 725us total 179.869ms
I/art: Background sticky concurrent mark sweep GC freed 1484173(26MB) AllocSpace objects, 0(0B) LOS objects, 32% free, 33MB/49MB, paused 930us total 116.938ms
I/art: Background partial concurrent mark sweep GC freed 1624605(29MB) AllocSpace objects, 0(0B) LOS objects, 33% free, 32MB/48MB, paused 1.295ms total 164.612ms
I/art: Background partial concurrent mark sweep GC freed 1361971(26MB) AllocSpace objects, 0(0B) LOS objects, 33% free, 31MB/47MB, paused 662us total 105.057ms
I/art: Background partial concurrent mark sweep GC freed 1267893(25MB) AllocSpace objects, 0(0B) LOS objects, 30% free, 37MB/53MB, paused 2.056ms total 122.943ms
I/art: Background partial concurrent mark sweep GC freed 1579395(31MB) AllocSpace objects, 0(0B) LOS objects, 32% free, 32MB/48MB, paused 1.079ms total 147.425ms
I/art: Background sticky concurrent mark sweep GC freed 1346415(23MB) AllocSpace objects, 0(0B) LOS objects, 32% free, 33MB/48MB, paused 679us total 106.362ms
I/art: Background partial concurrent mark sweep GC freed 1551328(28MB) AllocSpace objects, 0(0B) LOS objects, 33% free, 32MB/48MB, paused 1.055ms total 156.199ms
I/art: Background sticky concurrent mark sweep GC freed 1392986(24MB) AllocSpace objects, 0(0B) LOS objects, 33% free, 31MB/47MB, paused 808us total 113.447ms
I/art: Background partial concurrent mark sweep GC freed 1456987(26MB) AllocSpace objects, 0(0B) LOS objects, 32% free, 33MB/49MB, paused 836us total 152.787ms
I/art: Background sticky concurrent mark sweep GC freed 1365023(24MB) AllocSpace objects, 0(0B) LOS objects, 32% free, 32MB/48MB, paused 865us total 105.335ms
I/art: Background partial concurrent mark sweep GC freed 1631897(29MB) AllocSpace objects, 0(0B) LOS objects, 33% free, 32MB/48MB, paused 1.322ms total 168.069ms
I/art: Background sticky concurrent mark sweep GC freed 1415009(25MB) AllocSpace objects, 0(0B) LOS objects, 33% free, 31MB/47MB, paused 614us total 114.635ms
I/art: Background partial concurrent mark sweep GC freed 1447530(26MB) AllocSpace objects, 0(0B) LOS objects, 32% free, 32MB/48MB, paused 860us total 152.234ms
I/art: Background sticky concurrent mark sweep GC freed 1377948(24MB) AllocSpace objects, 0(0B) LOS objects, 32% free, 32MB/48MB, paused 762us total 109.352ms
I/art: Background partial concurrent mark sweep GC freed 1401938(24MB) AllocSpace objects, 0(0B) LOS objects, 29% free, 39MB/55MB, paused 10.821ms total 194.117ms
I/art: Background sticky concurrent mark sweep GC freed 1375473(24MB) AllocSpace objects, 0(0B) LOS objects, 29% free, 38MB/54MB, paused 652us total 106.233ms
I/art: Background partial concurrent mark sweep GC freed 1796681(32MB) AllocSpace objects, 0(0B) LOS objects, 30% free, 35MB/51MB, paused 1.010ms total 184.606ms
I/art: Background partial concurrent mark sweep GC freed 1536467(29MB) AllocSpace objects, 0(0B) LOS objects, 33% free, 32MB/48MB, paused 734us total 111.721ms
I/art: Background sticky concurrent mark sweep GC freed 1138728(19MB) AllocSpace objects, 0(0B) LOS objects, 23% free, 36MB/48MB, paused 7.997ms total 81.231ms
I/art: Background partial concurrent mark sweep GC freed 1397098(26MB) AllocSpace objects, 0(0B) LOS objects, 33% free, 31MB/47MB, paused 1.411ms total 148.104ms
I/art: Background sticky concurrent mark sweep GC freed 1348676(24MB) AllocSpace objects, 0(0B) LOS objects, 33% free, 31MB/47MB, paused 622us total 107.894ms
I/art: Background partial concurrent mark sweep GC freed 1432627(25MB) AllocSpace objects, 0(0B) LOS objects, 31% free, 34MB/50MB, paused 1.223ms total 161.641ms
I/art: Background sticky concurrent mark sweep GC freed 1367124(24MB) AllocSpace objects, 0(0B) LOS objects, 32% free, 33MB/49MB, paused 1.683ms total 108.526ms
I/art: Background partial concurrent mark sweep GC freed 1449946(25MB) AllocSpace objects, 0(0B) LOS objects, 29% free, 39MB/55MB, paused 12.470ms total 194.702ms
I/art: Background sticky concurrent mark sweep GC freed 1381014(24MB) AllocSpace objects, 0(0B) LOS objects, 29% free, 38MB/54MB, paused 793us total 106.758ms
I/art: Background partial concurrent mark sweep GC freed 1798750(32MB) AllocSpace objects, 0(0B) LOS objects, 30% free, 35MB/51MB, paused 1.003ms total 185.739ms
I/art: Background sticky concurrent mark sweep GC freed 1463006(26MB) AllocSpace objects, 0(0B) LOS objects, 31% free, 34MB/50MB, paused 1.607ms total 116.195ms
I/art: Background partial concurrent mark sweep GC freed 1501262(26MB) AllocSpace objects, 0(0B) LOS objects, 28% free, 39MB/55MB, paused 11.204ms total 201.452ms
I/art: Background sticky concurrent mark sweep GC freed 1411266(25MB) AllocSpace objects, 0(0B) LOS objects, 29% free, 38MB/54MB, paused 743us total 109.631ms
I/art: Background partial concurrent mark sweep GC freed 1828206(33MB) AllocSpace objects, 0(0B) LOS objects, 30% free, 36MB/52MB, paused 1.295ms total 189.831ms
I/art: Background sticky concurrent mark sweep GC freed 1479354(26MB) AllocSpace objects, 0(0B) LOS objects, 31% free, 34MB/50MB, paused 851us total 115.012ms
I/art: Background partial concurrent mark sweep GC freed 1563092(27MB) AllocSpace objects, 0(0B) LOS objects, 28% free, 40MB/56MB, paused 1.722ms total 160.746ms
I/art: Background partial concurrent mark sweep GC freed 1751515(34MB) AllocSpace objects, 0(0B) LOS objects, 32% free, 32MB/48MB, paused 569us total 119.497ms
I/art: Background partial concurrent mark sweep GC freed 1430378(27MB) AllocSpace objects, 0(0B) LOS objects, 33% free, 31MB/47MB, paused 579us total 102.420ms
I/art: Background partial concurrent mark sweep GC freed 1370022(26MB) AllocSpace objects, 0(0B) LOS objects, 33% free, 31MB/47MB, paused 884us total 138.448ms
I/art: Background sticky concurrent mark sweep GC freed 1305073(23MB) AllocSpace objects, 0(0B) LOS objects, 31% free, 32MB/47MB, paused 786us total 107.320ms
I/art: Background partial concurrent mark sweep GC freed 1403738(25MB) AllocSpace objects, 0(0B) LOS objects, 32% free, 33MB/49MB, paused 1.001ms total 150.196ms
I/art: Background sticky concurrent mark sweep GC freed 1298432(22MB) AllocSpace objects, 0(0B) LOS objects, 26% free, 36MB/49MB, paused 3.722ms total 116.346ms
I/art: Background partial concurrent mark sweep GC freed 1513078(28MB) AllocSpace objects, 0(0B) LOS objects, 33% free, 32MB/48MB, paused 1.126ms total 149.995ms
I/art: Background sticky concurrent mark sweep GC freed 1351801(24MB) AllocSpace objects, 0(0B) LOS objects, 33% free, 31MB/47MB, paused 795us total 111.158ms
I/art: Background partial concurrent mark sweep GC freed 1460676(26MB) AllocSpace objects, 0(0B) LOS objects, 32% free, 33MB/49MB, paused 858us total 154.393ms
I/art: Background sticky concurrent mark sweep GC freed 1348565(23MB) AllocSpace objects, 0(0B) LOS objects, 31% free, 33MB/49MB, paused 881us total 114.014ms
I/art: Background partial concurrent mark sweep GC freed 1538172(27MB) AllocSpace objects, 0(0B) LOS objects, 33% free, 32MB/48MB, paused 946us total 152.377ms
I/art: Background sticky concurrent mark sweep GC freed 1374216(24MB) AllocSpace objects, 0(0B) LOS objects, 33% free, 31MB/47MB, paused 1.033ms total 111.219ms
I/art: Background partial concurrent mark sweep GC freed 1468943(26MB) AllocSpace objects, 0(0B) LOS objects, 32% free, 33MB/49MB, paused 1.241ms total 123.865ms
I/art: Background partial concurrent mark sweep GC freed 1344872(27MB) AllocSpace objects, 0(0B) LOS objects, 32% free, 32MB/48MB, paused 1.170ms total 101.174ms
I/art: Background partial concurrent mark sweep GC freed 1370506(26MB) AllocSpace objects, 0(0B) LOS objects, 31% free, 34MB/50MB, paused 633us total 116.124ms
I/art: Background partial concurrent mark sweep GC freed 1379157(26MB) AllocSpace objects, 0(0B) LOS objects, 30% free, 37MB/53MB, paused 1.182ms total 125.012ms
I/art: Background partial concurrent mark sweep GC freed 1760791(33MB) AllocSpace objects, 0(0B) LOS objects, 31% free, 35MB/51MB, paused 2.435ms total 195.669ms
I/art: Background sticky concurrent mark sweep GC freed 1418739(25MB) AllocSpace objects, 0(0B) LOS objects, 31% free, 34MB/50MB, paused 735us total 114.892ms
I/art: Background partial concurrent mark sweep GC freed 1514172(27MB) AllocSpace objects, 0(0B) LOS objects, 30% free, 36MB/52MB, paused 1.240ms total 175.392ms
I/art: Background sticky concurrent mark sweep GC freed 1381721(24MB) AllocSpace objects, 0(0B) LOS objects, 30% free, 35MB/51MB, paused 785us total 110.616ms
I/art: Background partial concurrent mark sweep GC freed 1621679(29MB) AllocSpace objects, 0(0B) LOS objects, 29% free, 37MB/53MB, paused 1.064ms total 191.736ms
I/art: Background sticky concurrent mark sweep GC freed 1415633(25MB) AllocSpace objects, 0(0B) LOS objects, 30% free, 37MB/53MB, paused 734us total 111.849ms
I/art: Background partial concurrent mark sweep GC freed 1608695(28MB) AllocSpace objects, 0(0B) LOS objects, 28% free, 39MB/55MB, paused 2.627ms total 196.280ms
I/art: Background sticky concurrent mark sweep GC freed 1418869(25MB) AllocSpace objects, 0(0B) LOS objects, 28% free, 39MB/55MB, paused 1.362ms total 114.664ms
I/art: Background partial concurrent mark sweep GC freed 1574607(27MB) AllocSpace objects, 0(0B) LOS objects, 23% free, 50MB/66MB, paused 22.127ms total 277.681ms
I/art: Background sticky concurrent mark sweep GC freed 1443250(25MB) AllocSpace objects, 0(0B) LOS objects, 24% free, 49MB/65MB, paused 816us total 114.172ms
I/art: Background partial concurrent mark sweep GC freed 2323288(43MB) AllocSpace objects, 0(0B) LOS objects, 28% free, 40MB/56MB, paused 1.164ms total 228.073ms
I/art: Background sticky concurrent mark sweep GC freed 1594711(28MB) AllocSpace objects, 0(0B) LOS objects, 30% free, 37MB/53MB, paused 1.011ms total 131.350ms
I/art: Background partial concurrent mark sweep GC freed 1668470(30MB) AllocSpace objects, 0(0B) LOS objects, 29% free, 38MB/54MB, paused 1.068ms total 193.276ms
I/art: Background sticky concurrent mark sweep GC freed 1437509(25MB) AllocSpace objects, 0(0B) LOS objects, 29% free, 37MB/53MB, paused 847us total 115.472ms
I/art: Background partial concurrent mark sweep GC freed 1633916(29MB) AllocSpace objects, 0(0B) LOS objects, 28% free, 39MB/55MB, paused 937us total 144.363ms
I/art: Background sticky concurrent mark sweep GC freed 1195557(19MB) AllocSpace objects, 0(0B) LOS objects, 5% free, 51MB/55MB, paused 15.922ms total 137.718ms
I/art: Background partial concurrent mark sweep GC freed 1666164(32MB) AllocSpace objects, 0(0B) LOS objects, 31% free, 34MB/50MB, paused 897us total 125.934ms
I/art: Background partial concurrent mark sweep GC freed 1406055(26MB) AllocSpace objects, 0(0B) LOS objects, 29% free, 37MB/53MB, paused 892us total 129.208ms
I/art: Background sticky concurrent mark sweep GC freed 924285(14MB) AllocSpace objects, 0(0B) LOS objects, 6% free, 49MB/53MB, paused 12.466ms total 97.510ms
I/art: Background partial concurrent mark sweep GC freed 1567787(31MB) AllocSpace objects, 0(0B) LOS objects, 31% free, 34MB/50MB, paused 745us total 118.425ms
I/art: Background sticky concurrent mark sweep GC freed 1255614(22MB) AllocSpace objects, 0(0B) LOS objects, 28% free, 36MB/50MB, paused 718us total 108.666ms
I/art: Background partial concurrent mark sweep GC freed 1483670(27MB) AllocSpace objects, 0(0B) LOS objects, 30% free, 36MB/52MB, paused 845us total 173.668ms
I/art: Background sticky concurrent mark sweep GC freed 1367680(23MB) AllocSpace objects, 0(0B) LOS objects, 27% free, 38MB/52MB, paused 806us total 124.711ms
I/art: Background partial concurrent mark sweep GC freed 1586329(29MB) AllocSpace objects, 0(0B) LOS objects, 29% free, 38MB/54MB, paused 802us total 186.007ms
I/art: Background sticky concurrent mark sweep GC freed 1399082(24MB) AllocSpace objects, 0(0B) LOS objects, 29% free, 38MB/54MB, paused 817us total 118.494ms
I/art: Background partial concurrent mark sweep GC freed 1647240(29MB) AllocSpace objects, 0(0B) LOS objects, 28% free, 40MB/56MB, paused 981us total 199.694ms
I/art: Background sticky concurrent mark sweep GC freed 1317286(21MB) AllocSpace objects, 0(0B) LOS objects, 16% free, 46MB/56MB, paused 7.424ms total 140.168ms
I/art: Background partial concurrent mark sweep GC freed 1768367(33MB) AllocSpace objects, 0(0B) LOS objects, 30% free, 36MB/52MB, paused 925us total 180.422ms
I/art: Background sticky concurrent mark sweep GC freed 1432887(25MB) AllocSpace objects, 0(0B) LOS objects, 31% free, 35MB/51MB, paused 688us total 116.699ms
I/art: Background partial concurrent mark sweep GC freed 1572161(28MB) AllocSpace objects, 0(0B) LOS objects, 30% free, 36MB/52MB, paused 945us total 175.154ms
I/art: Background sticky concurrent mark sweep GC freed 1379404(24MB) AllocSpace objects, 0(0B) LOS objects, 30% free, 36MB/52MB, paused 954us total 116.863ms
I/art: Background partial concurrent mark sweep GC freed 1594463(28MB) AllocSpace objects, 0(0B) LOS objects, 29% free, 38MB/54MB, paused 1.262ms total 183.925ms
I/art: Background sticky concurrent mark sweep GC freed 1402767(25MB) AllocSpace objects, 0(0B) LOS objects, 29% free, 37MB/53MB, paused 858us total 113.952ms
I/art: Background partial concurrent mark sweep GC freed 1615941(29MB) AllocSpace objects, 0(0B) LOS objects, 28% free, 39MB/55MB, paused 1.087ms total 195.779ms
I/art: Background sticky concurrent mark sweep GC freed 1379366(24MB) AllocSpace objects, 0(0B) LOS objects, 26% free, 40MB/55MB, paused 2.335ms total 122.003ms
I/art: Background partial concurrent mark sweep GC freed 1943749(35MB) AllocSpace objects, 0(0B) LOS objects, 30% free, 36MB/52MB, paused 2.834ms total 212.818ms
I/art: Background partial concurrent mark sweep GC freed 1189480(24MB) AllocSpace objects, 0(0B) LOS objects, 25% free, 47MB/63MB, paused 2.936ms total 172.687ms
I/art: Background partial concurrent mark sweep GC freed 2041189(39MB) AllocSpace objects, 0(0B) LOS objects, 28% free, 39MB/55MB, paused 707us total 180.234ms
I/art: Background sticky concurrent mark sweep GC freed 1443944(25MB) AllocSpace objects, 0(0B) LOS objects, 29% free, 38MB/54MB, paused 1.543ms total 117.124ms
I/art: Background partial concurrent mark sweep GC freed 1635688(29MB) AllocSpace objects, 0(0B) LOS objects, 28% free, 40MB/56MB, paused 1.151ms total 198.691ms
I/art: Background sticky concurrent mark sweep GC freed 1377286(24MB) AllocSpace objects, 0(0B) LOS objects, 27% free, 41MB/56MB, paused 3.547ms total 117.110ms
I/art: Background partial concurrent mark sweep GC freed 1845494(34MB) AllocSpace objects, 0(0B) LOS objects, 30% free, 36MB/52MB, paused 1.085ms total 192.193ms
I/art: Background sticky concurrent mark sweep GC freed 1447072(25MB) AllocSpace objects, 0(0B) LOS objects, 31% free, 35MB/51MB, paused 923us total 118.532ms
I/art: Background partial concurrent mark sweep GC freed 1566536(28MB) AllocSpace objects, 0(0B) LOS objects, 30% free, 36MB/52MB, paused 1.233ms total 179.595ms
I/art: Background sticky concurrent mark sweep GC freed 1396457(24MB) AllocSpace objects, 0(0B) LOS objects, 30% free, 36MB/52MB, paused 1.152ms total 112.774ms
I/art: Background partial concurrent mark sweep GC freed 1606195(28MB) AllocSpace objects, 0(0B) LOS objects, 29% free, 38MB/54MB, paused 1.568ms total 191.279ms
I/art: Background sticky concurrent mark sweep GC freed 1420324(25MB) AllocSpace objects, 0(0B) LOS objects, 29% free, 37MB/53MB, paused 800us total 117.676ms
I/art: Background partial concurrent mark sweep GC freed 1652150(29MB) AllocSpace objects, 0(0B) LOS objects, 28% free, 39MB/55MB, paused 1.050ms total 196.353ms
I/art: Background sticky concurrent mark sweep GC freed 1422865(25MB) AllocSpace objects, 0(0B) LOS objects, 28% free, 39MB/55MB, paused 1.268ms total 119.601ms
I/art: Background partial concurrent mark sweep GC freed 1948828(35MB) AllocSpace objects, 0(0B) LOS objects, 30% free, 36MB/52MB, paused 23.760ms total 215.765ms
I/art: Background sticky concurrent mark sweep GC freed 1499809(26MB) AllocSpace objects, 0(0B) LOS objects, 31% free, 34MB/50MB, paused 913us total 120.673ms
I/art: Background sticky concurrent mark sweep GC freed 1334339(23MB) AllocSpace objects, 0(0B) LOS objects, 30% free, 35MB/50MB, paused 729us total 107.966ms
I/art: Background partial concurrent mark sweep GC freed 1519141(27MB) AllocSpace objects, 0(0B) LOS objects, 30% free, 36MB/52MB, paused 949us total 178.186ms
I/art: Background partial concurrent mark sweep GC freed 1551876(31MB) AllocSpace objects, 0(0B) LOS objects, 32% free, 33MB/49MB, paused 15.684ms total 123.024ms
I/art: Background partial concurrent mark sweep GC freed 1226557(24MB) AllocSpace objects, 0(0B) LOS objects, 30% free, 36MB/52MB, paused 812us total 114.494ms
I/art: Background sticky concurrent mark sweep GC freed 1165937(19MB) AllocSpace objects, 0(0B) LOS objects, 19% free, 42MB/52MB, paused 8.398ms total 95.193ms
I/art: Background partial concurrent mark sweep GC freed 1585650(30MB) AllocSpace objects, 0(0B) LOS objects, 31% free, 35MB/51MB, paused 941us total 169.409ms
I/art: Background sticky concurrent mark sweep GC freed 1372330(24MB) AllocSpace objects, 0(0B) LOS objects, 31% free, 34MB/50MB, paused 978us total 112.245ms
I/art: Background partial concurrent mark sweep GC freed 1542156(27MB) AllocSpace objects, 0(0B) LOS objects, 30% free, 36MB/52MB, paused 1.025ms total 177.463ms
I/art: Background sticky concurrent mark sweep GC freed 1369038(24MB) AllocSpace objects, 0(0B) LOS objects, 30% free, 36MB/52MB, paused 2.906ms total 118.024ms
I/art: Background partial concurrent mark sweep GC freed 1627038(29MB) AllocSpace objects, 0(0B) LOS objects, 29% free, 38MB/54MB, paused 987us total 185.614ms
I/art: Background sticky concurrent mark sweep GC freed 1391880(24MB) AllocSpace objects, 0(0B) LOS objects, 29% free, 37MB/53MB, paused 973us total 115.701ms
I/art: Background partial concurrent mark sweep GC freed 1653534(29MB) AllocSpace objects, 0(0B) LOS objects, 28% free, 40MB/56MB, paused 1.271ms total 204.796ms
I/art: Background sticky concurrent mark sweep GC freed 1426664(25MB) AllocSpace objects, 0(0B) LOS objects, 28% free, 40MB/56MB, paused 2.631ms total 118.477ms
I/art: Background partial concurrent mark sweep GC freed 1844558(34MB) AllocSpace objects, 0(0B) LOS objects, 30% free, 36MB/52MB, paused 1.070ms total 194.019ms
I/art: Background sticky concurrent mark sweep GC freed 1467159(26MB) AllocSpace objects, 0(0B) LOS objects, 31% free, 35MB/51MB, paused 1.100ms total 118.052ms
I/art: Background sticky concurrent mark sweep GC freed 1315128(23MB) AllocSpace objects, 0(0B) LOS objects, 29% free, 36MB/51MB, paused 686us total 110.671ms
I/art: Background partial concurrent mark sweep GC freed 1538154(28MB) AllocSpace objects, 0(0B) LOS objects, 30% free, 37MB/53MB, paused 954us total 164.592ms
I/art: Background sticky concurrent mark sweep GC freed 1108575(19MB) AllocSpace objects, 0(0B) LOS objects, 23% free, 40MB/53MB, paused 5.544ms total 74.115ms
I/art: Background partial concurrent mark sweep GC freed 1630539(32MB) AllocSpace objects, 0(0B) LOS objects, 31% free, 34MB/50MB, paused 17.638ms total 130.775ms
I/art: Background partial concurrent mark sweep GC freed 1277359(25MB) AllocSpace objects, 0(0B) LOS objects, 29% free, 37MB/53MB, paused 815us total 124.871ms
I/art: Background sticky concurrent mark sweep GC freed 1077574(17MB) AllocSpace objects, 0(0B) LOS objects, 10% free, 48MB/53MB, paused 14.604ms total 140.766ms
I/art: Background partial concurrent mark sweep GC freed 1599047(31MB) AllocSpace objects, 0(0B) LOS objects, 31% free, 34MB/50MB, paused 1.085ms total 166.360ms
I/art: Background sticky concurrent mark sweep GC freed 1355690(24MB) AllocSpace objects, 0(0B) LOS objects, 31% free, 34MB/50MB, paused 1.480ms total 115.306ms
I/art: Background partial concurrent mark sweep GC freed 1535801(27MB) AllocSpace objects, 0(0B) LOS objects, 30% free, 36MB/52MB, paused 1.019ms total 176.451ms
I/art: Background sticky concurrent mark sweep GC freed 1369852(24MB) AllocSpace objects, 0(0B) LOS objects, 30% free, 36MB/52MB, paused 1.761ms total 116.968ms
I/art: Background partial concurrent mark sweep GC freed 1594053(28MB) AllocSpace objects, 0(0B) LOS objects, 29% free, 37MB/53MB, paused 907us total 187.384ms
I/art: Background sticky concurrent mark sweep GC freed 1397251(24MB) AllocSpace objects, 0(0B) LOS objects, 29% free, 37MB/53MB, paused 734us total 116.085ms
I/art: Background partial concurrent mark sweep GC freed 1628807(29MB) AllocSpace objects, 0(0B) LOS objects, 28% free, 39MB/55MB, paused 961us total 196.656ms
I/art: Background sticky concurrent mark sweep GC freed 1408614(25MB) AllocSpace objects, 0(0B) LOS objects, 28% free, 39MB/55MB, paused 942us total 117.764ms
I/art: Waiting for a blocking GC Alloc
I/art: Background partial concurrent mark sweep GC freed 1606382(27MB) AllocSpace objects, 0(0B) LOS objects, 27% free, 41MB/57MB, paused 2.444ms total 273.662ms
I/art: WaitForGcToComplete blocked for 135.431ms for cause Alloc
I/art: Starting a blocking GC Alloc
I/art: Alloc sticky concurrent mark sweep GC freed 0(0B) AllocSpace objects, 0(0B) LOS objects, 27% free, 41MB/57MB, paused 298us total 5.080ms
I/art: Background partial concurrent mark sweep GC freed 1899146(35MB) AllocSpace objects, 0(0B) LOS objects, 30% free, 37MB/53MB, paused 1.701ms total 194.497ms
I/art: Background sticky concurrent mark sweep GC freed 1461008(25MB) AllocSpace objects, 0(0B) LOS objects, 30% free, 36MB/52MB, paused 1.295ms total 121.728ms
I/art: Background partial concurrent mark sweep GC freed 1601205(29MB) AllocSpace objects, 0(0B) LOS objects, 29% free, 37MB/53MB, paused 2.668ms total 186.665ms
I/art: Background sticky concurrent mark sweep GC freed 1413415(24MB) AllocSpace objects, 0(0B) LOS objects, 27% free, 39MB/53MB, paused 821us total 126.152ms
I/art: Background partial concurrent mark sweep GC freed 1629754(30MB) AllocSpace objects, 0(0B) LOS objects, 29% free, 39MB/55MB, paused 1.713ms total 191.952ms
I/art: Background partial concurrent mark sweep GC freed 1642538(32MB) AllocSpace objects, 0(0B) LOS objects, 31% free, 34MB/50MB, paused 705us total 117.154ms
I/art: Background sticky concurrent mark sweep GC freed 696345(12MB) AllocSpace objects, 0(0B) LOS objects, 13% free, 43MB/50MB, paused 5.716ms total 59.434ms
I/art: Background partial concurrent mark sweep GC freed 1305236(25MB) AllocSpace objects, 0(0B) LOS objects, 29% free, 37MB/53MB, paused 1.279ms total 125.414ms
I/art: Background sticky concurrent mark sweep GC freed 1088714(17MB) AllocSpace objects, 0(0B) LOS objects, 12% free, 47MB/53MB, paused 5.344ms total 92.248ms
I/art: Background partial concurrent mark sweep GC freed 1600890(31MB) AllocSpace objects, 0(0B) LOS objects, 31% free, 34MB/50MB, paused 673us total 119.201ms
I/art: Background sticky concurrent mark sweep GC freed 1354804(24MB) AllocSpace objects, 0(0B) LOS objects, 30% free, 34MB/50MB, paused 671us total 101.756ms
I/art: Background sticky concurrent mark sweep GC freed 1262753(22MB) AllocSpace objects, 0(0B) LOS objects, 28% free, 36MB/50MB, paused 825us total 106.961ms
I/art: Background partial concurrent mark sweep GC freed 1502563(27MB) AllocSpace objects, 0(0B) LOS objects, 30% free, 36MB/52MB, paused 963us total 174.639ms
I/art: Background sticky concurrent mark sweep GC freed 1367828(23MB) AllocSpace objects, 0(0B) LOS objects, 26% free, 38MB/52MB, paused 949us total 126.419ms
I/art: Background partial concurrent mark sweep GC freed 1583493(29MB) AllocSpace objects, 0(0B) LOS objects, 29% free, 38MB/54MB, paused 854us total 188.459ms
I/art: Background sticky concurrent mark sweep GC freed 1403451(24MB) AllocSpace objects, 0(0B) LOS objects, 29% free, 38MB/54MB, paused 915us total 118.479ms
I/art: Background partial concurrent mark sweep GC freed 1658942(30MB) AllocSpace objects, 0(0B) LOS objects, 28% free, 40MB/56MB, paused 1.053ms total 200.469ms
I/art: Background sticky concurrent mark sweep GC freed 1289921(21MB) AllocSpace objects, 0(0B) LOS objects, 8% free, 51MB/56MB, paused 21.732ms total 194.884ms
I/art: Background partial concurrent mark sweep GC freed 1760497(33MB) AllocSpace objects, 0(0B) LOS objects, 30% free, 35MB/51MB, paused 903us total 177.420ms
I/art: Background sticky concurrent mark sweep GC freed 1398244(24MB) AllocSpace objects, 0(0B) LOS objects, 31% free, 34MB/50MB, paused 815us total 115.004ms
I/art: Background partial concurrent mark sweep GC freed 1539320(27MB) AllocSpace objects, 0(0B) LOS objects, 30% free, 36MB/52MB, paused 928us total 177.443ms
I/art: Background sticky concurrent mark sweep GC freed 1379274(24MB) AllocSpace objects, 0(0B) LOS objects, 30% free, 36MB/52MB, paused 1.407ms total 115.466ms
I/art: Background partial concurrent mark sweep GC freed 1633247(29MB) AllocSpace objects, 0(0B) LOS objects, 29% free, 38MB/54MB, paused 954us total 190.687ms
I/art: Background sticky concurrent mark sweep GC freed 1408135(25MB) AllocSpace objects, 0(0B) LOS objects, 29% free, 37MB/53MB, paused 893us total 112.995ms
I/art: Background sticky concurrent mark sweep GC freed 1275519(22MB) AllocSpace objects, 0(0B) LOS objects, 26% free, 39MB/53MB, paused 723us total 108.842ms
I/art: Background partial concurrent mark sweep GC freed 1583153(28MB) AllocSpace objects, 0(0B) LOS objects, 28% free, 41MB/57MB, paused 2.381ms total 196.681ms
I/art: Background sticky concurrent mark sweep GC freed 1323761(22MB) AllocSpace objects, 0(0B) LOS objects, 20% free, 45MB/57MB, paused 951us total 133.616ms
I/art: Background partial concurrent mark sweep GC freed 1824577(34MB) AllocSpace objects, 0(0B) LOS objects, 29% free, 37MB/53MB, paused 1.330ms total 196.606ms
I/art: Background sticky concurrent mark sweep GC freed 1453090(25MB) AllocSpace objects, 0(0B) LOS objects, 30% free, 36MB/52MB, paused 789us total 117.550ms
I/art: Background sticky concurrent mark sweep GC freed 1310424(23MB) AllocSpace objects, 0(0B) LOS objects, 29% free, 37MB/52MB, paused 850us total 103.105ms
I/art: Background sticky concurrent mark sweep GC freed 1227932(21MB) AllocSpace objects, 0(0B) LOS objects, 25% free, 39MB/52MB, paused 2.724ms total 105.823ms
I/art: Background partial concurrent mark sweep GC freed 1565986(29MB) AllocSpace objects, 0(0B) LOS objects, 29% free, 38MB/54MB, paused 1.569ms total 179.688ms
I/art: Background sticky concurrent mark sweep GC freed 1365542(24MB) AllocSpace objects, 0(0B) LOS objects, 27% free, 39MB/54MB, paused 1.563ms total 116.217ms
I/art: Background partial concurrent mark sweep GC freed 1666139(30MB) AllocSpace objects, 0(0B) LOS objects, 28% free, 40MB/56MB, paused 1.069ms total 174.680ms
I/art: Background partial concurrent mark sweep GC freed 1760144(33MB) AllocSpace objects, 0(0B) LOS objects, 30% free, 36MB/52MB, paused 925us total 136.413ms
I/art: Background partial concurrent mark sweep GC freed 1219823(24MB) AllocSpace objects, 0(0B) LOS objects, 26% free, 43MB/59MB, paused 5.292ms total 135.393ms
I/art: Background sticky concurrent mark sweep GC freed 1241274(22MB) AllocSpace objects, 0(0B) LOS objects, 17% free, 48MB/59MB, paused 1.546ms total 107.693ms
I/art: Background partial concurrent mark sweep GC freed 1957153(36MB) AllocSpace objects, 0(0B) LOS objects, 30% free, 36MB/52MB, paused 896us total 144.412ms
I/art: Background sticky concurrent mark sweep GC freed 1413043(24MB) AllocSpace objects, 0(0B) LOS objects, 30% free, 36MB/52MB, paused 985us total 122.452ms
I/art: Background partial concurrent mark sweep GC freed 1589754(28MB) AllocSpace objects, 0(0B) LOS objects, 29% free, 38MB/54MB, paused 2.003ms total 194.441ms
I/art: Background sticky concurrent mark sweep GC freed 1358447(23MB) AllocSpace objects, 0(0B) LOS objects, 26% free, 40MB/54MB, paused 749us total 135.942ms
I/art: Background partial concurrent mark sweep GC freed 1658154(30MB) AllocSpace objects, 0(0B) LOS objects, 28% free, 39MB/55MB, paused 3.341ms total 203.924ms
I/art: Background sticky concurrent mark sweep GC freed 1391685(24MB) AllocSpace objects, 0(0B) LOS objects, 27% free, 40MB/55MB, paused 1.397ms total 131.538ms
I/art: Background partial concurrent mark sweep GC freed 1641812(29MB) AllocSpace objects, 0(0B) LOS objects, 26% free, 43MB/59MB, paused 4.101ms total 229.643ms
I/art: Background sticky concurrent mark sweep GC freed 1291960(22MB) AllocSpace objects, 0(0B) LOS objects, 19% free, 48MB/59MB, paused 1.437ms total 139.921ms
I/art: Background partial concurrent mark sweep GC freed 1970004(37MB) AllocSpace objects, 0(0B) LOS objects, 29% free, 37MB/53MB, paused 1.542ms total 200.601ms
I/art: Background sticky concurrent mark sweep GC freed 1492004(26MB) AllocSpace objects, 0(0B) LOS objects, 30% free, 37MB/53MB, paused 1.233ms total 126.349ms
I/art: Background partial concurrent mark sweep GC freed 1650464(30MB) AllocSpace objects, 0(0B) LOS objects, 29% free, 38MB/54MB, paused 867us total 188.434ms
I/art: Background sticky concurrent mark sweep GC freed 1423612(24MB) AllocSpace objects, 0(0B) LOS objects, 26% free, 39MB/54MB, paused 1.294ms total 133.353ms
I/art: Background partial concurrent mark sweep GC freed 1645474(30MB) AllocSpace objects, 0(0B) LOS objects, 29% free, 39MB/55MB, paused 876us total 193.410ms
I/art: Background sticky concurrent mark sweep GC freed 1413787(24MB) AllocSpace objects, 0(0B) LOS objects, 28% free, 39MB/55MB, paused 930us total 122.282ms
I/art: Background partial concurrent mark sweep GC freed 1643858(29MB) AllocSpace objects, 0(0B) LOS objects, 27% free, 41MB/57MB, paused 1.295ms total 202.207ms
I/art: Background sticky concurrent mark sweep GC freed 1376839(23MB) AllocSpace objects, 0(0B) LOS objects, 22% free, 44MB/57MB, paused 833us total 132.167ms
I/art: Background partial concurrent mark sweep GC freed 1854277(34MB) AllocSpace objects, 0(0B) LOS objects, 29% free, 37MB/53MB, paused 1.081ms total 198.893ms
I/art: Background sticky concurrent mark sweep GC freed 1472363(26MB) AllocSpace objects, 0(0B) LOS objects, 30% free, 36MB/52MB, paused 900us total 119.297ms
I/art: Background sticky concurrent mark sweep GC freed 1315747(23MB) AllocSpace objects, 0(0B) LOS objects, 29% free, 37MB/52MB, paused 1.235ms total 105.026ms
I/art: Background sticky concurrent mark sweep GC freed 1201079(20MB) AllocSpace objects, 0(0B) LOS objects, 24% free, 39MB/52MB, paused 3.404ms total 106.936ms
I/art: Background partial concurrent mark sweep GC freed 1547872(29MB) AllocSpace objects, 0(0B) LOS objects, 29% free, 38MB/54MB, paused 2.537ms total 184.636ms
I/art: Background sticky concurrent mark sweep GC freed 1361087(24MB) AllocSpace objects, 0(0B) LOS objects, 27% free, 39MB/54MB, paused 2.028ms total 117.061ms
I/art: Background partial concurrent mark sweep GC freed 1658711(30MB) AllocSpace objects, 0(0B) LOS objects, 28% free, 40MB/56MB, paused 1.307ms total 199.683ms
I/art: Background partial concurrent mark sweep GC freed 1775004(33MB) AllocSpace objects, 0(0B) LOS objects, 30% free, 36MB/52MB, paused 690us total 139.274ms
I/art: Background partial concurrent mark sweep GC freed 1315086(24MB) AllocSpace objects, 0(0B) LOS objects, 25% free, 47MB/63MB, paused 7.491ms total 219.037ms
I/art: Background sticky concurrent mark sweep GC freed 1317828(23MB) AllocSpace objects, 0(0B) LOS objects, 17% free, 52MB/63MB, paused 1.964ms total 154.784ms
I/art: Background partial concurrent mark sweep GC freed 2148599(40MB) AllocSpace objects, 0(0B) LOS objects, 29% free, 39MB/55MB, paused 1.387ms total 214.910ms
I/art: Background sticky concurrent mark sweep GC freed 1516786(26MB) AllocSpace objects, 0(0B) LOS objects, 29% free, 38MB/54MB, paused 1.397ms total 139.081ms
I/art: Background partial concurrent mark sweep GC freed 1672147(29MB) AllocSpace objects, 0(0B) LOS objects, 27% free, 41MB/57MB, paused 15.670ms total 233.035ms
I/art: Background sticky concurrent mark sweep GC freed 1442628(25MB) AllocSpace objects, 0(0B) LOS objects, 28% free, 40MB/56MB, paused 780us total 116.194ms
I/art: Background sticky concurrent mark sweep GC freed 1305710(23MB) AllocSpace objects, 0(0B) LOS objects, 26% free, 41MB/56MB, paused 929us total 110.799ms
I/art: Background partial concurrent mark sweep GC freed 1749428(32MB) AllocSpace objects, 0(0B) LOS objects, 28% free, 40MB/56MB, paused 1.141ms total 210.529ms
I/art: Background sticky concurrent mark sweep GC freed 1425279(24MB) AllocSpace objects, 0(0B) LOS objects, 25% free, 42MB/56MB, paused 4.093ms total 127.498ms
I/art: Background partial concurrent mark sweep GC freed 1849521(34MB) AllocSpace objects, 0(0B) LOS objects, 30% free, 36MB/52MB, paused 992us total 195.211ms
I/art: Background sticky concurrent mark sweep GC freed 1453296(25MB) AllocSpace objects, 0(0B) LOS objects, 31% free, 35MB/51MB, paused 763us total 121.355ms
I/art: Background sticky concurrent mark sweep GC freed 1304337(23MB) AllocSpace objects, 0(0B) LOS objects, 28% free, 36MB/51MB, paused 728us total 111.449ms
I/art: Background partial concurrent mark sweep GC freed 1536360(28MB) AllocSpace objects, 0(0B) LOS objects, 30% free, 37MB/53MB, paused 900us total 181.727ms
I/art: Background sticky concurrent mark sweep GC freed 1368653(23MB) AllocSpace objects, 0(0B) LOS objects, 26% free, 39MB/53MB, paused 896us total 126.083ms
I/art: Background partial concurrent mark sweep GC freed 1599977(29MB) AllocSpace objects, 0(0B) LOS objects, 29% free, 38MB/54MB, paused 1.260ms total 191.440ms
I/art: Background sticky concurrent mark sweep GC freed 1388340(24MB) AllocSpace objects, 0(0B) LOS objects, 28% free, 38MB/54MB, paused 747us total 114.772ms
I/art: Background sticky concurrent mark sweep GC freed 1278294(22MB) AllocSpace objects, 0(0B) LOS objects, 27% free, 39MB/54MB, paused 1.516ms total 107.327ms
I/art: Background sticky concurrent mark sweep GC freed 1107604(18MB) AllocSpace objects, 0(0B) LOS objects, 16% free, 45MB/54MB, paused 5.854ms total 116.962ms
I/art: Background partial concurrent mark sweep GC freed 1652992(32MB) AllocSpace objects, 0(0B) LOS objects, 31% free, 34MB/50MB, paused 1.427ms total 169.140ms
I/art: Background sticky concurrent mark sweep GC freed 1375595(24MB) AllocSpace objects, 0(0B) LOS objects, 31% free, 34MB/50MB, paused 2.630ms total 115.775ms
I/art: Background sticky concurrent mark sweep GC freed 1283382(22MB) AllocSpace objects, 0(0B) LOS objects, 28% free, 36MB/50MB, paused 955us total 108.070ms
I/art: Background partial concurrent mark sweep GC freed 1507326(27MB) AllocSpace objects, 0(0B) LOS objects, 30% free, 37MB/53MB, paused 2.591ms total 181.389ms
I/art: Background sticky concurrent mark sweep GC freed 1381125(23MB) AllocSpace objects, 0(0B) LOS objects, 26% free, 38MB/53MB, paused 1.320ms total 125.805ms
I/art: Background partial concurrent mark sweep GC freed 1594912(29MB) AllocSpace objects, 0(0B) LOS objects, 29% free, 38MB/54MB, paused 985us total 188.693ms
I/art: Background sticky concurrent mark sweep GC freed 1404053(24MB) AllocSpace objects, 0(0B) LOS objects, 29% free, 38MB/54MB, paused 807us total 119.338ms
I/art: Background partial concurrent mark sweep GC freed 1656458(30MB) AllocSpace objects, 0(0B) LOS objects, 28% free, 40MB/56MB, paused 1.009ms total 184.293ms
I/art: Background sticky concurrent mark sweep GC freed 1296381(21MB) AllocSpace objects, 0(0B) LOS objects, 8% free, 51MB/56MB, paused 15.254ms total 141.790ms
I/art: Background partial concurrent mark sweep GC freed 1767431(33MB) AllocSpace objects, 0(0B) LOS objects, 31% free, 35MB/51MB, paused 619us total 129.409ms
I/art: Background sticky concurrent mark sweep GC freed 721953(12MB) AllocSpace objects, 0(0B) LOS objects, 14% free, 43MB/50MB, paused 5.669ms total 55.421ms
I/art: Background partial concurrent mark sweep GC freed 1228361(24MB) AllocSpace objects, 0(0B) LOS objects, 28% free, 40MB/56MB, paused 3.432ms total 180.053ms
I/art: Background sticky concurrent mark sweep GC freed 1054240(18MB) AllocSpace objects, 0(0B) LOS objects, 11% free, 50MB/56MB, paused 1.039ms total 149.035ms
I/art: Background partial concurrent mark sweep GC freed 1799262(34MB) AllocSpace objects, 0(0B) LOS objects, 30% free, 36MB/52MB, paused 1.049ms total 187.634ms
I/art: Background sticky concurrent mark sweep GC freed 1398824(24MB) AllocSpace objects, 0(0B) LOS objects, 30% free, 35MB/51MB, paused 965us total 121.894ms
I/art: Background partial concurrent mark sweep GC freed 1541999(28MB) AllocSpace objects, 0(0B) LOS objects, 30% free, 36MB/52MB, paused 1.562ms total 185.848ms
I/art: Background sticky concurrent mark sweep GC freed 1369673(23MB) AllocSpace objects, 0(0B) LOS objects, 26% free, 38MB/52MB, paused 1.288ms total 125.377ms
I/art: Background partial concurrent mark sweep GC freed 1597061(29MB) AllocSpace objects, 0(0B) LOS objects, 29% free, 38MB/54MB, paused 849us total 192.463ms
I/art: Background sticky concurrent mark sweep GC freed 1396535(24MB) AllocSpace objects, 0(0B) LOS objects, 29% free, 38MB/54MB, paused 1.255ms total 118.900ms
I/art: Background sticky concurrent mark sweep GC freed 1295306(23MB) AllocSpace objects, 0(0B) LOS objects, 28% free, 38MB/54MB, paused 741us total 106.179ms
I/art: Background sticky concurrent mark sweep GC freed 1178056(20MB) AllocSpace objects, 0(0B) LOS objects, 21% free, 42MB/54MB, paused 7.072ms total 114.421ms
I/art: Background partial concurrent mark sweep GC freed 1685679(31MB) AllocSpace objects, 0(0B) LOS objects, 31% free, 35MB/51MB, paused 1.575ms total 179.854ms
I/art: Background sticky concurrent mark sweep GC freed 1411162(25MB) AllocSpace objects, 0(0B) LOS objects, 31% free, 34MB/50MB, paused 1.113ms total 115.834ms
I/art: Background sticky concurrent mark sweep GC freed 1299444(22MB) AllocSpace objects, 0(0B) LOS objects, 28% free, 36MB/50MB, paused 808us total 110.825ms
I/art: Background partial concurrent mark sweep GC freed 1508862(27MB) AllocSpace objects, 0(0B) LOS objects, 30% free, 36MB/52MB, paused 976us total 177.948ms
I/art: Background sticky concurrent mark sweep GC freed 1395700(24MB) AllocSpace objects, 0(0B) LOS objects, 27% free, 38MB/52MB, paused 946us total 123.988ms
I/art: Background partial concurrent mark sweep GC freed 1594733(29MB) AllocSpace objects, 0(0B) LOS objects, 29% free, 38MB/54MB, paused 1.291ms total 189.123ms
I/art: Background sticky concurrent mark sweep GC freed 1419641(25MB) AllocSpace objects, 0(0B) LOS objects, 29% free, 38MB/54MB, paused 926us total 118.606ms
I/art: Background sticky concurrent mark sweep GC freed 1313556(23MB) AllocSpace objects, 0(0B) LOS objects, 28% free, 39MB/54MB, paused 844us total 106.371ms
I/art: Background sticky concurrent mark sweep GC freed 1197854(20MB) AllocSpace objects, 0(0B) LOS objects, 22% free, 42MB/54MB, paused 4.304ms total 113.374ms
I/art: Background partial concurrent mark sweep GC freed 1704394(32MB) AllocSpace objects, 0(0B) LOS objects, 31% free, 35MB/51MB, paused 1.498ms total 176.488ms
I/art: Background sticky concurrent mark sweep GC freed 1415009(25MB) AllocSpace objects, 0(0B) LOS objects, 31% free, 34MB/50MB, paused 1.231ms total 114.052ms
I/art: Background sticky concurrent mark sweep GC freed 1288111(22MB) AllocSpace objects, 0(0B) LOS objects, 29% free, 35MB/50MB, paused 821us total 108.724ms
I/art: Background partial concurrent mark sweep GC freed 1285769(25MB) AllocSpace objects, 0(0B) LOS objects, 29% free, 37MB/53MB, paused 891us total 122.246ms
I/art: Background sticky concurrent mark sweep GC freed 1195159(20MB) AllocSpace objects, 0(0B) LOS objects, 19% free, 43MB/53MB, paused 15.124ms total 94.006ms
I/art: Background partial concurrent mark sweep GC freed 1440677(28MB) AllocSpace objects, 0(0B) LOS objects, 29% free, 39MB/55MB, paused 3.693ms total 173.928ms
I/art: Background sticky concurrent mark sweep GC freed 1332006(23MB) AllocSpace objects, 0(0B) LOS objects, 26% free, 40MB/55MB, paused 1.070ms total 114.683ms
I/art: Background partial concurrent mark sweep GC freed 1667771(30MB) AllocSpace objects, 0(0B) LOS objects, 28% free, 40MB/56MB, paused 1.505ms total 203.840ms
I/art: Background sticky concurrent mark sweep GC freed 1419986(25MB) AllocSpace objects, 0(0B) LOS objects, 28% free, 39MB/55MB, paused 751us total 109.761ms
I/art: Background sticky concurrent mark sweep GC freed 1274352(22MB) AllocSpace objects, 0(0B) LOS objects, 25% free, 41MB/55MB, paused 2.780ms total 106.268ms
I/art: Background sticky concurrent mark sweep GC freed 1031033(17MB) AllocSpace objects, 0(0B) LOS objects, 14% free, 47MB/55MB, paused 1.286ms total 119.071ms
I/art: Background partial concurrent mark sweep GC freed 1699935(32MB) AllocSpace objects, 0(0B) LOS objects, 30% free, 36MB/52MB, paused 1.004ms total 178.925ms
I/art: Background sticky concurrent mark sweep GC freed 1378754(24MB) AllocSpace objects, 0(0B) LOS objects, 29% free, 36MB/52MB, paused 2.079ms total 118.676ms
I/art: Background partial concurrent mark sweep GC freed 1599868(28MB) AllocSpace objects, 0(0B) LOS objects, 29% free, 37MB/53MB, paused 1.757ms total 187.663ms
I/art: Background sticky concurrent mark sweep GC freed 1353545(23MB) AllocSpace objects, 0(0B) LOS objects, 28% free, 38MB/53MB, paused 2.652ms total 114.404ms
I/art: Background sticky concurrent mark sweep GC freed 1248420(22MB) AllocSpace objects, 0(0B) LOS objects, 25% free, 40MB/53MB, paused 789us total 116.499ms
I/art: Background partial concurrent mark sweep GC freed 1607481(29MB) AllocSpace objects, 0(0B) LOS objects, 28% free, 39MB/55MB, paused 1.561ms total 191.649ms
I/art: Background sticky concurrent mark sweep GC freed 1371605(24MB) AllocSpace objects, 0(0B) LOS objects, 26% free, 40MB/55MB, paused 4.489ms total 125.781ms
I/art: Background partial concurrent mark sweep GC freed 1646172(29MB) AllocSpace objects, 0(0B) LOS objects, 27% free, 43MB/59MB, paused 3.228ms total 218.303ms
I/art: Background sticky concurrent mark sweep GC freed 1283385(22MB) AllocSpace objects, 0(0B) LOS objects, 19% free, 47MB/59MB, paused 1.455ms total 136.040ms
I/art: Background partial concurrent mark sweep GC freed 1931782(36MB) AllocSpace objects, 0(0B) LOS objects, 29% free, 37MB/53MB, paused 1.209ms total 200.540ms
I/art: Background sticky concurrent mark sweep GC freed 1482576(26MB) AllocSpace objects, 0(0B) LOS objects, 30% free, 36MB/52MB, paused 876us total 120.196ms
I/art: Background sticky concurrent mark sweep GC freed 1308017(23MB) AllocSpace objects, 0(0B) LOS objects, 28% free, 37MB/52MB, paused 2.663ms total 109.833ms
I/art: Background sticky concurrent mark sweep GC freed 1223094(21MB) AllocSpace objects, 0(0B) LOS objects, 23% free, 40MB/52MB, paused 872us total 109.181ms
I/art: Background partial concurrent mark sweep GC freed 1533842(28MB) AllocSpace objects, 0(0B) LOS objects, 29% free, 38MB/54MB, paused 1.412ms total 188.713ms
I/art: Background sticky concurrent mark sweep GC freed 1399267(24MB) AllocSpace objects, 0(0B) LOS objects, 29% free, 38MB/54MB, paused 832us total 113.520ms
I/art: Background sticky concurrent mark sweep GC freed 1293084(23MB) AllocSpace objects, 0(0B) LOS objects, 28% free, 39MB/54MB, paused 756us total 101.842ms
I/art: Background sticky concurrent mark sweep GC freed 1219799(21MB) AllocSpace objects, 0(0B) LOS objects, 22% free, 42MB/54MB, paused 2.081ms total 108.022ms
I/art: Background partial concurrent mark sweep GC freed 1856900(34MB) AllocSpace objects, 0(0B) LOS objects, 30% free, 36MB/52MB, paused 1.981ms total 209.871ms
I/art: Background sticky concurrent mark sweep GC freed 1475863(26MB) AllocSpace objects, 0(0B) LOS objects, 31% free, 34MB/50MB, paused 1.378ms total 119.886ms
I/art: Background sticky concurrent mark sweep GC freed 1320770(23MB) AllocSpace objects, 0(0B) LOS objects, 29% free, 35MB/50MB, paused 1.335ms total 111.939ms
I/art: Background partial concurrent mark sweep GC freed 1191959(23MB) AllocSpace objects, 0(0B) LOS objects, 28% free, 40MB/56MB, paused 2.609ms total 128.504ms
I/art: Background partial concurrent mark sweep GC freed 1615132(31MB) AllocSpace objects, 0(0B) LOS objects, 28% free, 39MB/55MB, paused 11.227ms total 201.707ms
I/art: Background sticky concurrent mark sweep GC freed 1387222(24MB) AllocSpace objects, 0(0B) LOS objects, 29% free, 39MB/55MB, paused 712us total 108.219ms
I/art: Background sticky concurrent mark sweep GC freed 1294559(22MB) AllocSpace objects, 0(0B) LOS objects, 26% free, 40MB/55MB, paused 5.438ms total 112.363ms
I/art: Background partial concurrent mark sweep GC freed 1670931(30MB) AllocSpace objects, 0(0B) LOS objects, 28% free, 40MB/56MB, paused 1.128ms total 199.798ms
I/art: Background sticky concurrent mark sweep GC freed 1367241(23MB) AllocSpace objects, 0(0B) LOS objects, 25% free, 41MB/56MB, paused 4.437ms total 124.863ms
I/art: Background partial concurrent mark sweep GC freed 1833147(34MB) AllocSpace objects, 0(0B) LOS objects, 30% free, 36MB/52MB, paused 1.036ms total 187.332ms
I/art: Background sticky concurrent mark sweep GC freed 1460984(25MB) AllocSpace objects, 0(0B) LOS objects, 31% free, 35MB/51MB, paused 991us total 115.638ms
I/art: Background sticky concurrent mark sweep GC freed 1314632(23MB) AllocSpace objects, 0(0B) LOS objects, 28% free, 36MB/51MB, paused 1.036ms total 110.481ms
I/art: Background sticky concurrent mark sweep GC freed 1075365(18MB) AllocSpace objects, 0(0B) LOS objects, 21% free, 40MB/51MB, paused 4.063ms total 100.430ms
I/art: Background partial concurrent mark sweep GC freed 1454042(27MB) AllocSpace objects, 0(0B) LOS objects, 30% free, 37MB/53MB, paused 1.070ms total 172.167ms
I/art: Background sticky concurrent mark sweep GC freed 1325261(23MB) AllocSpace objects, 0(0B) LOS objects, 29% free, 37MB/53MB, paused 1.029ms total 111.189ms
I/art: Background sticky concurrent mark sweep GC freed 1229780(21MB) AllocSpace objects, 0(0B) LOS objects, 26% free, 39MB/53MB, paused 875us total 108.449ms
I/art: Background partial concurrent mark sweep GC freed 1539930(28MB) AllocSpace objects, 0(0B) LOS objects, 28% free, 39MB/55MB, paused 1.360ms total 192.653ms
I/art: Background sticky concurrent mark sweep GC freed 1387977(23MB) AllocSpace objects, 0(0B) LOS objects, 20% free, 44MB/55MB, paused 2.361ms total 140.570ms
I/art: Background partial concurrent mark sweep GC freed 1740589(32MB) AllocSpace objects, 0(0B) LOS objects, 30% free, 36MB/52MB, paused 1.283ms total 186.090ms
I/art: Background sticky concurrent mark sweep GC freed 1446533(25MB) AllocSpace objects, 0(0B) LOS objects, 30% free, 36MB/52MB, paused 1.180ms total 124.162ms
I/art: Background sticky concurrent mark sweep GC freed 1307291(23MB) AllocSpace objects, 0(0B) LOS objects, 29% free, 37MB/52MB, paused 792us total 104.797ms
I/art: Background sticky concurrent mark sweep GC freed 1222800(21MB) AllocSpace objects, 0(0B) LOS objects, 27% free, 38MB/52MB, paused 2.197ms total 100.409ms
I/art: Background sticky concurrent mark sweep GC freed 1133008(19MB) AllocSpace objects, 0(0B) LOS objects, 20% free, 42MB/52MB, paused 1.015ms total 116.572ms
I/art: Background partial concurrent mark sweep GC freed 1538141(29MB) AllocSpace objects, 0(0B) LOS objects, 29% free, 38MB/54MB, paused 1.024ms total 135.167ms
I/art: Background partial concurrent mark sweep GC freed 1592646(31MB) AllocSpace objects, 0(0B) LOS objects, 31% free, 34MB/50MB, paused 618us total 118.626ms
I/art: Background partial concurrent mark sweep GC freed 1128496(22MB) AllocSpace objects, 0(0B) LOS objects, 28% free, 40MB/56MB, paused 3.294ms total 135.306ms
I/art: Background sticky concurrent mark sweep GC freed 1017462(17MB) AllocSpace objects, 0(0B) LOS objects, 11% free, 50MB/56MB, paused 997us total 133.382ms
I/art: Background partial concurrent mark sweep GC freed 1797464(34MB) AllocSpace objects, 0(0B) LOS objects, 30% free, 36MB/52MB, paused 1.155ms total 176.376ms
I/art: Background sticky concurrent mark sweep GC freed 1417746(25MB) AllocSpace objects, 0(0B) LOS objects, 30% free, 35MB/51MB, paused 1.249ms total 117.733ms
I/art: Background sticky concurrent mark sweep GC freed 1307576(23MB) AllocSpace objects, 0(0B) LOS objects, 29% free, 36MB/51MB, paused 935us total 105.134ms
I/art: Background sticky concurrent mark sweep GC freed 1220011(21MB) AllocSpace objects, 0(0B) LOS objects, 22% free, 40MB/51MB, paused 6.797ms total 123.461ms
I/art: Background partial concurrent mark sweep GC freed 1509136(28MB) AllocSpace objects, 0(0B) LOS objects, 29% free, 38MB/54MB, paused 1.175ms total 181.869ms
I/art: Background sticky concurrent mark sweep GC freed 1387350(24MB) AllocSpace objects, 0(0B) LOS objects, 28% free, 38MB/54MB, paused 1.550ms total 118.966ms
I/art: Background sticky concurrent mark sweep GC freed 1271296(22MB) AllocSpace objects, 0(0B) LOS objects, 27% free, 39MB/54MB, paused 1.072ms total 105.847ms
I/art: Background sticky concurrent mark sweep GC freed 1172544(20MB) AllocSpace objects, 0(0B) LOS objects, 24% free, 41MB/54MB, paused 1.741ms total 102.126ms
I/art: Background partial concurrent mark sweep GC freed 1584011(28MB) AllocSpace objects, 0(0B) LOS objects, 23% free, 50MB/66MB, paused 4.222ms total 273.692ms
I/art: Background sticky concurrent mark sweep GC freed 1422445(25MB) AllocSpace objects, 0(0B) LOS objects, 23% free, 50MB/66MB, paused 1.125ms total 118.611ms
I/art: Background sticky concurrent mark sweep GC freed 1307938(23MB) AllocSpace objects, 0(0B) LOS objects, 21% free, 52MB/66MB, paused 2.595ms total 114.246ms
I/art: Background partial concurrent mark sweep GC freed 2323298(43MB) AllocSpace objects, 0(0B) LOS objects, 28% free, 40MB/56MB, paused 1.677ms total 232.584ms
I/art: Background sticky concurrent mark sweep GC freed 1555351(26MB) AllocSpace objects, 0(0B) LOS objects, 28% free, 40MB/56MB, paused 1.045ms total 135.474ms
I/art: Background partial concurrent mark sweep GC freed 1759024(32MB) AllocSpace objects, 0(0B) LOS objects, 28% free, 39MB/55MB, paused 1.289ms total 203.053ms
I/art: Background sticky concurrent mark sweep GC freed 1445921(25MB) AllocSpace objects, 0(0B) LOS objects, 29% free, 39MB/55MB, paused 1.059ms total 119.917ms
I/art: Background sticky concurrent mark sweep GC freed 1292130(23MB) AllocSpace objects, 0(0B) LOS objects, 28% free, 39MB/55MB, paused 917us total 106.929ms
I/art: Background sticky concurrent mark sweep GC freed 1075612(17MB) AllocSpace objects, 0(0B) LOS objects, 4% free, 52MB/55MB, paused 21.497ms total 178.012ms
I/art: Background partial concurrent mark sweep GC freed 1666014(32MB) AllocSpace objects, 0(0B) LOS objects, 31% free, 35MB/51MB, paused 1.661ms total 175.334ms
I/art: Background sticky concurrent mark sweep GC freed 1368039(24MB) AllocSpace objects, 0(0B) LOS objects, 31% free, 34MB/50MB, paused 676us total 108.421ms
I/art: Background sticky concurrent mark sweep GC freed 1271853(22MB) AllocSpace objects, 0(0B) LOS objects, 27% free, 36MB/50MB, paused 954us total 108.212ms
I/art: Background sticky concurrent mark sweep GC freed 1027217(17MB) AllocSpace objects, 0(0B) LOS objects, 18% free, 41MB/50MB, paused 14.713ms total 113.520ms
I/art: Background partial concurrent mark sweep GC freed 1423780(27MB) AllocSpace objects, 0(0B) LOS objects, 30% free, 37MB/53MB, paused 910us total 173.008ms
I/art: Background sticky concurrent mark sweep GC freed 1325958(23MB) AllocSpace objects, 0(0B) LOS objects, 28% free, 37MB/53MB, paused 1.951ms total 110.766ms
I/art: Background sticky concurrent mark sweep GC freed 1207581(21MB) AllocSpace objects, 0(0B) LOS objects, 25% free, 39MB/53MB, paused 1.326ms total 111.347ms
I/art: Background partial concurrent mark sweep GC freed 1561497(28MB) AllocSpace objects, 0(0B) LOS objects, 28% free, 39MB/55MB, paused 2.144ms total 196.696ms
I/art: Background sticky concurrent mark sweep GC freed 1413013(23MB) AllocSpace objects, 0(0B) LOS objects, 20% free, 44MB/55MB, paused 2.081ms total 130.389ms
I/art: Background partial concurrent mark sweep GC freed 1766513(33MB) AllocSpace objects, 0(0B) LOS objects, 30% free, 37MB/53MB, paused 944us total 139.023ms
I/art: Background partial concurrent mark sweep GC freed 1227109(24MB) AllocSpace objects, 0(0B) LOS objects, 26% free, 44MB/60MB, paused 12.455ms total 145.924ms
I/art: Background sticky concurrent mark sweep GC freed 656427(10MB) AllocSpace objects, 0(0B) LOS objects, 8% free, 55MB/60MB, paused 10.182ms total 68.019ms
I/art: Background partial concurrent mark sweep GC freed 1864995(36MB) AllocSpace objects, 0(0B) LOS objects, 29% free, 38MB/54MB, paused 1.663ms total 184.971ms
I/art: Background sticky concurrent mark sweep GC freed 1412570(25MB) AllocSpace objects, 0(0B) LOS objects, 29% free, 37MB/53MB, paused 1.739ms total 112.470ms
I/art: Background sticky concurrent mark sweep GC freed 1288051(22MB) AllocSpace objects, 0(0B) LOS objects, 26% free, 39MB/53MB, paused 874us total 109.711ms
I/art: Background partial concurrent mark sweep GC freed 1616505(31MB) AllocSpace objects, 0(0B) LOS objects, 31% free, 34MB/50MB, paused 1.588ms total 170.160ms
I/art: Background sticky concurrent mark sweep GC freed 1380749(24MB) AllocSpace objects, 0(0B) LOS objects, 31% free, 34MB/50MB, paused 1.252ms total 111.831ms
I/art: Background sticky concurrent mark sweep GC freed 1283970(22MB) AllocSpace objects, 0(0B) LOS objects, 29% free, 35MB/50MB, paused 862us total 108.842ms
I/art: Background sticky concurrent mark sweep GC freed 992507(16MB) AllocSpace objects, 0(0B) LOS objects, 16% free, 41MB/50MB, paused 1.677ms total 112.291ms
I/art: Background partial concurrent mark sweep GC freed 1385603(26MB) AllocSpace objects, 0(0B) LOS objects, 30% free, 37MB/53MB, paused 936us total 169.867ms
I/art: Background sticky concurrent mark sweep GC freed 1331500(23MB) AllocSpace objects, 0(0B) LOS objects, 28% free, 37MB/53MB, paused 1.244ms total 106.257ms
I/art: Background partial concurrent mark sweep GC freed 1766538(33MB) AllocSpace objects, 0(0B) LOS objects, 30% free, 35MB/51MB, paused 1.717ms total 198.611ms
I/art: Background sticky concurrent mark sweep GC freed 1426704(25MB) AllocSpace objects, 0(0B) LOS objects, 31% free, 34MB/50MB, paused 721us total 115.979ms
I/art: Background sticky concurrent mark sweep GC freed 1295416(22MB) AllocSpace objects, 0(0B) LOS objects, 29% free, 35MB/50MB, paused 726us total 108.658ms
I/art: Background partial concurrent mark sweep GC freed 1426548(26MB) AllocSpace objects, 0(0B) LOS objects, 30% free, 37MB/53MB, paused 1.698ms total 172.470ms
I/art: Background sticky concurrent mark sweep GC freed 1328834(23MB) AllocSpace objects, 0(0B) LOS objects, 29% free, 37MB/53MB, paused 804us total 108.686ms
I/art: Background sticky concurrent mark sweep GC freed 1240950(21MB) AllocSpace objects, 0(0B) LOS objects, 26% free, 39MB/53MB, paused 733us total 106.424ms
I/art: Background sticky concurrent mark sweep GC freed 1003752(16MB) AllocSpace objects, 0(0B) LOS objects, 15% free, 44MB/53MB, paused 3.401ms total 109.018ms
I/art: Background partial concurrent mark sweep GC freed 1688112(32MB) AllocSpace objects, 0(0B) LOS objects, 31% free, 35MB/51MB, paused 1.727ms total 183.096ms
I/art: Background sticky concurrent mark sweep GC freed 1406885(25MB) AllocSpace objects, 0(0B) LOS objects, 31% free, 34MB/50MB, paused 731us total 110.929ms
I/art: Background sticky concurrent mark sweep GC freed 1299278(22MB) AllocSpace objects, 0(0B) LOS objects, 29% free, 35MB/50MB, paused 1.706ms total 107.130ms
I/art: Background partial concurrent mark sweep GC freed 1444600(26MB) AllocSpace objects, 0(0B) LOS objects, 30% free, 37MB/53MB, paused 727us total 125.903ms
I/art: Background partial concurrent mark sweep GC freed 1517021(30MB) AllocSpace objects, 0(0B) LOS objects, 31% free, 34MB/50MB, paused 713us total 110.092ms
I/art: Background partial concurrent mark sweep GC freed 1386478(26MB) AllocSpace objects, 0(0B) LOS objects, 30% free, 36MB/52MB, paused 1.199ms total 166.269ms
I/art: Background sticky concurrent mark sweep GC freed 1317958(23MB) AllocSpace objects, 0(0B) LOS objects, 29% free, 36MB/52MB, paused 875us total 109.780ms
I/art: Background sticky concurrent mark sweep GC freed 1231926(21MB) AllocSpace objects, 0(0B) LOS objects, 25% free, 38MB/52MB, paused 815us total 107.586ms
I/art: Background partial concurrent mark sweep GC freed 1528618(28MB) AllocSpace objects, 0(0B) LOS objects, 28% free, 39MB/55MB, paused 1.053ms total 192.905ms
I/art: Background sticky concurrent mark sweep GC freed 1383556(23MB) AllocSpace objects, 0(0B) LOS objects, 24% free, 41MB/55MB, paused 7.613ms total 107.617ms
I/art: Background sticky concurrent mark sweep GC freed 1158522(20MB) AllocSpace objects, 0(0B) LOS objects, 20% free, 43MB/55MB, paused 866us total 122.545ms
I/art: Background partial concurrent mark sweep GC freed 1724459(32MB) AllocSpace objects, 0(0B) LOS objects, 30% free, 36MB/52MB, paused 880us total 186.693ms
I/art: Background sticky concurrent mark sweep GC freed 1392813(24MB) AllocSpace objects, 0(0B) LOS objects, 30% free, 36MB/52MB, paused 739us total 118.536ms
I/art: Background sticky concurrent mark sweep GC freed 1278977(22MB) AllocSpace objects, 0(0B) LOS objects, 29% free, 37MB/52MB, paused 873us total 108.644ms
I/art: Background sticky concurrent mark sweep GC freed 1188497(20MB) AllocSpace objects, 0(0B) LOS objects, 21% free, 40MB/52MB, paused 906us total 115.531ms
I/art: Background partial concurrent mark sweep GC freed 1525750(28MB) AllocSpace objects, 0(0B) LOS objects, 29% free, 38MB/54MB, paused 1.389ms total 183.737ms
I/art: Background sticky concurrent mark sweep GC freed 1370457(24MB) AllocSpace objects, 0(0B) LOS objects, 28% free, 39MB/54MB, paused 2.498ms total 120.867ms
I/art: Background partial concurrent mark sweep GC freed 1646485(30MB) AllocSpace objects, 0(0B) LOS objects, 28% free, 40MB/56MB, paused 1.690ms total 200.310ms
I/art: Background sticky concurrent mark sweep GC freed 1313242(21MB) AllocSpace objects, 0(0B) LOS objects, 8% free, 51MB/56MB, paused 22.698ms total 197.729ms
I/art: Background partial concurrent mark sweep GC freed 1778024(34MB) AllocSpace objects, 0(0B) LOS objects, 30% free, 35MB/51MB, paused 1.285ms total 181.796ms
I/art: Background sticky concurrent mark sweep GC freed 1398403(24MB) AllocSpace objects, 0(0B) LOS objects, 31% free, 35MB/51MB, paused 1.216ms total 115.348ms
I/art: Background sticky concurrent mark sweep GC freed 1243873(21MB) AllocSpace objects, 0(0B) LOS objects, 27% free, 36MB/51MB, paused 1.129ms total 108.117ms
I/art: Background sticky concurrent mark sweep GC freed 1053292(17MB) AllocSpace objects, 0(0B) LOS objects, 20% free, 40MB/51MB, paused 846us total 100.202ms
I/art: Background partial concurrent mark sweep GC freed 1419593(27MB) AllocSpace objects, 0(0B) LOS objects, 29% free, 37MB/53MB, paused 948us total 173.872ms
I/art: Background sticky concurrent mark sweep GC freed 1362619(24MB) AllocSpace objects, 0(0B) LOS objects, 28% free, 38MB/53MB, paused 910us total 114.138ms
I/art: Background sticky concurrent mark sweep GC freed 1260245(22MB) AllocSpace objects, 0(0B) LOS objects, 27% free, 38MB/53MB, paused 665us total 101.061ms
I/art: Background sticky concurrent mark sweep GC freed 1189440(21MB) AllocSpace objects, 0(0B) LOS objects, 25% free, 39MB/53MB, paused 1.178ms total 100.824ms
I/art: Background sticky concurrent mark sweep GC freed 1063845(17MB) AllocSpace objects, 0(0B) LOS objects, 15% free, 45MB/53MB, paused 10.780ms total 111.429ms
I/art: Background partial concurrent mark sweep GC freed 1616856(31MB) AllocSpace objects, 0(0B) LOS objects, 31% free, 35MB/51MB, paused 941us total 176.440ms
I/art: Background sticky concurrent mark sweep GC freed 1382564(24MB) AllocSpace objects, 0(0B) LOS objects, 31% free, 34MB/50MB, paused 815us total 113.379ms
I/art: Background sticky concurrent mark sweep GC freed 1269315(22MB) AllocSpace objects, 0(0B) LOS objects, 28% free, 36MB/50MB, paused 823us total 110.702ms
I/art: Background partial concurrent mark sweep GC freed 1169260(23MB) AllocSpace objects, 0(0B) LOS objects, 26% free, 43MB/59MB, paused 5.447ms total 131.777ms
I/art: Background sticky concurrent mark sweep GC freed 1242583(22MB) AllocSpace objects, 0(0B) LOS objects, 18% free, 48MB/59MB, paused 1.542ms total 106.670ms
I/art: Background partial concurrent mark sweep GC freed 1845941(35MB) AllocSpace objects, 0(0B) LOS objects, 29% free, 38MB/54MB, paused 1.184ms total 189.244ms
I/art: Background sticky concurrent mark sweep GC freed 1435193(25MB) AllocSpace objects, 0(0B) LOS objects, 30% free, 36MB/52MB, paused 1.212ms total 111.735ms
I/art: Background sticky concurrent mark sweep GC freed 1296951(22MB) AllocSpace objects, 0(0B) LOS objects, 28% free, 38MB/52MB, paused 777us total 108.051ms
I/art: Background partial concurrent mark sweep GC freed 1722982(32MB) AllocSpace objects, 0(0B) LOS objects, 31% free, 35MB/51MB, paused 12.947ms total 194.481ms
I/art: Background sticky concurrent mark sweep GC freed 1432417(25MB) AllocSpace objects, 0(0B) LOS objects, 31% free, 34MB/50MB, paused 848us total 114.823ms
I/art: Background sticky concurrent mark sweep GC freed 1304474(23MB) AllocSpace objects, 0(0B) LOS objects, 29% free, 35MB/50MB, paused 1.011ms total 107.078ms
I/art: Background sticky concurrent mark sweep GC freed 1216413(21MB) AllocSpace objects, 0(0B) LOS objects, 27% free, 36MB/50MB, paused 995us total 103.174ms
I/art: Background sticky concurrent mark sweep GC freed 1021956(17MB) AllocSpace objects, 0(0B) LOS objects, 18% free, 40MB/50MB, paused 971us total 106.922ms
I/art: Background partial concurrent mark sweep GC freed 1397654(26MB) AllocSpace objects, 0(0B) LOS objects, 30% free, 37MB/53MB, paused 861us total 169.075ms
I/art: Background sticky concurrent mark sweep GC freed 1338699(23MB) AllocSpace objects, 0(0B) LOS objects, 28% free, 38MB/53MB, paused 842us total 111.101ms
I/art: Background sticky concurrent mark sweep GC freed 1009647(17MB) AllocSpace objects, 0(0B) LOS objects, 10% free, 47MB/53MB, paused 1.904ms total 131.582ms
I/art: Background partial concurrent mark sweep GC freed 1558218(30MB) AllocSpace objects, 0(0B) LOS objects, 31% free, 34MB/50MB, paused 1.288ms total 163.610ms
I/art: Background sticky concurrent mark sweep GC freed 1338908(23MB) AllocSpace objects, 0(0B) LOS objects, 31% free, 34MB/50MB, paused 926us total 108.737ms
I/art: Background sticky concurrent mark sweep GC freed 1243880(21MB) AllocSpace objects, 0(0B) LOS objects, 27% free, 36MB/50MB, paused 973us total 107.018ms
I/art: Background partial concurrent mark sweep GC freed 1397168(26MB) AllocSpace objects, 0(0B) LOS objects, 29% free, 37MB/53MB, paused 1.150ms total 173.392ms
I/art: Background sticky concurrent mark sweep GC freed 924146(14MB) AllocSpace objects, 0(0B) LOS objects, 6% free, 50MB/53MB, paused 13.496ms total 99.358ms
I/art: Background partial concurrent mark sweep GC freed 1568349(31MB) AllocSpace objects, 0(0B) LOS objects, 31% free, 34MB/50MB, paused 659us total 120.205ms
I/art: Background partial concurrent mark sweep GC freed 1361314(26MB) AllocSpace objects, 0(0B) LOS objects, 29% free, 37MB/53MB, paused 1.094ms total 171.273ms
I/art: Background sticky concurrent mark sweep GC freed 1312527(23MB) AllocSpace objects, 0(0B) LOS objects, 28% free, 38MB/53MB, paused 983us total 111.067ms
I/art: Background sticky concurrent mark sweep GC freed 1137659(19MB) AllocSpace objects, 0(0B) LOS objects, 22% free, 41MB/53MB, paused 4.069ms total 107.307ms
I/art: Background partial concurrent mark sweep GC freed 1655599(31MB) AllocSpace objects, 0(0B) LOS objects, 31% free, 35MB/51MB, paused 956us total 174.720ms
I/art: Background sticky concurrent mark sweep GC freed 1390309(24MB) AllocSpace objects, 0(0B) LOS objects, 31% free, 34MB/50MB, paused 1.084ms total 116.318ms
I/art: Background sticky concurrent mark sweep GC freed 1288495(22MB) AllocSpace objects, 0(0B) LOS objects, 29% free, 35MB/50MB, paused 828us total 111.221ms
I/art: Background sticky concurrent mark sweep GC freed 1092357(19MB) AllocSpace objects, 0(0B) LOS objects, 22% free, 39MB/50MB, paused 2.434ms total 101.255ms
I/art: Background partial concurrent mark sweep GC freed 1445314(27MB) AllocSpace objects, 0(0B) LOS objects, 30% free, 36MB/52MB, paused 871us total 172.675ms
I/art: Background sticky concurrent mark sweep GC freed 1318658(23MB) AllocSpace objects, 0(0B) LOS objects, 30% free, 36MB/52MB, paused 695us total 105.885ms
I/art: Background sticky concurrent mark sweep GC freed 1229840(21MB) AllocSpace objects, 0(0B) LOS objects, 26% free, 38MB/52MB, paused 1.691ms total 106.825ms
I/art: Background sticky concurrent mark sweep GC freed 1023399(17MB) AllocSpace objects, 0(0B) LOS objects, 17% free, 43MB/52MB, paused 3.751ms total 104.479ms
I/art: Background partial concurrent mark sweep GC freed 1579598(30MB) AllocSpace objects, 0(0B) LOS objects, 31% free, 34MB/50MB, paused 1.177ms total 159.423ms
I/art: Background sticky concurrent mark sweep GC freed 1381732(24MB) AllocSpace objects, 0(0B) LOS objects, 31% free, 34MB/50MB, paused 760us total 110.824ms
I/art: Background sticky concurrent mark sweep GC freed 1296902(22MB) AllocSpace objects, 0(0B) LOS objects, 29% free, 35MB/50MB, paused 828us total 104.964ms
I/art: Background sticky concurrent mark sweep GC freed 999846(17MB) AllocSpace objects, 0(0B) LOS objects, 17% free, 41MB/50MB, paused 972us total 109.986ms
I/art: Background partial concurrent mark sweep GC freed 1391993(26MB) AllocSpace objects, 0(0B) LOS objects, 30% free, 37MB/53MB, paused 941us total 165.935ms
I/art: Background sticky concurrent mark sweep GC freed 1327641(23MB) AllocSpace objects, 0(0B) LOS objects, 28% free, 38MB/53MB, paused 827us total 107.885ms
I/art: Background partial concurrent mark sweep GC freed 1768110(33MB) AllocSpace objects, 0(0B) LOS objects, 30% free, 35MB/51MB, paused 1.741ms total 195.500ms
I/art: Background sticky concurrent mark sweep GC freed 1447866(25MB) AllocSpace objects, 0(0B) LOS objects, 31% free, 34MB/50MB, paused 1.284ms total 116.296ms
I/art: Background sticky concurrent mark sweep GC freed 1311401(23MB) AllocSpace objects, 0(0B) LOS objects, 29% free, 35MB/50MB, paused 977us total 108.974ms
I/art: Background sticky concurrent mark sweep GC freed 1025898(17MB) AllocSpace objects, 0(0B) LOS objects, 19% free, 40MB/50MB, paused 812us total 104.916ms
I/art: Background partial concurrent mark sweep GC freed 1369163(26MB) AllocSpace objects, 0(0B) LOS objects, 30% free, 36MB/52MB, paused 2.604ms total 163.269ms
I/art: Background sticky concurrent mark sweep GC freed 1303223(23MB) AllocSpace objects, 0(0B) LOS objects, 27% free, 38MB/52MB, paused 690us total 106.170ms
I/art: Background partial concurrent mark sweep GC freed 1752830(33MB) AllocSpace objects, 0(0B) LOS objects, 30% free, 35MB/51MB, paused 1.889ms total 192.116ms
I/art: Background sticky concurrent mark sweep GC freed 1437391(25MB) AllocSpace objects, 0(0B) LOS objects, 31% free, 34MB/50MB, paused 830us total 114.363ms
I/art: Background sticky concurrent mark sweep GC freed 1301513(22MB) AllocSpace objects, 0(0B) LOS objects, 29% free, 35MB/50MB, paused 1.663ms total 107.993ms
I/art: Background sticky concurrent mark sweep GC freed 986953(17MB) AllocSpace objects, 0(0B) LOS objects, 18% free, 41MB/50MB, paused 934us total 105.883ms
I/art: Background partial concurrent mark sweep GC freed 1396477(26MB) AllocSpace objects, 0(0B) LOS objects, 29% free, 37MB/53MB, paused 1.811ms total 166.780ms
I/art: Background sticky concurrent mark sweep GC freed 1325071(23MB) AllocSpace objects, 0(0B) LOS objects, 27% free, 38MB/53MB, paused 980us total 109.764ms
I/art: Background partial concurrent mark sweep GC freed 1773682(33MB) AllocSpace objects, 0(0B) LOS objects, 30% free, 35MB/51MB, paused 1.819ms total 192.718ms
I/art: Background sticky concurrent mark sweep GC freed 1437369(25MB) AllocSpace objects, 0(0B) LOS objects, 31% free, 34MB/50MB, paused 932us total 112.862ms
I/art: Background sticky concurrent mark sweep GC freed 1309893(23MB) AllocSpace objects, 0(0B) LOS objects, 29% free, 35MB/50MB, paused 997us total 110.926ms
I/art: Background partial concurrent mark sweep GC freed 1177416(23MB) AllocSpace objects, 0(0B) LOS objects, 28% free, 40MB/56MB, paused 4.035ms total 125.526ms
I/art: Background sticky concurrent mark sweep GC freed 1110036(19MB) AllocSpace objects, 0(0B) LOS objects, 15% free, 47MB/56MB, paused 657us total 104.335ms
I/art: Background partial concurrent mark sweep GC freed 1782615(33MB) AllocSpace objects, 0(0B) LOS objects, 30% free, 36MB/52MB, paused 911us total 137.060ms
I/art: Background sticky concurrent mark sweep GC freed 1212265(20MB) AllocSpace objects, 0(0B) LOS objects, 23% free, 40MB/52MB, paused 1.715ms total 116.377ms
I/art: Background partial concurrent mark sweep GC freed 1534120(28MB) AllocSpace objects, 0(0B) LOS objects, 29% free, 38MB/54MB, paused 1.122ms total 190.645ms
I/art: Background sticky concurrent mark sweep GC freed 1381018(24MB) AllocSpace objects, 0(0B) LOS objects, 29% free, 38MB/54MB, paused 1.741ms total 116.830ms
I/art: Background sticky concurrent mark sweep GC freed 1281939(22MB) AllocSpace objects, 0(0B) LOS objects, 28% free, 39MB/54MB, paused 852us total 106.824ms
I/art: Background sticky concurrent mark sweep GC freed 1203492(21MB) AllocSpace objects, 0(0B) LOS objects, 23% free, 41MB/54MB, paused 2.778ms total 105.524ms
I/art: Background partial concurrent mark sweep GC freed 1831378(34MB) AllocSpace objects, 0(0B) LOS objects, 30% free, 36MB/52MB, paused 2.011ms total 204.426ms
I/art: Background sticky concurrent mark sweep GC freed 1461655(26MB) AllocSpace objects, 0(0B) LOS objects, 31% free, 34MB/50MB, paused 794us total 117.366ms
I/art: Background sticky concurrent mark sweep GC freed 1314408(23MB) AllocSpace objects, 0(0B) LOS objects, 29% free, 35MB/50MB, paused 886us total 110.411ms
I/art: Background partial concurrent mark sweep GC freed 1433141(27MB) AllocSpace objects, 0(0B) LOS objects, 29% free, 37MB/53MB, paused 1.214ms total 173.399ms
I/art: Background sticky concurrent mark sweep GC freed 1321752(23MB) AllocSpace objects, 0(0B) LOS objects, 27% free, 38MB/53MB, paused 2.577ms total 111.197ms
I/art: Background sticky concurrent mark sweep GC freed 1099472(18MB) AllocSpace objects, 0(0B) LOS objects, 19% free, 43MB/53MB, paused 2.714ms total 108.503ms
I/art: Background partial concurrent mark sweep GC freed 1643857(31MB) AllocSpace objects, 0(0B) LOS objects, 31% free, 34MB/50MB, paused 1.053ms total 172.151ms
I/art: Background sticky concurrent mark sweep GC freed 1387722(24MB) AllocSpace objects, 0(0B) LOS objects, 31% free, 34MB/50MB, paused 894us total 115.347ms
I/art: Background sticky concurrent mark sweep GC freed 1287569(22MB) AllocSpace objects, 0(0B) LOS objects, 29% free, 35MB/50MB, paused 1.942ms total 110.940ms
I/art: Background sticky concurrent mark sweep GC freed 1022113(17MB) AllocSpace objects, 0(0B) LOS objects, 18% free, 40MB/50MB, paused 1.282ms total 106.158ms
I/art: Background partial concurrent mark sweep GC freed 1385344(26MB) AllocSpace objects, 0(0B) LOS objects, 30% free, 37MB/53MB, paused 1.160ms total 171.032ms
I/art: Background sticky concurrent mark sweep GC freed 1340657(23MB) AllocSpace objects, 0(0B) LOS objects, 28% free, 38MB/53MB, paused 776us total 111.008ms
I/art: Background sticky concurrent mark sweep GC freed 1137456(19MB) AllocSpace objects, 0(0B) LOS objects, 22% free, 41MB/53MB, paused 3.039ms total 102.360ms
I/art: Background partial concurrent mark sweep GC freed 1766351(33MB) AllocSpace objects, 0(0B) LOS objects, 30% free, 35MB/51MB, paused 1.709ms total 198.166ms
I/art: Background sticky concurrent mark sweep GC freed 1438100(25MB) AllocSpace objects, 0(0B) LOS objects, 31% free, 34MB/50MB, paused 1.214ms total 116.767ms
I/art: Background sticky concurrent mark sweep GC freed 1305959(23MB) AllocSpace objects, 0(0B) LOS objects, 29% free, 35MB/50MB, paused 986us total 110.229ms
I/art: Background sticky concurrent mark sweep GC freed 1030010(17MB) AllocSpace objects, 0(0B) LOS objects, 19% free, 40MB/50MB, paused 771us total 107.624ms
I/art: Background partial concurrent mark sweep GC freed 1419981(27MB) AllocSpace objects, 0(0B) LOS objects, 29% free, 37MB/53MB, paused 1.098ms total 171.150ms
I/art: Background sticky concurrent mark sweep GC freed 1317852(23MB) AllocSpace objects, 0(0B) LOS objects, 28% free, 38MB/53MB, paused 801us total 110.827ms
I/art: Background sticky concurrent mark sweep GC freed 1089667(18MB) AllocSpace objects, 0(0B) LOS objects, 19% free, 42MB/53MB, paused 5.511ms total 79.791ms
I/art: Background partial concurrent mark sweep GC freed 1553456(30MB) AllocSpace objects, 0(0B) LOS objects, 32% free, 33MB/49MB, paused 703us total 109.799ms
I/art: Background partial concurrent mark sweep GC freed 1265641(25MB) AllocSpace objects, 0(0B) LOS objects, 29% free, 37MB/53MB, paused 1.157ms total 162.810ms
I/art: Background sticky concurrent mark sweep GC freed 1247334(21MB) AllocSpace objects, 0(0B) LOS objects, 22% free, 41MB/53MB, paused 2.641ms total 120.225ms
I/art: Background partial concurrent mark sweep GC freed 1681019(31MB) AllocSpace objects, 0(0B) LOS objects, 31% free, 35MB/51MB, paused 937us total 168.164ms
I/art: Background sticky concurrent mark sweep GC freed 1410698(25MB) AllocSpace objects, 0(0B) LOS objects, 31% free, 34MB/50MB, paused 863us total 113.210ms
I/art: Background sticky concurrent mark sweep GC freed 1294374(22MB) AllocSpace objects, 0(0B) LOS objects, 29% free, 35MB/50MB, paused 734us total 109.028ms
I/art: Background partial concurrent mark sweep GC freed 1389785(26MB) AllocSpace objects, 0(0B) LOS objects, 29% free, 37MB/53MB, paused 2.644ms total 169.947ms
I/art: Background sticky concurrent mark sweep GC freed 1319464(23MB) AllocSpace objects, 0(0B) LOS objects, 27% free, 38MB/53MB, paused 1.001ms total 108.321ms
I/art: Background partial concurrent mark sweep GC freed 1750717(33MB) AllocSpace objects, 0(0B) LOS objects, 31% free, 35MB/51MB, paused 1.771ms total 192.483ms
I/art: Background sticky concurrent mark sweep GC freed 1416331(25MB) AllocSpace objects, 0(0B) LOS objects, 31% free, 34MB/50MB, paused 724us total 115.645ms
I/art: Background sticky concurrent mark sweep GC freed 1291337(22MB) AllocSpace objects, 0(0B) LOS objects, 29% free, 35MB/50MB, paused 727us total 108.099ms
I/art: Background sticky concurrent mark sweep GC freed 982160(16MB) AllocSpace objects, 0(0B) LOS objects, 16% free, 41MB/50MB, paused 967us total 111.105ms
I/art: Background partial concurrent mark sweep GC freed 1393896(26MB) AllocSpace objects, 0(0B) LOS objects, 30% free, 37MB/53MB, paused 888us total 166.860ms
I/art: Background sticky concurrent mark sweep GC freed 1333045(23MB) AllocSpace objects, 0(0B) LOS objects, 28% free, 38MB/53MB, paused 743us total 109.085ms
I/art: Background partial concurrent mark sweep GC freed 1769961(33MB) AllocSpace objects, 0(0B) LOS objects, 30% free, 35MB/51MB, paused 1.894ms total 191.277ms
I/art: Background sticky concurrent mark sweep GC freed 1449212(25MB) AllocSpace objects, 0(0B) LOS objects, 31% free, 34MB/50MB, paused 790us total 113.868ms
I/art: Background sticky concurrent mark sweep GC freed 1320228(23MB) AllocSpace objects, 0(0B) LOS objects, 29% free, 35MB/50MB, paused 1.233ms total 109.593ms
I/art: Background sticky concurrent mark sweep GC freed 994968(17MB) AllocSpace objects, 0(0B) LOS objects, 19% free, 40MB/50MB, paused 1.015ms total 100.796ms
I/art: Background partial concurrent mark sweep GC freed 1418445(27MB) AllocSpace objects, 0(0B) LOS objects, 29% free, 37MB/53MB, paused 969us total 168.658ms
I/art: Background sticky concurrent mark sweep GC freed 1330316(23MB) AllocSpace objects, 0(0B) LOS objects, 27% free, 38MB/53MB, paused 2.568ms total 112.622ms
I/art: Background sticky concurrent mark sweep GC freed 1072115(18MB) AllocSpace objects, 0(0B) LOS objects, 19% free, 43MB/53MB, paused 7.241ms total 106.637ms
I/art: Background partial concurrent mark sweep GC freed 1684903(32MB) AllocSpace objects, 0(0B) LOS objects, 31% free, 34MB/50MB, paused 1.571ms total 181.707ms
I/art: Background sticky concurrent mark sweep GC freed 1393164(24MB) AllocSpace objects, 0(0B) LOS objects, 31% free, 34MB/50MB, paused 1.251ms total 114.892ms
I/art: Background sticky concurrent mark sweep GC freed 1286734(22MB) AllocSpace objects, 0(0B) LOS objects, 29% free, 35MB/50MB, paused 947us total 109.129ms
I/art: Background sticky concurrent mark sweep GC freed 1014528(17MB) AllocSpace objects, 0(0B) LOS objects, 18% free, 40MB/50MB, paused 1.169ms total 103.603ms
I/art: Background partial concurrent mark sweep GC freed 1391001(26MB) AllocSpace objects, 0(0B) LOS objects, 30% free, 37MB/53MB, paused 1.323ms total 170.943ms
I/art: Background sticky concurrent mark sweep GC freed 1325923(23MB) AllocSpace objects, 0(0B) LOS objects, 28% free, 37MB/53MB, paused 937us total 108.567ms
I/art: Background sticky concurrent mark sweep GC freed 1229747(21MB) AllocSpace objects, 0(0B) LOS objects, 26% free, 38MB/53MB, paused 864us total 100.901ms
I/art: Background sticky concurrent mark sweep GC freed 993430(16MB) AllocSpace objects, 0(0B) LOS objects, 10% free, 47MB/53MB, paused 1.958ms total 127.918ms
I/art: Background partial concurrent mark sweep GC freed 1542026(30MB) AllocSpace objects, 0(0B) LOS objects, 31% free, 34MB/50MB, paused 874us total 161.735ms
I/art: Background sticky concurrent mark sweep GC freed 1334197(23MB) AllocSpace objects, 0(0B) LOS objects, 31% free, 34MB/50MB, paused 775us total 100.908ms
I/art: Background sticky concurrent mark sweep GC freed 706562(12MB) AllocSpace objects, 0(0B) LOS objects, 14% free, 43MB/50MB, paused 5.780ms total 57.679ms
I/art: Background partial concurrent mark sweep GC freed 1114213(22MB) AllocSpace objects, 0(0B) LOS objects, 26% free, 43MB/59MB, paused 4.425ms total 140.369ms
I/art: Background sticky concurrent mark sweep GC freed 1140271(20MB) AllocSpace objects, 0(0B) LOS objects, 14% free, 50MB/59MB, paused 651us total 103.555ms
I/art: Background partial concurrent mark sweep GC freed 1954194(36MB) AllocSpace objects, 0(0B) LOS objects, 29% free, 37MB/53MB, paused 683us total 175.373ms
I/art: Background sticky concurrent mark sweep GC freed 1451542(25MB) AllocSpace objects, 0(0B) LOS objects, 30% free, 36MB/52MB, paused 716us total 119.997ms
I/art: Background sticky concurrent mark sweep GC freed 1295317(23MB) AllocSpace objects, 0(0B) LOS objects, 28% free, 37MB/52MB, paused 713us total 106.509ms
I/art: Background sticky concurrent mark sweep GC freed 1203479(20MB) AllocSpace objects, 0(0B) LOS objects, 23% free, 40MB/52MB, paused 905us total 110.821ms
I/art: Background partial concurrent mark sweep GC freed 1541837(29MB) AllocSpace objects, 0(0B) LOS objects, 29% free, 37MB/53MB, paused 970us total 182.338ms
I/art: Background sticky concurrent mark sweep GC freed 1385669(24MB) AllocSpace objects, 0(0B) LOS objects, 29% free, 38MB/53MB, paused 1.252ms total 115.894ms
I/art: Background sticky concurrent mark sweep GC freed 1288195(22MB) AllocSpace objects, 0(0B) LOS objects, 28% free, 38MB/53MB, paused 799us total 103.977ms
I/art: Background sticky concurrent mark sweep GC freed 1170521(20MB) AllocSpace objects, 0(0B) LOS objects, 21% free, 42MB/53MB, paused 4.305ms total 110.892ms
I/art: Background partial concurrent mark sweep GC freed 1677078(31MB) AllocSpace objects, 0(0B) LOS objects, 31% free, 35MB/51MB, paused 878us total 176.080ms
I/art: Background sticky concurrent mark sweep GC freed 1419080(25MB) AllocSpace objects, 0(0B) LOS objects, 31% free, 34MB/50MB, paused 815us total 115.896ms
I/art: Background sticky concurrent mark sweep GC freed 1295830(22MB) AllocSpace objects, 0(0B) LOS objects, 29% free, 35MB/50MB, paused 1.025ms total 110.062ms
I/art: Background sticky concurrent mark sweep GC freed 983743(16MB) AllocSpace objects, 0(0B) LOS objects, 16% free, 41MB/50MB, paused 1.185ms total 112.560ms
I/art: Background partial concurrent mark sweep GC freed 1394142(26MB) AllocSpace objects, 0(0B) LOS objects, 30% free, 37MB/53MB, paused 1.012ms total 167.370ms
I/art: Background sticky concurrent mark sweep GC freed 1335213(23MB) AllocSpace objects, 0(0B) LOS objects, 28% free, 38MB/53MB, paused 798us total 110.086ms
I/art: Background sticky concurrent mark sweep GC freed 1126247(19MB) AllocSpace objects, 0(0B) LOS objects, 22% free, 41MB/53MB, paused 3.068ms total 100.885ms
I/art: Background partial concurrent mark sweep GC freed 1760242(33MB) AllocSpace objects, 0(0B) LOS objects, 31% free, 35MB/51MB, paused 1.776ms total 192.239ms
I/art: Background sticky concurrent mark sweep GC freed 1422722(25MB) AllocSpace objects, 0(0B) LOS objects, 31% free, 34MB/50MB, paused 807us total 112.013ms
I/art: Background sticky concurrent mark sweep GC freed 1293156(22MB) AllocSpace objects, 0(0B) LOS objects, 29% free, 35MB/50MB, paused 1.315ms total 106.843ms
I/art: Background sticky concurrent mark sweep GC freed 980503(16MB) AllocSpace objects, 0(0B) LOS objects, 17% free, 41MB/50MB, paused 1.323ms total 110.191ms
I/art: Background partial concurrent mark sweep GC freed 1387692(26MB) AllocSpace objects, 0(0B) LOS objects, 30% free, 36MB/52MB, paused 1.018ms total 164.716ms
I/art: Background sticky concurrent mark sweep GC freed 1318703(23MB) AllocSpace objects, 0(0B) LOS objects, 28% free, 37MB/52MB, paused 769us total 105.835ms
I/art: Background sticky concurrent mark sweep GC freed 993438(16MB) AllocSpace objects, 0(0B) LOS objects, 10% free, 47MB/52MB, paused 1.863ms total 125.190ms
I/art: Background partial concurrent mark sweep GC freed 1547378(30MB) AllocSpace objects, 0(0B) LOS objects, 31% free, 34MB/50MB, paused 905us total 159.668ms
I/art: Background sticky concurrent mark sweep GC freed 1330981(23MB) AllocSpace objects, 0(0B) LOS objects, 31% free, 34MB/50MB, paused 709us total 106.993ms
I/art: Background sticky concurrent mark sweep GC freed 1240473(21MB) AllocSpace objects, 0(0B) LOS objects, 27% free, 36MB/50MB, paused 902us total 107.720ms
I/art: Background partial concurrent mark sweep GC freed 1407812(26MB) AllocSpace objects, 0(0B) LOS objects, 29% free, 37MB/53MB, paused 1.087ms total 172.838ms
I/art: Background sticky concurrent mark sweep GC freed 1322292(23MB) AllocSpace objects, 0(0B) LOS objects, 28% free, 38MB/53MB, paused 2.178ms total 108.868ms
I/art: Background sticky concurrent mark sweep GC freed 1240823(22MB) AllocSpace objects, 0(0B) LOS objects, 26% free, 39MB/53MB, paused 1.144ms total 106.315ms
I/art: Background sticky concurrent mark sweep GC freed 913186(14MB) AllocSpace objects, 0(0B) LOS objects, 2% free, 52MB/53MB, paused 11.232ms total 152.104ms
I/art: Background partial concurrent mark sweep GC freed 1577933(31MB) AllocSpace objects, 0(0B) LOS objects, 31% free, 34MB/50MB, paused 819us total 165.957ms
I/art: Background sticky concurrent mark sweep GC freed 1345326(23MB) AllocSpace objects, 0(0B) LOS objects, 30% free, 34MB/50MB, paused 1.064ms total 113.226ms
I/art: Background sticky concurrent mark sweep GC freed 1262911(22MB) AllocSpace objects, 0(0B) LOS objects, 28% free, 36MB/50MB, paused 761us total 105.641ms
I/art: Background partial concurrent mark sweep GC freed 1444297(27MB) AllocSpace objects, 0(0B) LOS objects, 30% free, 37MB/53MB, paused 975us total 171.393ms
I/art: Background sticky concurrent mark sweep GC freed 1340198(23MB) AllocSpace objects, 0(0B) LOS objects, 30% free, 36MB/52MB, paused 832us total 107.759ms
I/art: Background sticky concurrent mark sweep GC freed 1241010(21MB) AllocSpace objects, 0(0B) LOS objects, 26% free, 38MB/52MB, paused 836us total 109.638ms
I/art: Background sticky concurrent mark sweep GC freed 1009216(16MB) AllocSpace objects, 0(0B) LOS objects, 18% free, 42MB/52MB, paused 3.790ms total 100.875ms
I/art: Background partial concurrent mark sweep GC freed 1587111(30MB) AllocSpace objects, 0(0B) LOS objects, 31% free, 34MB/50MB, paused 1.303ms total 142.380ms
I/art: Background partial concurrent mark sweep GC freed 1094907(22MB) AllocSpace objects, 0(0B) LOS objects, 28% free, 40MB/56MB, paused 5.680ms total 146.274ms
I/art: Background sticky concurrent mark sweep GC freed 1111727(19MB) AllocSpace objects, 0(0B) LOS objects, 14% free, 47MB/56MB, paused 1.171ms total 143.577ms
I/art: Background partial concurrent mark sweep GC freed 1784222(33MB) AllocSpace objects, 0(0B) LOS objects, 30% free, 36MB/52MB, paused 1.172ms total 185.605ms
I/art: Background sticky concurrent mark sweep GC freed 1413213(24MB) AllocSpace objects, 0(0B) LOS objects, 30% free, 36MB/52MB, paused 956us total 122.494ms
I/art: Background sticky concurrent mark sweep GC freed 1287480(22MB) AllocSpace objects, 0(0B) LOS objects, 29% free, 36MB/52MB, paused 757us total 106.031ms
I/art: Background sticky concurrent mark sweep GC freed 1210882(20MB) AllocSpace objects, 0(0B) LOS objects, 23% free, 40MB/52MB, paused 1.190ms total 114.177ms
I/art: Background partial concurrent mark sweep GC freed 1523650(28MB) AllocSpace objects, 0(0B) LOS objects, 29% free, 38MB/54MB, paused 1.742ms total 192.951ms
I/art: Background sticky concurrent mark sweep GC freed 1375758(24MB) AllocSpace objects, 0(0B) LOS objects, 29% free, 38MB/54MB, paused 748us total 116.345ms
I/art: Background sticky concurrent mark sweep GC freed 1276676(22MB) AllocSpace objects, 0(0B) LOS objects, 27% free, 39MB/54MB, paused 1.184ms total 106.148ms
I/art: Background sticky concurrent mark sweep GC freed 1187693(20MB) AllocSpace objects, 0(0B) LOS objects, 21% free, 42MB/54MB, paused 2.505ms total 113.227ms
I/art: Background partial concurrent mark sweep GC freed 1840224(34MB) AllocSpace objects, 0(0B) LOS objects, 30% free, 36MB/52MB, paused 2.397ms total 202.274ms
I/art: Background sticky concurrent mark sweep GC freed 1460254(26MB) AllocSpace objects, 0(0B) LOS objects, 31% free, 34MB/50MB, paused 940us total 117.256ms
I/art: Background sticky concurrent mark sweep GC freed 1317831(23MB) AllocSpace objects, 0(0B) LOS objects, 29% free, 35MB/50MB, paused 1.036ms total 111.989ms
I/art: Background sticky concurrent mark sweep GC freed 1027216(17MB) AllocSpace objects, 0(0B) LOS objects, 19% free, 41MB/50MB, paused 844us total 106.743ms
I/art: Background partial concurrent mark sweep GC freed 1434748(27MB) AllocSpace objects, 0(0B) LOS objects, 29% free, 37MB/53MB, paused 1.282ms total 174.168ms
I/art: Background sticky concurrent mark sweep GC freed 1349704(23MB) AllocSpace objects, 0(0B) LOS objects, 27% free, 38MB/53MB, paused 966us total 112.241ms
I/art: Background sticky concurrent mark sweep GC freed 1092846(18MB) AllocSpace objects, 0(0B) LOS objects, 18% free, 43MB/53MB, paused 3.175ms total 113.307ms
I/art: Background partial concurrent mark sweep GC freed 1627261(31MB) AllocSpace objects, 0(0B) LOS objects, 31% free, 34MB/50MB, paused 964us total 171.619ms
I/art: Background sticky concurrent mark sweep GC freed 1366212(24MB) AllocSpace objects, 0(0B) LOS objects, 31% free, 34MB/50MB, paused 1.096ms total 111.904ms
I/art: Background sticky concurrent mark sweep GC freed 1275743(22MB) AllocSpace objects, 0(0B) LOS objects, 29% free, 35MB/50MB, paused 705us total 110.375ms
I/art: Background sticky concurrent mark sweep GC freed 1022283(17MB) AllocSpace objects, 0(0B) LOS objects, 18% free, 40MB/50MB, paused 965us total 106.375ms
I/art: Background partial concurrent mark sweep GC freed 1377688(26MB) AllocSpace objects, 0(0B) LOS objects, 30% free, 37MB/53MB, paused 947us total 172.348ms
I/art: Background sticky concurrent mark sweep GC freed 1327517(23MB) AllocSpace objects, 0(0B) LOS objects, 28% free, 38MB/53MB, paused 726us total 110.848ms
I/art: Background sticky concurrent mark sweep GC freed 1226080(21MB) AllocSpace objects, 0(0B) LOS objects, 26% free, 38MB/53MB, paused 658us total 100.688ms
I/art: Background sticky concurrent mark sweep GC freed 1137373(19MB) AllocSpace objects, 0(0B) LOS objects, 20% free, 42MB/53MB, paused 2.676ms total 106.986ms
I/art: Background partial concurrent mark sweep GC freed 1770777(33MB) AllocSpace objects, 0(0B) LOS objects, 30% free, 35MB/51MB, paused 2.215ms total 198.081ms
I/art: Background sticky concurrent mark sweep GC freed 1434005(25MB) AllocSpace objects, 0(0B) LOS objects, 31% free, 34MB/50MB, paused 782us total 116.128ms
I/art: Background sticky concurrent mark sweep GC freed 1299649(22MB) AllocSpace objects, 0(0B) LOS objects, 29% free, 35MB/50MB, paused 728us total 106.840ms
I/art: Background sticky concurrent mark sweep GC freed 1007608(17MB) AllocSpace objects, 0(0B) LOS objects, 17% free, 41MB/50MB, paused 1.106ms total 111.805ms
I/art: Background partial concurrent mark sweep GC freed 1402942(26MB) AllocSpace objects, 0(0B) LOS objects, 29% free, 37MB/53MB, paused 1.635ms total 171.103ms
I/art: Background sticky concurrent mark sweep GC freed 1323734(23MB) AllocSpace objects, 0(0B) LOS objects, 27% free, 38MB/53MB, paused 1.003ms total 111.537ms
I/art: Background partial concurrent mark sweep GC freed 1764543(33MB) AllocSpace objects, 0(0B) LOS objects, 31% free, 35MB/51MB, paused 1.661ms total 194.259ms
I/art: Background partial concurrent mark sweep GC freed 1124808(22MB) AllocSpace objects, 0(0B) LOS objects, 25% free, 45MB/61MB, paused 5.088ms total 152.011ms
I/art: Background sticky concurrent mark sweep GC freed 1230924(21MB) AllocSpace objects, 0(0B) LOS objects, 16% free, 51MB/61MB, paused 900us total 149.166ms
I/art: Background partial concurrent mark sweep GC freed 2077399(39MB) AllocSpace objects, 0(0B) LOS objects, 29% free, 37MB/53MB, paused 1ms total 204.177ms
I/art: Background sticky concurrent mark sweep GC freed 1475538(26MB) AllocSpace objects, 0(0B) LOS objects, 30% free, 36MB/52MB, paused 776us total 126.191ms
I/art: Background sticky concurrent mark sweep GC freed 1289675(22MB) AllocSpace objects, 0(0B) LOS objects, 29% free, 37MB/52MB, paused 822us total 109.704ms
I/art: Background sticky concurrent mark sweep GC freed 1182272(20MB) AllocSpace objects, 0(0B) LOS objects, 22% free, 40MB/52MB, paused 1.098ms total 117.754ms
I/art: Background partial concurrent mark sweep GC freed 1542966(29MB) AllocSpace objects, 0(0B) LOS objects, 29% free, 38MB/54MB, paused 1.138ms total 185.730ms
I/art: Background sticky concurrent mark sweep GC freed 1366724(24MB) AllocSpace objects, 0(0B) LOS objects, 27% free, 38MB/54MB, paused 1.001ms total 115.443ms
I/art: Background sticky concurrent mark sweep GC freed 1242430(22MB) AllocSpace objects, 0(0B) LOS objects, 26% free, 39MB/54MB, paused 798us total 103.771ms
I/art: Background sticky concurrent mark sweep GC freed 1087068(18MB) AllocSpace objects, 0(0B) LOS objects, 21% free, 42MB/54MB, paused 3.641ms total 104.367ms
I/art: Background partial concurrent mark sweep GC freed 1659673(31MB) AllocSpace objects, 0(0B) LOS objects, 31% free, 35MB/51MB, paused 1.159ms total 174.434ms
I/art: Background sticky concurrent mark sweep GC freed 1398214(24MB) AllocSpace objects, 0(0B) LOS objects, 31% free, 34MB/50MB, paused 720us total 114.498ms
I/art: Background sticky concurrent mark sweep GC freed 1288099(22MB) AllocSpace objects, 0(0B) LOS objects, 28% free, 35MB/50MB, paused 1.153ms total 108.349ms
I/art: Background sticky concurrent mark sweep GC freed 1011044(17MB) AllocSpace objects, 0(0B) LOS objects, 18% free, 41MB/50MB, paused 920us total 109.440ms
I/art: Background partial concurrent mark sweep GC freed 1396934(26MB) AllocSpace objects, 0(0B) LOS objects, 29% free, 37MB/53MB, paused 2.572ms total 173.429ms
I/art: Background sticky concurrent mark sweep GC freed 1331503(23MB) AllocSpace objects, 0(0B) LOS objects, 27% free, 38MB/53MB, paused 1.026ms total 111.888ms
I/art: Background sticky concurrent mark sweep GC freed 1107231(18MB) AllocSpace objects, 0(0B) LOS objects, 19% free, 43MB/53MB, paused 7.227ms total 111.280ms
I/art: Background partial concurrent mark sweep GC freed 1712945(32MB) AllocSpace objects, 0(0B) LOS objects, 31% free, 35MB/51MB, paused 1.327ms total 177.303ms
I/art: Background sticky concurrent mark sweep GC freed 1413955(25MB) AllocSpace objects, 0(0B) LOS objects, 31% free, 34MB/50MB, paused 853us total 111.524ms
I/art: Background sticky concurrent mark sweep GC freed 1300734(22MB) AllocSpace objects, 0(0B) LOS objects, 29% free, 35MB/50MB, paused 2.154ms total 108.907ms
I/art: Background sticky concurrent mark sweep GC freed 980795(16MB) AllocSpace objects, 0(0B) LOS objects, 17% free, 41MB/50MB, paused 1.073ms total 107.224ms
I/art: Background partial concurrent mark sweep GC freed 1393954(26MB) AllocSpace objects, 0(0B) LOS objects, 30% free, 37MB/53MB, paused 1.737ms total 166.040ms
I/art: Background sticky concurrent mark sweep GC freed 1322130(23MB) AllocSpace objects, 0(0B) LOS objects, 27% free, 38MB/53MB, paused 1.261ms total 109.245ms
I/art: Background sticky concurrent mark sweep GC freed 970557(16MB) AllocSpace objects, 0(0B) LOS objects, 10% free, 47MB/53MB, paused 1.818ms total 123.493ms
I/art: Background partial concurrent mark sweep GC freed 1563018(30MB) AllocSpace objects, 0(0B) LOS objects, 31% free, 34MB/50MB, paused 862us total 160.339ms
I/art: Background sticky concurrent mark sweep GC freed 1331711(23MB) AllocSpace objects, 0(0B) LOS objects, 31% free, 34MB/50MB, paused 747us total 106.834ms
I/art: Background sticky concurrent mark sweep GC freed 1245029(21MB) AllocSpace objects, 0(0B) LOS objects, 27% free, 36MB/50MB, paused 895us total 106.151ms
I/art: Background partial concurrent mark sweep GC freed 1407520(26MB) AllocSpace objects, 0(0B) LOS objects, 29% free, 37MB/53MB, paused 1.085ms total 172.277ms
I/art: Background sticky concurrent mark sweep GC freed 1316017(23MB) AllocSpace objects, 0(0B) LOS objects, 28% free, 38MB/53MB, paused 2.387ms total 106.761ms
I/art: Background sticky concurrent mark sweep GC freed 1243594(22MB) AllocSpace objects, 0(0B) LOS objects, 26% free, 39MB/53MB, paused 1.231ms total 107.376ms
I/art: Background sticky concurrent mark sweep GC freed 922143(14MB) AllocSpace objects, 0(0B) LOS objects, 6% free, 49MB/53MB, paused 17.163ms total 131.236ms
I/art: Background partial concurrent mark sweep GC freed 1562092(30MB) AllocSpace objects, 0(0B) LOS objects, 31% free, 34MB/50MB, paused 1.033ms total 161.175ms
I/art: Background sticky concurrent mark sweep GC freed 1334587(23MB) AllocSpace objects, 0(0B) LOS objects, 31% free, 34MB/50MB, paused 1.575ms total 109.525ms
I/art: Background sticky concurrent mark sweep GC freed 1259855(22MB) AllocSpace objects, 0(0B) LOS objects, 28% free, 36MB/50MB, paused 855us total 108.707ms
I/art: Background sticky concurrent mark sweep GC freed 953496(16MB) AllocSpace objects, 0(0B) LOS objects, 17% free, 41MB/50MB, paused 1.061ms total 104.239ms
I/art: Background partial concurrent mark sweep GC freed 1390231(26MB) AllocSpace objects, 0(0B) LOS objects, 30% free, 37MB/53MB, paused 878us total 172.562ms
I/art: Background sticky concurrent mark sweep GC freed 1326464(23MB) AllocSpace objects, 0(0B) LOS objects, 28% free, 37MB/53MB, paused 848us total 112.402ms
I/art: Background sticky concurrent mark sweep GC freed 1122632(19MB) AllocSpace objects, 0(0B) LOS objects, 22% free, 41MB/53MB, paused 3.201ms total 100.178ms
I/art: Background partial concurrent mark sweep GC freed 1756767(32MB) AllocSpace objects, 0(0B) LOS objects, 30% free, 35MB/51MB, paused 1.755ms total 200.754ms
I/art: Background sticky concurrent mark sweep GC freed 1438269(25MB) AllocSpace objects, 0(0B) LOS objects, 31% free, 34MB/50MB, paused 779us total 115.765ms
I/art: Background sticky concurrent mark sweep GC freed 1302948(22MB) AllocSpace objects, 0(0B) LOS objects, 29% free, 35MB/50MB, paused 738us total 108.751ms
I/art: Background sticky concurrent mark sweep GC freed 1035378(17MB) AllocSpace objects, 0(0B) LOS objects, 19% free, 40MB/50MB, paused 1.140ms total 107.987ms
I/art: Background partial concurrent mark sweep GC freed 1419580(27MB) AllocSpace objects, 0(0B) LOS objects, 30% free, 37MB/53MB, paused 1.026ms total 171.479ms
I/art: Background sticky concurrent mark sweep GC freed 1321243(23MB) AllocSpace objects, 0(0B) LOS objects, 28% free, 38MB/53MB, paused 1.478ms total 109.199ms
I/art: Background partial concurrent mark sweep GC freed 1559298(30MB) AllocSpace objects, 0(0B) LOS objects, 31% free, 34MB/50MB, paused 629us total 119.719ms
I/art: Background partial concurrent mark sweep GC freed 1408972(26MB) AllocSpace objects, 0(0B) LOS objects, 29% free, 37MB/53MB, paused 1.138ms total 175.848ms
I/art: Background sticky concurrent mark sweep GC freed 1324798(23MB) AllocSpace objects, 0(0B) LOS objects, 28% free, 38MB/53MB, paused 2.328ms total 109.469ms
I/art: Background sticky concurrent mark sweep GC freed 1253823(22MB) AllocSpace objects, 0(0B) LOS objects, 25% free, 39MB/53MB, paused 1.409ms total 111.305ms
I/art: Background sticky concurrent mark sweep GC freed 922224(14MB) AllocSpace objects, 0(0B) LOS objects, 6% free, 50MB/53MB, paused 17.952ms total 137.338ms
I/art: Background partial concurrent mark sweep GC freed 1578241(31MB) AllocSpace objects, 0(0B) LOS objects, 31% free, 34MB/50MB, paused 856us total 161.106ms
I/art: Background sticky concurrent mark sweep GC freed 1344336(23MB) AllocSpace objects, 0(0B) LOS objects, 31% free, 34MB/50MB, paused 983us total 111.067ms
I/art: Background sticky concurrent mark sweep GC freed 1263163(22MB) AllocSpace objects, 0(0B) LOS objects, 28% free, 35MB/50MB, paused 836us total 108.173ms
I/art: Background partial concurrent mark sweep GC freed 1440309(27MB) AllocSpace objects, 0(0B) LOS objects, 30% free, 36MB/52MB, paused 911us total 177.783ms
I/art: Background sticky concurrent mark sweep GC freed 1335500(23MB) AllocSpace objects, 0(0B) LOS objects, 30% free, 36MB/52MB, paused 914us total 113.474ms
I/art: Background sticky concurrent mark sweep GC freed 1232885(21MB) AllocSpace objects, 0(0B) LOS objects, 26% free, 38MB/52MB, paused 1.821ms total 113.457ms
I/art: Background partial concurrent mark sweep GC freed 1551396(28MB) AllocSpace objects, 0(0B) LOS objects, 28% free, 39MB/55MB, paused 933us total 196.322ms
I/art: Background sticky concurrent mark sweep GC freed 1394521(23MB) AllocSpace objects, 0(0B) LOS objects, 24% free, 41MB/55MB, paused 7.465ms total 116.749ms
I/art: Background sticky concurrent mark sweep GC freed 1151358(20MB) AllocSpace objects, 0(0B) LOS objects, 20% free, 43MB/55MB, paused 1.372ms total 119.458ms
I/art: Background partial concurrent mark sweep GC freed 1731699(32MB) AllocSpace objects, 0(0B) LOS objects, 30% free, 35MB/51MB, paused 868us total 177.925ms
I/art: Background sticky concurrent mark sweep GC freed 1366381(24MB) AllocSpace objects, 0(0B) LOS objects, 30% free, 36MB/51MB, paused 799us total 115.226ms
I/art: Background sticky concurrent mark sweep GC freed 1253366(22MB) AllocSpace objects, 0(0B) LOS objects, 28% free, 36MB/51MB, paused 860us total 107.182ms
I/art: Background sticky concurrent mark sweep GC freed 1156518(19MB) AllocSpace objects, 0(0B) LOS objects, 22% free, 40MB/51MB, paused 1.532ms total 107.679ms
I/art: Background partial concurrent mark sweep GC freed 1497762(28MB) AllocSpace objects, 0(0B) LOS objects, 29% free, 37MB/53MB, paused 975us total 174.758ms
I/art: Background sticky concurrent mark sweep GC freed 1368358(24MB) AllocSpace objects, 0(0B) LOS objects, 28% free, 38MB/53MB, paused 1.239ms total 112.083ms
I/art: Background sticky concurrent mark sweep GC freed 1259154(22MB) AllocSpace objects, 0(0B) LOS objects, 27% free, 38MB/53MB, paused 988us total 101.157ms
I/art: Background sticky concurrent mark sweep GC freed 1141955(19MB) AllocSpace objects, 0(0B) LOS objects, 21% free, 42MB/53MB, paused 4.211ms total 107.171ms
I/art: Background partial concurrent mark sweep GC freed 1680770(31MB) AllocSpace objects, 0(0B) LOS objects, 31% free, 35MB/51MB, paused 810us total 173.640ms
I/art: Background sticky concurrent mark sweep GC freed 1405004(25MB) AllocSpace objects, 0(0B) LOS objects, 31% free, 34MB/50MB, paused 814us total 115.608ms
I/art: Background sticky concurrent mark sweep GC freed 1298186(22MB) AllocSpace objects, 0(0B) LOS objects, 29% free, 35MB/50MB, paused 930us total 111.128ms
I/art: Background sticky concurrent mark sweep GC freed 998013(17MB) AllocSpace objects, 0(0B) LOS objects, 17% free, 41MB/50MB, paused 1.039ms total 112.867ms
I/art: Background partial concurrent mark sweep GC freed 1390751(26MB) AllocSpace objects, 0(0B) LOS objects, 30% free, 37MB/53MB, paused 1.200ms total 168.540ms
I/art: Background sticky concurrent mark sweep GC freed 1333345(23MB) AllocSpace objects, 0(0B) LOS objects, 28% free, 38MB/53MB, paused 805us total 110.363ms
I/art: Background sticky concurrent mark sweep GC freed 1122331(19MB) AllocSpace objects, 0(0B) LOS objects, 21% free, 41MB/53MB, paused 3.416ms total 100.965ms
I/art: Background partial concurrent mark sweep GC freed 1765621(33MB) AllocSpace objects, 0(0B) LOS objects, 31% free, 35MB/51MB, paused 1.804ms total 191.699ms
I/art: Background sticky concurrent mark sweep GC freed 1433145(25MB) AllocSpace objects, 0(0B) LOS objects, 31% free, 34MB/50MB, paused 1.105ms total 114.637ms
I/art: Background sticky concurrent mark sweep GC freed 1311471(23MB) AllocSpace objects, 0(0B) LOS objects, 29% free, 35MB/50MB, paused 826us total 109.599ms
I/art: Background sticky concurrent mark sweep GC freed 1001119(17MB) AllocSpace objects, 0(0B) LOS objects, 19% free, 40MB/50MB, paused 1.035ms total 102.481ms
I/art: Background partial concurrent mark sweep GC freed 1421708(27MB) AllocSpace objects, 0(0B) LOS objects, 29% free, 37MB/53MB, paused 1.098ms total 167.439ms
I/art: Background sticky concurrent mark sweep GC freed 1338882(23MB) AllocSpace objects, 0(0B) LOS objects, 28% free, 38MB/53MB, paused 905us total 109.366ms
I/art: Background sticky concurrent mark sweep GC freed 1213627(21MB) AllocSpace objects, 0(0B) LOS objects, 26% free, 39MB/53MB, paused 833us total 100.829ms
I/art: Background sticky concurrent mark sweep GC freed 1090144(18MB) AllocSpace objects, 0(0B) LOS objects, 19% free, 42MB/53MB, paused 7.737ms total 106.492ms
I/art: Background partial concurrent mark sweep GC freed 1678005(31MB) AllocSpace objects, 0(0B) LOS objects, 31% free, 35MB/51MB, paused 1.744ms total 179.012ms
I/art: Background sticky concurrent mark sweep GC freed 1407228(25MB) AllocSpace objects, 0(0B) LOS objects, 31% free, 34MB/50MB, paused 749us total 114.749ms
I/art: Background sticky concurrent mark sweep GC freed 1299460(22MB) AllocSpace objects, 0(0B) LOS objects, 29% free, 35MB/50MB, paused 1.033ms total 109.287ms
I/art: Background sticky concurrent mark sweep GC freed 999003(17MB) AllocSpace objects, 0(0B) LOS objects, 17% free, 41MB/50MB, paused 943us total 109.646ms
I/art: Background partial concurrent mark sweep GC freed 1394009(26MB) AllocSpace objects, 0(0B) LOS objects, 30% free, 37MB/53MB, paused 1.568ms total 157.520ms
I/art: Background partial concurrent mark sweep GC freed 1557077(30MB) AllocSpace objects, 0(0B) LOS objects, 31% free, 34MB/50MB, paused 1.270ms total 121.597ms
I/art: Background sticky concurrent mark sweep GC freed 1344076(23MB) AllocSpace objects, 0(0B) LOS objects, 31% free, 34MB/50MB, paused 904us total 110.017ms
I/art: Background sticky concurrent mark sweep GC freed 1254796(22MB) AllocSpace objects, 0(0B) LOS objects, 27% free, 36MB/50MB, paused 1.035ms total 110.636ms
I/art: Background sticky concurrent mark sweep GC freed 1044113(17MB) AllocSpace objects, 0(0B) LOS objects, 20% free, 40MB/50MB, paused 842us total 101.925ms
I/art: Background partial concurrent mark sweep GC freed 1421219(27MB) AllocSpace objects, 0(0B) LOS objects, 29% free, 37MB/53MB, paused 1.094ms total 175.818ms
I/art: Background sticky concurrent mark sweep GC freed 1378114(24MB) AllocSpace objects, 0(0B) LOS objects, 27% free, 39MB/53MB, paused 1.254ms total 121.801ms
I/art: Background sticky concurrent mark sweep GC freed 1243687(22MB) AllocSpace objects, 0(0B) LOS objects, 25% free, 39MB/53MB, paused 1.019ms total 104.995ms
I/art: Background sticky concurrent mark sweep GC freed 909368(14MB) AllocSpace objects, 0(0B) LOS objects, 0% free, 54MB/54MB, paused 22.468ms total 180.193ms
I/art: Background partial concurrent mark sweep GC freed 1631879(32MB) AllocSpace objects, 0(0B) LOS objects, 31% free, 35MB/51MB, paused 1.177ms total 166.384ms
I/art: Background sticky concurrent mark sweep GC freed 1375153(24MB) AllocSpace objects, 0(0B) LOS objects, 31% free, 35MB/51MB, paused 696us total 109.951ms
I/art: Background sticky concurrent mark sweep GC freed 1287196(22MB) AllocSpace objects, 0(0B) LOS objects, 27% free, 36MB/51MB, paused 1.376ms total 111.477ms
I/art: Background sticky concurrent mark sweep GC freed 1044141(17MB) AllocSpace objects, 0(0B) LOS objects, 18% free, 41MB/51MB, paused 14.453ms total 117.194ms
I/art: Background partial concurrent mark sweep GC freed 1435231(27MB) AllocSpace objects, 0(0B) LOS objects, 30% free, 37MB/53MB, paused 1.019ms total 174.488ms
I/art: Background sticky concurrent mark sweep GC freed 1328056(23MB) AllocSpace objects, 0(0B) LOS objects, 28% free, 37MB/53MB, paused 2.107ms total 113.480ms
I/art: Background sticky concurrent mark sweep GC freed 1209740(21MB) AllocSpace objects, 0(0B) LOS objects, 25% free, 39MB/53MB, paused 798us total 111.312ms
I/art: Background partial concurrent mark sweep GC freed 1568467(28MB) AllocSpace objects, 0(0B) LOS objects, 28% free, 39MB/55MB, paused 1.089ms total 195.088ms
I/art: Background sticky concurrent mark sweep GC freed 1407042(23MB) AllocSpace objects, 0(0B) LOS objects, 20% free, 44MB/55MB, paused 2.217ms total 142.603ms
I/art: Background partial concurrent mark sweep GC freed 1759620(33MB) AllocSpace objects, 0(0B) LOS objects, 30% free, 37MB/53MB, paused 1.332ms total 187.526ms
I/art: Background sticky concurrent mark sweep GC freed 1441745(25MB) AllocSpace objects, 0(0B) LOS objects, 30% free, 36MB/52MB, paused 867us total 115.015ms
I/art: Background sticky concurrent mark sweep GC freed 1304236(23MB) AllocSpace objects, 0(0B) LOS objects, 29% free, 36MB/52MB, paused 810us total 103.079ms
I/art: Background sticky concurrent mark sweep GC freed 1217505(21MB) AllocSpace objects, 0(0B) LOS objects, 26% free, 38MB/52MB, paused 3.757ms total 103.214ms
I/art: Background sticky concurrent mark sweep GC freed 1109466(19MB) AllocSpace objects, 0(0B) LOS objects, 21% free, 41MB/52MB, paused 917us total 109.181ms
I/art: Background partial concurrent mark sweep GC freed 1513423(28MB) AllocSpace objects, 0(0B) LOS objects, 29% free, 38MB/54MB, paused 1.266ms total 182.232ms
I/art: Background sticky concurrent mark sweep GC freed 1343953(23MB) AllocSpace objects, 0(0B) LOS objects, 28% free, 38MB/54MB, paused 771us total 111.184ms
I/art: Background sticky concurrent mark sweep GC freed 1225018(21MB) AllocSpace objects, 0(0B) LOS objects, 26% free, 39MB/54MB, paused 805us total 100.031ms
I/art: Background sticky concurrent mark sweep GC freed 1073885(17MB) AllocSpace objects, 0(0B) LOS objects, 19% free, 43MB/54MB, paused 4.874ms total 108.120ms
I/art: Background partial concurrent mark sweep GC freed 1646971(31MB) AllocSpace objects, 0(0B) LOS objects, 31% free, 34MB/50MB, paused 1.235ms total 171.637ms
I/art: Background sticky concurrent mark sweep GC freed 1376837(24MB) AllocSpace objects, 0(0B) LOS objects, 31% free, 34MB/50MB, paused 704us total 112.696ms
I/art: Background sticky concurrent mark sweep GC freed 1284057(22MB) AllocSpace objects, 0(0B) LOS objects, 29% free, 35MB/50MB, paused 940us total 109.527ms
I/art: Background partial concurrent mark sweep GC freed 1154258(22MB) AllocSpace objects, 0(0B) LOS objects, 26% free, 43MB/59MB, paused 6.124ms total 196.488ms
I/art: Background sticky concurrent mark sweep GC freed 1146721(20MB) AllocSpace objects, 0(0B) LOS objects, 15% free, 50MB/59MB, paused 945us total 143.923ms
I/art: Background partial concurrent mark sweep GC freed 1966136(37MB) AllocSpace objects, 0(0B) LOS objects, 29% free, 37MB/53MB, paused 1.712ms total 195.323ms
I/art: Background sticky concurrent mark sweep GC freed 1454832(25MB) AllocSpace objects, 0(0B) LOS objects, 30% free, 36MB/52MB, paused 1.029ms total 122.328ms
I/art: Background sticky concurrent mark sweep GC freed 1305694(23MB) AllocSpace objects, 0(0B) LOS objects, 29% free, 37MB/52MB, paused 745us total 108.187ms
I/art: Background sticky concurrent mark sweep GC freed 1212166(20MB) AllocSpace objects, 0(0B) LOS objects, 23% free, 40MB/52MB, paused 858us total 110.888ms
I/art: Background partial concurrent mark sweep GC freed 1548509(29MB) AllocSpace objects, 0(0B) LOS objects, 29% free, 38MB/54MB, paused 1.227ms total 183.378ms
I/art: Background sticky concurrent mark sweep GC freed 1385761(24MB) AllocSpace objects, 0(0B) LOS objects, 29% free, 38MB/54MB, paused 821us total 116.851ms
I/art: Background sticky concurrent mark sweep GC freed 1270656(22MB) AllocSpace objects, 0(0B) LOS objects, 28% free, 38MB/54MB, paused 770us total 103.040ms
I/art: Background sticky concurrent mark sweep GC freed 1156443(19MB) AllocSpace objects, 0(0B) LOS objects, 21% free, 42MB/54MB, paused 7.012ms total 114.370ms
I/art: Background partial concurrent mark sweep GC freed 1673313(31MB) AllocSpace objects, 0(0B) LOS objects, 31% free, 35MB/51MB, paused 839us total 175.672ms
I/art: Background sticky concurrent mark sweep GC freed 1410501(25MB) AllocSpace objects, 0(0B) LOS objects, 31% free, 34MB/50MB, paused 703us total 113.432ms
I/art: Background sticky concurrent mark sweep GC freed 1295490(22MB) AllocSpace objects, 0(0B) LOS objects, 29% free, 35MB/50MB, paused 947us total 110.888ms
I/art: Background sticky concurrent mark sweep GC freed 991756(17MB) AllocSpace objects, 0(0B) LOS objects, 16% free, 41MB/50MB, paused 1.858ms total 113.278ms
I/art: Background partial concurrent mark sweep GC freed 1389166(26MB) AllocSpace objects, 0(0B) LOS objects, 30% free, 37MB/53MB, paused 997us total 168.512ms
I/art: Background sticky concurrent mark sweep GC freed 1327538(23MB) AllocSpace objects, 0(0B) LOS objects, 28% free, 38MB/53MB, paused 829us total 109.645ms
I/art: Background sticky concurrent mark sweep GC freed 1121408(19MB) AllocSpace objects, 0(0B) LOS objects, 21% free, 41MB/53MB, paused 3.035ms total 100.683ms
