I/art: Background partial concurrent mark sweep GC freed 1334917(20MB) AllocSpace objects, 0(0B) LOS objects, 36% free, 28MB/44MB, paused 4.531ms total 101.092ms
I/art: Background partial concurrent mark sweep GC freed 1527800(23MB) AllocSpace objects, 0(0B) LOS objects, 35% free, 29MB/45MB, paused 3.320ms total 106.643ms
I/art: Background partial concurrent mark sweep GC freed 1532590(23MB) AllocSpace objects, 0(0B) LOS objects, 36% free, 28MB/44MB, paused 4.016ms total 108.812ms
I/art: Background partial concurrent mark sweep GC freed 1516163(23MB) AllocSpace objects, 0(0B) LOS objects, 35% free, 28MB/44MB, paused 3.704ms total 105.796ms
I/art: Background partial concurrent mark sweep GC freed 1504179(23MB) AllocSpace objects, 0(0B) LOS objects, 36% free, 28MB/44MB, paused 3.644ms total 105.486ms
I/art: Background partial concurrent mark sweep GC freed 1355129(21MB) AllocSpace objects, 0(0B) LOS objects, 36% free, 27MB/43MB, paused 3.511ms total 101.122ms
I/art: Background partial concurrent mark sweep GC freed 1481673(22MB) AllocSpace objects, 0(0B) LOS objects, 35% free, 28MB/44MB, paused 3.701ms total 108.074ms
I/art: Background partial concurrent mark sweep GC freed 1473193(22MB) AllocSpace objects, 0(0B) LOS objects, 36% free, 27MB/43MB, paused 4.083ms total 105.539ms
I/art: Background partial concurrent mark sweep GC freed 1401957(21MB) AllocSpace objects, 0(0B) LOS objects, 37% free, 26MB/42MB, paused 4.142ms total 100.940ms
I/art: Background partial concurrent mark sweep GC freed 1491347(23MB) AllocSpace objects, 0(0B) LOS objects, 36% free, 27MB/43MB, paused 3.671ms total 108.316ms
I/art: Background partial concurrent mark sweep GC freed 1395553(21MB) AllocSpace objects, 0(0B) LOS objects, 37% free, 26MB/42MB, paused 3.659ms total 100.447ms
I/art: Background partial concurrent mark sweep GC freed 1533949(23MB) AllocSpace objects, 0(0B) LOS objects, 36% free, 28MB/44MB, paused 3.443ms total 107.149ms
I/art: Background partial concurrent mark sweep GC freed 1458204(22MB) AllocSpace objects, 0(0B) LOS objects, 36% free, 27MB/43MB, paused 4.427ms total 105.288ms
I/art: Background partial concurrent mark sweep GC freed 1444984(22MB) AllocSpace objects, 0(0B) LOS objects, 36% free, 27MB/43MB, paused 4.343ms total 105.928ms
I/art: Background partial concurrent mark sweep GC freed 1409395(22MB) AllocSpace objects, 0(0B) LOS objects, 37% free, 26MB/42MB, paused 4.249ms total 100.586ms
I/art: Background partial concurrent mark sweep GC freed 1380101(21MB) AllocSpace objects, 0(0B) LOS objects, 37% free, 26MB/42MB, paused 4.135ms total 100.099ms
I/art: Background partial concurrent mark sweep GC freed 1412877(21MB) AllocSpace objects, 0(0B) LOS objects, 36% free, 27MB/43MB, paused 3.672ms total 104.643ms
I/art: Background partial concurrent mark sweep GC freed 1429613(22MB) AllocSpace objects, 0(0B) LOS objects, 36% free, 27MB/43MB, paused 4.250ms total 104.554ms
I/art: Background partial concurrent mark sweep GC freed 1442396(22MB) AllocSpace objects, 0(0B) LOS objects, 36% free, 27MB/43MB, paused 4.763ms total 104.554ms
I/art: Background partial concurrent mark sweep GC freed 1452381(22MB) AllocSpace objects, 0(0B) LOS objects, 35% free, 28MB/44MB, paused 3.190ms total 102.080ms
I/art: Background partial concurrent mark sweep GC freed 1515476(23MB) AllocSpace objects, 0(0B) LOS objects, 36% free, 28MB/44MB, paused 3.815ms total 106.542ms
I/art: Background sticky concurrent mark sweep GC freed 1143928(17MB) AllocSpace objects, 0(0B) LOS objects, 24% free, 33MB/44MB, paused 5.518ms total 91.708ms
I/art: Background partial concurrent mark sweep GC freed 1445159(22MB) AllocSpace objects, 0(0B) LOS objects, 36% free, 27MB/43MB, paused 3.801ms total 102.445ms
I/art: Background partial concurrent mark sweep GC freed 1411979(22MB) AllocSpace objects, 0(0B) LOS objects, 36% free, 27MB/43MB, paused 4.224ms total 103.983ms
I/art: Background partial concurrent mark sweep GC freed 1481893(22MB) AllocSpace objects, 0(0B) LOS objects, 35% free, 29MB/45MB, paused 3.327ms total 106.799ms
I/art: Background partial concurrent mark sweep GC freed 1528318(23MB) AllocSpace objects, 0(0B) LOS objects, 36% free, 28MB/44MB, paused 3.887ms total 108.045ms
I/art: Background partial concurrent mark sweep GC freed 1439808(22MB) AllocSpace objects, 0(0B) LOS objects, 37% free, 27MB/43MB, paused 4.895ms total 101.697ms
I/art: Background partial concurrent mark sweep GC freed 1408287(21MB) AllocSpace objects, 0(0B) LOS objects, 36% free, 28MB/44MB, paused 3.791ms total 102.023ms
I/art: Background partial concurrent mark sweep GC freed 1522594(23MB) AllocSpace objects, 0(0B) LOS objects, 35% free, 29MB/45MB, paused 3.606ms total 109.419ms
I/art: Background partial concurrent mark sweep GC freed 1523525(23MB) AllocSpace objects, 0(0B) LOS objects, 36% free, 27MB/43MB, paused 3.600ms total 107.928ms
I/art: Background partial concurrent mark sweep GC freed 1348089(21MB) AllocSpace objects, 0(0B) LOS objects, 36% free, 27MB/43MB, paused 3.730ms total 103.831ms
I/art: Background partial concurrent mark sweep GC freed 1465165(22MB) AllocSpace objects, 0(0B) LOS objects, 36% free, 28MB/44MB, paused 3.513ms total 104.983ms
I/art: Background sticky concurrent mark sweep GC freed 1163815(17MB) AllocSpace objects, 0(0B) LOS objects, 26% free, 32MB/44MB, paused 5.693ms total 92.011ms
I/art: Background partial concurrent mark sweep GC freed 1449792(22MB) AllocSpace objects, 0(0B) LOS objects, 36% free, 27MB/43MB, paused 4.022ms total 105.228ms
I/art: Background partial concurrent mark sweep GC freed 1443654(22MB) AllocSpace objects, 0(0B) LOS objects, 36% free, 27MB/43MB, paused 4.268ms total 104.440ms
I/art: Background partial concurrent mark sweep GC freed 1477684(23MB) AllocSpace objects, 0(0B) LOS objects, 35% free, 28MB/44MB, paused 4.113ms total 110.885ms
I/art: Background partial concurrent mark sweep GC freed 1448221(22MB) AllocSpace objects, 0(0B) LOS objects, 37% free, 26MB/42MB, paused 3.770ms total 103.648ms
I/art: Background partial concurrent mark sweep GC freed 1390866(21MB) AllocSpace objects, 0(0B) LOS objects, 36% free, 27MB/43MB, paused 4.465ms total 103.979ms
I/art: Background partial concurrent mark sweep GC freed 1485207(22MB) AllocSpace objects, 0(0B) LOS objects, 35% free, 29MB/45MB, paused 3.660ms total 106.040ms
I/art: Background partial concurrent mark sweep GC freed 1527441(23MB) AllocSpace objects, 0(0B) LOS objects, 36% free, 27MB/43MB, paused 3.789ms total 108.767ms
I/art: Background partial concurrent mark sweep GC freed 1407224(21MB) AllocSpace objects, 0(0B) LOS objects, 37% free, 26MB/42MB, paused 3.940ms total 101.511ms
I/art: Background partial concurrent mark sweep GC freed 1355684(21MB) AllocSpace objects, 0(0B) LOS objects, 36% free, 27MB/43MB, paused 3.933ms total 100.598ms
I/art: Background partial concurrent mark sweep GC freed 1447763(22MB) AllocSpace objects, 0(0B) LOS objects, 35% free, 28MB/44MB, paused 3.965ms total 106.443ms
I/art: Background partial concurrent mark sweep GC freed 1472363(22MB) AllocSpace objects, 0(0B) LOS objects, 36% free, 27MB/43MB, paused 4.019ms total 105.905ms
I/art: Background partial concurrent mark sweep GC freed 1392468(21MB) AllocSpace objects, 0(0B) LOS objects, 37% free, 26MB/42MB, paused 4.386ms total 101.923ms
I/art: Background partial concurrent mark sweep GC freed 1373768(21MB) AllocSpace objects, 0(0B) LOS objects, 36% free, 27MB/43MB, paused 3.838ms total 100.196ms
I/art: Background partial concurrent mark sweep GC freed 1456721(22MB) AllocSpace objects, 0(0B) LOS objects, 35% free, 29MB/45MB, paused 3.317ms total 104.095ms
I/art: Background partial concurrent mark sweep GC freed 1518880(23MB) AllocSpace objects, 0(0B) LOS objects, 36% free, 28MB/44MB, paused 3.951ms total 107.427ms
I/art: Background partial concurrent mark sweep GC freed 1445396(22MB) AllocSpace objects, 0(0B) LOS objects, 36% free, 27MB/43MB, paused 4.156ms total 106.721ms
I/art: Background partial concurrent mark sweep GC freed 1346159(20MB) AllocSpace objects, 0(0B) LOS objects, 35% free, 28MB/44MB, paused 3.154ms total 100.427ms
I/art: Background partial concurrent mark sweep GC freed 1496733(23MB) AllocSpace objects, 0(0B) LOS objects, 35% free, 28MB/44MB, paused 4.182ms total 107.782ms
I/art: Background partial concurrent mark sweep GC freed 1452365(22MB) AllocSpace objects, 0(0B) LOS objects, 37% free, 26MB/42MB, paused 3.664ms total 102.653ms
I/art: Background partial concurrent mark sweep GC freed 1396757(21MB) AllocSpace objects, 0(0B) LOS objects, 36% free, 27MB/43MB, paused 4.506ms total 102.173ms
I/art: Background partial concurrent mark sweep GC freed 1496968(22MB) AllocSpace objects, 0(0B) LOS objects, 35% free, 29MB/45MB, paused 3.344ms total 106.158ms
I/art: Background partial concurrent mark sweep GC freed 1528359(23MB) AllocSpace objects, 0(0B) LOS objects, 36% free, 28MB/44MB, paused 3.553ms total 109.625ms
I/art: Background partial concurrent mark sweep GC freed 1425171(22MB) AllocSpace objects, 0(0B) LOS objects, 37% free, 27MB/43MB, paused 3.760ms total 100.877ms
I/art: Background partial concurrent mark sweep GC freed 1396311(21MB) AllocSpace objects, 0(0B) LOS objects, 35% free, 28MB/44MB, paused 4.124ms total 104.356ms
I/art: Background partial concurrent mark sweep GC freed 1530150(23MB) AllocSpace objects, 0(0B) LOS objects, 36% free, 27MB/43MB, paused 4.771ms total 110.457ms
I/art: Background partial concurrent mark sweep GC freed 1468642(22MB) AllocSpace objects, 0(0B) LOS objects, 35% free, 29MB/45MB, paused 3.144ms total 103.818ms
I/art: Background partial concurrent mark sweep GC freed 1520411(23MB) AllocSpace objects, 0(0B) LOS objects, 36% free, 28MB/44MB, paused 3.705ms total 107.567ms
I/art: Background sticky concurrent mark sweep GC freed 1148500(17MB) AllocSpace objects, 0(0B) LOS objects, 23% free, 33MB/44MB, paused 6.327ms total 95.039ms
I/art: Background partial concurrent mark sweep GC freed 1450546(22MB) AllocSpace objects, 0(0B) LOS objects, 36% free, 27MB/43MB, paused 4.423ms total 104.769ms
I/art: Background partial concurrent mark sweep GC freed 1490952(22MB) AllocSpace objects, 0(0B) LOS objects, 35% free, 29MB/45MB, paused 3.300ms total 107.885ms
I/art: Background partial concurrent mark sweep GC freed 1519025(23MB) AllocSpace objects, 0(0B) LOS objects, 36% free, 28MB/44MB, paused 3.823ms total 108.664ms
I/art: Background sticky concurrent mark sweep GC freed 1136289(17MB) AllocSpace objects, 0(0B) LOS objects, 23% free, 33MB/44MB, paused 5.169ms total 93.184ms
I/art: Background partial concurrent mark sweep GC freed 1435925(22MB) AllocSpace objects, 0(0B) LOS objects, 37% free, 27MB/43MB, paused 4.087ms total 103.969ms
I/art: Background partial concurrent mark sweep GC freed 1424160(22MB) AllocSpace objects, 0(0B) LOS objects, 36% free, 28MB/44MB, paused 4.524ms total 106.568ms
I/art: Background partial concurrent mark sweep GC freed 1520089(23MB) AllocSpace objects, 0(0B) LOS objects, 35% free, 29MB/45MB, paused 3.492ms total 107.163ms
I/art: Background partial concurrent mark sweep GC freed 1532873(23MB) AllocSpace objects, 0(0B) LOS objects, 36% free, 28MB/44MB, paused 3.652ms total 108.289ms
I/art: Background partial concurrent mark sweep GC freed 1422438(22MB) AllocSpace objects, 0(0B) LOS objects, 37% free, 27MB/43MB, paused 3.892ms total 100.897ms
I/art: Background partial concurrent mark sweep GC freed 1385793(21MB) AllocSpace objects, 0(0B) LOS objects, 36% free, 28MB/44MB, paused 3.978ms total 100.410ms
I/art: Background partial concurrent mark sweep GC freed 1487427(23MB) AllocSpace objects, 0(0B) LOS objects, 36% free, 28MB/44MB, paused 3.978ms total 106.381ms
I/art: Background partial concurrent mark sweep GC freed 1491881(23MB) AllocSpace objects, 0(0B) LOS objects, 36% free, 27MB/43MB, paused 4.977ms total 107.249ms
I/art: Background partial concurrent mark sweep GC freed 1447769(22MB) AllocSpace objects, 0(0B) LOS objects, 35% free, 28MB/44MB, paused 3.283ms total 101.781ms
I/art: Background partial concurrent mark sweep GC freed 1514373(23MB) AllocSpace objects, 0(0B) LOS objects, 36% free, 28MB/44MB, paused 3.477ms total 105.885ms
I/art: Background sticky concurrent mark sweep GC freed 1159327(17MB) AllocSpace objects, 0(0B) LOS objects, 24% free, 33MB/44MB, paused 5.476ms total 91.762ms
I/art: Background partial concurrent mark sweep GC freed 1436883(22MB) AllocSpace objects, 0(0B) LOS objects, 36% free, 27MB/43MB, paused 4.044ms total 102.451ms
I/art: Background sticky concurrent mark sweep GC freed 924705(14MB) AllocSpace objects, 0(0B) LOS objects, 18% free, 35MB/43MB, paused 5.568ms total 85.778ms
I/art: Background sticky concurrent mark sweep GC freed 1134255(17MB) AllocSpace objects, 0(0B) LOS objects, 30% free, 29MB/42MB, paused 5.020ms total 102.287ms
I/art: Background partial concurrent mark sweep GC freed 1343732(21MB) AllocSpace objects, 0(0B) LOS objects, 37% free, 26MB/42MB, paused 5.123ms total 136.610ms
I/art: Background sticky concurrent mark sweep GC freed 1203799(18MB) AllocSpace objects, 0(0B) LOS objects, 33% free, 28MB/42MB, paused 5.064ms total 108.717ms
I/art: Background partial concurrent mark sweep GC freed 1411825(21MB) AllocSpace objects, 0(0B) LOS objects, 36% free, 28MB/44MB, paused 4.851ms total 140.473ms
I/art: Background sticky concurrent mark sweep GC freed 1149441(17MB) AllocSpace objects, 0(0B) LOS objects, 25% free, 32MB/44MB, paused 6.490ms total 124.190ms
I/art: Background partial concurrent mark sweep GC freed 1436375(22MB) AllocSpace objects, 0(0B) LOS objects, 36% free, 27MB/43MB, paused 4.011ms total 104.601ms
I/art: Background partial concurrent mark sweep GC freed 1422893(22MB) AllocSpace objects, 0(0B) LOS objects, 36% free, 27MB/43MB, paused 4.454ms total 104.028ms
I/art: Background partial concurrent mark sweep GC freed 1451594(22MB) AllocSpace objects, 0(0B) LOS objects, 35% free, 28MB/44MB, paused 3.156ms total 101.169ms
I/art: Background partial concurrent mark sweep GC freed 1522418(23MB) AllocSpace objects, 0(0B) LOS objects, 35% free, 28MB/44MB, paused 3.723ms total 108.091ms
I/art: Background sticky concurrent mark sweep GC freed 1171717(17MB) AllocSpace objects, 0(0B) LOS objects, 24% free, 33MB/44MB, paused 5.351ms total 93.828ms
I/art: Background partial concurrent mark sweep GC freed 1453141(22MB) AllocSpace objects, 0(0B) LOS objects, 36% free, 27MB/43MB, paused 3.795ms total 105.499ms
I/art: Background partial concurrent mark sweep GC freed 1406169(21MB) AllocSpace objects, 0(0B) LOS objects, 36% free, 27MB/43MB, paused 4.170ms total 102.045ms
I/art: Background partial concurrent mark sweep GC freed 1485616(23MB) AllocSpace objects, 0(0B) LOS objects, 37% free, 26MB/42MB, paused 4.149ms total 103.721ms
I/art: Background partial concurrent mark sweep GC freed 1367399(21MB) AllocSpace objects, 0(0B) LOS objects, 36% free, 27MB/43MB, paused 3.625ms total 103.330ms
I/art: Background partial concurrent mark sweep GC freed 1461116(22MB) AllocSpace objects, 0(0B) LOS objects, 36% free, 28MB/44MB, paused 3.963ms total 105.093ms
I/art: Background sticky concurrent mark sweep GC freed 1177622(17MB) AllocSpace objects, 0(0B) LOS objects, 27% free, 32MB/44MB, paused 5.072ms total 91.341ms
I/art: Background partial concurrent mark sweep GC freed 1453284(22MB) AllocSpace objects, 0(0B) LOS objects, 36% free, 27MB/43MB, paused 3.779ms total 102.437ms
I/art: Background partial concurrent mark sweep GC freed 1379853(21MB) AllocSpace objects, 0(0B) LOS objects, 37% free, 27MB/43MB, paused 3.914ms total 101.071ms
I/art: Background sticky concurrent mark sweep GC freed 890496(13MB) AllocSpace objects, 0(0B) LOS objects, 19% free, 34MB/43MB, paused 5.595ms total 86.230ms
I/art: Background sticky concurrent mark sweep GC freed 891628(13MB) AllocSpace objects, 0(0B) LOS objects, 18% free, 34MB/42MB, paused 6.591ms total 111.891ms
I/art: Background partial concurrent mark sweep GC freed 1341776(20MB) AllocSpace objects, 0(0B) LOS objects, 37% free, 26MB/42MB, paused 4.955ms total 129.016ms
I/art: Background sticky concurrent mark sweep GC freed 1181127(18MB) AllocSpace objects, 0(0B) LOS objects, 30% free, 29MB/42MB, paused 5.134ms total 104.979ms
I/art: Background partial concurrent mark sweep GC freed 1383088(21MB) AllocSpace objects, 0(0B) LOS objects, 35% free, 28MB/44MB, paused 5.321ms total 138.690ms
I/art: Background sticky concurrent mark sweep GC freed 1291932(19MB) AllocSpace objects, 0(0B) LOS objects, 33% free, 30MB/44MB, paused 5.865ms total 114.377ms
I/art: Background partial concurrent mark sweep GC freed 1549787(23MB) AllocSpace objects, 0(0B) LOS objects, 34% free, 29MB/45MB, paused 4.689ms total 147.766ms
I/art: Background sticky concurrent mark sweep GC freed 1220341(18MB) AllocSpace objects, 0(0B) LOS objects, 30% free, 31MB/45MB, paused 5.303ms total 121.638ms
I/art: Background partial concurrent mark sweep GC freed 1561595(24MB) AllocSpace objects, 0(0B) LOS objects, 36% free, 28MB/44MB, paused 5.307ms total 151.036ms
I/art: Background partial concurrent mark sweep GC freed 1439538(22MB) AllocSpace objects, 0(0B) LOS objects, 37% free, 27MB/43MB, paused 4.030ms total 103.811ms
I/art: Background partial concurrent mark sweep GC freed 1358796(20MB) AllocSpace objects, 0(0B) LOS objects, 35% free, 28MB/44MB, paused 3.155ms total 100.837ms
I/art: Background partial concurrent mark sweep GC freed 1474483(23MB) AllocSpace objects, 0(0B) LOS objects, 36% free, 27MB/43MB, paused 3.547ms total 105.893ms
I/art: Background partial concurrent mark sweep GC freed 1417430(22MB) AllocSpace objects, 0(0B) LOS objects, 37% free, 26MB/42MB, paused 3.580ms total 101.346ms
I/art: Background partial concurrent mark sweep GC freed 1386354(21MB) AllocSpace objects, 0(0B) LOS objects, 35% free, 28MB/44MB, paused 4.129ms total 103.670ms
I/art: Background sticky concurrent mark sweep GC freed 799010(12MB) AllocSpace objects, 0(0B) LOS objects, 17% free, 37MB/44MB, paused 5.002ms total 79.843ms
I/art: Background sticky concurrent mark sweep GC freed 899533(13MB) AllocSpace objects, 0(0B) LOS objects, 21% free, 32MB/41MB, paused 5.084ms total 70.887ms
I/art: Background partial concurrent mark sweep GC freed 1482315(23MB) AllocSpace objects, 0(0B) LOS objects, 36% free, 28MB/44MB, paused 3.815ms total 104.750ms
I/art: Background partial concurrent mark sweep GC freed 1427162(22MB) AllocSpace objects, 0(0B) LOS objects, 37% free, 27MB/43MB, paused 4.005ms total 102.879ms
I/art: Background sticky concurrent mark sweep GC freed 884822(13MB) AllocSpace objects, 0(0B) LOS objects, 19% free, 34MB/43MB, paused 5.538ms total 104.598ms
I/art: Background partial concurrent mark sweep GC freed 1346554(21MB) AllocSpace objects, 0(0B) LOS objects, 37% free, 26MB/42MB, paused 5.349ms total 130.314ms
I/art: Background partial concurrent mark sweep GC freed 1401904(21MB) AllocSpace objects, 0(0B) LOS objects, 37% free, 27MB/43MB, paused 5.607ms total 138.961ms
I/art: Background sticky concurrent mark sweep GC freed 1221455(18MB) AllocSpace objects, 0(0B) LOS objects, 33% free, 28MB/43MB, paused 5.118ms total 109.066ms
I/art: Background partial concurrent mark sweep GC freed 1410831(21MB) AllocSpace objects, 0(0B) LOS objects, 36% free, 27MB/43MB, paused 3.660ms total 103.134ms
I/art: Background partial concurrent mark sweep GC freed 1417114(22MB) AllocSpace objects, 0(0B) LOS objects, 37% free, 27MB/43MB, paused 4.064ms total 101.245ms
I/art: Background sticky concurrent mark sweep GC freed 890011(13MB) AllocSpace objects, 0(0B) LOS objects, 19% free, 34MB/43MB, paused 5.205ms total 83.310ms
I/art: Background sticky concurrent mark sweep GC freed 684283(10MB) AllocSpace objects, 0(0B) LOS objects, 13% free, 36MB/42MB, paused 6.345ms total 96.040ms
I/art: Background partial concurrent mark sweep GC freed 1200341(18MB) AllocSpace objects, 0(0B) LOS objects, 35% free, 29MB/45MB, paused 7.398ms total 98.776ms
I/art: Background sticky concurrent mark sweep GC freed 1030167(15MB) AllocSpace objects, 0(0B) LOS objects, 27% free, 32MB/45MB, paused 6.649ms total 87.601ms
I/art: Background partial concurrent mark sweep GC freed 1429557(21MB) AllocSpace objects, 0(0B) LOS objects, 35% free, 29MB/45MB, paused 7.967ms total 121.395ms
I/art: Background sticky concurrent mark sweep GC freed 1057528(16MB) AllocSpace objects, 0(0B) LOS objects, 24% free, 34MB/45MB, paused 7.378ms total 96.142ms
I/art: Background partial concurrent mark sweep GC freed 1410602(21MB) AllocSpace objects, 0(0B) LOS objects, 34% free, 30MB/46MB, paused 6.183ms total 115.543ms
I/art: Background sticky concurrent mark sweep GC freed 1099179(16MB) AllocSpace objects, 0(0B) LOS objects, 21% free, 36MB/46MB, paused 5.519ms total 86.024ms
I/art: Background partial concurrent mark sweep GC freed 1385622(22MB) AllocSpace objects, 0(0B) LOS objects, 34% free, 30MB/46MB, paused 7.183ms total 113.552ms
I/art: Background sticky concurrent mark sweep GC freed 1077717(16MB) AllocSpace objects, 0(0B) LOS objects, 27% free, 33MB/46MB, paused 7.070ms total 89.773ms
I/art: Background partial concurrent mark sweep GC freed 1472818(22MB) AllocSpace objects, 0(0B) LOS objects, 35% free, 29MB/45MB, paused 7.589ms total 121.861ms
I/art: Background sticky concurrent mark sweep GC freed 1064288(16MB) AllocSpace objects, 0(0B) LOS objects, 22% free, 35MB/45MB, paused 10.435ms total 132.507ms
I/art: Background partial concurrent mark sweep GC freed 1413908(21MB) AllocSpace objects, 0(0B) LOS objects, 34% free, 30MB/46MB, paused 9.014ms total 156.388ms
I/art: Background sticky concurrent mark sweep GC freed 1115917(17MB) AllocSpace objects, 0(0B) LOS objects, 19% free, 37MB/46MB, paused 7.699ms total 117.497ms
I/art: Background partial concurrent mark sweep GC freed 1403504(22MB) AllocSpace objects, 0(0B) LOS objects, 34% free, 30MB/46MB, paused 9.507ms total 152.812ms
I/art: Background sticky concurrent mark sweep GC freed 1102393(16MB) AllocSpace objects, 0(0B) LOS objects, 28% free, 33MB/46MB, paused 9.313ms total 115.029ms
I/art: Background partial concurrent mark sweep GC freed 1487253(22MB) AllocSpace objects, 0(0B) LOS objects, 35% free, 29MB/45MB, paused 7.293ms total 121.443ms
I/art: Background sticky concurrent mark sweep GC freed 1045004(15MB) AllocSpace objects, 0(0B) LOS objects, 23% free, 34MB/45MB, paused 7.145ms total 98.987ms
I/art: Background partial concurrent mark sweep GC freed 1379674(21MB) AllocSpace objects, 0(0B) LOS objects, 35% free, 29MB/45MB, paused 6.175ms total 114.480ms
I/art: Background sticky concurrent mark sweep GC freed 1081220(16MB) AllocSpace objects, 0(0B) LOS objects, 22% free, 35MB/45MB, paused 5.621ms total 87.055ms
I/art: Background partial concurrent mark sweep GC freed 1362850(21MB) AllocSpace objects, 0(0B) LOS objects, 34% free, 30MB/46MB, paused 6.538ms total 112.457ms
I/art: Background sticky concurrent mark sweep GC freed 1114325(17MB) AllocSpace objects, 0(0B) LOS objects, 27% free, 33MB/46MB, paused 7.446ms total 94.479ms
I/art: Background partial concurrent mark sweep GC freed 1467043(22MB) AllocSpace objects, 0(0B) LOS objects, 35% free, 29MB/45MB, paused 6.680ms total 121.471ms
I/art: Background sticky concurrent mark sweep GC freed 1102228(16MB) AllocSpace objects, 0(0B) LOS objects, 21% free, 35MB/45MB, paused 8.367ms total 106.122ms
I/art: Background partial concurrent mark sweep GC freed 1411019(21MB) AllocSpace objects, 0(0B) LOS objects, 34% free, 30MB/46MB, paused 6.594ms total 119.639ms
I/art: Background sticky concurrent mark sweep GC freed 1122072(17MB) AllocSpace objects, 0(0B) LOS objects, 21% free, 36MB/46MB, paused 5.888ms total 90.496ms
I/art: Background partial concurrent mark sweep GC freed 1402877(22MB) AllocSpace objects, 0(0B) LOS objects, 33% free, 31MB/47MB, paused 7.118ms total 115.177ms
I/art: Background sticky concurrent mark sweep GC freed 1111915(16MB) AllocSpace objects, 0(0B) LOS objects, 28% free, 33MB/47MB, paused 7.262ms total 94.907ms
I/art: Background partial concurrent mark sweep GC freed 1523893(23MB) AllocSpace objects, 0(0B) LOS objects, 34% free, 30MB/46MB, paused 7.215ms total 124.562ms
I/art: Background sticky concurrent mark sweep GC freed 1129504(17MB) AllocSpace objects, 0(0B) LOS objects, 23% free, 35MB/46MB, paused 7.271ms total 105.916ms
I/art: Background partial concurrent mark sweep GC freed 1457779(22MB) AllocSpace objects, 0(0B) LOS objects, 34% free, 30MB/46MB, paused 6.258ms total 119.101ms
I/art: Background sticky concurrent mark sweep GC freed 1129183(17MB) AllocSpace objects, 0(0B) LOS objects, 20% free, 36MB/46MB, paused 5.496ms total 86.379ms
I/art: Background partial concurrent mark sweep GC freed 1421490(22MB) AllocSpace objects, 0(0B) LOS objects, 33% free, 31MB/47MB, paused 7.576ms total 117.608ms
I/art: Background sticky concurrent mark sweep GC freed 1150046(17MB) AllocSpace objects, 0(0B) LOS objects, 29% free, 33MB/47MB, paused 6.693ms total 92.973ms
I/art: Background partial concurrent mark sweep GC freed 1569309(23MB) AllocSpace objects, 0(0B) LOS objects, 34% free, 29MB/45MB, paused 9.914ms total 169.148ms
I/art: Background sticky concurrent mark sweep GC freed 1094953(16MB) AllocSpace objects, 0(0B) LOS objects, 23% free, 34MB/45MB, paused 9.988ms total 131.110ms
I/art: Background partial concurrent mark sweep GC freed 1443470(22MB) AllocSpace objects, 0(0B) LOS objects, 34% free, 30MB/46MB, paused 8.771ms total 162.768ms
I/art: Background sticky concurrent mark sweep GC freed 1056138(16MB) AllocSpace objects, 0(0B) LOS objects, 17% free, 38MB/46MB, paused 17.481ms total 144.146ms
I/art: Background partial concurrent mark sweep GC freed 1426646(22MB) AllocSpace objects, 0(0B) LOS objects, 34% free, 30MB/46MB, paused 12.248ms total 159.450ms
I/art: Background sticky concurrent mark sweep GC freed 1111073(16MB) AllocSpace objects, 0(0B) LOS objects, 27% free, 33MB/46MB, paused 7.124ms total 93.172ms
I/art: Background partial concurrent mark sweep GC freed 1507732(23MB) AllocSpace objects, 0(0B) LOS objects, 34% free, 29MB/45MB, paused 7.290ms total 124.549ms
I/art: Background sticky concurrent mark sweep GC freed 1114961(17MB) AllocSpace objects, 0(0B) LOS objects, 21% free, 35MB/45MB, paused 7.542ms total 103.220ms
I/art: Background partial concurrent mark sweep GC freed 1430944(21MB) AllocSpace objects, 0(0B) LOS objects, 34% free, 30MB/46MB, paused 6.379ms total 118.407ms
I/art: Background sticky concurrent mark sweep GC freed 997946(15MB) AllocSpace objects, 0(0B) LOS objects, 17% free, 37MB/46MB, paused 9.289ms total 103.836ms
I/art: Background partial concurrent mark sweep GC freed 1414523(22MB) AllocSpace objects, 0(0B) LOS objects, 34% free, 30MB/46MB, paused 7.004ms total 117.771ms
I/art: Background sticky concurrent mark sweep GC freed 1100927(16MB) AllocSpace objects, 0(0B) LOS objects, 27% free, 33MB/46MB, paused 6.936ms total 94.617ms
I/art: Background partial concurrent mark sweep GC freed 1467749(22MB) AllocSpace objects, 0(0B) LOS objects, 35% free, 29MB/45MB, paused 7.104ms total 120.071ms
I/art: Background sticky concurrent mark sweep GC freed 1048998(16MB) AllocSpace objects, 0(0B) LOS objects, 24% free, 34MB/45MB, paused 6.967ms total 97.249ms
I/art: Background partial concurrent mark sweep GC freed 1395839(21MB) AllocSpace objects, 0(0B) LOS objects, 34% free, 30MB/46MB, paused 6.221ms total 116.908ms
I/art: Background sticky concurrent mark sweep GC freed 1109317(16MB) AllocSpace objects, 0(0B) LOS objects, 20% free, 36MB/46MB, paused 10.397ms total 92.976ms
I/art: Background partial concurrent mark sweep GC freed 1406199(22MB) AllocSpace objects, 0(0B) LOS objects, 34% free, 30MB/46MB, paused 7.961ms total 109.638ms
I/art: Background sticky concurrent mark sweep GC freed 1083175(16MB) AllocSpace objects, 0(0B) LOS objects, 28% free, 33MB/46MB, paused 6.591ms total 91.077ms
I/art: Background partial concurrent mark sweep GC freed 1478505(22MB) AllocSpace objects, 0(0B) LOS objects, 35% free, 29MB/45MB, paused 8.219ms total 122.497ms
I/art: Background sticky concurrent mark sweep GC freed 1053988(16MB) AllocSpace objects, 0(0B) LOS objects, 23% free, 34MB/45MB, paused 7.214ms total 98.660ms
I/art: Background partial concurrent mark sweep GC freed 1413447(21MB) AllocSpace objects, 0(0B) LOS objects, 34% free, 30MB/46MB, paused 8.734ms total 153.445ms
I/art: Background sticky concurrent mark sweep GC freed 1117116(17MB) AllocSpace objects, 0(0B) LOS objects, 20% free, 36MB/46MB, paused 7.686ms total 116.425ms
I/art: Background partial concurrent mark sweep GC freed 1408305(22MB) AllocSpace objects, 0(0B) LOS objects, 34% free, 30MB/46MB, paused 9.438ms total 154.767ms
I/art: Background sticky concurrent mark sweep GC freed 1105131(16MB) AllocSpace objects, 0(0B) LOS objects, 27% free, 33MB/46MB, paused 9.769ms total 124.241ms
I/art: Background partial concurrent mark sweep GC freed 1499127(22MB) AllocSpace objects, 0(0B) LOS objects, 34% free, 29MB/45MB, paused 10.402ms total 166.164ms
I/art: Background sticky concurrent mark sweep GC freed 1085965(16MB) AllocSpace objects, 0(0B) LOS objects, 23% free, 35MB/45MB, paused 9.871ms total 134.179ms
I/art: Background partial concurrent mark sweep GC freed 1434562(21MB) AllocSpace objects, 0(0B) LOS objects, 34% free, 30MB/46MB, paused 8.667ms total 156.241ms
I/art: Background sticky concurrent mark sweep GC freed 1113755(16MB) AllocSpace objects, 0(0B) LOS objects, 21% free, 36MB/46MB, paused 5.381ms total 85.723ms
I/art: Background partial concurrent mark sweep GC freed 1404437(22MB) AllocSpace objects, 0(0B) LOS objects, 34% free, 30MB/46MB, paused 7.607ms total 115.475ms
I/art: Background sticky concurrent mark sweep GC freed 1084562(16MB) AllocSpace objects, 0(0B) LOS objects, 28% free, 33MB/46MB, paused 7.035ms total 90.277ms
I/art: Background partial concurrent mark sweep GC freed 1467146(22MB) AllocSpace objects, 0(0B) LOS objects, 35% free, 29MB/45MB, paused 7.527ms total 122.053ms
I/art: Background sticky concurrent mark sweep GC freed 1073859(16MB) AllocSpace objects, 0(0B) LOS objects, 22% free, 35MB/45MB, paused 7.893ms total 102.951ms
I/art: Background partial concurrent mark sweep GC freed 1398688(21MB) AllocSpace objects, 0(0B) LOS objects, 34% free, 29MB/45MB, paused 6.043ms total 112.869ms
I/art: Background sticky concurrent mark sweep GC freed 1080302(16MB) AllocSpace objects, 0(0B) LOS objects, 20% free, 36MB/45MB, paused 5.457ms total 85.107ms
I/art: Background partial concurrent mark sweep GC freed 1407068(22MB) AllocSpace objects, 0(0B) LOS objects, 34% free, 31MB/47MB, paused 6.857ms total 114.085ms
I/art: Background sticky concurrent mark sweep GC freed 1108966(16MB) AllocSpace objects, 0(0B) LOS objects, 28% free, 33MB/47MB, paused 6.829ms total 93.835ms
I/art: Background partial concurrent mark sweep GC freed 1501890(22MB) AllocSpace objects, 0(0B) LOS objects, 35% free, 29MB/45MB, paused 7.269ms total 122.706ms
I/art: Background sticky concurrent mark sweep GC freed 1080199(16MB) AllocSpace objects, 0(0B) LOS objects, 22% free, 35MB/45MB, paused 7.874ms total 104.419ms
I/art: Background partial concurrent mark sweep GC freed 1395325(21MB) AllocSpace objects, 0(0B) LOS objects, 34% free, 29MB/45MB, paused 6.222ms total 113.786ms
I/art: Background sticky concurrent mark sweep GC freed 1082171(16MB) AllocSpace objects, 0(0B) LOS objects, 20% free, 36MB/45MB, paused 5.518ms total 86.376ms
I/art: Background partial concurrent mark sweep GC freed 1388093(22MB) AllocSpace objects, 0(0B) LOS objects, 34% free, 30MB/46MB, paused 7.324ms total 112.993ms
I/art: Background sticky concurrent mark sweep GC freed 1090769(16MB) AllocSpace objects, 0(0B) LOS objects, 28% free, 33MB/46MB, paused 6.870ms total 90.711ms
I/art: Background partial concurrent mark sweep GC freed 1483815(22MB) AllocSpace objects, 0(0B) LOS objects, 35% free, 29MB/45MB, paused 7.109ms total 123.675ms
I/art: Background sticky concurrent mark sweep GC freed 1086525(16MB) AllocSpace objects, 0(0B) LOS objects, 23% free, 34MB/45MB, paused 7.359ms total 105.154ms
I/art: Background partial concurrent mark sweep GC freed 1415906(21MB) AllocSpace objects, 0(0B) LOS objects, 34% free, 30MB/46MB, paused 6.770ms total 118.572ms
I/art: Background sticky concurrent mark sweep GC freed 1111261(16MB) AllocSpace objects, 0(0B) LOS objects, 21% free, 36MB/46MB, paused 5.651ms total 86.170ms
I/art: Background partial concurrent mark sweep GC freed 1417205(22MB) AllocSpace objects, 0(0B) LOS objects, 34% free, 30MB/46MB, paused 7.019ms total 114.733ms
I/art: Background sticky concurrent mark sweep GC freed 1116964(17MB) AllocSpace objects, 0(0B) LOS objects, 28% free, 33MB/46MB, paused 6.738ms total 91.191ms
I/art: Background partial concurrent mark sweep GC freed 1491806(22MB) AllocSpace objects, 0(0B) LOS objects, 35% free, 29MB/45MB, paused 7.125ms total 123.456ms
I/art: Background sticky concurrent mark sweep GC freed 1070426(16MB) AllocSpace objects, 0(0B) LOS objects, 23% free, 34MB/45MB, paused 7.207ms total 100.272ms
I/art: Background partial concurrent mark sweep GC freed 1407850(21MB) AllocSpace objects, 0(0B) LOS objects, 34% free, 30MB/46MB, paused 6.724ms total 117.932ms
I/art: Background sticky concurrent mark sweep GC freed 1108914(16MB) AllocSpace objects, 0(0B) LOS objects, 21% free, 36MB/46MB, paused 5.535ms total 86.977ms
I/art: Background partial concurrent mark sweep GC freed 1426502(22MB) AllocSpace objects, 0(0B) LOS objects, 34% free, 30MB/46MB, paused 7.066ms total 115.790ms
I/art: Background sticky concurrent mark sweep GC freed 1114245(17MB) AllocSpace objects, 0(0B) LOS objects, 28% free, 33MB/46MB, paused 7.384ms total 93.681ms
I/art: Background partial concurrent mark sweep GC freed 1501891(22MB) AllocSpace objects, 0(0B) LOS objects, 35% free, 29MB/45MB, paused 7.370ms total 129.352ms
I/art: Background sticky concurrent mark sweep GC freed 1095407(16MB) AllocSpace objects, 0(0B) LOS objects, 22% free, 35MB/45MB, paused 10.951ms total 137.252ms
I/art: Background partial concurrent mark sweep GC freed 1418783(21MB) AllocSpace objects, 0(0B) LOS objects, 34% free, 30MB/46MB, paused 8.823ms total 155.616ms
I/art: Background sticky concurrent mark sweep GC freed 1113002(16MB) AllocSpace objects, 0(0B) LOS objects, 19% free, 37MB/46MB, paused 7.746ms total 117.433ms
I/art: Background partial concurrent mark sweep GC freed 1419775(22MB) AllocSpace objects, 0(0B) LOS objects, 33% free, 31MB/47MB, paused 10.414ms total 156.340ms
I/art: Background sticky concurrent mark sweep GC freed 1130068(17MB) AllocSpace objects, 0(0B) LOS objects, 28% free, 34MB/47MB, paused 9.615ms total 123.438ms
I/art: Background partial concurrent mark sweep GC freed 1552015(23MB) AllocSpace objects, 0(0B) LOS objects, 34% free, 30MB/46MB, paused 10.175ms total 173.183ms
I/art: Background sticky concurrent mark sweep GC freed 1130919(17MB) AllocSpace objects, 0(0B) LOS objects, 23% free, 35MB/46MB, paused 10.102ms total 135.657ms
I/art: Background partial concurrent mark sweep GC freed 1476935(22MB) AllocSpace objects, 0(0B) LOS objects, 34% free, 30MB/46MB, paused 6.231ms total 117.920ms
I/art: Background sticky concurrent mark sweep GC freed 1041112(15MB) AllocSpace objects, 0(0B) LOS objects, 16% free, 38MB/46MB, paused 8.885ms total 106.740ms
I/art: Background partial concurrent mark sweep GC freed 1421739(22MB) AllocSpace objects, 0(0B) LOS objects, 34% free, 30MB/46MB, paused 7.876ms total 116.021ms
I/art: Background sticky concurrent mark sweep GC freed 1103436(16MB) AllocSpace objects, 0(0B) LOS objects, 27% free, 33MB/46MB, paused 6.831ms total 90.673ms
I/art: Background partial concurrent mark sweep GC freed 1476727(22MB) AllocSpace objects, 0(0B) LOS objects, 34% free, 29MB/45MB, paused 7.212ms total 122.480ms
I/art: Background sticky concurrent mark sweep GC freed 1099225(16MB) AllocSpace objects, 0(0B) LOS objects, 23% free, 35MB/45MB, paused 6.984ms total 100.768ms
I/art: Background partial concurrent mark sweep GC freed 1439153(21MB) AllocSpace objects, 0(0B) LOS objects, 34% free, 30MB/46MB, paused 6.241ms total 120.253ms
I/art: Background sticky concurrent mark sweep GC freed 1082232(16MB) AllocSpace objects, 0(0B) LOS objects, 15% free, 38MB/46MB, paused 7.507ms total 116.321ms
I/art: Background partial concurrent mark sweep GC freed 1415100(22MB) AllocSpace objects, 0(0B) LOS objects, 34% free, 31MB/47MB, paused 8.311ms total 115.330ms
I/art: Background sticky concurrent mark sweep GC freed 1107075(16MB) AllocSpace objects, 0(0B) LOS objects, 27% free, 34MB/47MB, paused 7.043ms total 93.550ms
I/art: Background partial concurrent mark sweep GC freed 1508526(23MB) AllocSpace objects, 0(0B) LOS objects, 34% free, 29MB/45MB, paused 7.165ms total 125.132ms
I/art: Background sticky concurrent mark sweep GC freed 1120033(17MB) AllocSpace objects, 0(0B) LOS objects, 22% free, 35MB/45MB, paused 7.231ms total 101.796ms
I/art: Background partial concurrent mark sweep GC freed 1448015(22MB) AllocSpace objects, 0(0B) LOS objects, 34% free, 30MB/46MB, paused 6.235ms total 122.323ms
I/art: Background sticky concurrent mark sweep GC freed 996755(15MB) AllocSpace objects, 0(0B) LOS objects, 17% free, 38MB/46MB, paused 8.770ms total 107.154ms
I/art: Background partial concurrent mark sweep GC freed 1416891(22MB) AllocSpace objects, 0(0B) LOS objects, 34% free, 30MB/46MB, paused 7.997ms total 116.418ms
I/art: Background sticky concurrent mark sweep GC freed 1077254(16MB) AllocSpace objects, 0(0B) LOS objects, 27% free, 33MB/46MB, paused 7.426ms total 93.998ms
I/art: Background partial concurrent mark sweep GC freed 1484074(22MB) AllocSpace objects, 0(0B) LOS objects, 34% free, 30MB/46MB, paused 10.430ms total 167.268ms
I/art: Background sticky concurrent mark sweep GC freed 1107691(16MB) AllocSpace objects, 0(0B) LOS objects, 22% free, 35MB/46MB, paused 10.552ms total 138.925ms
I/art: Background partial concurrent mark sweep GC freed 1467060(22MB) AllocSpace objects, 0(0B) LOS objects, 34% free, 30MB/46MB, paused 8.793ms total 163.904ms
I/art: Background sticky concurrent mark sweep GC freed 1043545(15MB) AllocSpace objects, 0(0B) LOS objects, 15% free, 39MB/46MB, paused 13.703ms total 149.581ms
I/art: Background partial concurrent mark sweep GC freed 1415986(22MB) AllocSpace objects, 0(0B) LOS objects, 34% free, 30MB/46MB, paused 11.570ms total 157.612ms
I/art: Background sticky concurrent mark sweep GC freed 1090114(16MB) AllocSpace objects, 0(0B) LOS objects, 27% free, 33MB/46MB, paused 6.915ms total 92.919ms
I/art: Background partial concurrent mark sweep GC freed 1481396(22MB) AllocSpace objects, 0(0B) LOS objects, 34% free, 29MB/45MB, paused 7.201ms total 124.624ms
I/art: Background sticky concurrent mark sweep GC freed 1115580(17MB) AllocSpace objects, 0(0B) LOS objects, 22% free, 35MB/45MB, paused 7.727ms total 103.399ms
I/art: Background partial concurrent mark sweep GC freed 1440994(21MB) AllocSpace objects, 0(0B) LOS objects, 34% free, 29MB/45MB, paused 6.070ms total 118.524ms
I/art: Background sticky concurrent mark sweep GC freed 1083923(16MB) AllocSpace objects, 0(0B) LOS objects, 16% free, 38MB/45MB, paused 8.023ms total 117.312ms
I/art: Background partial concurrent mark sweep GC freed 1385822(22MB) AllocSpace objects, 0(0B) LOS objects, 34% free, 29MB/45MB, paused 7.041ms total 114.596ms
I/art: Background sticky concurrent mark sweep GC freed 1053210(16MB) AllocSpace objects, 0(0B) LOS objects, 27% free, 33MB/45MB, paused 6.760ms total 88.345ms
I/art: Background partial concurrent mark sweep GC freed 1448862(22MB) AllocSpace objects, 0(0B) LOS objects, 35% free, 29MB/45MB, paused 7.540ms total 124.163ms
I/art: Background sticky concurrent mark sweep GC freed 1087996(16MB) AllocSpace objects, 0(0B) LOS objects, 22% free, 35MB/45MB, paused 7.895ms total 102.705ms
I/art: Background partial concurrent mark sweep GC freed 1417206(21MB) AllocSpace objects, 0(0B) LOS objects, 34% free, 29MB/45MB, paused 6.184ms total 115.645ms
I/art: Background sticky concurrent mark sweep GC freed 1095556(16MB) AllocSpace objects, 0(0B) LOS objects, 20% free, 36MB/45MB, paused 5.531ms total 85.037ms
I/art: Background partial concurrent mark sweep GC freed 1368176(21MB) AllocSpace objects, 0(0B) LOS objects, 34% free, 30MB/46MB, paused 6.405ms total 112.307ms
I/art: Background sticky concurrent mark sweep GC freed 1068115(16MB) AllocSpace objects, 0(0B) LOS objects, 28% free, 33MB/46MB, paused 6.860ms total 90.274ms
I/art: Background partial concurrent mark sweep GC freed 1452584(22MB) AllocSpace objects, 0(0B) LOS objects, 35% free, 29MB/45MB, paused 7.426ms total 121.620ms
I/art: Background sticky concurrent mark sweep GC freed 1076222(16MB) AllocSpace objects, 0(0B) LOS objects, 21% free, 35MB/45MB, paused 7.487ms total 104.273ms
I/art: Background partial concurrent mark sweep GC freed 1384713(21MB) AllocSpace objects, 0(0B) LOS objects, 35% free, 29MB/45MB, paused 6.684ms total 115.818ms
I/art: Background sticky concurrent mark sweep GC freed 1086605(16MB) AllocSpace objects, 0(0B) LOS objects, 21% free, 35MB/45MB, paused 5.618ms total 85.347ms
I/art: Background partial concurrent mark sweep GC freed 1366393(21MB) AllocSpace objects, 0(0B) LOS objects, 34% free, 30MB/46MB, paused 6.835ms total 110.094ms
I/art: Background sticky concurrent mark sweep GC freed 1084751(16MB) AllocSpace objects, 0(0B) LOS objects, 28% free, 33MB/46MB, paused 6.987ms total 90.901ms
I/art: Background partial concurrent mark sweep GC freed 1464250(22MB) AllocSpace objects, 0(0B) LOS objects, 35% free, 29MB/45MB, paused 6.872ms total 122.182ms
I/art: Background sticky concurrent mark sweep GC freed 1078562(16MB) AllocSpace objects, 0(0B) LOS objects, 23% free, 34MB/45MB, paused 7.842ms total 105.026ms
I/art: Background partial concurrent mark sweep GC freed 1398239(21MB) AllocSpace objects, 0(0B) LOS objects, 34% free, 29MB/45MB, paused 6.343ms total 119.096ms
I/art: Background sticky concurrent mark sweep GC freed 1114823(17MB) AllocSpace objects, 0(0B) LOS objects, 25% free, 34MB/45MB, paused 5.827ms total 90.420ms
I/art: Background partial concurrent mark sweep GC freed 1384200(22MB) AllocSpace objects, 0(0B) LOS objects, 33% free, 31MB/47MB, paused 6.680ms total 117.187ms
I/art: Background sticky concurrent mark sweep GC freed 1139170(17MB) AllocSpace objects, 0(0B) LOS objects, 28% free, 34MB/47MB, paused 7.359ms total 98.938ms
I/art: Background partial concurrent mark sweep GC freed 1539714(23MB) AllocSpace objects, 0(0B) LOS objects, 34% free, 30MB/46MB, paused 7.197ms total 132.668ms
I/art: Background sticky concurrent mark sweep GC freed 1145199(17MB) AllocSpace objects, 0(0B) LOS objects, 23% free, 35MB/46MB, paused 7.523ms total 107.846ms
I/art: Background partial concurrent mark sweep GC freed 1484745(22MB) AllocSpace objects, 0(0B) LOS objects, 33% free, 31MB/47MB, paused 9.072ms total 157.457ms
I/art: Background sticky concurrent mark sweep GC freed 1170380(17MB) AllocSpace objects, 0(0B) LOS objects, 23% free, 36MB/47MB, paused 11.614ms total 123.794ms
I/art: Background partial concurrent mark sweep GC freed 1501209(23MB) AllocSpace objects, 0(0B) LOS objects, 32% free, 32MB/48MB, paused 12.640ms total 174.861ms
I/art: Background sticky concurrent mark sweep GC freed 1226205(18MB) AllocSpace objects, 0(0B) LOS objects, 28% free, 34MB/48MB, paused 10.155ms total 136.318ms
I/art: Background partial concurrent mark sweep GC freed 1642801(25MB) AllocSpace objects, 0(0B) LOS objects, 33% free, 31MB/47MB, paused 11.705ms total 186.135ms
I/art: Background sticky concurrent mark sweep GC freed 1149305(17MB) AllocSpace objects, 0(0B) LOS objects, 23% free, 36MB/47MB, paused 9.452ms total 135.838ms
I/art: Background partial concurrent mark sweep GC freed 1552348(23MB) AllocSpace objects, 0(0B) LOS objects, 33% free, 32MB/48MB, paused 9.367ms total 177.718ms
I/art: Background sticky concurrent mark sweep GC freed 945498(14MB) AllocSpace objects, 0(0B) LOS objects, 11% free, 42MB/48MB, paused 8.117ms total 129.806ms
I/art: Background partial concurrent mark sweep GC freed 1526798(24MB) AllocSpace objects, 0(0B) LOS objects, 34% free, 30MB/46MB, paused 8.072ms total 114.856ms
I/art: Background sticky concurrent mark sweep GC freed 1058382(16MB) AllocSpace objects, 0(0B) LOS objects, 27% free, 33MB/46MB, paused 6.754ms total 89.992ms
I/art: Background partial concurrent mark sweep GC freed 1456026(22MB) AllocSpace objects, 0(0B) LOS objects, 34% free, 29MB/45MB, paused 8.061ms total 121.063ms
I/art: Background sticky concurrent mark sweep GC freed 1083216(16MB) AllocSpace objects, 0(0B) LOS objects, 22% free, 35MB/45MB, paused 7.056ms total 98.156ms
I/art: Background partial concurrent mark sweep GC freed 1431556(21MB) AllocSpace objects, 0(0B) LOS objects, 34% free, 30MB/46MB, paused 6.269ms total 115.364ms
I/art: Background sticky concurrent mark sweep GC freed 816620(12MB) AllocSpace objects, 0(0B) LOS objects, 13% free, 39MB/46MB, paused 6.894ms total 113.682ms
I/art: Background partial concurrent mark sweep GC freed 1408916(22MB) AllocSpace objects, 0(0B) LOS objects, 34% free, 29MB/45MB, paused 7.541ms total 107.476ms
I/art: Background sticky concurrent mark sweep GC freed 1041847(15MB) AllocSpace objects, 0(0B) LOS objects, 28% free, 32MB/45MB, paused 6.700ms total 88.410ms
I/art: Background partial concurrent mark sweep GC freed 1444916(22MB) AllocSpace objects, 0(0B) LOS objects, 35% free, 29MB/45MB, paused 7.480ms total 122.145ms
I/art: Background sticky concurrent mark sweep GC freed 1067826(16MB) AllocSpace objects, 0(0B) LOS objects, 22% free, 35MB/45MB, paused 7.028ms total 96.514ms
I/art: Background partial concurrent mark sweep GC freed 1417463(21MB) AllocSpace objects, 0(0B) LOS objects, 34% free, 29MB/45MB, paused 6.442ms total 114.385ms
I/art: Background sticky concurrent mark sweep GC freed 1068455(16MB) AllocSpace objects, 0(0B) LOS objects, 17% free, 37MB/45MB, paused 8.215ms total 100.377ms
I/art: Background partial concurrent mark sweep GC freed 1378899(22MB) AllocSpace objects, 0(0B) LOS objects, 34% free, 30MB/46MB, paused 7.462ms total 112.582ms
I/art: Background sticky concurrent mark sweep GC freed 1089152(16MB) AllocSpace objects, 0(0B) LOS objects, 28% free, 33MB/46MB, paused 7.117ms total 93.729ms
I/art: Background partial concurrent mark sweep GC freed 1456924(22MB) AllocSpace objects, 0(0B) LOS objects, 35% free, 29MB/45MB, paused 7.930ms total 117.714ms
I/art: Background sticky concurrent mark sweep GC freed 1051351(16MB) AllocSpace objects, 0(0B) LOS objects, 22% free, 34MB/45MB, paused 10.237ms total 131.626ms
I/art: Background partial concurrent mark sweep GC freed 1403367(21MB) AllocSpace objects, 0(0B) LOS objects, 34% free, 30MB/46MB, paused 8.961ms total 156.137ms
I/art: Background sticky concurrent mark sweep GC freed 1110840(16MB) AllocSpace objects, 0(0B) LOS objects, 19% free, 37MB/46MB, paused 7.718ms total 118.859ms
I/art: Background partial concurrent mark sweep GC freed 1395649(22MB) AllocSpace objects, 0(0B) LOS objects, 34% free, 30MB/46MB, paused 8.655ms total 149.927ms
I/art: Background sticky concurrent mark sweep GC freed 1072333(16MB) AllocSpace objects, 0(0B) LOS objects, 27% free, 33MB/46MB, paused 9.397ms total 117.227ms
I/art: Background partial concurrent mark sweep GC freed 1433478(21MB) AllocSpace objects, 0(0B) LOS objects, 35% free, 28MB/44MB, paused 6.901ms total 117.258ms
I/art: Background sticky concurrent mark sweep GC freed 1047833(15MB) AllocSpace objects, 0(0B) LOS objects, 22% free, 34MB/44MB, paused 7.853ms total 100.626ms
I/art: Background partial concurrent mark sweep GC freed 1359081(20MB) AllocSpace objects, 0(0B) LOS objects, 35% free, 29MB/45MB, paused 6.120ms total 112.838ms
I/art: Background sticky concurrent mark sweep GC freed 1079898(16MB) AllocSpace objects, 0(0B) LOS objects, 24% free, 34MB/45MB, paused 5.766ms total 87.876ms
I/art: Background partial concurrent mark sweep GC freed 1338100(21MB) AllocSpace objects, 0(0B) LOS objects, 35% free, 29MB/45MB, paused 6.025ms total 107.495ms
I/art: Background sticky concurrent mark sweep GC freed 1057488(16MB) AllocSpace objects, 0(0B) LOS objects, 28% free, 32MB/45MB, paused 7.109ms total 89.185ms
I/art: Background partial concurrent mark sweep GC freed 1426718(21MB) AllocSpace objects, 0(0B) LOS objects, 35% free, 29MB/45MB, paused 7.304ms total 117.665ms
I/art: Background sticky concurrent mark sweep GC freed 1068293(16MB) AllocSpace objects, 0(0B) LOS objects, 22% free, 34MB/45MB, paused 8.646ms total 103.776ms
I/art: Background partial concurrent mark sweep GC freed 1391299(21MB) AllocSpace objects, 0(0B) LOS objects, 34% free, 29MB/45MB, paused 6.358ms total 116.706ms
I/art: Background sticky concurrent mark sweep GC freed 1083372(16MB) AllocSpace objects, 0(0B) LOS objects, 24% free, 34MB/45MB, paused 6.139ms total 89.265ms
I/art: Background partial concurrent mark sweep GC freed 1362105(21MB) AllocSpace objects, 0(0B) LOS objects, 34% free, 29MB/45MB, paused 7.021ms total 117.814ms
I/art: Background sticky concurrent mark sweep GC freed 1055574(16MB) AllocSpace objects, 0(0B) LOS objects, 26% free, 33MB/45MB, paused 6.480ms total 92.945ms
I/art: Background partial concurrent mark sweep GC freed 1409423(21MB) AllocSpace objects, 0(0B) LOS objects, 35% free, 28MB/44MB, paused 6.624ms total 117.035ms
I/art: Background sticky concurrent mark sweep GC freed 1003488(15MB) AllocSpace objects, 0(0B) LOS objects, 25% free, 33MB/44MB, paused 7.859ms total 94.346ms
I/art: Background partial concurrent mark sweep GC freed 1356426(20MB) AllocSpace objects, 0(0B) LOS objects, 34% free, 30MB/46MB, paused 6.670ms total 121.303ms
I/art: Background sticky concurrent mark sweep GC freed 1140978(17MB) AllocSpace objects, 0(0B) LOS objects, 22% free, 35MB/46MB, paused 6.534ms total 95.143ms
I/art: Background partial concurrent mark sweep GC freed 1489631(23MB) AllocSpace objects, 0(0B) LOS objects, 35% free, 29MB/45MB, paused 7.969ms total 120.276ms
I/art: Background sticky concurrent mark sweep GC freed 1126353(17MB) AllocSpace objects, 0(0B) LOS objects, 25% free, 33MB/45MB, paused 8.113ms total 100.721ms
I/art: Background partial concurrent mark sweep GC freed 1392944(21MB) AllocSpace objects, 0(0B) LOS objects, 35% free, 29MB/45MB, paused 6.829ms total 122.721ms
I/art: Background sticky concurrent mark sweep GC freed 1061720(16MB) AllocSpace objects, 0(0B) LOS objects, 23% free, 34MB/45MB, paused 11.419ms total 129.590ms
I/art: Background partial concurrent mark sweep GC freed 1414006(21MB) AllocSpace objects, 0(0B) LOS objects, 34% free, 30MB/46MB, paused 10.007ms total 166.162ms
I/art: Background sticky concurrent mark sweep GC freed 1152397(17MB) AllocSpace objects, 0(0B) LOS objects, 22% free, 36MB/46MB, paused 8.865ms total 127.493ms
I/art: Background partial concurrent mark sweep GC freed 1502801(23MB) AllocSpace objects, 0(0B) LOS objects, 34% free, 29MB/45MB, paused 12.053ms total 171.130ms
I/art: Background sticky concurrent mark sweep GC freed 1145143(17MB) AllocSpace objects, 0(0B) LOS objects, 26% free, 33MB/45MB, paused 10.210ms total 128.576ms
I/art: Background partial concurrent mark sweep GC freed 1414672(21MB) AllocSpace objects, 0(0B) LOS objects, 34% free, 29MB/45MB, paused 9.393ms total 160.723ms
I/art: Background sticky concurrent mark sweep GC freed 1101715(16MB) AllocSpace objects, 0(0B) LOS objects, 23% free, 34MB/45MB, paused 11.917ms total 136.113ms
I/art: Background partial concurrent mark sweep GC freed 1432106(21MB) AllocSpace objects, 0(0B) LOS objects, 34% free, 30MB/46MB, paused 6.608ms total 125.525ms
I/art: Background sticky concurrent mark sweep GC freed 1171752(17MB) AllocSpace objects, 0(0B) LOS objects, 23% free, 35MB/46MB, paused 6.632ms total 97.650ms
I/art: Background partial concurrent mark sweep GC freed 1417936(22MB) AllocSpace objects, 0(0B) LOS objects, 34% free, 30MB/46MB, paused 6.989ms total 125.589ms
I/art: Background sticky concurrent mark sweep GC freed 1061313(16MB) AllocSpace objects, 0(0B) LOS objects, 26% free, 33MB/46MB, paused 6.552ms total 94.486ms
I/art: Background partial concurrent mark sweep GC freed 1433978(21MB) AllocSpace objects, 0(0B) LOS objects, 35% free, 28MB/44MB, paused 6.572ms total 118.885ms
I/art: Background sticky concurrent mark sweep GC freed 1036979(15MB) AllocSpace objects, 0(0B) LOS objects, 23% free, 34MB/44MB, paused 8.518ms total 98.281ms
I/art: Background partial concurrent mark sweep GC freed 1366223(20MB) AllocSpace objects, 0(0B) LOS objects, 34% free, 29MB/45MB, paused 6.838ms total 122.751ms
I/art: Background sticky concurrent mark sweep GC freed 1116736(17MB) AllocSpace objects, 0(0B) LOS objects, 22% free, 35MB/45MB, paused 6.630ms total 95.829ms
I/art: Background partial concurrent mark sweep GC freed 1454542(23MB) AllocSpace objects, 0(0B) LOS objects, 35% free, 28MB/44MB, paused 8.319ms total 119.283ms
I/art: Background sticky concurrent mark sweep GC freed 1107282(16MB) AllocSpace objects, 0(0B) LOS objects, 23% free, 34MB/44MB, paused 8.579ms total 101.529ms
I/art: Background partial concurrent mark sweep GC freed 1360020(20MB) AllocSpace objects, 0(0B) LOS objects, 35% free, 28MB/44MB, paused 7.516ms total 118.608ms
I/art: Background sticky concurrent mark sweep GC freed 1021832(15MB) AllocSpace objects, 0(0B) LOS objects, 23% free, 34MB/44MB, paused 7.686ms total 96.607ms
I/art: Background partial concurrent mark sweep GC freed 1379939(21MB) AllocSpace objects, 0(0B) LOS objects, 34% free, 30MB/46MB, paused 6.979ms total 122.539ms
I/art: Background sticky concurrent mark sweep GC freed 1142217(17MB) AllocSpace objects, 0(0B) LOS objects, 21% free, 36MB/46MB, paused 6.660ms total 95.354ms
I/art: Background partial concurrent mark sweep GC freed 1575805(25MB) AllocSpace objects, 0(0B) LOS objects, 35% free, 28MB/44MB, paused 8.823ms total 115.024ms
I/art: Background sticky concurrent mark sweep GC freed 1105977(16MB) AllocSpace objects, 0(0B) LOS objects, 23% free, 34MB/44MB, paused 8.754ms total 100.309ms
I/art: Background partial concurrent mark sweep GC freed 1326072(20MB) AllocSpace objects, 0(0B) LOS objects, 35% free, 29MB/45MB, paused 10.392ms total 148.979ms
I/art: Background sticky concurrent mark sweep GC freed 1072802(16MB) AllocSpace objects, 0(0B) LOS objects, 23% free, 34MB/45MB, paused 11.472ms total 134.224ms
I/art: Background partial concurrent mark sweep GC freed 1422917(21MB) AllocSpace objects, 0(0B) LOS objects, 34% free, 30MB/46MB, paused 10.077ms total 170.381ms
I/art: Background sticky concurrent mark sweep GC freed 1155301(17MB) AllocSpace objects, 0(0B) LOS objects, 22% free, 36MB/46MB, paused 9.425ms total 130.297ms
I/art: Background partial concurrent mark sweep GC freed 1541167(24MB) AllocSpace objects, 0(0B) LOS objects, 35% free, 29MB/45MB, paused 11.655ms total 168.109ms
I/art: Background sticky concurrent mark sweep GC freed 1160294(17MB) AllocSpace objects, 0(0B) LOS objects, 25% free, 34MB/45MB, paused 10.078ms total 133.959ms
I/art: Background partial concurrent mark sweep GC freed 1412257(21MB) AllocSpace objects, 0(0B) LOS objects, 35% free, 29MB/45MB, paused 9.592ms total 156.867ms
I/art: Background sticky concurrent mark sweep GC freed 1085878(16MB) AllocSpace objects, 0(0B) LOS objects, 23% free, 34MB/45MB, paused 12.326ms total 131.892ms
I/art: Background partial concurrent mark sweep GC freed 1422200(21MB) AllocSpace objects, 0(0B) LOS objects, 34% free, 31MB/47MB, paused 6.927ms total 123.187ms
I/art: Background sticky concurrent mark sweep GC freed 1174464(17MB) AllocSpace objects, 0(0B) LOS objects, 23% free, 35MB/47MB, paused 6.331ms total 96.959ms
I/art: Background partial concurrent mark sweep GC freed 1442099(23MB) AllocSpace objects, 0(0B) LOS objects, 34% free, 30MB/46MB, paused 7.384ms total 131.228ms
I/art: Background sticky concurrent mark sweep GC freed 1085171(16MB) AllocSpace objects, 0(0B) LOS objects, 26% free, 33MB/46MB, paused 6.642ms total 97.179ms
I/art: Background partial concurrent mark sweep GC freed 1459968(22MB) AllocSpace objects, 0(0B) LOS objects, 35% free, 29MB/45MB, paused 6.582ms total 123.075ms
I/art: Background sticky concurrent mark sweep GC freed 1087880(16MB) AllocSpace objects, 0(0B) LOS objects, 24% free, 34MB/45MB, paused 8.922ms total 104.065ms
I/art: Background partial concurrent mark sweep GC freed 1412124(21MB) AllocSpace objects, 0(0B) LOS objects, 34% free, 30MB/46MB, paused 7.101ms total 126.531ms
I/art: Background sticky concurrent mark sweep GC freed 1136171(17MB) AllocSpace objects, 0(0B) LOS objects, 22% free, 35MB/46MB, paused 6.789ms total 99.384ms
I/art: Background partial concurrent mark sweep GC freed 1369150(21MB) AllocSpace objects, 0(0B) LOS objects, 34% free, 30MB/46MB, paused 7.654ms total 129.107ms
I/art: Background sticky concurrent mark sweep GC freed 1093178(16MB) AllocSpace objects, 0(0B) LOS objects, 24% free, 34MB/46MB, paused 7.534ms total 100.397ms
I/art: Background partial concurrent mark sweep GC freed 1446405(22MB) AllocSpace objects, 0(0B) LOS objects, 35% free, 29MB/45MB, paused 7.175ms total 117.726ms
I/art: Background sticky concurrent mark sweep GC freed 1062091(16MB) AllocSpace objects, 0(0B) LOS objects, 23% free, 34MB/45MB, paused 8.745ms total 96.800ms
I/art: Background partial concurrent mark sweep GC freed 1390981(21MB) AllocSpace objects, 0(0B) LOS objects, 34% free, 30MB/46MB, paused 7.410ms total 123.846ms
I/art: Background sticky concurrent mark sweep GC freed 1132984(17MB) AllocSpace objects, 0(0B) LOS objects, 21% free, 36MB/46MB, paused 9.220ms total 129.945ms
I/art: Background partial concurrent mark sweep GC freed 1473033(23MB) AllocSpace objects, 0(0B) LOS objects, 35% free, 29MB/45MB, paused 12.113ms total 169.619ms
I/art: Background sticky concurrent mark sweep GC freed 1108901(16MB) AllocSpace objects, 0(0B) LOS objects, 26% free, 33MB/45MB, paused 8.995ms total 131.097ms
I/art: Background partial concurrent mark sweep GC freed 1403021(21MB) AllocSpace objects, 0(0B) LOS objects, 35% free, 29MB/45MB, paused 9.713ms total 159.836ms
I/art: Background sticky concurrent mark sweep GC freed 1070967(16MB) AllocSpace objects, 0(0B) LOS objects, 23% free, 34MB/45MB, paused 11.930ms total 132.162ms
I/art: Background partial concurrent mark sweep GC freed 1415168(21MB) AllocSpace objects, 0(0B) LOS objects, 34% free, 30MB/46MB, paused 9.848ms total 168.396ms
I/art: Background sticky concurrent mark sweep GC freed 1147349(17MB) AllocSpace objects, 0(0B) LOS objects, 22% free, 35MB/46MB, paused 8.949ms total 129.579ms
I/art: Background partial concurrent mark sweep GC freed 1452056(23MB) AllocSpace objects, 0(0B) LOS objects, 34% free, 30MB/46MB, paused 10.915ms total 182.347ms
I/art: Background sticky concurrent mark sweep GC freed 1097343(16MB) AllocSpace objects, 0(0B) LOS objects, 25% free, 34MB/46MB, paused 9.725ms total 129.305ms
I/art: Background partial concurrent mark sweep GC freed 1465735(22MB) AllocSpace objects, 0(0B) LOS objects, 35% free, 29MB/45MB, paused 6.753ms total 121.365ms
I/art: Background sticky concurrent mark sweep GC freed 1076065(16MB) AllocSpace objects, 0(0B) LOS objects, 23% free, 34MB/45MB, paused 10.503ms total 103.840ms
I/art: Background partial concurrent mark sweep GC freed 1398516(21MB) AllocSpace objects, 0(0B) LOS objects, 34% free, 30MB/46MB, paused 7.001ms total 123.285ms
I/art: Background sticky concurrent mark sweep GC freed 1128923(17MB) AllocSpace objects, 0(0B) LOS objects, 22% free, 35MB/46MB, paused 6.698ms total 95.303ms
I/art: Background partial concurrent mark sweep GC freed 1461448(23MB) AllocSpace objects, 0(0B) LOS objects, 35% free, 29MB/45MB, paused 7.943ms total 127.979ms
I/art: Background sticky concurrent mark sweep GC freed 1094250(16MB) AllocSpace objects, 0(0B) LOS objects, 25% free, 33MB/45MB, paused 7.304ms total 100.109ms
I/art: Background partial concurrent mark sweep GC freed 1385179(21MB) AllocSpace objects, 0(0B) LOS objects, 35% free, 28MB/44MB, paused 6.747ms total 115.791ms
I/art: Background sticky concurrent mark sweep GC freed 1038677(15MB) AllocSpace objects, 0(0B) LOS objects, 23% free, 34MB/44MB, paused 8.109ms total 93.594ms
I/art: Background partial concurrent mark sweep GC freed 1389920(21MB) AllocSpace objects, 0(0B) LOS objects, 34% free, 30MB/46MB, paused 7.215ms total 121.602ms
I/art: Background sticky concurrent mark sweep GC freed 1134493(17MB) AllocSpace objects, 0(0B) LOS objects, 21% free, 36MB/46MB, paused 6.586ms total 94.291ms
I/art: Background partial concurrent mark sweep GC freed 1497896(23MB) AllocSpace objects, 0(0B) LOS objects, 35% free, 29MB/45MB, paused 8.326ms total 119.293ms
I/art: Background sticky concurrent mark sweep GC freed 1127107(17MB) AllocSpace objects, 0(0B) LOS objects, 25% free, 33MB/45MB, paused 9.377ms total 101.180ms
I/art: Background partial concurrent mark sweep GC freed 1380283(21MB) AllocSpace objects, 0(0B) LOS objects, 35% free, 28MB/44MB, paused 6.807ms total 115.128ms
I/art: Background sticky concurrent mark sweep GC freed 1014923(15MB) AllocSpace objects, 0(0B) LOS objects, 23% free, 34MB/44MB, paused 10.636ms total 123.151ms
I/art: Background partial concurrent mark sweep GC freed 1383176(21MB) AllocSpace objects, 0(0B) LOS objects, 34% free, 30MB/46MB, paused 9.659ms total 165.661ms
I/art: Background sticky concurrent mark sweep GC freed 1158883(17MB) AllocSpace objects, 0(0B) LOS objects, 21% free, 36MB/46MB, paused 9.085ms total 137.749ms
I/art: Background partial concurrent mark sweep GC freed 1544462(24MB) AllocSpace objects, 0(0B) LOS objects, 34% free, 30MB/46MB, paused 11.179ms total 167.627ms
I/art: Background sticky concurrent mark sweep GC freed 1150121(17MB) AllocSpace objects, 0(0B) LOS objects, 26% free, 34MB/46MB, paused 10.154ms total 134.808ms
I/art: Background partial concurrent mark sweep GC freed 1447629(22MB) AllocSpace objects, 0(0B) LOS objects, 35% free, 29MB/45MB, paused 9.789ms total 162.231ms
I/art: Background sticky concurrent mark sweep GC freed 1093677(16MB) AllocSpace objects, 0(0B) LOS objects, 23% free, 34MB/45MB, paused 12.191ms total 135.874ms
I/art: Background partial concurrent mark sweep GC freed 1431580(21MB) AllocSpace objects, 0(0B) LOS objects, 33% free, 31MB/47MB, paused 10.901ms total 174.797ms
I/art: Background sticky concurrent mark sweep GC freed 1183187(18MB) AllocSpace objects, 0(0B) LOS objects, 24% free, 35MB/47MB, paused 8.988ms total 131.512ms
I/art: Background partial concurrent mark sweep GC freed 1464896(23MB) AllocSpace objects, 0(0B) LOS objects, 34% free, 30MB/46MB, paused 9.237ms total 168.016ms
I/art: Background sticky concurrent mark sweep GC freed 1100601(16MB) AllocSpace objects, 0(0B) LOS objects, 28% free, 33MB/46MB, paused 7.218ms total 94.478ms
I/art: Background partial concurrent mark sweep GC freed 1478794(22MB) AllocSpace objects, 0(0B) LOS objects, 35% free, 29MB/45MB, paused 6.955ms total 125.311ms
I/art: Background sticky concurrent mark sweep GC freed 1079992(16MB) AllocSpace objects, 0(0B) LOS objects, 23% free, 34MB/45MB, paused 9.678ms total 108.156ms
I/art: Background partial concurrent mark sweep GC freed 1423539(21MB) AllocSpace objects, 0(0B) LOS objects, 34% free, 30MB/46MB, paused 6.685ms total 123.180ms
I/art: Background sticky concurrent mark sweep GC freed 1171719(17MB) AllocSpace objects, 0(0B) LOS objects, 24% free, 35MB/46MB, paused 6.187ms total 96.966ms
I/art: Background partial concurrent mark sweep GC freed 1434109(22MB) AllocSpace objects, 0(0B) LOS objects, 34% free, 30MB/46MB, paused 5.896ms total 116.898ms
I/art: Background sticky concurrent mark sweep GC freed 1112872(16MB) AllocSpace objects, 0(0B) LOS objects, 28% free, 33MB/46MB, paused 6.966ms total 94.244ms
I/art: Background partial concurrent mark sweep GC freed 1464901(22MB) AllocSpace objects, 0(0B) LOS objects, 35% free, 28MB/44MB, paused 7.480ms total 121.782ms
I/art: Background sticky concurrent mark sweep GC freed 1040569(15MB) AllocSpace objects, 0(0B) LOS objects, 22% free, 34MB/44MB, paused 8.467ms total 102.161ms
I/art: Background partial concurrent mark sweep GC freed 1377970(21MB) AllocSpace objects, 0(0B) LOS objects, 34% free, 29MB/45MB, paused 6.498ms total 119.003ms
I/art: Background sticky concurrent mark sweep GC freed 1084591(16MB) AllocSpace objects, 0(0B) LOS objects, 23% free, 35MB/45MB, paused 6.168ms total 90.348ms
I/art: Background partial concurrent mark sweep GC freed 1367508(21MB) AllocSpace objects, 0(0B) LOS objects, 34% free, 30MB/46MB, paused 7.080ms total 122.435ms
I/art: Background sticky concurrent mark sweep GC freed 1112152(16MB) AllocSpace objects, 0(0B) LOS objects, 27% free, 33MB/46MB, paused 7.401ms total 95.080ms
I/art: Background partial concurrent mark sweep GC freed 1449564(22MB) AllocSpace objects, 0(0B) LOS objects, 35% free, 29MB/45MB, paused 6.740ms total 121.931ms
I/art: Background sticky concurrent mark sweep GC freed 1073477(16MB) AllocSpace objects, 0(0B) LOS objects, 24% free, 34MB/45MB, paused 8.409ms total 105.382ms
I/art: Background partial concurrent mark sweep GC freed 1419281(21MB) AllocSpace objects, 0(0B) LOS objects, 34% free, 30MB/46MB, paused 7.308ms total 126.114ms
I/art: Background sticky concurrent mark sweep GC freed 1147360(17MB) AllocSpace objects, 0(0B) LOS objects, 23% free, 35MB/46MB, paused 8.822ms total 130.680ms
I/art: Background partial concurrent mark sweep GC freed 1422329(22MB) AllocSpace objects, 0(0B) LOS objects, 34% free, 30MB/46MB, paused 9.778ms total 175.494ms
I/art: Background sticky concurrent mark sweep GC freed 1116149(17MB) AllocSpace objects, 0(0B) LOS objects, 27% free, 34MB/46MB, paused 9.830ms total 128.967ms
I/art: Background partial concurrent mark sweep GC freed 1500247(22MB) AllocSpace objects, 0(0B) LOS objects, 34% free, 30MB/46MB, paused 10.002ms total 171.925ms
I/art: Background sticky concurrent mark sweep GC freed 1128377(17MB) AllocSpace objects, 0(0B) LOS objects, 22% free, 35MB/46MB, paused 12.621ms total 149.549ms
I/art: Background partial concurrent mark sweep GC freed 1472102(22MB) AllocSpace objects, 0(0B) LOS objects, 33% free, 31MB/47MB, paused 9.288ms total 171.779ms
I/art: Background sticky concurrent mark sweep GC freed 1205393(18MB) AllocSpace objects, 0(0B) LOS objects, 25% free, 35MB/47MB, paused 8.474ms total 124.807ms
I/art: Background partial concurrent mark sweep GC freed 1494098(23MB) AllocSpace objects, 0(0B) LOS objects, 32% free, 32MB/48MB, paused 7.185ms total 126.111ms
I/art: Background sticky concurrent mark sweep GC freed 1199399(18MB) AllocSpace objects, 0(0B) LOS objects, 28% free, 34MB/48MB, paused 7.594ms total 102.262ms
I/art: Background partial concurrent mark sweep GC freed 1639950(25MB) AllocSpace objects, 0(0B) LOS objects, 34% free, 30MB/46MB, paused 8.110ms total 136.808ms
I/art: Background sticky concurrent mark sweep GC freed 1146796(17MB) AllocSpace objects, 0(0B) LOS objects, 24% free, 35MB/46MB, paused 7.148ms total 103.816ms
I/art: Background partial concurrent mark sweep GC freed 1546512(23MB) AllocSpace objects, 0(0B) LOS objects, 33% free, 32MB/48MB, paused 7.117ms total 131.900ms
I/art: Background sticky concurrent mark sweep GC freed 1001621(15MB) AllocSpace objects, 0(0B) LOS objects, 18% free, 39MB/48MB, paused 8.557ms total 109.906ms
I/art: Background partial concurrent mark sweep GC freed 1543384(24MB) AllocSpace objects, 0(0B) LOS objects, 34% free, 30MB/46MB, paused 8.617ms total 124.648ms
I/art: Background sticky concurrent mark sweep GC freed 1098635(16MB) AllocSpace objects, 0(0B) LOS objects, 28% free, 33MB/46MB, paused 7.049ms total 92.746ms
I/art: Background partial concurrent mark sweep GC freed 1506794(22MB) AllocSpace objects, 0(0B) LOS objects, 34% free, 30MB/46MB, paused 7.339ms total 125.931ms
I/art: Background sticky concurrent mark sweep GC freed 1124979(17MB) AllocSpace objects, 0(0B) LOS objects, 22% free, 35MB/46MB, paused 7.034ms total 101.171ms
I/art: Background partial concurrent mark sweep GC freed 1453410(22MB) AllocSpace objects, 0(0B) LOS objects, 34% free, 30MB/46MB, paused 6.112ms total 115.470ms
I/art: Background sticky concurrent mark sweep GC freed 927115(14MB) AllocSpace objects, 0(0B) LOS objects, 16% free, 38MB/46MB, paused 8.506ms total 106.816ms
I/art: Background partial concurrent mark sweep GC freed 1422533(22MB) AllocSpace objects, 0(0B) LOS objects, 33% free, 31MB/47MB, paused 7.506ms total 114.134ms
I/art: Background sticky concurrent mark sweep GC freed 1118229(17MB) AllocSpace objects, 0(0B) LOS objects, 27% free, 34MB/47MB, paused 9.629ms total 127.935ms
I/art: Background partial concurrent mark sweep GC freed 1521619(23MB) AllocSpace objects, 0(0B) LOS objects, 34% free, 30MB/46MB, paused 10.378ms total 173.291ms
I/art: Background sticky concurrent mark sweep GC freed 1136652(17MB) AllocSpace objects, 0(0B) LOS objects, 23% free, 35MB/46MB, paused 10.714ms total 141.483ms
I/art: Background partial concurrent mark sweep GC freed 1490205(22MB) AllocSpace objects, 0(0B) LOS objects, 34% free, 31MB/47MB, paused 8.614ms total 160.546ms
I/art: Background sticky concurrent mark sweep GC freed 967362(14MB) AllocSpace objects, 0(0B) LOS objects, 17% free, 38MB/47MB, paused 10.508ms total 147.883ms
I/art: Background partial concurrent mark sweep GC freed 1458407(23MB) AllocSpace objects, 0(0B) LOS objects, 34% free, 31MB/47MB, paused 10.617ms total 156.474ms
I/art: Background sticky concurrent mark sweep GC freed 1117039(17MB) AllocSpace objects, 0(0B) LOS objects, 28% free, 33MB/47MB, paused 9.843ms total 118.894ms
I/art: Background partial concurrent mark sweep GC freed 1501116(22MB) AllocSpace objects, 0(0B) LOS objects, 35% free, 29MB/45MB, paused 7.787ms total 124.507ms
I/art: Background sticky concurrent mark sweep GC freed 1074450(16MB) AllocSpace objects, 0(0B) LOS objects, 22% free, 35MB/45MB, paused 7.051ms total 97.052ms
I/art: Background partial concurrent mark sweep GC freed 1415372(21MB) AllocSpace objects, 0(0B) LOS objects, 34% free, 29MB/45MB, paused 6.197ms total 114.405ms
I/art: Background sticky concurrent mark sweep GC freed 961743(14MB) AllocSpace objects, 0(0B) LOS objects, 15% free, 38MB/45MB, paused 9.943ms total 105.733ms
I/art: Background partial concurrent mark sweep GC freed 1384606(22MB) AllocSpace objects, 0(0B) LOS objects, 34% free, 30MB/46MB, paused 6.912ms total 112.667ms
I/art: Background sticky concurrent mark sweep GC freed 1073342(16MB) AllocSpace objects, 0(0B) LOS objects, 28% free, 33MB/46MB, paused 6.846ms total 92.759ms
I/art: Background partial concurrent mark sweep GC freed 1465282(22MB) AllocSpace objects, 0(0B) LOS objects, 34% free, 29MB/45MB, paused 7.241ms total 122.070ms
I/art: Background sticky concurrent mark sweep GC freed 1109834(16MB) AllocSpace objects, 0(0B) LOS objects, 23% free, 35MB/45MB, paused 7.443ms total 101.180ms
I/art: Background partial concurrent mark sweep GC freed 1437238(21MB) AllocSpace objects, 0(0B) LOS objects, 34% free, 30MB/46MB, paused 6.306ms total 117.731ms
I/art: Background sticky concurrent mark sweep GC freed 1091124(16MB) AllocSpace objects, 0(0B) LOS objects, 16% free, 38MB/46MB, paused 8.260ms total 114.623ms
I/art: Background partial concurrent mark sweep GC freed 1403131(22MB) AllocSpace objects, 0(0B) LOS objects, 34% free, 30MB/46MB, paused 6.702ms total 115.851ms
I/art: Background sticky concurrent mark sweep GC freed 1089220(16MB) AllocSpace objects, 0(0B) LOS objects, 27% free, 33MB/46MB, paused 7.094ms total 92.879ms
I/art: Background partial concurrent mark sweep GC freed 1457291(22MB) AllocSpace objects, 0(0B) LOS objects, 35% free, 29MB/45MB, paused 7.418ms total 119.790ms
I/art: Background sticky concurrent mark sweep GC freed 1059501(16MB) AllocSpace objects, 0(0B) LOS objects, 22% free, 35MB/45MB, paused 7.843ms total 99.989ms
I/art: Background partial concurrent mark sweep GC freed 1405281(21MB) AllocSpace objects, 0(0B) LOS objects, 34% free, 30MB/46MB, paused 6.220ms total 112.780ms
I/art: Background sticky concurrent mark sweep GC freed 1104702(16MB) AllocSpace objects, 0(0B) LOS objects, 20% free, 36MB/46MB, paused 7.609ms total 115.705ms
I/art: Background partial concurrent mark sweep GC freed 1401743(22MB) AllocSpace objects, 0(0B) LOS objects, 34% free, 30MB/46MB, paused 9.536ms total 154.901ms
I/art: Background sticky concurrent mark sweep GC freed 1097390(16MB) AllocSpace objects, 0(0B) LOS objects, 27% free, 33MB/46MB, paused 9.241ms total 118.141ms
I/art: Background partial concurrent mark sweep GC freed 1484923(22MB) AllocSpace objects, 0(0B) LOS objects, 35% free, 29MB/45MB, paused 10.397ms total 163.570ms
I/art: Background sticky concurrent mark sweep GC freed 1069557(16MB) AllocSpace objects, 0(0B) LOS objects, 22% free, 35MB/45MB, paused 10.484ms total 135.841ms
I/art: Background partial concurrent mark sweep GC freed 1405228(21MB) AllocSpace objects, 0(0B) LOS objects, 34% free, 30MB/46MB, paused 8.568ms total 153.263ms
I/art: Background sticky concurrent mark sweep GC freed 1104446(16MB) AllocSpace objects, 0(0B) LOS objects, 19% free, 37MB/46MB, paused 7.661ms total 117.740ms
I/art: Background partial concurrent mark sweep GC freed 1407332(22MB) AllocSpace objects, 0(0B) LOS objects, 33% free, 31MB/47MB, paused 7.530ms total 115.295ms
I/art: Background sticky concurrent mark sweep GC freed 1104343(16MB) AllocSpace objects, 0(0B) LOS objects, 28% free, 33MB/47MB, paused 6.758ms total 91.240ms
I/art: Background partial concurrent mark sweep GC freed 1538756(23MB) AllocSpace objects, 0(0B) LOS objects, 35% free, 29MB/45MB, paused 7.413ms total 123.679ms
I/art: Background sticky concurrent mark sweep GC freed 1079602(16MB) AllocSpace objects, 0(0B) LOS objects, 22% free, 35MB/45MB, paused 7.767ms total 99.827ms
I/art: Background partial concurrent mark sweep GC freed 1409957(21MB) AllocSpace objects, 0(0B) LOS objects, 34% free, 29MB/45MB, paused 6.236ms total 114.029ms
I/art: Background sticky concurrent mark sweep GC freed 1090457(16MB) AllocSpace objects, 0(0B) LOS objects, 20% free, 36MB/45MB, paused 5.487ms total 85.743ms
I/art: Background partial concurrent mark sweep GC freed 1380345(22MB) AllocSpace objects, 0(0B) LOS objects, 34% free, 31MB/47MB, paused 6.924ms total 113.944ms
I/art: Background sticky concurrent mark sweep GC freed 1093745(16MB) AllocSpace objects, 0(0B) LOS objects, 28% free, 33MB/47MB, paused 6.639ms total 90.741ms
I/art: Background partial concurrent mark sweep GC freed 1513168(23MB) AllocSpace objects, 0(0B) LOS objects, 35% free, 29MB/45MB, paused 7.380ms total 122.117ms
I/art: Background sticky concurrent mark sweep GC freed 1080194(16MB) AllocSpace objects, 0(0B) LOS objects, 22% free, 35MB/45MB, paused 7.417ms total 101.237ms
I/art: Background partial concurrent mark sweep GC freed 1409937(21MB) AllocSpace objects, 0(0B) LOS objects, 34% free, 29MB/45MB, paused 6.249ms total 113.691ms
I/art: Background sticky concurrent mark sweep GC freed 1085198(16MB) AllocSpace objects, 0(0B) LOS objects, 19% free, 37MB/45MB, paused 5.436ms total 85.550ms
I/art: Background partial concurrent mark sweep GC freed 1388289(22MB) AllocSpace objects, 0(0B) LOS objects, 34% free, 30MB/46MB, paused 6.869ms total 110.477ms
I/art: Background sticky concurrent mark sweep GC freed 1064682(16MB) AllocSpace objects, 0(0B) LOS objects, 28% free, 33MB/46MB, paused 6.865ms total 91.079ms
I/art: Background partial concurrent mark sweep GC freed 1467993(22MB) AllocSpace objects, 0(0B) LOS objects, 35% free, 29MB/45MB, paused 7.085ms total 120.471ms
I/art: Background sticky concurrent mark sweep GC freed 1072605(16MB) AllocSpace objects, 0(0B) LOS objects, 22% free, 35MB/45MB, paused 10.501ms total 139.745ms
I/art: Background partial concurrent mark sweep GC freed 1399143(21MB) AllocSpace objects, 0(0B) LOS objects, 34% free, 30MB/46MB, paused 8.960ms total 158.934ms
I/art: Background sticky concurrent mark sweep GC freed 1112005(16MB) AllocSpace objects, 0(0B) LOS objects, 21% free, 36MB/46MB, paused 7.975ms total 119.210ms
I/art: Background partial concurrent mark sweep GC freed 1421897(22MB) AllocSpace objects, 0(0B) LOS objects, 34% free, 30MB/46MB, paused 10.064ms total 152.091ms
I/art: Background sticky concurrent mark sweep GC freed 1125574(17MB) AllocSpace objects, 0(0B) LOS objects, 28% free, 33MB/46MB, paused 9.905ms total 122.818ms
I/art: Background partial concurrent mark sweep GC freed 1497309(22MB) AllocSpace objects, 0(0B) LOS objects, 34% free, 29MB/45MB, paused 10.225ms total 170.308ms
I/art: Background sticky concurrent mark sweep GC freed 1096816(16MB) AllocSpace objects, 0(0B) LOS objects, 22% free, 35MB/45MB, paused 9.909ms total 144.140ms
I/art: Background partial concurrent mark sweep GC freed 1433848(21MB) AllocSpace objects, 0(0B) LOS objects, 34% free, 30MB/46MB, paused 6.343ms total 118.552ms
I/art: Background sticky concurrent mark sweep GC freed 1108046(16MB) AllocSpace objects, 0(0B) LOS objects, 20% free, 36MB/46MB, paused 5.543ms total 86.589ms
I/art: Background partial concurrent mark sweep GC freed 1416164(22MB) AllocSpace objects, 0(0B) LOS objects, 33% free, 31MB/47MB, paused 7.145ms total 115.137ms
I/art: Background sticky concurrent mark sweep GC freed 1131722(17MB) AllocSpace objects, 0(0B) LOS objects, 28% free, 34MB/47MB, paused 7.136ms total 92.722ms
I/art: Background partial concurrent mark sweep GC freed 1542592(23MB) AllocSpace objects, 0(0B) LOS objects, 34% free, 29MB/45MB, paused 7.597ms total 124.602ms
I/art: Background sticky concurrent mark sweep GC freed 1112348(16MB) AllocSpace objects, 0(0B) LOS objects, 22% free, 35MB/45MB, paused 8.021ms total 101.823ms
I/art: Background partial concurrent mark sweep GC freed 1443607(22MB) AllocSpace objects, 0(0B) LOS objects, 34% free, 30MB/46MB, paused 6.371ms total 114.981ms
I/art: Background sticky concurrent mark sweep GC freed 1095442(16MB) AllocSpace objects, 0(0B) LOS objects, 16% free, 38MB/46MB, paused 10.113ms total 107.933ms
I/art: Background partial concurrent mark sweep GC freed 1428510(22MB) AllocSpace objects, 0(0B) LOS objects, 34% free, 30MB/46MB, paused 6.517ms total 114.017ms
I/art: Background sticky concurrent mark sweep GC freed 1108116(16MB) AllocSpace objects, 0(0B) LOS objects, 27% free, 33MB/46MB, paused 7.042ms total 95.737ms
I/art: Background partial concurrent mark sweep GC freed 1478955(22MB) AllocSpace objects, 0(0B) LOS objects, 35% free, 29MB/45MB, paused 7.221ms total 121.512ms
I/art: Background sticky concurrent mark sweep GC freed 1095213(16MB) AllocSpace objects, 0(0B) LOS objects, 22% free, 35MB/45MB, paused 7.562ms total 96.328ms
I/art: Background partial concurrent mark sweep GC freed 1432494(21MB) AllocSpace objects, 0(0B) LOS objects, 34% free, 30MB/46MB, paused 6.218ms total 118.242ms
I/art: Background sticky concurrent mark sweep GC freed 1093100(16MB) AllocSpace objects, 0(0B) LOS objects, 16% free, 38MB/46MB, paused 10.552ms total 153.285ms
I/art: Background partial concurrent mark sweep GC freed 1408355(22MB) AllocSpace objects, 0(0B) LOS objects, 34% free, 30MB/46MB, paused 8.931ms total 154.970ms
I/art: Background sticky concurrent mark sweep GC freed 1086288(16MB) AllocSpace objects, 0(0B) LOS objects, 27% free, 33MB/46MB, paused 9.306ms total 123.934ms
I/art: Background partial concurrent mark sweep GC freed 1449268(22MB) AllocSpace objects, 0(0B) LOS objects, 35% free, 29MB/45MB, paused 10.031ms total 168.666ms
I/art: Background sticky concurrent mark sweep GC freed 1091333(16MB) AllocSpace objects, 0(0B) LOS objects, 23% free, 35MB/45MB, paused 10.270ms total 136.289ms
I/art: Background partial concurrent mark sweep GC freed 1428875(21MB) AllocSpace objects, 0(0B) LOS objects, 34% free, 30MB/46MB, paused 8.659ms total 159.223ms
I/art: Background sticky concurrent mark sweep GC freed 1095757(16MB) AllocSpace objects, 0(0B) LOS objects, 16% free, 38MB/46MB, paused 12.600ms total 145.759ms
I/art: Background partial concurrent mark sweep GC freed 1411055(22MB) AllocSpace objects, 0(0B) LOS objects, 34% free, 30MB/46MB, paused 9.569ms total 153.294ms
I/art: Background sticky concurrent mark sweep GC freed 1088174(16MB) AllocSpace objects, 0(0B) LOS objects, 27% free, 33MB/46MB, paused 9.736ms total 120.357ms
I/art: Background partial concurrent mark sweep GC freed 1453796(22MB) AllocSpace objects, 0(0B) LOS objects, 35% free, 29MB/45MB, paused 7.568ms total 120.352ms
I/art: Background sticky concurrent mark sweep GC freed 1058722(16MB) AllocSpace objects, 0(0B) LOS objects, 22% free, 35MB/45MB, paused 7.672ms total 99.571ms
I/art: Background partial concurrent mark sweep GC freed 1397587(21MB) AllocSpace objects, 0(0B) LOS objects, 34% free, 29MB/45MB, paused 6.147ms total 112.616ms
I/art: Background sticky concurrent mark sweep GC freed 1080526(16MB) AllocSpace objects, 0(0B) LOS objects, 18% free, 37MB/45MB, paused 5.486ms total 85.435ms
I/art: Background partial concurrent mark sweep GC freed 1378375(22MB) AllocSpace objects, 0(0B) LOS objects, 34% free, 30MB/46MB, paused 6.664ms total 111.287ms
I/art: Background sticky concurrent mark sweep GC freed 1066039(16MB) AllocSpace objects, 0(0B) LOS objects, 28% free, 33MB/46MB, paused 6.752ms total 89.233ms
I/art: Background partial concurrent mark sweep GC freed 1456931(22MB) AllocSpace objects, 0(0B) LOS objects, 35% free, 29MB/45MB, paused 6.940ms total 118.313ms
I/art: Background sticky concurrent mark sweep GC freed 1077195(16MB) AllocSpace objects, 0(0B) LOS objects, 22% free, 34MB/45MB, paused 7.516ms total 102.087ms
I/art: Background partial concurrent mark sweep GC freed 1395230(21MB) AllocSpace objects, 0(0B) LOS objects, 35% free, 29MB/45MB, paused 6.238ms total 116.491ms
I/art: Background sticky concurrent mark sweep GC freed 1084436(16MB) AllocSpace objects, 0(0B) LOS objects, 24% free, 34MB/45MB, paused 5.663ms total 87.317ms
I/art: Background partial concurrent mark sweep GC freed 1353180(21MB) AllocSpace objects, 0(0B) LOS objects, 34% free, 30MB/46MB, paused 6.546ms total 113.841ms
I/art: Background sticky concurrent mark sweep GC freed 1101546(16MB) AllocSpace objects, 0(0B) LOS objects, 28% free, 33MB/46MB, paused 6.612ms total 94.510ms
I/art: Background partial concurrent mark sweep GC freed 1487514(22MB) AllocSpace objects, 0(0B) LOS objects, 34% free, 30MB/46MB, paused 9.718ms total 168.480ms
I/art: Background sticky concurrent mark sweep GC freed 1150512(17MB) AllocSpace objects, 0(0B) LOS objects, 23% free, 35MB/46MB, paused 11.174ms total 149.386ms
I/art: Background partial concurrent mark sweep GC freed 1482269(22MB) AllocSpace objects, 0(0B) LOS objects, 34% free, 30MB/46MB, paused 8.833ms total 164.572ms
I/art: Background sticky concurrent mark sweep GC freed 1142382(17MB) AllocSpace objects, 0(0B) LOS objects, 19% free, 37MB/46MB, paused 8.243ms total 124.480ms
I/art: Background partial concurrent mark sweep GC freed 1442889(23MB) AllocSpace objects, 0(0B) LOS objects, 33% free, 31MB/47MB, paused 9.879ms total 157.856ms
I/art: Background sticky concurrent mark sweep GC freed 1116332(17MB) AllocSpace objects, 0(0B) LOS objects, 28% free, 34MB/47MB, paused 9.213ms total 125.460ms
I/art: Background partial concurrent mark sweep GC freed 1534063(23MB) AllocSpace objects, 0(0B) LOS objects, 35% free, 29MB/45MB, paused 10.404ms total 168.734ms
I/art: Background sticky concurrent mark sweep GC freed 1085071(16MB) AllocSpace objects, 0(0B) LOS objects, 23% free, 34MB/45MB, paused 7.809ms total 99.116ms
I/art: Background partial concurrent mark sweep GC freed 1420268(21MB) AllocSpace objects, 0(0B) LOS objects, 34% free, 30MB/46MB, paused 6.128ms total 117.210ms
I/art: Background sticky concurrent mark sweep GC freed 1107266(16MB) AllocSpace objects, 0(0B) LOS objects, 21% free, 36MB/46MB, paused 5.353ms total 85.223ms
I/art: Background sticky concurrent mark sweep GC freed 725036(11MB) AllocSpace objects, 0(0B) LOS objects, 13% free, 40MB/46MB, paused 8.688ms total 88.393ms
I/art: Background partial concurrent mark sweep GC freed 1407802(22MB) AllocSpace objects, 0(0B) LOS objects, 35% free, 28MB/44MB, paused 7.055ms total 108.201ms
I/art: Background sticky concurrent mark sweep GC freed 975742(14MB) AllocSpace objects, 0(0B) LOS objects, 26% free, 32MB/44MB, paused 6.709ms total 89.724ms
I/art: Background partial concurrent mark sweep GC freed 1373583(20MB) AllocSpace objects, 0(0B) LOS objects, 35% free, 29MB/45MB, paused 8.026ms total 119.091ms
I/art: Background sticky concurrent mark sweep GC freed 1037346(15MB) AllocSpace objects, 0(0B) LOS objects, 23% free, 34MB/45MB, paused 7.262ms total 91.415ms
I/art: Background partial concurrent mark sweep GC freed 1400610(21MB) AllocSpace objects, 0(0B) LOS objects, 34% free, 30MB/46MB, paused 6.014ms total 111.175ms
I/art: Background sticky concurrent mark sweep GC freed 823081(12MB) AllocSpace objects, 0(0B) LOS objects, 14% free, 39MB/46MB, paused 7.174ms total 111.867ms
I/art: Background partial concurrent mark sweep GC freed 1386190(22MB) AllocSpace objects, 0(0B) LOS objects, 34% free, 30MB/46MB, paused 8.326ms total 112.438ms
I/art: Background sticky concurrent mark sweep GC freed 1077197(16MB) AllocSpace objects, 0(0B) LOS objects, 28% free, 33MB/46MB, paused 7.440ms total 91.613ms
I/art: Background partial concurrent mark sweep GC freed 1485170(22MB) AllocSpace objects, 0(0B) LOS objects, 34% free, 29MB/45MB, paused 7.212ms total 122.575ms
I/art: Background sticky concurrent mark sweep GC freed 1107887(16MB) AllocSpace objects, 0(0B) LOS objects, 21% free, 35MB/45MB, paused 8.229ms total 102.854ms
I/art: Background partial concurrent mark sweep GC freed 1434467(21MB) AllocSpace objects, 0(0B) LOS objects, 34% free, 29MB/45MB, paused 6.070ms total 117.363ms
I/art: Background sticky concurrent mark sweep GC freed 1074921(16MB) AllocSpace objects, 0(0B) LOS objects, 16% free, 38MB/45MB, paused 7.729ms total 114.799ms
I/art: Background partial concurrent mark sweep GC freed 1391276(22MB) AllocSpace objects, 0(0B) LOS objects, 34% free, 30MB/46MB, paused 10.064ms total 153.665ms
I/art: Background sticky concurrent mark sweep GC freed 1127893(17MB) AllocSpace objects, 0(0B) LOS objects, 27% free, 33MB/46MB, paused 10.194ms total 128.168ms
I/art: Background partial concurrent mark sweep GC freed 1503609(22MB) AllocSpace objects, 0(0B) LOS objects, 34% free, 30MB/46MB, paused 10.287ms total 168.593ms
I/art: Background sticky concurrent mark sweep GC freed 1128988(17MB) AllocSpace objects, 0(0B) LOS objects, 22% free, 35MB/46MB, paused 11.273ms total 140.545ms
I/art: Background partial concurrent mark sweep GC freed 1462670(22MB) AllocSpace objects, 0(0B) LOS objects, 34% free, 30MB/46MB, paused 8.644ms total 160.673ms
I/art: Background sticky concurrent mark sweep GC freed 986219(15MB) AllocSpace objects, 0(0B) LOS objects, 16% free, 38MB/46MB, paused 14.065ms total 149.987ms
I/art: Background partial concurrent mark sweep GC freed 1410523(22MB) AllocSpace objects, 0(0B) LOS objects, 34% free, 30MB/46MB, paused 9.832ms total 153.922ms
I/art: Background sticky concurrent mark sweep GC freed 1073801(16MB) AllocSpace objects, 0(0B) LOS objects, 28% free, 33MB/46MB, paused 6.734ms total 90.264ms
I/art: Background partial concurrent mark sweep GC freed 1494531(22MB) AllocSpace objects, 0(0B) LOS objects, 35% free, 29MB/45MB, paused 7.323ms total 123.935ms
I/art: Background sticky concurrent mark sweep GC freed 1092771(16MB) AllocSpace objects, 0(0B) LOS objects, 23% free, 35MB/45MB, paused 7.805ms total 100.584ms
I/art: Background partial concurrent mark sweep GC freed 1426906(21MB) AllocSpace objects, 0(0B) LOS objects, 34% free, 30MB/46MB, paused 6.025ms total 118.974ms
I/art: Background sticky concurrent mark sweep GC freed 1070727(16MB) AllocSpace objects, 0(0B) LOS objects, 17% free, 38MB/46MB, paused 7.763ms total 111.300ms
I/art: Background partial concurrent mark sweep GC freed 1390595(22MB) AllocSpace objects, 0(0B) LOS objects, 34% free, 29MB/45MB, paused 6.998ms total 113.200ms
I/art: Background sticky concurrent mark sweep GC freed 1056369(16MB) AllocSpace objects, 0(0B) LOS objects, 28% free, 33MB/45MB, paused 6.790ms total 91.628ms
I/art: Background partial concurrent mark sweep GC freed 1429075(21MB) AllocSpace objects, 0(0B) LOS objects, 35% free, 28MB/44MB, paused 7.656ms total 118.579ms
I/art: Background sticky concurrent mark sweep GC freed 1032211(15MB) AllocSpace objects, 0(0B) LOS objects, 22% free, 34MB/44MB, paused 7.151ms total 97.126ms
I/art: Background partial concurrent mark sweep GC freed 1364976(20MB) AllocSpace objects, 0(0B) LOS objects, 35% free, 29MB/45MB, paused 6.093ms total 112.821ms
I/art: Background sticky concurrent mark sweep GC freed 1074153(16MB) AllocSpace objects, 0(0B) LOS objects, 23% free, 34MB/45MB, paused 5.559ms total 85.201ms
I/art: Background partial concurrent mark sweep GC freed 1353125(21MB) AllocSpace objects, 0(0B) LOS objects, 34% free, 30MB/46MB, paused 6.007ms total 110.539ms
I/art: Background sticky concurrent mark sweep GC freed 1086319(16MB) AllocSpace objects, 0(0B) LOS objects, 27% free, 33MB/46MB, paused 9.684ms total 125.886ms
I/art: Background partial concurrent mark sweep GC freed 1446239(22MB) AllocSpace objects, 0(0B) LOS objects, 35% free, 29MB/45MB, paused 9.644ms total 161.720ms
I/art: Background sticky concurrent mark sweep GC freed 1100024(16MB) AllocSpace objects, 0(0B) LOS objects, 22% free, 35MB/45MB, paused 11.108ms total 142.177ms
I/art: Background partial concurrent mark sweep GC freed 1423780(21MB) AllocSpace objects, 0(0B) LOS objects, 34% free, 30MB/46MB, paused 8.758ms total 161.532ms
I/art: Background sticky concurrent mark sweep GC freed 1119753(17MB) AllocSpace objects, 0(0B) LOS objects, 24% free, 34MB/46MB, paused 8.090ms total 121.423ms
I/art: Background partial concurrent mark sweep GC freed 1413882(22MB) AllocSpace objects, 0(0B) LOS objects, 33% free, 31MB/47MB, paused 9.326ms total 165.322ms
I/art: Background sticky concurrent mark sweep GC freed 1167921(17MB) AllocSpace objects, 0(0B) LOS objects, 27% free, 34MB/47MB, paused 9.976ms total 132.722ms
I/art: Background partial concurrent mark sweep GC freed 1566694(23MB) AllocSpace objects, 0(0B) LOS objects, 34% free, 30MB/46MB, paused 7.672ms total 133.633ms
I/art: Background sticky concurrent mark sweep GC freed 1116828(17MB) AllocSpace objects, 0(0B) LOS objects, 22% free, 35MB/46MB, paused 7.914ms total 106.337ms
I/art: Background partial concurrent mark sweep GC freed 1454545(22MB) AllocSpace objects, 0(0B) LOS objects, 34% free, 30MB/46MB, paused 6.265ms total 120.178ms
I/art: Background sticky concurrent mark sweep GC freed 1137904(17MB) AllocSpace objects, 0(0B) LOS objects, 21% free, 36MB/46MB, paused 5.538ms total 85.764ms
I/art: Background sticky concurrent mark sweep GC freed 773012(11MB) AllocSpace objects, 0(0B) LOS objects, 12% free, 40MB/46MB, paused 8.673ms total 90.490ms
I/art: Background partial concurrent mark sweep GC freed 1413126(22MB) AllocSpace objects, 0(0B) LOS objects, 35% free, 28MB/44MB, paused 7.470ms total 110.927ms
I/art: Background sticky concurrent mark sweep GC freed 993583(15MB) AllocSpace objects, 0(0B) LOS objects, 25% free, 33MB/44MB, paused 7.250ms total 89.510ms
I/art: Background partial concurrent mark sweep GC freed 1384995(21MB) AllocSpace objects, 0(0B) LOS objects, 35% free, 29MB/45MB, paused 7.673ms total 117.750ms
I/art: Background sticky concurrent mark sweep GC freed 1072246(16MB) AllocSpace objects, 0(0B) LOS objects, 23% free, 34MB/45MB, paused 6.712ms total 92.725ms
I/art: Background partial concurrent mark sweep GC freed 1429481(21MB) AllocSpace objects, 0(0B) LOS objects, 34% free, 30MB/46MB, paused 6.330ms total 115.670ms
I/art: Background sticky concurrent mark sweep GC freed 818184(12MB) AllocSpace objects, 0(0B) LOS objects, 12% free, 40MB/46MB, paused 6.163ms total 112.941ms
I/art: Background partial concurrent mark sweep GC freed 1420299(22MB) AllocSpace objects, 0(0B) LOS objects, 34% free, 30MB/46MB, paused 8.241ms total 108.251ms
I/art: Background sticky concurrent mark sweep GC freed 1062372(16MB) AllocSpace objects, 0(0B) LOS objects, 27% free, 33MB/46MB, paused 6.991ms total 87.136ms
I/art: Background partial concurrent mark sweep GC freed 1461629(22MB) AllocSpace objects, 0(0B) LOS objects, 34% free, 29MB/45MB, paused 7.760ms total 134.337ms
I/art: Background sticky concurrent mark sweep GC freed 1087023(16MB) AllocSpace objects, 0(0B) LOS objects, 23% free, 35MB/45MB, paused 10.006ms total 134.284ms
I/art: Background partial concurrent mark sweep GC freed 1455554(22MB) AllocSpace objects, 0(0B) LOS objects, 34% free, 30MB/46MB, paused 8.749ms total 161.268ms
I/art: Background sticky concurrent mark sweep GC freed 948401(14MB) AllocSpace objects, 0(0B) LOS objects, 16% free, 39MB/46MB, paused 12.014ms total 145.116ms
I/art: Background partial concurrent mark sweep GC freed 1467044(23MB) AllocSpace objects, 0(0B) LOS objects, 34% free, 30MB/46MB, paused 9.998ms total 158.459ms
I/art: Background sticky concurrent mark sweep GC freed 1124102(17MB) AllocSpace objects, 0(0B) LOS objects, 27% free, 34MB/46MB, paused 10.164ms total 127.951ms
I/art: Background partial concurrent mark sweep GC freed 1497942(22MB) AllocSpace objects, 0(0B) LOS objects, 34% free, 30MB/46MB, paused 10.217ms total 167.653ms
I/art: Background sticky concurrent mark sweep GC freed 1135130(17MB) AllocSpace objects, 0(0B) LOS objects, 22% free, 35MB/46MB, paused 10.530ms total 136.713ms
I/art: Background partial concurrent mark sweep GC freed 1458155(22MB) AllocSpace objects, 0(0B) LOS objects, 34% free, 30MB/46MB, paused 6.026ms total 116.208ms
I/art: Background sticky concurrent mark sweep GC freed 918055(14MB) AllocSpace objects, 0(0B) LOS objects, 16% free, 38MB/46MB, paused 7.325ms total 105.873ms
I/art: Background partial concurrent mark sweep GC freed 1407873(22MB) AllocSpace objects, 0(0B) LOS objects, 33% free, 31MB/47MB, paused 8.311ms total 120.360ms
I/art: Background sticky concurrent mark sweep GC freed 1107984(16MB) AllocSpace objects, 0(0B) LOS objects, 28% free, 33MB/47MB, paused 6.678ms total 93.955ms
I/art: Background partial concurrent mark sweep GC freed 1523339(23MB) AllocSpace objects, 0(0B) LOS objects, 34% free, 30MB/46MB, paused 7.090ms total 127.155ms
I/art: Background sticky concurrent mark sweep GC freed 1130190(17MB) AllocSpace objects, 0(0B) LOS objects, 24% free, 35MB/46MB, paused 6.936ms total 102.670ms
I/art: Background partial concurrent mark sweep GC freed 1475640(22MB) AllocSpace objects, 0(0B) LOS objects, 34% free, 30MB/46MB, paused 6.261ms total 121.745ms
I/art: Background sticky concurrent mark sweep GC freed 955017(14MB) AllocSpace objects, 0(0B) LOS objects, 17% free, 38MB/46MB, paused 8.611ms total 105.664ms
I/art: Background partial concurrent mark sweep GC freed 1446865(23MB) AllocSpace objects, 0(0B) LOS objects, 34% free, 30MB/46MB, paused 7.146ms total 119.008ms
I/art: Background sticky concurrent mark sweep GC freed 1105210(16MB) AllocSpace objects, 0(0B) LOS objects, 28% free, 33MB/46MB, paused 7.489ms total 95.806ms
I/art: Background partial concurrent mark sweep GC freed 1495617(22MB) AllocSpace objects, 0(0B) LOS objects, 35% free, 29MB/45MB, paused 7.244ms total 123.391ms
I/art: Background sticky concurrent mark sweep GC freed 1096571(16MB) AllocSpace objects, 0(0B) LOS objects, 23% free, 35MB/45MB, paused 7.485ms total 100.577ms
I/art: Background partial concurrent mark sweep GC freed 1441853(22MB) AllocSpace objects, 0(0B) LOS objects, 34% free, 30MB/46MB, paused 9.453ms total 161.508ms
I/art: Background sticky concurrent mark sweep GC freed 996365(15MB) AllocSpace objects, 0(0B) LOS objects, 16% free, 38MB/46MB, paused 12.285ms total 151.028ms
I/art: Background partial concurrent mark sweep GC freed 1423313(22MB) AllocSpace objects, 0(0B) LOS objects, 34% free, 30MB/46MB, paused 11.062ms total 158.364ms
I/art: Background sticky concurrent mark sweep GC freed 1084293(16MB) AllocSpace objects, 0(0B) LOS objects, 27% free, 33MB/46MB, paused 9.839ms total 122.021ms
I/art: Background partial concurrent mark sweep GC freed 1494230(22MB) AllocSpace objects, 0(0B) LOS objects, 34% free, 30MB/46MB, paused 10.219ms total 167.824ms
I/art: Background sticky concurrent mark sweep GC freed 1116312(17MB) AllocSpace objects, 0(0B) LOS objects, 23% free, 35MB/46MB, paused 10.389ms total 134.904ms
I/art: Background partial concurrent mark sweep GC freed 1455729(22MB) AllocSpace objects, 0(0B) LOS objects, 34% free, 30MB/46MB, paused 8.706ms total 165.639ms
I/art: Background sticky concurrent mark sweep GC freed 1016943(15MB) AllocSpace objects, 0(0B) LOS objects, 16% free, 38MB/46MB, paused 8.657ms total 109.181ms
I/art: Background partial concurrent mark sweep GC freed 1429762(22MB) AllocSpace objects, 0(0B) LOS objects, 34% free, 31MB/47MB, paused 7.734ms total 115.961ms
I/art: Background sticky concurrent mark sweep GC freed 1119664(17MB) AllocSpace objects, 0(0B) LOS objects, 27% free, 34MB/47MB, paused 6.990ms total 97.148ms
I/art: Background partial concurrent mark sweep GC freed 1504927(22MB) AllocSpace objects, 0(0B) LOS objects, 34% free, 30MB/46MB, paused 7.161ms total 127.149ms
I/art: Background sticky concurrent mark sweep GC freed 1142736(17MB) AllocSpace objects, 0(0B) LOS objects, 23% free, 35MB/46MB, paused 7.278ms total 104.072ms
I/art: Background partial concurrent mark sweep GC freed 1458381(22MB) AllocSpace objects, 0(0B) LOS objects, 34% free, 30MB/46MB, paused 6.194ms total 118.469ms
I/art: Background sticky concurrent mark sweep GC freed 971424(14MB) AllocSpace objects, 0(0B) LOS objects, 17% free, 38MB/46MB, paused 9.205ms total 106.670ms
I/art: Background partial concurrent mark sweep GC freed 1421136(22MB) AllocSpace objects, 0(0B) LOS objects, 34% free, 30MB/46MB, paused 7.872ms total 118.642ms
I/art: Background sticky concurrent mark sweep GC freed 1083661(16MB) AllocSpace objects, 0(0B) LOS objects, 27% free, 33MB/46MB, paused 7.328ms total 91.438ms
I/art: Background partial concurrent mark sweep GC freed 1513367(23MB) AllocSpace objects, 0(0B) LOS objects, 35% free, 29MB/45MB, paused 7.362ms total 125.029ms
I/art: Background sticky concurrent mark sweep GC freed 1096154(16MB) AllocSpace objects, 0(0B) LOS objects, 23% free, 35MB/45MB, paused 7.502ms total 99.868ms
I/art: Background partial concurrent mark sweep GC freed 1428382(21MB) AllocSpace objects, 0(0B) LOS objects, 34% free, 30MB/46MB, paused 6.074ms total 118.505ms
I/art: Background sticky concurrent mark sweep GC freed 1037164(15MB) AllocSpace objects, 0(0B) LOS objects, 16% free, 38MB/46MB, paused 8.495ms total 106.681ms
I/art: Background partial concurrent mark sweep GC freed 1413336(22MB) AllocSpace objects, 0(0B) LOS objects, 34% free, 30MB/46MB, paused 10.982ms total 162.345ms
I/art: Background sticky concurrent mark sweep GC freed 1126391(17MB) AllocSpace objects, 0(0B) LOS objects, 26% free, 34MB/46MB, paused 10.299ms total 126.887ms
I/art: Background partial concurrent mark sweep GC freed 1495571(22MB) AllocSpace objects, 0(0B) LOS objects, 34% free, 30MB/46MB, paused 9.923ms total 167.600ms
I/art: Background sticky concurrent mark sweep GC freed 1119015(17MB) AllocSpace objects, 0(0B) LOS objects, 22% free, 35MB/46MB, paused 10.678ms total 139.627ms
I/art: Background partial concurrent mark sweep GC freed 1460894(22MB) AllocSpace objects, 0(0B) LOS objects, 34% free, 30MB/46MB, paused 8.653ms total 164.332ms
I/art: Background sticky concurrent mark sweep GC freed 1004211(15MB) AllocSpace objects, 0(0B) LOS objects, 16% free, 39MB/46MB, paused 14.054ms total 155.434ms
I/art: Background partial concurrent mark sweep GC freed 1424716(22MB) AllocSpace objects, 0(0B) LOS objects, 34% free, 30MB/46MB, paused 10.906ms total 157.408ms
I/art: Background sticky concurrent mark sweep GC freed 1070497(16MB) AllocSpace objects, 0(0B) LOS objects, 28% free, 33MB/46MB, paused 6.581ms total 88.754ms
I/art: Background partial concurrent mark sweep GC freed 1505875(22MB) AllocSpace objects, 0(0B) LOS objects, 34% free, 29MB/45MB, paused 7.430ms total 126.075ms
I/art: Background sticky concurrent mark sweep GC freed 1090683(16MB) AllocSpace objects, 0(0B) LOS objects, 24% free, 34MB/45MB, paused 7.651ms total 100.079ms
I/art: Background partial concurrent mark sweep GC freed 1457170(22MB) AllocSpace objects, 0(0B) LOS objects, 34% free, 30MB/46MB, paused 6.205ms total 117.196ms
I/art: Background sticky concurrent mark sweep GC freed 1043790(15MB) AllocSpace objects, 0(0B) LOS objects, 16% free, 38MB/46MB, paused 9.787ms total 109.019ms
I/art: Background partial concurrent mark sweep GC freed 1406640(22MB) AllocSpace objects, 0(0B) LOS objects, 34% free, 29MB/45MB, paused 7.147ms total 116.002ms
I/art: Background sticky concurrent mark sweep GC freed 1060242(16MB) AllocSpace objects, 0(0B) LOS objects, 28% free, 33MB/45MB, paused 6.663ms total 91.155ms
I/art: Background partial concurrent mark sweep GC freed 1442426(22MB) AllocSpace objects, 0(0B) LOS objects, 35% free, 29MB/45MB, paused 7.292ms total 123.138ms
I/art: Background sticky concurrent mark sweep GC freed 1083493(16MB) AllocSpace objects, 0(0B) LOS objects, 22% free, 35MB/45MB, paused 7.705ms total 101.623ms
I/art: Background partial concurrent mark sweep GC freed 1409593(21MB) AllocSpace objects, 0(0B) LOS objects, 34% free, 30MB/46MB, paused 6.178ms total 116.456ms
I/art: Background sticky concurrent mark sweep GC freed 1105913(16MB) AllocSpace objects, 0(0B) LOS objects, 20% free, 36MB/46MB, paused 5.478ms total 85.883ms
I/art: Background sticky concurrent mark sweep GC freed 730772(11MB) AllocSpace objects, 0(0B) LOS objects, 13% free, 39MB/46MB, paused 7.853ms total 85.576ms
I/art: Background partial concurrent mark sweep GC freed 1402479(22MB) AllocSpace objects, 0(0B) LOS objects, 35% free, 28MB/44MB, paused 6.578ms total 105.058ms
I/art: Background sticky concurrent mark sweep GC freed 1002634(15MB) AllocSpace objects, 0(0B) LOS objects, 25% free, 33MB/44MB, paused 9.887ms total 117.010ms
I/art: Background partial concurrent mark sweep GC freed 1383709(21MB) AllocSpace objects, 0(0B) LOS objects, 34% free, 30MB/46MB, paused 11.188ms total 163.888ms
I/art: Background sticky concurrent mark sweep GC freed 1098056(16MB) AllocSpace objects, 0(0B) LOS objects, 23% free, 35MB/46MB, paused 9.164ms total 125.657ms
I/art: Background partial concurrent mark sweep GC freed 1485054(22MB) AllocSpace objects, 0(0B) LOS objects, 34% free, 30MB/46MB, paused 8.745ms total 160.531ms
I/art: Background sticky concurrent mark sweep GC freed 866496(13MB) AllocSpace objects, 0(0B) LOS objects, 13% free, 40MB/46MB, paused 9.505ms total 150.863ms
I/art: Background partial concurrent mark sweep GC freed 1435751(22MB) AllocSpace objects, 0(0B) LOS objects, 34% free, 30MB/46MB, paused 11.438ms total 151.035ms
I/art: Background sticky concurrent mark sweep GC freed 1079516(16MB) AllocSpace objects, 0(0B) LOS objects, 26% free, 33MB/46MB, paused 9.863ms total 121.305ms
I/art: Background partial concurrent mark sweep GC freed 1469015(22MB) AllocSpace objects, 0(0B) LOS objects, 34% free, 29MB/45MB, paused 11.329ms total 165.048ms
I/art: Background sticky concurrent mark sweep GC freed 1083401(16MB) AllocSpace objects, 0(0B) LOS objects, 23% free, 34MB/45MB, paused 9.486ms total 128.590ms
I/art: Background partial concurrent mark sweep GC freed 1449506(22MB) AllocSpace objects, 0(0B) LOS objects, 34% free, 30MB/46MB, paused 8.541ms total 156.141ms
I/art: Background sticky concurrent mark sweep GC freed 881592(13MB) AllocSpace objects, 0(0B) LOS objects, 16% free, 39MB/46MB, paused 10.693ms total 146.181ms
I/art: Background partial concurrent mark sweep GC freed 1433964(22MB) AllocSpace objects, 0(0B) LOS objects, 34% free, 30MB/46MB, paused 9.819ms total 153.727ms
I/art: Background sticky concurrent mark sweep GC freed 1088000(16MB) AllocSpace objects, 0(0B) LOS objects, 28% free, 33MB/46MB, paused 6.741ms total 92.146ms
I/art: Background partial concurrent mark sweep GC freed 1468717(22MB) AllocSpace objects, 0(0B) LOS objects, 34% free, 29MB/45MB, paused 7.192ms total 122.414ms
I/art: Background sticky concurrent mark sweep GC freed 1094822(16MB) AllocSpace objects, 0(0B) LOS objects, 23% free, 34MB/45MB, paused 6.949ms total 97.655ms
I/art: Background partial concurrent mark sweep GC freed 1439807(21MB) AllocSpace objects, 0(0B) LOS objects, 34% free, 30MB/46MB, paused 6.111ms total 117.682ms
I/art: Background sticky concurrent mark sweep GC freed 1003791(15MB) AllocSpace objects, 0(0B) LOS objects, 16% free, 38MB/46MB, paused 8.752ms total 106.876ms
I/art: Background partial concurrent mark sweep GC freed 1400126(22MB) AllocSpace objects, 0(0B) LOS objects, 34% free, 30MB/46MB, paused 6.684ms total 118.765ms
I/art: Background sticky concurrent mark sweep GC freed 1077624(16MB) AllocSpace objects, 0(0B) LOS objects, 28% free, 33MB/46MB, paused 6.757ms total 88.904ms
I/art: Background partial concurrent mark sweep GC freed 1466048(22MB) AllocSpace objects, 0(0B) LOS objects, 35% free, 29MB/45MB, paused 7.375ms total 123.003ms
I/art: Background sticky concurrent mark sweep GC freed 1081269(16MB) AllocSpace objects, 0(0B) LOS objects, 23% free, 34MB/45MB, paused 7.424ms total 100.352ms
I/art: Background partial concurrent mark sweep GC freed 1427314(21MB) AllocSpace objects, 0(0B) LOS objects, 34% free, 30MB/46MB, paused 8.719ms total 160.452ms
I/art: Background sticky concurrent mark sweep GC freed 1092413(16MB) AllocSpace objects, 0(0B) LOS objects, 18% free, 37MB/46MB, paused 10.375ms total 138.887ms
I/art: Background partial concurrent mark sweep GC freed 1408790(22MB) AllocSpace objects, 0(0B) LOS objects, 34% free, 30MB/46MB, paused 9.925ms total 154.080ms
I/art: Background sticky concurrent mark sweep GC freed 1116542(17MB) AllocSpace objects, 0(0B) LOS objects, 27% free, 34MB/46MB, paused 9.699ms total 125.204ms
I/art: Background partial concurrent mark sweep GC freed 1486570(22MB) AllocSpace objects, 0(0B) LOS objects, 34% free, 29MB/45MB, paused 10.446ms total 164.709ms
I/art: Background sticky concurrent mark sweep GC freed 1106516(16MB) AllocSpace objects, 0(0B) LOS objects, 22% free, 35MB/45MB, paused 10.236ms total 134.517ms
I/art: Background partial concurrent mark sweep GC freed 1461140(22MB) AllocSpace objects, 0(0B) LOS objects, 34% free, 30MB/46MB, paused 8.900ms total 159.043ms
I/art: Background sticky concurrent mark sweep GC freed 1065419(16MB) AllocSpace objects, 0(0B) LOS objects, 17% free, 38MB/46MB, paused 8.855ms total 116.581ms
I/art: Background partial concurrent mark sweep GC freed 1438838(22MB) AllocSpace objects, 0(0B) LOS objects, 34% free, 30MB/46MB, paused 8.153ms total 116.601ms
I/art: Background sticky concurrent mark sweep GC freed 1098232(16MB) AllocSpace objects, 0(0B) LOS objects, 27% free, 33MB/46MB, paused 6.889ms total 92.688ms
I/art: Background partial concurrent mark sweep GC freed 1490945(22MB) AllocSpace objects, 0(0B) LOS objects, 34% free, 29MB/45MB, paused 7.433ms total 124.678ms
I/art: Background sticky concurrent mark sweep GC freed 1099974(16MB) AllocSpace objects, 0(0B) LOS objects, 24% free, 34MB/45MB, paused 6.826ms total 97.786ms
I/art: Background partial concurrent mark sweep GC freed 1439707(21MB) AllocSpace objects, 0(0B) LOS objects, 34% free, 30MB/46MB, paused 6.196ms total 120.834ms
I/art: Background sticky concurrent mark sweep GC freed 1056012(16MB) AllocSpace objects, 0(0B) LOS objects, 15% free, 38MB/46MB, paused 9.865ms total 110.149ms
I/art: Background partial concurrent mark sweep GC freed 1418601(22MB) AllocSpace objects, 0(0B) LOS objects, 33% free, 31MB/47MB, paused 8.212ms total 120.063ms
I/art: Background sticky concurrent mark sweep GC freed 1140386(17MB) AllocSpace objects, 0(0B) LOS objects, 27% free, 34MB/47MB, paused 7.500ms total 94.861ms
I/art: Background partial concurrent mark sweep GC freed 1515698(23MB) AllocSpace objects, 0(0B) LOS objects, 34% free, 29MB/45MB, paused 7.134ms total 127.628ms
I/art: Background sticky concurrent mark sweep GC freed 1120101(17MB) AllocSpace objects, 0(0B) LOS objects, 22% free, 35MB/45MB, paused 10.381ms total 139.768ms
I/art: Background partial concurrent mark sweep GC freed 1445291(22MB) AllocSpace objects, 0(0B) LOS objects, 33% free, 31MB/47MB, paused 8.866ms total 161.561ms
I/art: Background sticky concurrent mark sweep GC freed 972609(14MB) AllocSpace objects, 0(0B) LOS objects, 16% free, 39MB/47MB, paused 10.352ms total 145.851ms
I/art: Background partial concurrent mark sweep GC freed 1497469(23MB) AllocSpace objects, 0(0B) LOS objects, 33% free, 31MB/47MB, paused 11.267ms total 165.021ms
I/art: Background sticky concurrent mark sweep GC freed 1153755(17MB) AllocSpace objects, 0(0B) LOS objects, 27% free, 34MB/47MB, paused 9.955ms total 126.752ms
I/art: Background partial concurrent mark sweep GC freed 1532311(23MB) AllocSpace objects, 0(0B) LOS objects, 34% free, 30MB/46MB, paused 10.764ms total 173.777ms
I/art: Background sticky concurrent mark sweep GC freed 1122700(17MB) AllocSpace objects, 0(0B) LOS objects, 22% free, 35MB/46MB, paused 10.227ms total 136.164ms
I/art: Background partial concurrent mark sweep GC freed 1464973(22MB) AllocSpace objects, 0(0B) LOS objects, 33% free, 31MB/47MB, paused 8.669ms total 158.239ms
I/art: Background sticky concurrent mark sweep GC freed 933613(14MB) AllocSpace objects, 0(0B) LOS objects, 17% free, 38MB/47MB, paused 10.453ms total 148.433ms
I/art: Background partial concurrent mark sweep GC freed 1496744(23MB) AllocSpace objects, 0(0B) LOS objects, 33% free, 31MB/47MB, paused 12.052ms total 156.422ms
I/art: Background sticky concurrent mark sweep GC freed 1139534(17MB) AllocSpace objects, 0(0B) LOS objects, 29% free, 33MB/47MB, paused 6.894ms total 93.904ms
I/art: Background partial concurrent mark sweep GC freed 1547776(23MB) AllocSpace objects, 0(0B) LOS objects, 34% free, 29MB/45MB, paused 7.883ms total 127.814ms
I/art: Background sticky concurrent mark sweep GC freed 1101680(16MB) AllocSpace objects, 0(0B) LOS objects, 23% free, 35MB/45MB, paused 6.974ms total 96.204ms
I/art: Background partial concurrent mark sweep GC freed 1448230(22MB) AllocSpace objects, 0(0B) LOS objects, 34% free, 30MB/46MB, paused 6.109ms total 116.451ms
I/art: Background sticky concurrent mark sweep GC freed 809490(12MB) AllocSpace objects, 0(0B) LOS objects, 14% free, 39MB/46MB, paused 7.137ms total 113.844ms
I/art: Background partial concurrent mark sweep GC freed 1427842(22MB) AllocSpace objects, 0(0B) LOS objects, 34% free, 30MB/46MB, paused 7.456ms total 113.946ms
I/art: Background sticky concurrent mark sweep GC freed 1069034(16MB) AllocSpace objects, 0(0B) LOS objects, 27% free, 33MB/46MB, paused 6.967ms total 88.144ms
I/art: Background partial concurrent mark sweep GC freed 1466945(22MB) AllocSpace objects, 0(0B) LOS objects, 34% free, 29MB/45MB, paused 7.104ms total 120.161ms
I/art: Background sticky concurrent mark sweep GC freed 1094875(16MB) AllocSpace objects, 0(0B) LOS objects, 23% free, 35MB/45MB, paused 7.205ms total 98.449ms
I/art: Background partial concurrent mark sweep GC freed 1445337(22MB) AllocSpace objects, 0(0B) LOS objects, 34% free, 30MB/46MB, paused 6.584ms total 120.426ms
I/art: Background sticky concurrent mark sweep GC freed 1033213(15MB) AllocSpace objects, 0(0B) LOS objects, 16% free, 38MB/46MB, paused 8.867ms total 106.729ms
I/art: Background partial concurrent mark sweep GC freed 1409871(22MB) AllocSpace objects, 0(0B) LOS objects, 34% free, 30MB/46MB, paused 7.277ms total 116.401ms
I/art: Background sticky concurrent mark sweep GC freed 1114778(17MB) AllocSpace objects, 0(0B) LOS objects, 26% free, 34MB/46MB, paused 9.772ms total 135.508ms
I/art: Background partial concurrent mark sweep GC freed 1480031(22MB) AllocSpace objects, 0(0B) LOS objects, 34% free, 30MB/46MB, paused 10.688ms total 168.793ms
I/art: Background sticky concurrent mark sweep GC freed 1123479(17MB) AllocSpace objects, 0(0B) LOS objects, 22% free, 35MB/46MB, paused 10.690ms total 136.581ms
I/art: Background partial concurrent mark sweep GC freed 1474447(22MB) AllocSpace objects, 0(0B) LOS objects, 34% free, 30MB/46MB, paused 8.637ms total 161.947ms
I/art: Background sticky concurrent mark sweep GC freed 1013423(15MB) AllocSpace objects, 0(0B) LOS objects, 15% free, 39MB/46MB, paused 14.823ms total 150.348ms
I/art: Background partial concurrent mark sweep GC freed 1403937(22MB) AllocSpace objects, 0(0B) LOS objects, 34% free, 30MB/46MB, paused 10.718ms total 160.468ms
I/art: Background sticky concurrent mark sweep GC freed 1096226(16MB) AllocSpace objects, 0(0B) LOS objects, 27% free, 33MB/46MB, paused 9.718ms total 125.361ms
I/art: Background partial concurrent mark sweep GC freed 1474598(22MB) AllocSpace objects, 0(0B) LOS objects, 34% free, 29MB/45MB, paused 10.226ms total 167.103ms
I/art: Background sticky concurrent mark sweep GC freed 1095993(16MB) AllocSpace objects, 0(0B) LOS objects, 22% free, 35MB/45MB, paused 10.398ms total 135.290ms
I/art: Background partial concurrent mark sweep GC freed 1447809(22MB) AllocSpace objects, 0(0B) LOS objects, 34% free, 30MB/46MB, paused 8.846ms total 150.284ms
I/art: Background sticky concurrent mark sweep GC freed 1103099(16MB) AllocSpace objects, 0(0B) LOS objects, 16% free, 38MB/46MB, paused 8.181ms total 119.127ms
I/art: Background partial concurrent mark sweep GC freed 1389087(22MB) AllocSpace objects, 0(0B) LOS objects, 34% free, 30MB/46MB, paused 8.215ms total 112.264ms
I/art: Background sticky concurrent mark sweep GC freed 1050567(16MB) AllocSpace objects, 0(0B) LOS objects, 28% free, 33MB/46MB, paused 6.923ms total 88.530ms
I/art: Background partial concurrent mark sweep GC freed 1466467(22MB) AllocSpace objects, 0(0B) LOS objects, 35% free, 29MB/45MB, paused 7.379ms total 121.448ms
I/art: Background sticky concurrent mark sweep GC freed 1069701(16MB) AllocSpace objects, 0(0B) LOS objects, 23% free, 34MB/45MB, paused 7.310ms total 100.133ms
I/art: Background partial concurrent mark sweep GC freed 1416534(21MB) AllocSpace objects, 0(0B) LOS objects, 34% free, 30MB/46MB, paused 6.104ms total 116.045ms
I/art: Background sticky concurrent mark sweep GC freed 1102806(16MB) AllocSpace objects, 0(0B) LOS objects, 20% free, 36MB/46MB, paused 12.015ms total 92.588ms
I/art: Background partial concurrent mark sweep GC freed 1383447(22MB) AllocSpace objects, 0(0B) LOS objects, 34% free, 29MB/45MB, paused 6.478ms total 111.480ms
I/art: Background sticky concurrent mark sweep GC freed 1064021(16MB) AllocSpace objects, 0(0B) LOS objects, 28% free, 32MB/45MB, paused 6.699ms total 89.027ms
I/art: Background partial concurrent mark sweep GC freed 1441805(22MB) AllocSpace objects, 0(0B) LOS objects, 35% free, 29MB/45MB, paused 10.299ms total 160.617ms
I/art: Background sticky concurrent mark sweep GC freed 1072325(16MB) AllocSpace objects, 0(0B) LOS objects, 22% free, 35MB/45MB, paused 10.074ms total 134.666ms
I/art: Background partial concurrent mark sweep GC freed 1406936(21MB) AllocSpace objects, 0(0B) LOS objects, 34% free, 30MB/46MB, paused 8.710ms total 157.140ms
I/art: Background sticky concurrent mark sweep GC freed 1105056(16MB) AllocSpace objects, 0(0B) LOS objects, 20% free, 36MB/46MB, paused 7.731ms total 119.134ms
I/art: Background partial concurrent mark sweep GC freed 1418636(22MB) AllocSpace objects, 0(0B) LOS objects, 34% free, 30MB/46MB, paused 9.823ms total 152.041ms
I/art: Background sticky concurrent mark sweep GC freed 1106969(16MB) AllocSpace objects, 0(0B) LOS objects, 28% free, 33MB/46MB, paused 9.778ms total 120.984ms
I/art: Background partial concurrent mark sweep GC freed 1488407(22MB) AllocSpace objects, 0(0B) LOS objects, 35% free, 29MB/45MB, paused 10.045ms total 153.558ms
I/art: Background sticky concurrent mark sweep GC freed 1082007(16MB) AllocSpace objects, 0(0B) LOS objects, 22% free, 35MB/45MB, paused 7.194ms total 103.037ms
I/art: Background partial concurrent mark sweep GC freed 1411990(21MB) AllocSpace objects, 0(0B) LOS objects, 34% free, 29MB/45MB, paused 6.536ms total 114.386ms
I/art: Background sticky concurrent mark sweep GC freed 1088037(16MB) AllocSpace objects, 0(0B) LOS objects, 21% free, 35MB/45MB, paused 5.470ms total 83.824ms
I/art: Background sticky concurrent mark sweep GC freed 692478(10MB) AllocSpace objects, 0(0B) LOS objects, 10% free, 41MB/45MB, paused 7.024ms total 89.885ms
I/art: Background partial concurrent mark sweep GC freed 1373173(21MB) AllocSpace objects, 0(0B) LOS objects, 34% free, 29MB/45MB, paused 7.702ms total 113.026ms
I/art: Background sticky concurrent mark sweep GC freed 1052063(16MB) AllocSpace objects, 0(0B) LOS objects, 27% free, 33MB/45MB, paused 6.669ms total 87.147ms
I/art: Background partial concurrent mark sweep GC freed 1443987(22MB) AllocSpace objects, 0(0B) LOS objects, 35% free, 29MB/45MB, paused 7.698ms total 120.190ms
I/art: Background sticky concurrent mark sweep GC freed 1057169(16MB) AllocSpace objects, 0(0B) LOS objects, 24% free, 34MB/45MB, paused 7.178ms total 93.940ms
I/art: Background partial concurrent mark sweep GC freed 1417816(21MB) AllocSpace objects, 0(0B) LOS objects, 34% free, 30MB/46MB, paused 5.998ms total 114.066ms
