D/MyBenchmarkHandler: FFT Java_Princeton_Iterative blockSize 16
D/MyBenchmarkHandler: FFT Java_Princeton_Iterative blockSize 32
D/MyBenchmarkHandler: FFT Java_Princeton_Iterative blockSize 64
D/MyBenchmarkHandler: FFT Java_Princeton_Iterative blockSize 128
D/MyBenchmarkHandler: FFT Java_Princeton_Iterative blockSize 256
D/MyBenchmarkHandler: FFT Java_Princeton_Iterative blockSize 512
D/MyBenchmarkHandler: FFT Java_Princeton_Iterative blockSize 1024
D/MyBenchmarkHandler: FFT Java_Princeton_Iterative blockSize 2048
I/art: Background partial concurrent mark sweep GC freed 761719(17MB) AllocSpace objects, 0(0B) LOS objects, 15% free, 85MB/101MB, paused 281us total 106.834ms
D/MyBenchmarkHandler: FFT Java_Princeton_Iterative blockSize 4096
D/MyBenchmarkHandler: FFT Java_Princeton_Iterative blockSize 8192
D/MyBenchmarkHandler: FFT Java_Princeton_Iterative blockSize 16384
I/art: Background partial concurrent mark sweep GC freed 1314099(30MB) AllocSpace objects, 0(0B) LOS objects, 15% free, 84MB/100MB, paused 529us total 116.047ms
I/art: Background partial concurrent mark sweep GC freed 1237234(28MB) AllocSpace objects, 0(0B) LOS objects, 16% free, 83MB/99MB, paused 537us total 114.154ms
D/MyBenchmarkHandler: FFT Java_Princeton_Iterative blockSize 32768
I/art: Background partial concurrent mark sweep GC freed 1184040(27MB) AllocSpace objects, 0(0B) LOS objects, 16% free, 83MB/99MB, paused 821us total 112.213ms
I/art: Background partial concurrent mark sweep GC freed 1215492(27MB) AllocSpace objects, 0(0B) LOS objects, 16% free, 83MB/99MB, paused 866us total 113.302ms
I/art: Background partial concurrent mark sweep GC freed 1197678(27MB) AllocSpace objects, 0(0B) LOS objects, 16% free, 83MB/99MB, paused 845us total 111.323ms
I/art: Background partial concurrent mark sweep GC freed 1193746(27MB) AllocSpace objects, 0(0B) LOS objects, 16% free, 83MB/99MB, paused 874us total 112.165ms
I/art: Background partial concurrent mark sweep GC freed 1207378(27MB) AllocSpace objects, 0(0B) LOS objects, 16% free, 83MB/99MB, paused 941us total 112.856ms
I/art: Background partial concurrent mark sweep GC freed 1211953(27MB) AllocSpace objects, 0(0B) LOS objects, 16% free, 83MB/99MB, paused 907us total 112.043ms
I/art: Background partial concurrent mark sweep GC freed 1198191(27MB) AllocSpace objects, 0(0B) LOS objects, 16% free, 83MB/99MB, paused 869us total 112.527ms
I/art: Background partial concurrent mark sweep GC freed 1191013(27MB) AllocSpace objects, 0(0B) LOS objects, 16% free, 83MB/99MB, paused 943us total 112.768ms
D/MyBenchmarkHandler: FFT Java_Princeton_Iterative blockSize 65536
I/art: Background partial concurrent mark sweep GC freed 1207963(27MB) AllocSpace objects, 0(0B) LOS objects, 16% free, 83MB/99MB, paused 1.358ms total 115.423ms
I/art: Background partial concurrent mark sweep GC freed 1203208(27MB) AllocSpace objects, 0(0B) LOS objects, 16% free, 83MB/99MB, paused 1.515ms total 114.550ms
I/art: Background partial concurrent mark sweep GC freed 1199950(27MB) AllocSpace objects, 0(0B) LOS objects, 16% free, 83MB/99MB, paused 1.502ms total 116.866ms
I/art: Background partial concurrent mark sweep GC freed 1240838(28MB) AllocSpace objects, 0(0B) LOS objects, 15% free, 84MB/100MB, paused 1.406ms total 118.976ms
I/art: Background partial concurrent mark sweep GC freed 1220679(27MB) AllocSpace objects, 0(0B) LOS objects, 16% free, 83MB/99MB, paused 1.665ms total 118.563ms
I/art: Background partial concurrent mark sweep GC freed 1246418(28MB) AllocSpace objects, 0(0B) LOS objects, 15% free, 84MB/100MB, paused 1.251ms total 118.621ms
I/art: Background partial concurrent mark sweep GC freed 1214601(27MB) AllocSpace objects, 0(0B) LOS objects, 16% free, 83MB/99MB, paused 1.442ms total 117.808ms
I/art: Background partial concurrent mark sweep GC freed 1235271(28MB) AllocSpace objects, 0(0B) LOS objects, 16% free, 83MB/99MB, paused 1.317ms total 116.328ms
I/art: Background partial concurrent mark sweep GC freed 1222308(27MB) AllocSpace objects, 0(0B) LOS objects, 16% free, 83MB/99MB, paused 1.557ms total 117.242ms
I/art: Background partial concurrent mark sweep GC freed 1205651(27MB) AllocSpace objects, 0(0B) LOS objects, 16% free, 83MB/99MB, paused 1.348ms total 116.857ms
I/art: Background partial concurrent mark sweep GC freed 1238504(28MB) AllocSpace objects, 0(0B) LOS objects, 16% free, 83MB/99MB, paused 1.715ms total 117.368ms
I/art: Background partial concurrent mark sweep GC freed 1178954(26MB) AllocSpace objects, 0(0B) LOS objects, 16% free, 83MB/99MB, paused 1.541ms total 115.719ms
I/art: Background partial concurrent mark sweep GC freed 1212764(27MB) AllocSpace objects, 0(0B) LOS objects, 16% free, 83MB/99MB, paused 1.406ms total 118.055ms
I/art: Background partial concurrent mark sweep GC freed 1240434(28MB) AllocSpace objects, 0(0B) LOS objects, 15% free, 84MB/100MB, paused 1.288ms total 119.490ms
I/art: Background partial concurrent mark sweep GC freed 1191872(27MB) AllocSpace objects, 0(0B) LOS objects, 16% free, 83MB/99MB, paused 1.500ms total 116.413ms
I/art: Background partial concurrent mark sweep GC freed 1236179(28MB) AllocSpace objects, 0(0B) LOS objects, 15% free, 84MB/100MB, paused 1.398ms total 117.547ms
I/art: Background partial concurrent mark sweep GC freed 1231477(28MB) AllocSpace objects, 0(0B) LOS objects, 16% free, 83MB/99MB, paused 1.546ms total 116.964ms
I/art: Background partial concurrent mark sweep GC freed 1232403(28MB) AllocSpace objects, 0(0B) LOS objects, 15% free, 84MB/100MB, paused 1.432ms total 119.801ms
I/art: Background partial concurrent mark sweep GC freed 1239516(28MB) AllocSpace objects, 0(0B) LOS objects, 15% free, 84MB/100MB, paused 1.501ms total 119.875ms
I/art: Background partial concurrent mark sweep GC freed 1223242(27MB) AllocSpace objects, 0(0B) LOS objects, 16% free, 83MB/99MB, paused 1.470ms total 117.455ms
I/art: Background partial concurrent mark sweep GC freed 1267222(29MB) AllocSpace objects, 0(0B) LOS objects, 15% free, 84MB/100MB, paused 1.264ms total 121.670ms
I/art: Background partial concurrent mark sweep GC freed 1224438(28MB) AllocSpace objects, 0(0B) LOS objects, 16% free, 83MB/99MB, paused 1.476ms total 117.049ms
I/art: Background partial concurrent mark sweep GC freed 1245030(28MB) AllocSpace objects, 0(0B) LOS objects, 16% free, 83MB/99MB, paused 1.302ms total 118.748ms
I/art: Background partial concurrent mark sweep GC freed 1225658(28MB) AllocSpace objects, 0(0B) LOS objects, 16% free, 83MB/99MB, paused 1.566ms total 116.752ms
I/art: Background partial concurrent mark sweep GC freed 1261147(28MB) AllocSpace objects, 0(0B) LOS objects, 15% free, 84MB/100MB, paused 1.514ms total 121.158ms
I/art: Background partial concurrent mark sweep GC freed 1226236(28MB) AllocSpace objects, 0(0B) LOS objects, 16% free, 83MB/99MB, paused 1.620ms total 120.560ms
I/art: Background partial concurrent mark sweep GC freed 1217212(27MB) AllocSpace objects, 0(0B) LOS objects, 15% free, 84MB/100MB, paused 1.393ms total 117.593ms
I/art: Background partial concurrent mark sweep GC freed 1233710(28MB) AllocSpace objects, 0(0B) LOS objects, 16% free, 82MB/98MB, paused 1.619ms total 118.472ms
I/art: Background partial concurrent mark sweep GC freed 1176483(26MB) AllocSpace objects, 0(0B) LOS objects, 16% free, 83MB/99MB, paused 1.610ms total 117.894ms
I/art: Background partial concurrent mark sweep GC freed 1216042(27MB) AllocSpace objects, 0(0B) LOS objects, 16% free, 83MB/99MB, paused 1.393ms total 118.337ms
D/MyBenchmarkHandler: FFT Java_Princeton_Iterative blockSize 131072
I/art: Background partial concurrent mark sweep GC freed 1229908(28MB) AllocSpace objects, 0(0B) LOS objects, 16% free, 83MB/99MB, paused 2.332ms total 120.618ms
I/art: Background partial concurrent mark sweep GC freed 1236188(28MB) AllocSpace objects, 0(0B) LOS objects, 16% free, 83MB/99MB, paused 2.384ms total 120.945ms
I/art: Background partial concurrent mark sweep GC freed 1194588(27MB) AllocSpace objects, 0(0B) LOS objects, 16% free, 83MB/99MB, paused 3.139ms total 123.563ms
I/art: Background partial concurrent mark sweep GC freed 1187998(27MB) AllocSpace objects, 0(0B) LOS objects, 16% free, 83MB/99MB, paused 2.497ms total 120.316ms
I/art: Background partial concurrent mark sweep GC freed 1132037(25MB) AllocSpace objects, 0(0B) LOS objects, 16% free, 82MB/98MB, paused 3.080ms total 116.725ms
I/art: Background partial concurrent mark sweep GC freed 1188886(27MB) AllocSpace objects, 0(0B) LOS objects, 15% free, 84MB/100MB, paused 2.928ms total 124.613ms
I/art: Background partial concurrent mark sweep GC freed 1231998(28MB) AllocSpace objects, 0(0B) LOS objects, 15% free, 84MB/100MB, paused 3.106ms total 123.690ms
I/art: Background partial concurrent mark sweep GC freed 1263470(28MB) AllocSpace objects, 0(0B) LOS objects, 15% free, 84MB/100MB, paused 3.230ms total 121.999ms
I/art: Background partial concurrent mark sweep GC freed 1280695(29MB) AllocSpace objects, 0(0B) LOS objects, 15% free, 84MB/100MB, paused 2.492ms total 124.391ms
I/art: Background partial concurrent mark sweep GC freed 1248379(28MB) AllocSpace objects, 0(0B) LOS objects, 15% free, 84MB/100MB, paused 2.306ms total 121.541ms
I/art: Background partial concurrent mark sweep GC freed 1235670(28MB) AllocSpace objects, 0(0B) LOS objects, 16% free, 83MB/99MB, paused 2.316ms total 123.407ms
I/art: Background partial concurrent mark sweep GC freed 1223714(28MB) AllocSpace objects, 0(0B) LOS objects, 16% free, 83MB/99MB, paused 2.657ms total 124.526ms
I/art: Background partial concurrent mark sweep GC freed 1210737(27MB) AllocSpace objects, 0(0B) LOS objects, 16% free, 83MB/99MB, paused 2.630ms total 120.798ms
I/art: Background partial concurrent mark sweep GC freed 1162763(26MB) AllocSpace objects, 0(0B) LOS objects, 16% free, 82MB/98MB, paused 3.013ms total 119.111ms
I/art: Background partial concurrent mark sweep GC freed 1199294(27MB) AllocSpace objects, 0(0B) LOS objects, 16% free, 83MB/99MB, paused 2.734ms total 121.522ms
I/art: Background partial concurrent mark sweep GC freed 1204466(27MB) AllocSpace objects, 0(0B) LOS objects, 15% free, 84MB/100MB, paused 2.440ms total 116.490ms
I/art: Background partial concurrent mark sweep GC freed 1228612(28MB) AllocSpace objects, 0(0B) LOS objects, 15% free, 84MB/100MB, paused 3.528ms total 123.174ms
I/art: Background partial concurrent mark sweep GC freed 1272874(29MB) AllocSpace objects, 0(0B) LOS objects, 16% free, 83MB/99MB, paused 2.121ms total 118.771ms
I/art: Background partial concurrent mark sweep GC freed 1233358(28MB) AllocSpace objects, 0(0B) LOS objects, 15% free, 84MB/100MB, paused 2.445ms total 121.408ms
I/art: Background partial concurrent mark sweep GC freed 1246716(28MB) AllocSpace objects, 0(0B) LOS objects, 15% free, 84MB/100MB, paused 2.329ms total 125.419ms
I/art: Background partial concurrent mark sweep GC freed 1235318(28MB) AllocSpace objects, 0(0B) LOS objects, 16% free, 83MB/99MB, paused 2.599ms total 126.783ms
I/art: Background partial concurrent mark sweep GC freed 1221254(27MB) AllocSpace objects, 0(0B) LOS objects, 16% free, 83MB/99MB, paused 2.904ms total 124.189ms
I/art: Background partial concurrent mark sweep GC freed 1199495(27MB) AllocSpace objects, 0(0B) LOS objects, 16% free, 83MB/99MB, paused 2.808ms total 123.598ms
I/art: Background partial concurrent mark sweep GC freed 1151268(26MB) AllocSpace objects, 0(0B) LOS objects, 16% free, 82MB/98MB, paused 2.670ms total 116.347ms
I/art: Background partial concurrent mark sweep GC freed 1173547(26MB) AllocSpace objects, 0(0B) LOS objects, 16% free, 83MB/99MB, paused 2.432ms total 118.143ms
I/art: Background partial concurrent mark sweep GC freed 1230123(28MB) AllocSpace objects, 0(0B) LOS objects, 15% free, 84MB/100MB, paused 3.056ms total 123.202ms
I/art: Background partial concurrent mark sweep GC freed 1277656(29MB) AllocSpace objects, 0(0B) LOS objects, 16% free, 83MB/99MB, paused 2.333ms total 126.730ms
I/art: Background partial concurrent mark sweep GC freed 1221690(27MB) AllocSpace objects, 0(0B) LOS objects, 15% free, 84MB/100MB, paused 2.361ms total 127.054ms
I/art: Background partial concurrent mark sweep GC freed 1251586(28MB) AllocSpace objects, 0(0B) LOS objects, 16% free, 83MB/99MB, paused 2.369ms total 123.508ms
I/art: Background partial concurrent mark sweep GC freed 1225313(28MB) AllocSpace objects, 0(0B) LOS objects, 16% free, 83MB/99MB, paused 2.714ms total 122.874ms
I/art: Background partial concurrent mark sweep GC freed 1197649(27MB) AllocSpace objects, 0(0B) LOS objects, 16% free, 83MB/99MB, paused 3.148ms total 121.432ms
I/art: Background partial concurrent mark sweep GC freed 1138841(26MB) AllocSpace objects, 0(0B) LOS objects, 16% free, 82MB/98MB, paused 2.772ms total 115.507ms
I/art: Background partial concurrent mark sweep GC freed 1160357(26MB) AllocSpace objects, 0(0B) LOS objects, 16% free, 83MB/99MB, paused 2.396ms total 118.737ms
I/art: Background partial concurrent mark sweep GC freed 1233875(28MB) AllocSpace objects, 0(0B) LOS objects, 15% free, 84MB/100MB, paused 3.071ms total 125.098ms
I/art: Background partial concurrent mark sweep GC freed 1320359(30MB) AllocSpace objects, 0(0B) LOS objects, 15% free, 84MB/100MB, paused 2.310ms total 131.514ms
I/art: Background partial concurrent mark sweep GC freed 1251557(28MB) AllocSpace objects, 0(0B) LOS objects, 15% free, 84MB/100MB, paused 2.406ms total 124.090ms
I/art: Background partial concurrent mark sweep GC freed 1268646(29MB) AllocSpace objects, 0(0B) LOS objects, 16% free, 83MB/99MB, paused 2.405ms total 124.092ms
I/art: Background partial concurrent mark sweep GC freed 1237481(28MB) AllocSpace objects, 0(0B) LOS objects, 16% free, 83MB/99MB, paused 2.395ms total 123.058ms
I/art: Background partial concurrent mark sweep GC freed 1216412(27MB) AllocSpace objects, 0(0B) LOS objects, 16% free, 83MB/99MB, paused 2.910ms total 122.872ms
I/art: Background partial concurrent mark sweep GC freed 1174301(26MB) AllocSpace objects, 0(0B) LOS objects, 16% free, 82MB/98MB, paused 2.736ms total 122.424ms
I/art: Background partial concurrent mark sweep GC freed 1177324(26MB) AllocSpace objects, 0(0B) LOS objects, 16% free, 82MB/98MB, paused 2.672ms total 121.114ms
I/art: Background partial concurrent mark sweep GC freed 1136625(26MB) AllocSpace objects, 0(0B) LOS objects, 16% free, 83MB/99MB, paused 2.358ms total 118.919ms
I/art: Background partial concurrent mark sweep GC freed 1277560(29MB) AllocSpace objects, 0(0B) LOS objects, 16% free, 83MB/99MB, paused 2.295ms total 123.180ms
I/art: Background partial concurrent mark sweep GC freed 1223304(27MB) AllocSpace objects, 0(0B) LOS objects, 15% free, 84MB/100MB, paused 2.306ms total 121.026ms
I/art: Background partial concurrent mark sweep GC freed 1240909(28MB) AllocSpace objects, 0(0B) LOS objects, 15% free, 84MB/100MB, paused 2.356ms total 127.284ms
I/art: Background partial concurrent mark sweep GC freed 1236105(28MB) AllocSpace objects, 0(0B) LOS objects, 16% free, 83MB/99MB, paused 2.760ms total 126.731ms
I/art: Background partial concurrent mark sweep GC freed 1216204(27MB) AllocSpace objects, 0(0B) LOS objects, 16% free, 83MB/99MB, paused 2.732ms total 127.511ms
I/art: Background partial concurrent mark sweep GC freed 1158397(26MB) AllocSpace objects, 0(0B) LOS objects, 16% free, 82MB/98MB, paused 2.906ms total 117.161ms
I/art: Background partial concurrent mark sweep GC freed 1187696(27MB) AllocSpace objects, 0(0B) LOS objects, 16% free, 83MB/99MB, paused 2.581ms total 122.591ms
I/art: Background partial concurrent mark sweep GC freed 1204153(27MB) AllocSpace objects, 0(0B) LOS objects, 15% free, 84MB/100MB, paused 2.100ms total 118.922ms
I/art: Background partial concurrent mark sweep GC freed 1231016(28MB) AllocSpace objects, 0(0B) LOS objects, 15% free, 84MB/100MB, paused 2.817ms total 121.154ms
I/art: Background partial concurrent mark sweep GC freed 1236244(28MB) AllocSpace objects, 0(0B) LOS objects, 15% free, 84MB/100MB, paused 3.687ms total 126.736ms
I/art: Background partial concurrent mark sweep GC freed 1266339(28MB) AllocSpace objects, 0(0B) LOS objects, 15% free, 84MB/100MB, paused 3.735ms total 124.848ms
I/art: Background partial concurrent mark sweep GC freed 1271050(29MB) AllocSpace objects, 0(0B) LOS objects, 15% free, 85MB/101MB, paused 3.430ms total 174.862ms
I/art: Background partial concurrent mark sweep GC freed 1309713(29MB) AllocSpace objects, 0(0B) LOS objects, 15% free, 85MB/101MB, paused 3.324ms total 179.197ms
I/art: Background partial concurrent mark sweep GC freed 1288875(29MB) AllocSpace objects, 0(0B) LOS objects, 15% free, 84MB/100MB, paused 2.996ms total 126.490ms
I/art: Background partial concurrent mark sweep GC freed 1228265(28MB) AllocSpace objects, 0(0B) LOS objects, 16% free, 83MB/99MB, paused 2.558ms total 123.015ms
I/art: Background partial concurrent mark sweep GC freed 1232542(28MB) AllocSpace objects, 0(0B) LOS objects, 15% free, 84MB/100MB, paused 3.209ms total 133.153ms
I/art: Background partial concurrent mark sweep GC freed 1213230(27MB) AllocSpace objects, 0(0B) LOS objects, 16% free, 83MB/99MB, paused 3.162ms total 129.736ms
I/art: Background partial concurrent mark sweep GC freed 1167041(26MB) AllocSpace objects, 0(0B) LOS objects, 16% free, 82MB/98MB, paused 2.796ms total 124.083ms
I/art: Background partial concurrent mark sweep GC freed 1206446(27MB) AllocSpace objects, 0(0B) LOS objects, 15% free, 84MB/100MB, paused 2.874ms total 163.854ms
I/art: Background partial concurrent mark sweep GC freed 1278156(29MB) AllocSpace objects, 0(0B) LOS objects, 16% free, 83MB/99MB, paused 2.855ms total 128.016ms
I/art: Background partial concurrent mark sweep GC freed 1212159(27MB) AllocSpace objects, 0(0B) LOS objects, 15% free, 84MB/100MB, paused 2.774ms total 122.494ms
I/art: Background partial concurrent mark sweep GC freed 1292165(29MB) AllocSpace objects, 0(0B) LOS objects, 16% free, 83MB/99MB, paused 2.585ms total 129.957ms
I/art: Background partial concurrent mark sweep GC freed 1233191(28MB) AllocSpace objects, 0(0B) LOS objects, 15% free, 84MB/100MB, paused 2.663ms total 129.813ms
I/art: Background partial concurrent mark sweep GC freed 1306894(29MB) AllocSpace objects, 0(0B) LOS objects, 15% free, 85MB/101MB, paused 3.301ms total 173.253ms
I/art: Background partial concurrent mark sweep GC freed 1344807(30MB) AllocSpace objects, 0(0B) LOS objects, 15% free, 85MB/101MB, paused 3.311ms total 181.611ms
I/art: Background partial concurrent mark sweep GC freed 1310418(29MB) AllocSpace objects, 0(0B) LOS objects, 15% free, 85MB/101MB, paused 3.278ms total 172.222ms
I/art: Background partial concurrent mark sweep GC freed 1279182(29MB) AllocSpace objects, 0(0B) LOS objects, 16% free, 83MB/99MB, paused 2.503ms total 124.487ms
I/art: Background partial concurrent mark sweep GC freed 1223376(28MB) AllocSpace objects, 0(0B) LOS objects, 16% free, 83MB/99MB, paused 2.959ms total 122.599ms
I/art: Background partial concurrent mark sweep GC freed 1160253(26MB) AllocSpace objects, 0(0B) LOS objects, 16% free, 82MB/98MB, paused 2.624ms total 118.998ms
I/art: Background partial concurrent mark sweep GC freed 1204543(27MB) AllocSpace objects, 0(0B) LOS objects, 16% free, 82MB/98MB, paused 2.415ms total 124.887ms
I/art: Background partial concurrent mark sweep GC freed 1124325(25MB) AllocSpace objects, 0(0B) LOS objects, 16% free, 83MB/99MB, paused 2.048ms total 113.409ms
I/art: Background partial concurrent mark sweep GC freed 1220089(27MB) AllocSpace objects, 0(0B) LOS objects, 16% free, 83MB/99MB, paused 3.505ms total 122.676ms
I/art: Background partial concurrent mark sweep GC freed 1252215(28MB) AllocSpace objects, 0(0B) LOS objects, 16% free, 83MB/99MB, paused 2.127ms total 123.098ms
I/art: Background partial concurrent mark sweep GC freed 1246362(28MB) AllocSpace objects, 0(0B) LOS objects, 15% free, 85MB/101MB, paused 3.590ms total 163.636ms
I/art: Background partial concurrent mark sweep GC freed 1336616(30MB) AllocSpace objects, 0(0B) LOS objects, 15% free, 85MB/101MB, paused 3.250ms total 173.498ms
I/art: Background partial concurrent mark sweep GC freed 1354553(31MB) AllocSpace objects, 0(0B) LOS objects, 15% free, 85MB/101MB, paused 3.737ms total 176.321ms
I/art: Background partial concurrent mark sweep GC freed 1369674(31MB) AllocSpace objects, 0(0B) LOS objects, 15% free, 86MB/102MB, paused 3.303ms total 176.943ms
I/art: Background partial concurrent mark sweep GC freed 1342896(30MB) AllocSpace objects, 0(0B) LOS objects, 16% free, 83MB/99MB, paused 2.384ms total 125.921ms
I/art: Background partial concurrent mark sweep GC freed 1239035(28MB) AllocSpace objects, 0(0B) LOS objects, 16% free, 83MB/99MB, paused 2.447ms total 123.590ms
I/art: Background partial concurrent mark sweep GC freed 1224758(28MB) AllocSpace objects, 0(0B) LOS objects, 16% free, 83MB/99MB, paused 2.269ms total 116.256ms
I/art: Background partial concurrent mark sweep GC freed 1217811(27MB) AllocSpace objects, 0(0B) LOS objects, 16% free, 83MB/99MB, paused 2.708ms total 124.738ms
I/art: Background partial concurrent mark sweep GC freed 1220659(27MB) AllocSpace objects, 0(0B) LOS objects, 15% free, 84MB/100MB, paused 2.643ms total 124.424ms
I/art: Background partial concurrent mark sweep GC freed 1229529(28MB) AllocSpace objects, 0(0B) LOS objects, 16% free, 83MB/99MB, paused 3.017ms total 122.584ms
I/art: Background partial concurrent mark sweep GC freed 1193293(27MB) AllocSpace objects, 0(0B) LOS objects, 16% free, 83MB/99MB, paused 2.586ms total 121.776ms
I/art: Background partial concurrent mark sweep GC freed 1128705(25MB) AllocSpace objects, 0(0B) LOS objects, 16% free, 82MB/98MB, paused 3.028ms total 115.987ms
I/art: Background partial concurrent mark sweep GC freed 1174673(26MB) AllocSpace objects, 0(0B) LOS objects, 15% free, 84MB/100MB, paused 2.490ms total 127.245ms
I/art: Background partial concurrent mark sweep GC freed 1314433(30MB) AllocSpace objects, 0(0B) LOS objects, 15% free, 86MB/102MB, paused 3.514ms total 179.001ms
I/art: Background partial concurrent mark sweep GC freed 1403845(32MB) AllocSpace objects, 0(0B) LOS objects, 15% free, 85MB/101MB, paused 3.701ms total 182.904ms
I/art: Background partial concurrent mark sweep GC freed 1391879(31MB) AllocSpace objects, 0(0B) LOS objects, 15% free, 85MB/101MB, paused 4.032ms total 181.087ms
I/art: Background partial concurrent mark sweep GC freed 1395179(31MB) AllocSpace objects, 0(0B) LOS objects, 15% free, 85MB/101MB, paused 4.174ms total 178.939ms
I/art: Background partial concurrent mark sweep GC freed 1318704(30MB) AllocSpace objects, 0(0B) LOS objects, 16% free, 82MB/98MB, paused 2.775ms total 127.518ms
I/art: Background partial concurrent mark sweep GC freed 1191665(27MB) AllocSpace objects, 0(0B) LOS objects, 15% free, 84MB/100MB, paused 2.610ms total 118.168ms
I/art: Background partial concurrent mark sweep GC freed 1245393(28MB) AllocSpace objects, 0(0B) LOS objects, 15% free, 84MB/100MB, paused 2.390ms total 123.232ms
I/art: Background partial concurrent mark sweep GC freed 1273621(29MB) AllocSpace objects, 0(0B) LOS objects, 15% free, 84MB/100MB, paused 2.475ms total 125.420ms
I/art: Background partial concurrent mark sweep GC freed 1259557(28MB) AllocSpace objects, 0(0B) LOS objects, 15% free, 84MB/100MB, paused 2.893ms total 123.261ms
I/art: Background partial concurrent mark sweep GC freed 1234392(28MB) AllocSpace objects, 0(0B) LOS objects, 15% free, 84MB/100MB, paused 3.389ms total 121.818ms
I/art: Background partial concurrent mark sweep GC freed 1283280(29MB) AllocSpace objects, 0(0B) LOS objects, 15% free, 85MB/101MB, paused 3.601ms total 176.875ms
I/art: Background partial concurrent mark sweep GC freed 1347410(30MB) AllocSpace objects, 0(0B) LOS objects, 15% free, 85MB/101MB, paused 3.308ms total 176.572ms
I/art: Background partial concurrent mark sweep GC freed 1333116(30MB) AllocSpace objects, 0(0B) LOS objects, 15% free, 85MB/101MB, paused 3.262ms total 178.031ms
I/art: Background partial concurrent mark sweep GC freed 1332394(30MB) AllocSpace objects, 0(0B) LOS objects, 15% free, 85MB/101MB, paused 3.318ms total 174.080ms
I/art: Background partial concurrent mark sweep GC freed 1360268(31MB) AllocSpace objects, 0(0B) LOS objects, 15% free, 85MB/101MB, paused 3.557ms total 184.453ms
I/art: Background partial concurrent mark sweep GC freed 1309806(29MB) AllocSpace objects, 0(0B) LOS objects, 15% free, 84MB/100MB, paused 2.348ms total 124.776ms
I/art: Background partial concurrent mark sweep GC freed 1250600(28MB) AllocSpace objects, 0(0B) LOS objects, 16% free, 83MB/99MB, paused 2.508ms total 122.880ms
I/art: Background partial concurrent mark sweep GC freed 1234590(28MB) AllocSpace objects, 0(0B) LOS objects, 15% free, 84MB/100MB, paused 2.801ms total 127.198ms
I/art: Background sticky concurrent mark sweep GC freed 302391(6MB) AllocSpace objects, 0(0B) LOS objects, 3% free, 96MB/100MB, paused 5.014ms total 48.001ms
I/art: Background partial concurrent mark sweep GC freed 1282445(29MB) AllocSpace objects, 0(0B) LOS objects, 15% free, 85MB/101MB, paused 3.501ms total 176.763ms
I/art: Background partial concurrent mark sweep GC freed 1316587(30MB) AllocSpace objects, 0(0B) LOS objects, 15% free, 85MB/101MB, paused 3.562ms total 174.092ms
I/art: Background partial concurrent mark sweep GC freed 1319401(30MB) AllocSpace objects, 0(0B) LOS objects, 15% free, 85MB/101MB, paused 3.433ms total 180.709ms
D/MyBenchmarkHandler: FFT Java_Princeton_Iterative blockSize 262144
I/art: Background sticky concurrent mark sweep GC freed 593388(13MB) AllocSpace objects, 0(0B) LOS objects, 6% free, 95MB/101MB, paused 7.662ms total 91.505ms
I/art: Background partial concurrent mark sweep GC freed 1328706(30MB) AllocSpace objects, 0(0B) LOS objects, 15% free, 84MB/100MB, paused 7.017ms total 187.688ms
I/art: Background sticky concurrent mark sweep GC freed 673028(15MB) AllocSpace objects, 0(0B) LOS objects, 10% free, 90MB/100MB, paused 7.307ms total 92.494ms
I/art: Background partial concurrent mark sweep GC freed 1260209(28MB) AllocSpace objects, 0(0B) LOS objects, 15% free, 85MB/101MB, paused 8.862ms total 194.021ms
I/art: Background sticky concurrent mark sweep GC freed 728209(16MB) AllocSpace objects, 0(0B) LOS objects, 8% free, 92MB/101MB, paused 8.199ms total 108.545ms
I/art: Background partial concurrent mark sweep GC freed 1365056(31MB) AllocSpace objects, 0(0B) LOS objects, 15% free, 87MB/103MB, paused 6.548ms total 197.619ms
I/art: Background sticky concurrent mark sweep GC freed 807972(18MB) AllocSpace objects, 0(0B) LOS objects, 9% free, 93MB/103MB, paused 6.702ms total 98.088ms
I/art: Background partial concurrent mark sweep GC freed 1455597(33MB) AllocSpace objects, 0(0B) LOS objects, 15% free, 87MB/103MB, paused 6.341ms total 195.479ms
I/art: Background sticky concurrent mark sweep GC freed 798531(18MB) AllocSpace objects, 0(0B) LOS objects, 12% free, 90MB/103MB, paused 7.498ms total 97.571ms
I/art: Background partial concurrent mark sweep GC freed 1368586(31MB) AllocSpace objects, 0(0B) LOS objects, 15% free, 84MB/100MB, paused 7.406ms total 183.417ms
I/art: Background sticky concurrent mark sweep GC freed 676170(15MB) AllocSpace objects, 0(0B) LOS objects, 9% free, 90MB/100MB, paused 5.914ms total 79.805ms
I/art: Background partial concurrent mark sweep GC freed 1279712(29MB) AllocSpace objects, 0(0B) LOS objects, 15% free, 85MB/101MB, paused 5.445ms total 150.165ms
I/art: Background sticky concurrent mark sweep GC freed 381895(8MB) AllocSpace objects, 0(0B) LOS objects, 2% free, 99MB/101MB, paused 5.064ms total 68.201ms
I/art: Background partial concurrent mark sweep GC freed 1326583(30MB) AllocSpace objects, 0(0B) LOS objects, 15% free, 85MB/101MB, paused 5.122ms total 163.784ms
I/art: Background sticky concurrent mark sweep GC freed 844974(19MB) AllocSpace objects, 0(0B) LOS objects, 5% free, 95MB/101MB, paused 6.248ms total 135.216ms
I/art: Background partial concurrent mark sweep GC freed 1190519(27MB) AllocSpace objects, 0(0B) LOS objects, 16% free, 83MB/99MB, paused 5.769ms total 138.777ms
I/art: Background sticky concurrent mark sweep GC freed 624590(14MB) AllocSpace objects, 0(0B) LOS objects, 10% free, 89MB/99MB, paused 5.475ms total 71.409ms
I/art: Background partial concurrent mark sweep GC freed 1171142(26MB) AllocSpace objects, 0(0B) LOS objects, 15% free, 85MB/101MB, paused 6.943ms total 147.145ms
I/art: Background sticky concurrent mark sweep GC freed 711376(16MB) AllocSpace objects, 0(0B) LOS objects, 8% free, 92MB/101MB, paused 9.031ms total 110.064ms
I/art: Background partial concurrent mark sweep GC freed 1323011(30MB) AllocSpace objects, 0(0B) LOS objects, 15% free, 87MB/103MB, paused 7.604ms total 196ms
I/art: Background sticky concurrent mark sweep GC freed 788526(18MB) AllocSpace objects, 0(0B) LOS objects, 9% free, 93MB/103MB, paused 6.205ms total 93.071ms
I/art: Background partial concurrent mark sweep GC freed 1455287(33MB) AllocSpace objects, 0(0B) LOS objects, 15% free, 88MB/104MB, paused 6.528ms total 192.414ms
I/art: Background sticky concurrent mark sweep GC freed 815844(18MB) AllocSpace objects, 0(0B) LOS objects, 13% free, 90MB/104MB, paused 6.980ms total 99.697ms
I/art: Background partial concurrent mark sweep GC freed 1368286(31MB) AllocSpace objects, 0(0B) LOS objects, 15% free, 85MB/101MB, paused 7.572ms total 196.456ms
I/art: Background sticky concurrent mark sweep GC freed 703152(16MB) AllocSpace objects, 0(0B) LOS objects, 9% free, 91MB/101MB, paused 7.897ms total 101.262ms
I/art: Background partial concurrent mark sweep GC freed 1351541(30MB) AllocSpace objects, 0(0B) LOS objects, 15% free, 87MB/103MB, paused 8.319ms total 210.382ms
I/art: Background sticky concurrent mark sweep GC freed 789923(18MB) AllocSpace objects, 0(0B) LOS objects, 10% free, 93MB/103MB, paused 6.868ms total 102.173ms
I/art: Background partial concurrent mark sweep GC freed 1499946(34MB) AllocSpace objects, 0(0B) LOS objects, 15% free, 85MB/101MB, paused 6.008ms total 193.455ms
I/art: Background sticky concurrent mark sweep GC freed 730535(16MB) AllocSpace objects, 0(0B) LOS objects, 8% free, 92MB/101MB, paused 8.407ms total 96.446ms
I/art: Background partial concurrent mark sweep GC freed 1293588(29MB) AllocSpace objects, 0(0B) LOS objects, 15% free, 84MB/100MB, paused 7.541ms total 183.315ms
I/art: Background sticky concurrent mark sweep GC freed 657598(15MB) AllocSpace objects, 0(0B) LOS objects, 10% free, 90MB/100MB, paused 7.428ms total 92.877ms
I/art: Background partial concurrent mark sweep GC freed 1244302(28MB) AllocSpace objects, 0(0B) LOS objects, 15% free, 85MB/101MB, paused 9.336ms total 191.570ms
I/art: Background sticky concurrent mark sweep GC freed 719442(16MB) AllocSpace objects, 0(0B) LOS objects, 8% free, 92MB/101MB, paused 8.871ms total 110.281ms
I/art: Background partial concurrent mark sweep GC freed 1333281(30MB) AllocSpace objects, 0(0B) LOS objects, 15% free, 86MB/102MB, paused 6.740ms total 195.524ms
I/art: Background sticky concurrent mark sweep GC freed 788914(18MB) AllocSpace objects, 0(0B) LOS objects, 9% free, 93MB/102MB, paused 6.006ms total 95.195ms
I/art: Background partial concurrent mark sweep GC freed 1438699(32MB) AllocSpace objects, 0(0B) LOS objects, 15% free, 87MB/103MB, paused 6.293ms total 189.445ms
I/art: Background sticky concurrent mark sweep GC freed 461833(10MB) AllocSpace objects, 0(0B) LOS objects, 6% free, 97MB/103MB, paused 5.626ms total 73.796ms
I/art: Background partial concurrent mark sweep GC freed 1344982(30MB) AllocSpace objects, 0(0B) LOS objects, 15% free, 84MB/100MB, paused 6.311ms total 140.410ms
I/art: Background sticky concurrent mark sweep GC freed 695998(15MB) AllocSpace objects, 0(0B) LOS objects, 9% free, 91MB/100MB, paused 5.810ms total 79.337ms
I/art: Background partial concurrent mark sweep GC freed 1294992(29MB) AllocSpace objects, 0(0B) LOS objects, 15% free, 86MB/102MB, paused 6.232ms total 152.412ms
I/art: Background partial concurrent mark sweep GC freed 1294023(29MB) AllocSpace objects, 0(0B) LOS objects, 15% free, 86MB/102MB, paused 4.481ms total 136.756ms
I/art: Background sticky concurrent mark sweep GC freed 734505(16MB) AllocSpace objects, 0(0B) LOS objects, 10% free, 92MB/102MB, paused 5.705ms total 73.688ms
I/art: Background sticky concurrent mark sweep GC freed 353184(8MB) AllocSpace objects, 0(0B) LOS objects, 4% free, 98MB/102MB, paused 8.048ms total 72.453ms
I/art: Background partial concurrent mark sweep GC freed 1294325(29MB) AllocSpace objects, 0(0B) LOS objects, 15% free, 84MB/100MB, paused 8.470ms total 180.373ms
I/art: Background sticky concurrent mark sweep GC freed 679759(15MB) AllocSpace objects, 0(0B) LOS objects, 9% free, 91MB/100MB, paused 7.906ms total 92.709ms
I/art: Background partial concurrent mark sweep GC freed 1296816(29MB) AllocSpace objects, 0(0B) LOS objects, 15% free, 87MB/103MB, paused 9.070ms total 202.659ms
I/art: Background sticky concurrent mark sweep GC freed 762867(17MB) AllocSpace objects, 0(0B) LOS objects, 9% free, 93MB/103MB, paused 6.394ms total 97.684ms
I/art: Background partial concurrent mark sweep GC freed 1467408(33MB) AllocSpace objects, 0(0B) LOS objects, 15% free, 87MB/103MB, paused 6.458ms total 191.307ms
I/art: Background sticky concurrent mark sweep GC freed 820011(18MB) AllocSpace objects, 0(0B) LOS objects, 10% free, 92MB/103MB, paused 6.228ms total 97.608ms
I/art: Background partial concurrent mark sweep GC freed 1400737(32MB) AllocSpace objects, 0(0B) LOS objects, 15% free, 84MB/100MB, paused 7.074ms total 193.286ms
I/art: Background sticky concurrent mark sweep GC freed 678076(15MB) AllocSpace objects, 0(0B) LOS objects, 10% free, 90MB/100MB, paused 7.214ms total 95.298ms
I/art: Background partial concurrent mark sweep GC freed 1270277(29MB) AllocSpace objects, 0(0B) LOS objects, 15% free, 85MB/101MB, paused 8.606ms total 194.001ms
I/art: Background sticky concurrent mark sweep GC freed 739088(16MB) AllocSpace objects, 0(0B) LOS objects, 9% free, 92MB/101MB, paused 8.316ms total 110.930ms
I/art: Background partial concurrent mark sweep GC freed 1350569(30MB) AllocSpace objects, 0(0B) LOS objects, 15% free, 87MB/103MB, paused 6.308ms total 193.998ms
I/art: Background sticky concurrent mark sweep GC freed 813210(18MB) AllocSpace objects, 0(0B) LOS objects, 9% free, 93MB/103MB, paused 6.054ms total 96.420ms
I/art: Background partial concurrent mark sweep GC freed 1455976(33MB) AllocSpace objects, 0(0B) LOS objects, 15% free, 87MB/103MB, paused 7.026ms total 195.382ms
I/art: Background sticky concurrent mark sweep GC freed 792734(18MB) AllocSpace objects, 0(0B) LOS objects, 12% free, 90MB/103MB, paused 6.783ms total 96.493ms
I/art: Background partial concurrent mark sweep GC freed 1359700(31MB) AllocSpace objects, 0(0B) LOS objects, 15% free, 85MB/101MB, paused 7.437ms total 195.382ms
I/art: Background sticky concurrent mark sweep GC freed 717880(16MB) AllocSpace objects, 0(0B) LOS objects, 9% free, 91MB/101MB, paused 8.349ms total 100.874ms
I/art: Background partial concurrent mark sweep GC freed 1350715(30MB) AllocSpace objects, 0(0B) LOS objects, 15% free, 87MB/103MB, paused 7.997ms total 208.721ms
I/art: Background sticky concurrent mark sweep GC freed 773689(17MB) AllocSpace objects, 0(0B) LOS objects, 10% free, 93MB/103MB, paused 6.728ms total 100.326ms
I/art: Background partial concurrent mark sweep GC freed 1492643(34MB) AllocSpace objects, 0(0B) LOS objects, 15% free, 85MB/101MB, paused 5.818ms total 188.649ms
I/art: Background sticky concurrent mark sweep GC freed 733155(16MB) AllocSpace objects, 0(0B) LOS objects, 8% free, 92MB/101MB, paused 8.496ms total 96.288ms
I/art: Background partial concurrent mark sweep GC freed 1250616(28MB) AllocSpace objects, 0(0B) LOS objects, 15% free, 84MB/100MB, paused 7.104ms total 182.443ms
I/art: Background sticky concurrent mark sweep GC freed 652409(14MB) AllocSpace objects, 0(0B) LOS objects, 9% free, 90MB/100MB, paused 7.516ms total 93.395ms
I/art: Background partial concurrent mark sweep GC freed 1267264(29MB) AllocSpace objects, 0(0B) LOS objects, 15% free, 85MB/101MB, paused 8.608ms total 191.871ms
I/art: Background sticky concurrent mark sweep GC freed 732801(16MB) AllocSpace objects, 0(0B) LOS objects, 8% free, 93MB/101MB, paused 7.956ms total 107.020ms
I/art: Background partial concurrent mark sweep GC freed 1359537(31MB) AllocSpace objects, 0(0B) LOS objects, 15% free, 87MB/103MB, paused 6.971ms total 194.931ms
I/art: Background partial concurrent mark sweep GC freed 1363448(31MB) AllocSpace objects, 0(0B) LOS objects, 15% free, 85MB/101MB, paused 5.336ms total 135.130ms
I/art: Background sticky concurrent mark sweep GC freed 703071(16MB) AllocSpace objects, 0(0B) LOS objects, 11% free, 89MB/101MB, paused 5.143ms total 73.039ms
I/art: Background sticky concurrent mark sweep GC freed 398190(9MB) AllocSpace objects, 0(0B) LOS objects, 4% free, 97MB/101MB, paused 7.202ms total 67.272ms
I/art: Background partial concurrent mark sweep GC freed 1268414(29MB) AllocSpace objects, 0(0B) LOS objects, 15% free, 84MB/100MB, paused 6.300ms total 137.772ms
I/art: Background sticky concurrent mark sweep GC freed 685849(15MB) AllocSpace objects, 0(0B) LOS objects, 8% free, 91MB/100MB, paused 6.231ms total 78.429ms
I/art: Background partial concurrent mark sweep GC freed 1273996(29MB) AllocSpace objects, 0(0B) LOS objects, 15% free, 85MB/101MB, paused 5.487ms total 146.387ms
I/art: Background partial concurrent mark sweep GC freed 1330486(30MB) AllocSpace objects, 0(0B) LOS objects, 15% free, 86MB/102MB, paused 6.618ms total 171.177ms
I/art: Background sticky concurrent mark sweep GC freed 756643(17MB) AllocSpace objects, 0(0B) LOS objects, 12% free, 90MB/102MB, paused 7.619ms total 93.811ms
I/art: Background partial concurrent mark sweep GC freed 1333837(30MB) AllocSpace objects, 0(0B) LOS objects, 15% free, 85MB/101MB, paused 7.709ms total 190.394ms
I/art: Background sticky concurrent mark sweep GC freed 704755(16MB) AllocSpace objects, 0(0B) LOS objects, 9% free, 91MB/101MB, paused 9.080ms total 101.235ms
I/art: Background partial concurrent mark sweep GC freed 1328133(30MB) AllocSpace objects, 0(0B) LOS objects, 15% free, 87MB/103MB, paused 8.998ms total 209.633ms
I/art: Background sticky concurrent mark sweep GC freed 752666(17MB) AllocSpace objects, 0(0B) LOS objects, 9% free, 93MB/103MB, paused 6.526ms total 98.731ms
I/art: Background partial concurrent mark sweep GC freed 1464703(33MB) AllocSpace objects, 0(0B) LOS objects, 15% free, 87MB/103MB, paused 6.160ms total 196.995ms
I/art: Background sticky concurrent mark sweep GC freed 827311(18MB) AllocSpace objects, 0(0B) LOS objects, 10% free, 92MB/103MB, paused 7.047ms total 98.107ms
I/art: Background partial concurrent mark sweep GC freed 1393305(31MB) AllocSpace objects, 0(0B) LOS objects, 15% free, 84MB/100MB, paused 7.268ms total 194.204ms
I/art: Background sticky concurrent mark sweep GC freed 682006(15MB) AllocSpace objects, 0(0B) LOS objects, 10% free, 90MB/100MB, paused 7.040ms total 93.896ms
I/art: Background partial concurrent mark sweep GC freed 1291529(29MB) AllocSpace objects, 0(0B) LOS objects, 15% free, 86MB/102MB, paused 8.582ms total 195.233ms
I/art: Background sticky concurrent mark sweep GC freed 757489(17MB) AllocSpace objects, 0(0B) LOS objects, 9% free, 92MB/102MB, paused 8.702ms total 110.840ms
I/art: Background partial concurrent mark sweep GC freed 1375125(31MB) AllocSpace objects, 0(0B) LOS objects, 15% free, 87MB/103MB, paused 6.434ms total 195.548ms
I/art: Background sticky concurrent mark sweep GC freed 802603(18MB) AllocSpace objects, 0(0B) LOS objects, 10% free, 92MB/103MB, paused 6.342ms total 97.714ms
I/art: Background partial concurrent mark sweep GC freed 1453349(33MB) AllocSpace objects, 0(0B) LOS objects, 15% free, 88MB/104MB, paused 6.689ms total 203.019ms
I/art: Background sticky concurrent mark sweep GC freed 795491(18MB) AllocSpace objects, 0(0B) LOS objects, 12% free, 90MB/104MB, paused 7.123ms total 101.169ms
I/art: Background partial concurrent mark sweep GC freed 1377752(31MB) AllocSpace objects, 0(0B) LOS objects, 15% free, 85MB/101MB, paused 7.399ms total 198.970ms
I/art: Background sticky concurrent mark sweep GC freed 735053(16MB) AllocSpace objects, 0(0B) LOS objects, 9% free, 91MB/101MB, paused 8.843ms total 104.623ms
I/art: Background partial concurrent mark sweep GC freed 1370736(31MB) AllocSpace objects, 0(0B) LOS objects, 15% free, 87MB/103MB, paused 7.767ms total 206.500ms
I/art: Background sticky concurrent mark sweep GC freed 786926(18MB) AllocSpace objects, 0(0B) LOS objects, 9% free, 93MB/103MB, paused 6.615ms total 100.086ms
I/art: Background partial concurrent mark sweep GC freed 1454570(33MB) AllocSpace objects, 0(0B) LOS objects, 15% free, 86MB/102MB, paused 9.098ms total 201.039ms
I/art: Background sticky concurrent mark sweep GC freed 833263(19MB) AllocSpace objects, 0(0B) LOS objects, 11% free, 91MB/102MB, paused 6.544ms total 98.163ms
I/art: Background partial concurrent mark sweep GC freed 1298824(29MB) AllocSpace objects, 0(0B) LOS objects, 15% free, 84MB/100MB, paused 7.610ms total 191.702ms
I/art: Background sticky concurrent mark sweep GC freed 672876(15MB) AllocSpace objects, 0(0B) LOS objects, 9% free, 90MB/100MB, paused 7.129ms total 93.421ms
I/art: Background partial concurrent mark sweep GC freed 1274475(29MB) AllocSpace objects, 0(0B) LOS objects, 15% free, 85MB/101MB, paused 9.267ms total 188.048ms
I/art: Background sticky concurrent mark sweep GC freed 705453(16MB) AllocSpace objects, 0(0B) LOS objects, 9% free, 92MB/101MB, paused 5.631ms total 82.977ms
I/art: Background partial concurrent mark sweep GC freed 1326989(30MB) AllocSpace objects, 0(0B) LOS objects, 15% free, 86MB/102MB, paused 4.691ms total 144.388ms
I/art: Background sticky concurrent mark sweep GC freed 426091(9MB) AllocSpace objects, 0(0B) LOS objects, 3% free, 98MB/102MB, paused 5.010ms total 68.041ms
I/art: Background partial concurrent mark sweep GC freed 1332915(30MB) AllocSpace objects, 0(0B) LOS objects, 15% free, 85MB/101MB, paused 6.318ms total 137.155ms
I/art: Background sticky concurrent mark sweep GC freed 683281(15MB) AllocSpace objects, 0(0B) LOS objects, 11% free, 89MB/101MB, paused 5.294ms total 73.832ms
I/art: Background sticky concurrent mark sweep GC freed 385435(8MB) AllocSpace objects, 0(0B) LOS objects, 4% free, 97MB/101MB, paused 5.889ms total 65.439ms
I/art: Background partial concurrent mark sweep GC freed 1264720(28MB) AllocSpace objects, 0(0B) LOS objects, 15% free, 84MB/100MB, paused 6.822ms total 134.562ms
I/art: Background sticky concurrent mark sweep GC freed 671699(15MB) AllocSpace objects, 0(0B) LOS objects, 8% free, 92MB/100MB, paused 6.015ms total 79.214ms
I/art: Background partial concurrent mark sweep GC freed 1275123(29MB) AllocSpace objects, 0(0B) LOS objects, 15% free, 86MB/102MB, paused 6.936ms total 175.485ms
I/art: Background sticky concurrent mark sweep GC freed 764550(17MB) AllocSpace objects, 0(0B) LOS objects, 9% free, 93MB/102MB, paused 6.179ms total 94.067ms
I/art: Background partial concurrent mark sweep GC freed 1430104(32MB) AllocSpace objects, 0(0B) LOS objects, 15% free, 87MB/103MB, paused 6.302ms total 183.034ms
I/art: Background sticky concurrent mark sweep GC freed 796207(18MB) AllocSpace objects, 0(0B) LOS objects, 12% free, 90MB/103MB, paused 6.993ms total 93.591ms
I/art: Background partial concurrent mark sweep GC freed 1322716(30MB) AllocSpace objects, 0(0B) LOS objects, 15% free, 84MB/100MB, paused 7.866ms total 190.125ms
I/art: Background sticky concurrent mark sweep GC freed 695087(15MB) AllocSpace objects, 0(0B) LOS objects, 9% free, 91MB/100MB, paused 7.948ms total 96.348ms
I/art: Background partial concurrent mark sweep GC freed 1308964(29MB) AllocSpace objects, 0(0B) LOS objects, 15% free, 87MB/103MB, paused 9.499ms total 208.756ms
I/art: Background sticky concurrent mark sweep GC freed 755684(17MB) AllocSpace objects, 0(0B) LOS objects, 9% free, 93MB/103MB, paused 6.332ms total 99.378ms
I/art: Background partial concurrent mark sweep GC freed 1455775(33MB) AllocSpace objects, 0(0B) LOS objects, 15% free, 87MB/103MB, paused 6.078ms total 195.005ms
I/art: Background sticky concurrent mark sweep GC freed 833431(19MB) AllocSpace objects, 0(0B) LOS objects, 10% free, 92MB/103MB, paused 6.595ms total 98.773ms
I/art: Background partial concurrent mark sweep GC freed 1442936(33MB) AllocSpace objects, 0(0B) LOS objects, 15% free, 84MB/100MB, paused 7.521ms total 194.599ms
I/art: Background sticky concurrent mark sweep GC freed 678587(15MB) AllocSpace objects, 0(0B) LOS objects, 10% free, 90MB/100MB, paused 7.107ms total 94.982ms
I/art: Background partial concurrent mark sweep GC freed 1276635(29MB) AllocSpace objects, 0(0B) LOS objects, 15% free, 86MB/102MB, paused 8.546ms total 192.735ms
I/art: Background sticky concurrent mark sweep GC freed 747611(17MB) AllocSpace objects, 0(0B) LOS objects, 9% free, 92MB/102MB, paused 8.945ms total 113.855ms
I/art: Background partial concurrent mark sweep GC freed 1381428(31MB) AllocSpace objects, 0(0B) LOS objects, 15% free, 87MB/103MB, paused 7.228ms total 198.033ms
I/art: Background sticky concurrent mark sweep GC freed 808199(18MB) AllocSpace objects, 0(0B) LOS objects, 9% free, 93MB/103MB, paused 6.071ms total 97.126ms
I/art: Background partial concurrent mark sweep GC freed 1463092(33MB) AllocSpace objects, 0(0B) LOS objects, 15% free, 88MB/104MB, paused 6.310ms total 197.457ms
I/art: Background sticky concurrent mark sweep GC freed 809452(18MB) AllocSpace objects, 0(0B) LOS objects, 12% free, 90MB/104MB, paused 6.484ms total 97.736ms
I/art: Background partial concurrent mark sweep GC freed 1376771(31MB) AllocSpace objects, 0(0B) LOS objects, 15% free, 85MB/101MB, paused 7.504ms total 195.251ms
I/art: Background sticky concurrent mark sweep GC freed 714875(16MB) AllocSpace objects, 0(0B) LOS objects, 9% free, 91MB/101MB, paused 8.377ms total 101.209ms
I/art: Background partial concurrent mark sweep GC freed 1337485(30MB) AllocSpace objects, 0(0B) LOS objects, 15% free, 87MB/103MB, paused 7.964ms total 205.842ms
I/art: Background sticky concurrent mark sweep GC freed 780923(17MB) AllocSpace objects, 0(0B) LOS objects, 9% free, 93MB/103MB, paused 6.669ms total 96.912ms
I/art: Background partial concurrent mark sweep GC freed 1495673(34MB) AllocSpace objects, 0(0B) LOS objects, 15% free, 85MB/101MB, paused 5.865ms total 189.074ms
I/art: Background sticky concurrent mark sweep GC freed 727451(16MB) AllocSpace objects, 0(0B) LOS objects, 8% free, 92MB/101MB, paused 7.569ms total 96.314ms
I/art: Background partial concurrent mark sweep GC freed 1240340(28MB) AllocSpace objects, 0(0B) LOS objects, 15% free, 84MB/100MB, paused 7.517ms total 182.142ms
I/art: Background sticky concurrent mark sweep GC freed 650759(14MB) AllocSpace objects, 0(0B) LOS objects, 9% free, 90MB/100MB, paused 7.337ms total 92.161ms
I/art: Background partial concurrent mark sweep GC freed 1253977(28MB) AllocSpace objects, 0(0B) LOS objects, 15% free, 85MB/101MB, paused 8.817ms total 189.151ms
I/art: Background sticky concurrent mark sweep GC freed 730553(16MB) AllocSpace objects, 0(0B) LOS objects, 8% free, 92MB/101MB, paused 8.477ms total 110.457ms
I/art: Background partial concurrent mark sweep GC freed 1355362(31MB) AllocSpace objects, 0(0B) LOS objects, 15% free, 87MB/103MB, paused 6.937ms total 195.856ms
I/art: Background sticky concurrent mark sweep GC freed 806042(18MB) AllocSpace objects, 0(0B) LOS objects, 9% free, 93MB/103MB, paused 5.873ms total 96.322ms
I/art: Background partial concurrent mark sweep GC freed 1466540(33MB) AllocSpace objects, 0(0B) LOS objects, 15% free, 87MB/103MB, paused 7.386ms total 199.185ms
I/art: Background sticky concurrent mark sweep GC freed 800915(18MB) AllocSpace objects, 0(0B) LOS objects, 12% free, 90MB/103MB, paused 6.812ms total 98.163ms
I/art: Background partial concurrent mark sweep GC freed 1336471(30MB) AllocSpace objects, 0(0B) LOS objects, 15% free, 84MB/100MB, paused 5.313ms total 144.657ms
I/art: Background sticky concurrent mark sweep GC freed 669436(15MB) AllocSpace objects, 0(0B) LOS objects, 9% free, 90MB/100MB, paused 5.677ms total 76.594ms
I/art: Background sticky concurrent mark sweep GC freed 358071(8MB) AllocSpace objects, 0(0B) LOS objects, 1% free, 98MB/100MB, paused 7.116ms total 77.360ms
I/art: Background partial concurrent mark sweep GC freed 1250246(28MB) AllocSpace objects, 0(0B) LOS objects, 15% free, 86MB/102MB, paused 6.904ms total 142.213ms
I/art: Background partial concurrent mark sweep GC freed 1237591(28MB) AllocSpace objects, 0(0B) LOS objects, 15% free, 86MB/102MB, paused 6.237ms total 140.880ms
I/art: Background sticky concurrent mark sweep GC freed 707240(16MB) AllocSpace objects, 0(0B) LOS objects, 9% free, 93MB/102MB, paused 5.726ms total 70.742ms
I/art: Background sticky concurrent mark sweep GC freed 333370(7MB) AllocSpace objects, 0(0B) LOS objects, 4% free, 97MB/102MB, paused 5.482ms total 58.057ms
I/art: Background partial concurrent mark sweep GC freed 1259522(28MB) AllocSpace objects, 0(0B) LOS objects, 16% free, 83MB/99MB, paused 6.339ms total 133.974ms
I/art: Background sticky concurrent mark sweep GC freed 616051(14MB) AllocSpace objects, 0(0B) LOS objects, 9% free, 90MB/99MB, paused 5.197ms total 69.244ms
I/art: Background sticky concurrent mark sweep GC freed 310320(7MB) AllocSpace objects, 0(0B) LOS objects, 1% free, 97MB/99MB, paused 9.440ms total 86.172ms
I/art: Background partial concurrent mark sweep GC freed 1232357(28MB) AllocSpace objects, 0(0B) LOS objects, 15% free, 86MB/102MB, paused 9.411ms total 191.526ms
I/art: Background sticky concurrent mark sweep GC freed 731435(16MB) AllocSpace objects, 0(0B) LOS objects, 9% free, 93MB/102MB, paused 6.290ms total 93.124ms
I/art: Background partial concurrent mark sweep GC freed 1411599(32MB) AllocSpace objects, 0(0B) LOS objects, 15% free, 87MB/103MB, paused 6.189ms total 189.153ms
I/art: Background sticky concurrent mark sweep GC freed 835491(19MB) AllocSpace objects, 0(0B) LOS objects, 10% free, 92MB/103MB, paused 6.939ms total 93.818ms
I/art: Background sticky concurrent mark sweep GC freed 465167(10MB) AllocSpace objects, 0(0B) LOS objects, 4% free, 98MB/103MB, paused 8.645ms total 81.468ms
I/art: Background partial concurrent mark sweep GC freed 1323901(30MB) AllocSpace objects, 0(0B) LOS objects, 15% free, 84MB/100MB, paused 8.344ms total 181.301ms
I/art: Background sticky concurrent mark sweep GC freed 661560(15MB) AllocSpace objects, 0(0B) LOS objects, 9% free, 90MB/100MB, paused 7.211ms total 89.614ms
I/art: Background partial concurrent mark sweep GC freed 1262573(28MB) AllocSpace objects, 0(0B) LOS objects, 15% free, 86MB/102MB, paused 8.681ms total 193.348ms
I/art: Background sticky concurrent mark sweep GC freed 753892(17MB) AllocSpace objects, 0(0B) LOS objects, 9% free, 92MB/102MB, paused 8.386ms total 109.527ms
I/art: Background partial concurrent mark sweep GC freed 1389159(31MB) AllocSpace objects, 0(0B) LOS objects, 15% free, 87MB/103MB, paused 7.007ms total 197.137ms
I/art: Background sticky concurrent mark sweep GC freed 804518(18MB) AllocSpace objects, 0(0B) LOS objects, 12% free, 90MB/103MB, paused 5.156ms total 91.096ms
I/art: Background sticky concurrent mark sweep GC freed 481998(11MB) AllocSpace objects, 0(0B) LOS objects, 3% free, 99MB/103MB, paused 7.888ms total 85.887ms
I/art: Background partial concurrent mark sweep GC freed 1418904(32MB) AllocSpace objects, 0(0B) LOS objects, 15% free, 85MB/101MB, paused 7.192ms total 183.895ms
I/art: Background sticky concurrent mark sweep GC freed 686774(15MB) AllocSpace objects, 0(0B) LOS objects, 10% free, 91MB/101MB, paused 7.424ms total 91.189ms
I/art: Background partial concurrent mark sweep GC freed 1300170(29MB) AllocSpace objects, 0(0B) LOS objects, 15% free, 85MB/101MB, paused 8.020ms total 189.717ms
I/art: Background sticky concurrent mark sweep GC freed 738540(16MB) AllocSpace objects, 0(0B) LOS objects, 8% free, 92MB/101MB, paused 8.736ms total 108.455ms
I/art: Background partial concurrent mark sweep GC freed 1358617(31MB) AllocSpace objects, 0(0B) LOS objects, 15% free, 87MB/103MB, paused 8.168ms total 200.986ms
I/art: Background sticky concurrent mark sweep GC freed 760756(17MB) AllocSpace objects, 0(0B) LOS objects, 9% free, 93MB/103MB, paused 6.100ms total 94.425ms
I/art: Background partial concurrent mark sweep GC freed 1422127(32MB) AllocSpace objects, 0(0B) LOS objects, 15% free, 87MB/103MB, paused 5.924ms total 182.674ms
I/art: Background sticky concurrent mark sweep GC freed 805067(18MB) AllocSpace objects, 0(0B) LOS objects, 12% free, 90MB/103MB, paused 7.122ms total 94.735ms
I/art: Background partial concurrent mark sweep GC freed 1328595(30MB) AllocSpace objects, 0(0B) LOS objects, 15% free, 84MB/100MB, paused 7.921ms total 191.815ms
I/art: Background sticky concurrent mark sweep GC freed 689814(15MB) AllocSpace objects, 0(0B) LOS objects, 9% free, 91MB/100MB, paused 8.298ms total 96.105ms
I/art: Background partial concurrent mark sweep GC freed 1316848(30MB) AllocSpace objects, 0(0B) LOS objects, 15% free, 87MB/103MB, paused 9.166ms total 209.401ms
I/art: Background sticky concurrent mark sweep GC freed 764823(17MB) AllocSpace objects, 0(0B) LOS objects, 9% free, 93MB/103MB, paused 6.738ms total 100.750ms
I/art: Background partial concurrent mark sweep GC freed 1469116(33MB) AllocSpace objects, 0(0B) LOS objects, 15% free, 87MB/103MB, paused 6.422ms total 196.242ms
I/art: Background sticky concurrent mark sweep GC freed 833303(19MB) AllocSpace objects, 0(0B) LOS objects, 11% free, 92MB/103MB, paused 7.094ms total 95.900ms
I/art: Background sticky concurrent mark sweep GC freed 504535(11MB) AllocSpace objects, 0(0B) LOS objects, 5% free, 98MB/103MB, paused 7.240ms total 86.176ms
I/art: Background partial concurrent mark sweep GC freed 1341873(30MB) AllocSpace objects, 0(0B) LOS objects, 15% free, 84MB/100MB, paused 8.404ms total 181.006ms
I/art: Background sticky concurrent mark sweep GC freed 668154(15MB) AllocSpace objects, 0(0B) LOS objects, 9% free, 90MB/100MB, paused 7.402ms total 90.190ms
I/art: Background partial concurrent mark sweep GC freed 1272094(29MB) AllocSpace objects, 0(0B) LOS objects, 15% free, 86MB/102MB, paused 10.057ms total 196.624ms
I/art: Background sticky concurrent mark sweep GC freed 750021(17MB) AllocSpace objects, 0(0B) LOS objects, 8% free, 93MB/102MB, paused 8.193ms total 107.994ms
I/art: Background partial concurrent mark sweep GC freed 1370909(31MB) AllocSpace objects, 0(0B) LOS objects, 15% free, 87MB/103MB, paused 7.050ms total 191.161ms
I/art: Background sticky concurrent mark sweep GC freed 765979(17MB) AllocSpace objects, 0(0B) LOS objects, 11% free, 91MB/103MB, paused 8.186ms total 93.255ms
I/art: Background partial concurrent mark sweep GC freed 1449313(33MB) AllocSpace objects, 0(0B) LOS objects, 15% free, 88MB/104MB, paused 7.215ms total 201.485ms
I/art: Background sticky concurrent mark sweep GC freed 798464(18MB) AllocSpace objects, 0(0B) LOS objects, 12% free, 91MB/104MB, paused 7.064ms total 98.756ms
I/art: Background partial concurrent mark sweep GC freed 1415104(32MB) AllocSpace objects, 0(0B) LOS objects, 15% free, 86MB/102MB, paused 7.960ms total 199.733ms
I/art: Background sticky concurrent mark sweep GC freed 764473(17MB) AllocSpace objects, 0(0B) LOS objects, 9% free, 92MB/102MB, paused 8.896ms total 109.622ms
I/art: Background partial concurrent mark sweep GC freed 1381347(31MB) AllocSpace objects, 0(0B) LOS objects, 15% free, 87MB/103MB, paused 7.353ms total 201.491ms
I/art: Background sticky concurrent mark sweep GC freed 791557(18MB) AllocSpace objects, 0(0B) LOS objects, 9% free, 93MB/103MB, paused 6.409ms total 96.279ms
I/art: Background partial concurrent mark sweep GC freed 1381129(31MB) AllocSpace objects, 0(0B) LOS objects, 15% free, 88MB/104MB, paused 7.123ms total 191.749ms
I/art: Background sticky concurrent mark sweep GC freed 820917(18MB) AllocSpace objects, 0(0B) LOS objects, 11% free, 92MB/104MB, paused 6.655ms total 97.267ms
I/art: Background partial concurrent mark sweep GC freed 1376992(31MB) AllocSpace objects, 0(0B) LOS objects, 15% free, 85MB/101MB, paused 7.947ms total 193.931ms
I/art: Background sticky concurrent mark sweep GC freed 693711(15MB) AllocSpace objects, 0(0B) LOS objects, 9% free, 91MB/101MB, paused 7.495ms total 96.088ms
I/art: Background partial concurrent mark sweep GC freed 1319061(30MB) AllocSpace objects, 0(0B) LOS objects, 15% free, 87MB/103MB, paused 9.366ms total 207.079ms
I/art: Background sticky concurrent mark sweep GC freed 760633(17MB) AllocSpace objects, 0(0B) LOS objects, 9% free, 93MB/103MB, paused 6.910ms total 95.356ms
I/art: Background partial concurrent mark sweep GC freed 1464428(33MB) AllocSpace objects, 0(0B) LOS objects, 15% free, 88MB/104MB, paused 6.122ms total 192.075ms
I/art: Background sticky concurrent mark sweep GC freed 843824(19MB) AllocSpace objects, 0(0B) LOS objects, 10% free, 93MB/104MB, paused 7.657ms total 97.030ms
I/art: Background sticky concurrent mark sweep GC freed 478802(10MB) AllocSpace objects, 0(0B) LOS objects, 4% free, 99MB/104MB, paused 8.800ms total 87.206ms
I/art: Background partial concurrent mark sweep GC freed 1366318(31MB) AllocSpace objects, 0(0B) LOS objects, 15% free, 84MB/100MB, paused 8.155ms total 183.019ms
I/art: Background sticky concurrent mark sweep GC freed 675022(15MB) AllocSpace objects, 0(0B) LOS objects, 9% free, 90MB/100MB, paused 7.092ms total 89.839ms
I/art: Background partial concurrent mark sweep GC freed 1282958(29MB) AllocSpace objects, 0(0B) LOS objects, 15% free, 86MB/102MB, paused 8.789ms total 194.902ms
I/art: Background sticky concurrent mark sweep GC freed 764417(17MB) AllocSpace objects, 0(0B) LOS objects, 9% free, 92MB/102MB, paused 8.165ms total 108.489ms
I/art: Background partial concurrent mark sweep GC freed 1410437(32MB) AllocSpace objects, 0(0B) LOS objects, 15% free, 87MB/103MB, paused 6.458ms total 196.118ms
I/art: Background sticky concurrent mark sweep GC freed 788907(18MB) AllocSpace objects, 0(0B) LOS objects, 11% free, 91MB/103MB, paused 8.323ms total 94.611ms
I/art: Background partial concurrent mark sweep GC freed 1483564(33MB) AllocSpace objects, 0(0B) LOS objects, 15% free, 88MB/104MB, paused 6.535ms total 204.252ms
I/art: Background sticky concurrent mark sweep GC freed 813938(18MB) AllocSpace objects, 0(0B) LOS objects, 13% free, 90MB/104MB, paused 6.873ms total 98.585ms
I/art: Background partial concurrent mark sweep GC freed 1401839(32MB) AllocSpace objects, 0(0B) LOS objects, 15% free, 86MB/102MB, paused 7.708ms total 200.951ms
I/art: Background sticky concurrent mark sweep GC freed 780740(17MB) AllocSpace objects, 0(0B) LOS objects, 9% free, 92MB/102MB, paused 8.921ms total 112.176ms
I/art: Background partial concurrent mark sweep GC freed 1390025(31MB) AllocSpace objects, 0(0B) LOS objects, 15% free, 87MB/103MB, paused 6.818ms total 205.097ms
I/art: Background sticky concurrent mark sweep GC freed 796586(18MB) AllocSpace objects, 0(0B) LOS objects, 9% free, 93MB/103MB, paused 6.377ms total 99.827ms
I/art: Background partial concurrent mark sweep GC freed 1457246(33MB) AllocSpace objects, 0(0B) LOS objects, 15% free, 87MB/103MB, paused 6.260ms total 182.261ms
I/art: Background sticky concurrent mark sweep GC freed 807319(18MB) AllocSpace objects, 0(0B) LOS objects, 12% free, 91MB/103MB, paused 6.953ms total 94.603ms
I/art: Background sticky concurrent mark sweep GC freed 456403(10MB) AllocSpace objects, 0(0B) LOS objects, 6% free, 97MB/103MB, paused 8.012ms total 82.047ms
I/art: Background partial concurrent mark sweep GC freed 1372835(31MB) AllocSpace objects, 0(0B) LOS objects, 15% free, 85MB/101MB, paused 8.495ms total 184.783ms
I/art: Background sticky concurrent mark sweep GC freed 715897(16MB) AllocSpace objects, 0(0B) LOS objects, 9% free, 92MB/101MB, paused 8.179ms total 98.197ms
I/art: Background partial concurrent mark sweep GC freed 1346675(30MB) AllocSpace objects, 0(0B) LOS objects, 15% free, 87MB/103MB, paused 8.219ms total 204.785ms
I/art: Background partial concurrent mark sweep GC freed 1352045(30MB) AllocSpace objects, 0(0B) LOS objects, 15% free, 86MB/102MB, paused 4.405ms total 131.315ms
I/art: Background sticky concurrent mark sweep GC freed 734346(16MB) AllocSpace objects, 0(0B) LOS objects, 10% free, 91MB/102MB, paused 5.457ms total 72.193ms
I/art: Background sticky concurrent mark sweep GC freed 358293(8MB) AllocSpace objects, 0(0B) LOS objects, 4% free, 97MB/102MB, paused 6.021ms total 62.918ms
I/art: Background partial concurrent mark sweep GC freed 1244312(28MB) AllocSpace objects, 0(0B) LOS objects, 16% free, 83MB/99MB, paused 5.977ms total 139.783ms
I/art: Background sticky concurrent mark sweep GC freed 646627(14MB) AllocSpace objects, 0(0B) LOS objects, 9% free, 90MB/99MB, paused 6.003ms total 73.061ms
I/art: Background sticky concurrent mark sweep GC freed 334398(7MB) AllocSpace objects, 0(0B) LOS objects, 2% free, 97MB/99MB, paused 6.556ms total 66.805ms
I/art: Background partial concurrent mark sweep GC freed 1243085(28MB) AllocSpace objects, 0(0B) LOS objects, 15% free, 86MB/102MB, paused 6.872ms total 146.871ms
I/art: Background partial concurrent mark sweep GC freed 1361283(31MB) AllocSpace objects, 0(0B) LOS objects, 15% free, 85MB/101MB, paused 11.135ms total 188.089ms
I/art: Background sticky concurrent mark sweep GC freed 749800(17MB) AllocSpace objects, 0(0B) LOS objects, 9% free, 91MB/101MB, paused 7.541ms total 91.725ms
I/art: Background partial concurrent mark sweep GC freed 1244001(28MB) AllocSpace objects, 0(0B) LOS objects, 15% free, 84MB/100MB, paused 7.567ms total 188.786ms
I/art: Background sticky concurrent mark sweep GC freed 669047(15MB) AllocSpace objects, 0(0B) LOS objects, 9% free, 90MB/100MB, paused 8.416ms total 96.797ms
I/art: Background partial concurrent mark sweep GC freed 1251895(28MB) AllocSpace objects, 0(0B) LOS objects, 15% free, 86MB/102MB, paused 8.679ms total 196.299ms
I/art: Background sticky concurrent mark sweep GC freed 743211(17MB) AllocSpace objects, 0(0B) LOS objects, 9% free, 92MB/102MB, paused 7.490ms total 108.249ms
I/art: Background partial concurrent mark sweep GC freed 1382451(31MB) AllocSpace objects, 0(0B) LOS objects, 15% free, 87MB/103MB, paused 6.458ms total 196.771ms
I/art: Background sticky concurrent mark sweep GC freed 825357(18MB) AllocSpace objects, 0(0B) LOS objects, 12% free, 90MB/103MB, paused 6.154ms total 97.417ms
I/art: Background sticky concurrent mark sweep GC freed 465441(10MB) AllocSpace objects, 0(0B) LOS objects, 3% free, 99MB/103MB, paused 6.801ms total 85.549ms
I/art: Background partial concurrent mark sweep GC freed 1433128(32MB) AllocSpace objects, 0(0B) LOS objects, 15% free, 85MB/101MB, paused 8.274ms total 185.915ms
I/art: Background sticky concurrent mark sweep GC freed 696561(15MB) AllocSpace objects, 0(0B) LOS objects, 10% free, 91MB/101MB, paused 7.666ms total 87.034ms
I/art: Background partial concurrent mark sweep GC freed 1304998(29MB) AllocSpace objects, 0(0B) LOS objects, 15% free, 86MB/102MB, paused 8.030ms total 195.307ms
I/art: Background sticky concurrent mark sweep GC freed 760885(17MB) AllocSpace objects, 0(0B) LOS objects, 8% free, 93MB/102MB, paused 8.750ms total 106.633ms
I/art: Background partial concurrent mark sweep GC freed 1374147(31MB) AllocSpace objects, 0(0B) LOS objects, 15% free, 87MB/103MB, paused 8.220ms total 203.036ms
I/art: Background sticky concurrent mark sweep GC freed 777275(17MB) AllocSpace objects, 0(0B) LOS objects, 9% free, 93MB/103MB, paused 6.224ms total 94.999ms
I/art: Background partial concurrent mark sweep GC freed 1434798(32MB) AllocSpace objects, 0(0B) LOS objects, 15% free, 87MB/103MB, paused 6.222ms total 193.115ms
I/art: Background sticky concurrent mark sweep GC freed 817176(18MB) AllocSpace objects, 0(0B) LOS objects, 12% free, 90MB/103MB, paused 6.444ms total 96.775ms
I/art: Background sticky concurrent mark sweep GC freed 477043(10MB) AllocSpace objects, 0(0B) LOS objects, 6% free, 97MB/103MB, paused 7.605ms total 89.918ms
I/art: Background partial concurrent mark sweep GC freed 1379931(31MB) AllocSpace objects, 0(0B) LOS objects, 15% free, 85MB/101MB, paused 7.800ms total 190.475ms
I/art: Background sticky concurrent mark sweep GC freed 726588(16MB) AllocSpace objects, 0(0B) LOS objects, 9% free, 92MB/101MB, paused 8.575ms total 107.837ms
I/art: Background partial concurrent mark sweep GC freed 1359490(31MB) AllocSpace objects, 0(0B) LOS objects, 15% free, 87MB/103MB, paused 8.809ms total 209.602ms
I/art: Background sticky concurrent mark sweep GC freed 772114(17MB) AllocSpace objects, 0(0B) LOS objects, 10% free, 93MB/103MB, paused 6.434ms total 97.131ms
I/art: Background partial concurrent mark sweep GC freed 1396842(31MB) AllocSpace objects, 0(0B) LOS objects, 15% free, 87MB/103MB, paused 9.267ms total 201.823ms
I/art: Background sticky concurrent mark sweep GC freed 812070(18MB) AllocSpace objects, 0(0B) LOS objects, 10% free, 92MB/103MB, paused 6.619ms total 100.001ms
I/art: Background partial concurrent mark sweep GC freed 1311754(30MB) AllocSpace objects, 0(0B) LOS objects, 15% free, 84MB/100MB, paused 7.488ms total 189.578ms
I/art: Background sticky concurrent mark sweep GC freed 671390(15MB) AllocSpace objects, 0(0B) LOS objects, 9% free, 90MB/100MB, paused 7.101ms total 93.476ms
I/art: Background partial concurrent mark sweep GC freed 1274952(29MB) AllocSpace objects, 0(0B) LOS objects, 15% free, 86MB/102MB, paused 8.794ms total 199.780ms
I/art: Background sticky concurrent mark sweep GC freed 744877(17MB) AllocSpace objects, 0(0B) LOS objects, 9% free, 92MB/102MB, paused 7.494ms total 105.086ms
I/art: Background partial concurrent mark sweep GC freed 1406637(32MB) AllocSpace objects, 0(0B) LOS objects, 15% free, 87MB/103MB, paused 6.300ms total 192.951ms
I/art: Background sticky concurrent mark sweep GC freed 765160(17MB) AllocSpace objects, 0(0B) LOS objects, 11% free, 91MB/103MB, paused 9.174ms total 99.999ms
I/art: Background partial concurrent mark sweep GC freed 1464987(33MB) AllocSpace objects, 0(0B) LOS objects, 15% free, 88MB/104MB, paused 7.011ms total 204.061ms
I/art: Background sticky concurrent mark sweep GC freed 794795(18MB) AllocSpace objects, 0(0B) LOS objects, 12% free, 91MB/104MB, paused 7.338ms total 98.337ms
I/art: Background partial concurrent mark sweep GC freed 1412966(32MB) AllocSpace objects, 0(0B) LOS objects, 15% free, 86MB/102MB, paused 8.072ms total 202.556ms
I/art: Background sticky concurrent mark sweep GC freed 781984(17MB) AllocSpace objects, 0(0B) LOS objects, 9% free, 92MB/102MB, paused 9.109ms total 114.888ms
I/art: Background partial concurrent mark sweep GC freed 1410065(32MB) AllocSpace objects, 0(0B) LOS objects, 15% free, 87MB/103MB, paused 6.817ms total 205.338ms
I/art: Background sticky concurrent mark sweep GC freed 812218(18MB) AllocSpace objects, 0(0B) LOS objects, 9% free, 93MB/103MB, paused 6.452ms total 100.196ms
I/art: Background partial concurrent mark sweep GC freed 1453603(33MB) AllocSpace objects, 0(0B) LOS objects, 15% free, 88MB/104MB, paused 6.188ms total 197.806ms
I/art: Background sticky concurrent mark sweep GC freed 804838(18MB) AllocSpace objects, 0(0B) LOS objects, 12% free, 91MB/104MB, paused 7.533ms total 98.700ms
I/art: Background partial concurrent mark sweep GC freed 1381171(31MB) AllocSpace objects, 0(0B) LOS objects, 15% free, 85MB/101MB, paused 7.420ms total 198.374ms
I/art: Background sticky concurrent mark sweep GC freed 723658(16MB) AllocSpace objects, 0(0B) LOS objects, 10% free, 91MB/101MB, paused 8.160ms total 100.417ms
I/art: Background partial concurrent mark sweep GC freed 1334320(30MB) AllocSpace objects, 0(0B) LOS objects, 15% free, 87MB/103MB, paused 8.068ms total 207.445ms
I/art: Background sticky concurrent mark sweep GC freed 772080(17MB) AllocSpace objects, 0(0B) LOS objects, 10% free, 92MB/103MB, paused 7.041ms total 102.474ms
I/art: Background partial concurrent mark sweep GC freed 1465086(33MB) AllocSpace objects, 0(0B) LOS objects, 15% free, 87MB/103MB, paused 6.004ms total 199.767ms
I/art: Background sticky concurrent mark sweep GC freed 812108(18MB) AllocSpace objects, 0(0B) LOS objects, 10% free, 92MB/103MB, paused 7.298ms total 100.777ms
I/art: Background partial concurrent mark sweep GC freed 1375198(31MB) AllocSpace objects, 0(0B) LOS objects, 15% free, 84MB/100MB, paused 7.132ms total 192.976ms
I/art: Background sticky concurrent mark sweep GC freed 677196(15MB) AllocSpace objects, 0(0B) LOS objects, 10% free, 90MB/100MB, paused 7.252ms total 93.741ms
I/art: Background partial concurrent mark sweep GC freed 1279578(29MB) AllocSpace objects, 0(0B) LOS objects, 15% free, 86MB/102MB, paused 8.553ms total 197.204ms
I/art: Background sticky concurrent mark sweep GC freed 739380(16MB) AllocSpace objects, 0(0B) LOS objects, 9% free, 92MB/102MB, paused 8.650ms total 111.109ms
I/art: Background partial concurrent mark sweep GC freed 1375062(31MB) AllocSpace objects, 0(0B) LOS objects, 15% free, 87MB/103MB, paused 6.543ms total 196.091ms
I/art: Background sticky concurrent mark sweep GC freed 805439(18MB) AllocSpace objects, 0(0B) LOS objects, 9% free, 93MB/103MB, paused 6.040ms total 97.114ms
I/art: Background partial concurrent mark sweep GC freed 1465622(33MB) AllocSpace objects, 0(0B) LOS objects, 15% free, 88MB/104MB, paused 6.928ms total 201.136ms
I/art: Background sticky concurrent mark sweep GC freed 803469(18MB) AllocSpace objects, 0(0B) LOS objects, 12% free, 90MB/104MB, paused 7.594ms total 100.947ms
I/art: Background partial concurrent mark sweep GC freed 1393952(31MB) AllocSpace objects, 0(0B) LOS objects, 15% free, 85MB/101MB, paused 7.354ms total 198.748ms
I/art: Background sticky concurrent mark sweep GC freed 755402(17MB) AllocSpace objects, 0(0B) LOS objects, 9% free, 92MB/101MB, paused 8.584ms total 104.730ms
I/art: Background partial concurrent mark sweep GC freed 1380797(31MB) AllocSpace objects, 0(0B) LOS objects, 15% free, 87MB/103MB, paused 7.464ms total 208.171ms
I/art: Background sticky concurrent mark sweep GC freed 790102(18MB) AllocSpace objects, 0(0B) LOS objects, 9% free, 93MB/103MB, paused 6.807ms total 99.676ms
I/art: Background partial concurrent mark sweep GC freed 1445761(33MB) AllocSpace objects, 0(0B) LOS objects, 15% free, 86MB/102MB, paused 9.438ms total 202.771ms
I/art: Background sticky concurrent mark sweep GC freed 810091(18MB) AllocSpace objects, 0(0B) LOS objects, 10% free, 92MB/102MB, paused 6.861ms total 100.803ms
I/art: Background partial concurrent mark sweep GC freed 1294865(29MB) AllocSpace objects, 0(0B) LOS objects, 15% free, 84MB/100MB, paused 7.660ms total 190.190ms
I/art: Background sticky concurrent mark sweep GC freed 670652(15MB) AllocSpace objects, 0(0B) LOS objects, 9% free, 90MB/100MB, paused 7.075ms total 92.436ms
I/art: Background partial concurrent mark sweep GC freed 1258108(28MB) AllocSpace objects, 0(0B) LOS objects, 15% free, 86MB/102MB, paused 8.964ms total 199.595ms
I/art: Background sticky concurrent mark sweep GC freed 737731(16MB) AllocSpace objects, 0(0B) LOS objects, 9% free, 92MB/102MB, paused 7.513ms total 103.370ms
I/art: Background partial concurrent mark sweep GC freed 1390046(31MB) AllocSpace objects, 0(0B) LOS objects, 15% free, 87MB/103MB, paused 6.382ms total 192.981ms
I/art: Background sticky concurrent mark sweep GC freed 784163(17MB) AllocSpace objects, 0(0B) LOS objects, 11% free, 91MB/103MB, paused 8.213ms total 95.627ms
I/art: Background partial concurrent mark sweep GC freed 1475622(33MB) AllocSpace objects, 0(0B) LOS objects, 15% free, 88MB/104MB, paused 6.497ms total 201.536ms
I/art: Background sticky concurrent mark sweep GC freed 813197(18MB) AllocSpace objects, 0(0B) LOS objects, 12% free, 90MB/104MB, paused 6.984ms total 99.784ms
I/art: Background partial concurrent mark sweep GC freed 1428443(32MB) AllocSpace objects, 0(0B) LOS objects, 15% free, 86MB/102MB, paused 7.480ms total 203.531ms
I/art: Background sticky concurrent mark sweep GC freed 785117(17MB) AllocSpace objects, 0(0B) LOS objects, 9% free, 93MB/102MB, paused 9.043ms total 111.293ms
I/art: Background partial concurrent mark sweep GC freed 1408296(32MB) AllocSpace objects, 0(0B) LOS objects, 15% free, 87MB/103MB, paused 6.715ms total 201.512ms
I/art: Background sticky concurrent mark sweep GC freed 817653(18MB) AllocSpace objects, 0(0B) LOS objects, 9% free, 93MB/103MB, paused 6.525ms total 99.377ms
I/art: Background partial concurrent mark sweep GC freed 1460452(33MB) AllocSpace objects, 0(0B) LOS objects, 15% free, 88MB/104MB, paused 6.257ms total 191.342ms
I/art: Background sticky concurrent mark sweep GC freed 804048(18MB) AllocSpace objects, 0(0B) LOS objects, 13% free, 90MB/104MB, paused 5.123ms total 76.271ms
I/art: Background sticky concurrent mark sweep GC freed 487771(11MB) AllocSpace objects, 0(0B) LOS objects, 6% free, 97MB/104MB, paused 5.591ms total 68.568ms
I/art: Background partial concurrent mark sweep GC freed 1353701(30MB) AllocSpace objects, 0(0B) LOS objects, 15% free, 84MB/100MB, paused 5.920ms total 139.447ms
I/art: Background sticky concurrent mark sweep GC freed 686009(15MB) AllocSpace objects, 0(0B) LOS objects, 9% free, 91MB/100MB, paused 6.088ms total 80.031ms
I/art: Background sticky concurrent mark sweep GC freed 348209(7MB) AllocSpace objects, 0(0B) LOS objects, 1% free, 99MB/100MB, paused 6.588ms total 73.780ms
I/art: Background partial concurrent mark sweep GC freed 1258861(28MB) AllocSpace objects, 0(0B) LOS objects, 15% free, 86MB/101MB, paused 6.765ms total 144.874ms
I/art: Background partial concurrent mark sweep GC freed 1305052(29MB) AllocSpace objects, 0(0B) LOS objects, 15% free, 86MB/102MB, paused 4.818ms total 134.587ms
I/art: Background sticky concurrent mark sweep GC freed 716670(16MB) AllocSpace objects, 0(0B) LOS objects, 11% free, 90MB/102MB, paused 5.334ms total 70.569ms
I/art: Background sticky concurrent mark sweep GC freed 384263(8MB) AllocSpace objects, 0(0B) LOS objects, 4% free, 97MB/102MB, paused 7.680ms total 80.583ms
I/art: Background partial concurrent mark sweep GC freed 1297000(29MB) AllocSpace objects, 0(0B) LOS objects, 15% free, 84MB/100MB, paused 8.718ms total 181.162ms
I/art: Background sticky concurrent mark sweep GC freed 685002(15MB) AllocSpace objects, 0(0B) LOS objects, 9% free, 91MB/100MB, paused 7.759ms total 95.513ms
I/art: Background partial concurrent mark sweep GC freed 1307991(29MB) AllocSpace objects, 0(0B) LOS objects, 15% free, 87MB/103MB, paused 8.063ms total 201.472ms
I/art: Background sticky concurrent mark sweep GC freed 759964(17MB) AllocSpace objects, 0(0B) LOS objects, 9% free, 93MB/103MB, paused 6.686ms total 97.569ms
I/art: Background partial concurrent mark sweep GC freed 1453072(33MB) AllocSpace objects, 0(0B) LOS objects, 15% free, 85MB/101MB, paused 6.128ms total 190.634ms
I/art: Background sticky concurrent mark sweep GC freed 733760(16MB) AllocSpace objects, 0(0B) LOS objects, 8% free, 92MB/101MB, paused 6.841ms total 92.321ms
I/art: Background partial concurrent mark sweep GC freed 1274116(29MB) AllocSpace objects, 0(0B) LOS objects, 15% free, 84MB/100MB, paused 7.613ms total 184.143ms
I/art: Background sticky concurrent mark sweep GC freed 657730(15MB) AllocSpace objects, 0(0B) LOS objects, 9% free, 90MB/100MB, paused 7.392ms total 91.248ms
I/art: Background partial concurrent mark sweep GC freed 1239816(28MB) AllocSpace objects, 0(0B) LOS objects, 15% free, 85MB/101MB, paused 9.093ms total 191.438ms
I/art: Background sticky concurrent mark sweep GC freed 723644(16MB) AllocSpace objects, 0(0B) LOS objects, 8% free, 92MB/101MB, paused 8.683ms total 110.852ms
I/art: Background partial concurrent mark sweep GC freed 1353209(30MB) AllocSpace objects, 0(0B) LOS objects, 15% free, 87MB/103MB, paused 6.976ms total 197.585ms
I/art: Background sticky concurrent mark sweep GC freed 799494(18MB) AllocSpace objects, 0(0B) LOS objects, 9% free, 93MB/103MB, paused 6.599ms total 98.264ms
I/art: Background partial concurrent mark sweep GC freed 1455645(33MB) AllocSpace objects, 0(0B) LOS objects, 15% free, 88MB/104MB, paused 6.346ms total 196.860ms
I/art: Background sticky concurrent mark sweep GC freed 809701(18MB) AllocSpace objects, 0(0B) LOS objects, 12% free, 90MB/104MB, paused 6.727ms total 97.888ms
I/art: Background sticky concurrent mark sweep GC freed 489549(11MB) AllocSpace objects, 0(0B) LOS objects, 6% free, 98MB/104MB, paused 7.953ms total 91.546ms
I/art: Background partial concurrent mark sweep GC freed 1426338(32MB) AllocSpace objects, 0(0B) LOS objects, 15% free, 86MB/102MB, paused 8.329ms total 189.963ms
I/art: Background sticky concurrent mark sweep GC freed 768332(17MB) AllocSpace objects, 0(0B) LOS objects, 9% free, 93MB/102MB, paused 8.834ms total 107.292ms
I/art: Background partial concurrent mark sweep GC freed 1393743(31MB) AllocSpace objects, 0(0B) LOS objects, 15% free, 87MB/103MB, paused 7.192ms total 199.557ms
I/art: Background sticky concurrent mark sweep GC freed 783619(17MB) AllocSpace objects, 0(0B) LOS objects, 9% free, 93MB/103MB, paused 6.097ms total 94.216ms
I/art: Background sticky concurrent mark sweep GC freed 457829(10MB) AllocSpace objects, 0(0B) LOS objects, 2% free, 100MB/103MB, paused 8.737ms total 97.157ms
I/art: Background partial concurrent mark sweep GC freed 1417605(32MB) AllocSpace objects, 0(0B) LOS objects, 15% free, 87MB/103MB, paused 8.248ms total 184.938ms
I/art: Background sticky concurrent mark sweep GC freed 751508(17MB) AllocSpace objects, 0(0B) LOS objects, 11% free, 91MB/103MB, paused 7.190ms total 95.197ms
I/art: Background partial concurrent mark sweep GC freed 1377707(31MB) AllocSpace objects, 0(0B) LOS objects, 15% free, 85MB/101MB, paused 7.875ms total 192.209ms
I/art: Background sticky concurrent mark sweep GC freed 722926(16MB) AllocSpace objects, 0(0B) LOS objects, 9% free, 91MB/101MB, paused 8.584ms total 101.512ms
I/art: Background partial concurrent mark sweep GC freed 1354112(30MB) AllocSpace objects, 0(0B) LOS objects, 15% free, 87MB/103MB, paused 8.697ms total 204.077ms
I/art: Background sticky concurrent mark sweep GC freed 764350(17MB) AllocSpace objects, 0(0B) LOS objects, 9% free, 93MB/103MB, paused 6.284ms total 99.387ms
I/art: Background partial concurrent mark sweep GC freed 1471547(33MB) AllocSpace objects, 0(0B) LOS objects, 15% free, 85MB/101MB, paused 5.146ms total 193.911ms
I/art: Background sticky concurrent mark sweep GC freed 771012(17MB) AllocSpace objects, 0(0B) LOS objects, 9% free, 91MB/101MB, paused 8.177ms total 96.740ms
I/art: Background partial concurrent mark sweep GC freed 1274064(29MB) AllocSpace objects, 0(0B) LOS objects, 15% free, 84MB/100MB, paused 7.327ms total 186.107ms
I/art: Background sticky concurrent mark sweep GC freed 665033(15MB) AllocSpace objects, 0(0B) LOS objects, 10% free, 90MB/100MB, paused 7.391ms total 94.514ms
I/art: Background partial concurrent mark sweep GC freed 1271603(29MB) AllocSpace objects, 0(0B) LOS objects, 15% free, 86MB/102MB, paused 8.175ms total 194.131ms
I/art: Background sticky concurrent mark sweep GC freed 759307(17MB) AllocSpace objects, 0(0B) LOS objects, 9% free, 92MB/102MB, paused 8.003ms total 109.210ms
I/art: Background partial concurrent mark sweep GC freed 1392268(31MB) AllocSpace objects, 0(0B) LOS objects, 15% free, 87MB/103MB, paused 6.632ms total 198.461ms
I/art: Background sticky concurrent mark sweep GC freed 816532(18MB) AllocSpace objects, 0(0B) LOS objects, 12% free, 90MB/103MB, paused 6.260ms total 98.376ms
I/art: Background sticky concurrent mark sweep GC freed 468431(10MB) AllocSpace objects, 0(0B) LOS objects, 3% free, 99MB/103MB, paused 7.836ms total 84.702ms
I/art: Background partial concurrent mark sweep GC freed 1424676(32MB) AllocSpace objects, 0(0B) LOS objects, 15% free, 85MB/101MB, paused 7.986ms total 184.439ms
I/art: Background sticky concurrent mark sweep GC freed 678984(15MB) AllocSpace objects, 0(0B) LOS objects, 10% free, 91MB/101MB, paused 7.702ms total 92.166ms
I/art: Background partial concurrent mark sweep GC freed 1298293(29MB) AllocSpace objects, 0(0B) LOS objects, 15% free, 86MB/102MB, paused 8.009ms total 195.691ms
I/art: Background sticky concurrent mark sweep GC freed 747145(17MB) AllocSpace objects, 0(0B) LOS objects, 9% free, 92MB/102MB, paused 8.683ms total 108.880ms
I/art: Background partial concurrent mark sweep GC freed 1362620(31MB) AllocSpace objects, 0(0B) LOS objects, 15% free, 87MB/103MB, paused 8.068ms total 199.946ms
I/art: Background sticky concurrent mark sweep GC freed 776838(17MB) AllocSpace objects, 0(0B) LOS objects, 9% free, 93MB/103MB, paused 6.127ms total 94.559ms
I/art: Background sticky concurrent mark sweep GC freed 452951(10MB) AllocSpace objects, 0(0B) LOS objects, 2% free, 101MB/103MB, paused 8.867ms total 101.534ms
I/art: Background partial concurrent mark sweep GC freed 1430353(32MB) AllocSpace objects, 0(0B) LOS objects, 15% free, 87MB/103MB, paused 8.069ms total 191.731ms
I/art: Background sticky concurrent mark sweep GC freed 770471(17MB) AllocSpace objects, 0(0B) LOS objects, 12% free, 91MB/103MB, paused 7.179ms total 94.414ms
I/art: Background partial concurrent mark sweep GC freed 1390478(31MB) AllocSpace objects, 0(0B) LOS objects, 15% free, 85MB/101MB, paused 7.416ms total 197.082ms
I/art: Background sticky concurrent mark sweep GC freed 727522(16MB) AllocSpace objects, 0(0B) LOS objects, 9% free, 91MB/101MB, paused 8.363ms total 103.017ms
I/art: Background partial concurrent mark sweep GC freed 1350523(30MB) AllocSpace objects, 0(0B) LOS objects, 15% free, 87MB/103MB, paused 7.238ms total 202.757ms
I/art: Background sticky concurrent mark sweep GC freed 777020(17MB) AllocSpace objects, 0(0B) LOS objects, 9% free, 93MB/103MB, paused 6.443ms total 97.730ms
I/art: Background partial concurrent mark sweep GC freed 1459914(33MB) AllocSpace objects, 0(0B) LOS objects, 15% free, 86MB/102MB, paused 9.182ms total 202.484ms
I/art: Background sticky concurrent mark sweep GC freed 822176(18MB) AllocSpace objects, 0(0B) LOS objects, 10% free, 91MB/102MB, paused 6.818ms total 97.774ms
I/art: Background sticky concurrent mark sweep GC freed 451039(10MB) AllocSpace objects, 0(0B) LOS objects, 5% free, 96MB/102MB, paused 7.858ms total 85.788ms
I/art: Background partial concurrent mark sweep GC freed 1306796(29MB) AllocSpace objects, 0(0B) LOS objects, 15% free, 84MB/100MB, paused 8.083ms total 180.351ms
I/art: Background sticky concurrent mark sweep GC freed 685231(15MB) AllocSpace objects, 0(0B) LOS objects, 8% free, 91MB/100MB, paused 8.237ms total 93.832ms
I/art: Background partial concurrent mark sweep GC freed 1304168(29MB) AllocSpace objects, 0(0B) LOS objects, 15% free, 87MB/103MB, paused 8.776ms total 203.051ms
I/art: Background sticky concurrent mark sweep GC freed 757914(17MB) AllocSpace objects, 0(0B) LOS objects, 9% free, 93MB/103MB, paused 6.470ms total 96.062ms
I/art: Background partial concurrent mark sweep GC freed 1450619(33MB) AllocSpace objects, 0(0B) LOS objects, 15% free, 88MB/104MB, paused 6.606ms total 191.767ms
I/art: Background sticky concurrent mark sweep GC freed 842067(19MB) AllocSpace objects, 0(0B) LOS objects, 11% free, 92MB/104MB, paused 6.552ms total 96.413ms
I/art: Background sticky concurrent mark sweep GC freed 507593(11MB) AllocSpace objects, 0(0B) LOS objects, 5% free, 98MB/104MB, paused 7.207ms total 84.460ms
I/art: Background partial concurrent mark sweep GC freed 1346136(30MB) AllocSpace objects, 0(0B) LOS objects, 15% free, 84MB/100MB, paused 8.176ms total 180.492ms
I/art: Background sticky concurrent mark sweep GC freed 672797(15MB) AllocSpace objects, 0(0B) LOS objects, 9% free, 90MB/100MB, paused 7.386ms total 91.143ms
I/art: Background partial concurrent mark sweep GC freed 1280785(29MB) AllocSpace objects, 0(0B) LOS objects, 15% free, 86MB/102MB, paused 9.046ms total 195.437ms
I/art: Background sticky concurrent mark sweep GC freed 756830(17MB) AllocSpace objects, 0(0B) LOS objects, 9% free, 93MB/102MB, paused 8.234ms total 107.689ms
I/art: Background partial concurrent mark sweep GC freed 1384745(31MB) AllocSpace objects, 0(0B) LOS objects, 15% free, 86MB/102MB, paused 6.831ms total 190.863ms
I/art: Background sticky concurrent mark sweep GC freed 762080(17MB) AllocSpace objects, 0(0B) LOS objects, 11% free, 91MB/102MB, paused 8.910ms total 99.679ms
I/art: Background partial concurrent mark sweep GC freed 1451862(33MB) AllocSpace objects, 0(0B) LOS objects, 15% free, 87MB/103MB, paused 6.616ms total 200.887ms
I/art: Background sticky concurrent mark sweep GC freed 788440(18MB) AllocSpace objects, 0(0B) LOS objects, 12% free, 90MB/103MB, paused 7.103ms total 97.334ms
I/art: Background partial concurrent mark sweep GC freed 1391194(31MB) AllocSpace objects, 0(0B) LOS objects, 15% free, 86MB/102MB, paused 7.728ms total 195.373ms
I/art: Background sticky concurrent mark sweep GC freed 763657(17MB) AllocSpace objects, 0(0B) LOS objects, 9% free, 92MB/102MB, paused 8.903ms total 111.354ms
I/art: Background partial concurrent mark sweep GC freed 1385837(31MB) AllocSpace objects, 0(0B) LOS objects, 15% free, 87MB/103MB, paused 7.282ms total 203.902ms
I/art: Background sticky concurrent mark sweep GC freed 787311(18MB) AllocSpace objects, 0(0B) LOS objects, 9% free, 93MB/103MB, paused 6.320ms total 98.322ms
I/art: Background partial concurrent mark sweep GC freed 1386617(31MB) AllocSpace objects, 0(0B) LOS objects, 15% free, 88MB/104MB, paused 7.001ms total 192.319ms
I/art: Background sticky concurrent mark sweep GC freed 828160(18MB) AllocSpace objects, 0(0B) LOS objects, 11% free, 92MB/104MB, paused 7.107ms total 97.951ms
I/art: Background sticky concurrent mark sweep GC freed 449133(10MB) AllocSpace objects, 0(0B) LOS objects, 5% free, 98MB/104MB, paused 7.627ms total 82.825ms
I/art: Background partial concurrent mark sweep GC freed 1397849(31MB) AllocSpace objects, 0(0B) LOS objects, 15% free, 85MB/101MB, paused 8.746ms total 187.273ms
I/art: Background sticky concurrent mark sweep GC freed 704568(16MB) AllocSpace objects, 0(0B) LOS objects, 9% free, 91MB/101MB, paused 8.339ms total 96.366ms
I/art: Background partial concurrent mark sweep GC freed 1332409(30MB) AllocSpace objects, 0(0B) LOS objects, 15% free, 87MB/103MB, paused 7.414ms total 200.369ms
I/art: Background sticky concurrent mark sweep GC freed 768980(17MB) AllocSpace objects, 0(0B) LOS objects, 9% free, 93MB/103MB, paused 6.166ms total 97.130ms
I/art: Background partial concurrent mark sweep GC freed 1456341(33MB) AllocSpace objects, 0(0B) LOS objects, 15% free, 85MB/101MB, paused 6.183ms total 186.549ms
I/art: Background sticky concurrent mark sweep GC freed 723980(16MB) AllocSpace objects, 0(0B) LOS objects, 8% free, 92MB/101MB, paused 6.909ms total 93.858ms
I/art: Background partial concurrent mark sweep GC freed 1232067(28MB) AllocSpace objects, 0(0B) LOS objects, 15% free, 84MB/100MB, paused 7.669ms total 181.786ms
I/art: Background sticky concurrent mark sweep GC freed 651323(14MB) AllocSpace objects, 0(0B) LOS objects, 10% free, 90MB/100MB, paused 7.710ms total 92.939ms
I/art: Background partial concurrent mark sweep GC freed 1243773(28MB) AllocSpace objects, 0(0B) LOS objects, 15% free, 85MB/101MB, paused 8.900ms total 190.311ms
I/art: Background sticky concurrent mark sweep GC freed 724981(16MB) AllocSpace objects, 0(0B) LOS objects, 8% free, 92MB/101MB, paused 8.266ms total 108.044ms
I/art: Background partial concurrent mark sweep GC freed 1347497(30MB) AllocSpace objects, 0(0B) LOS objects, 15% free, 87MB/103MB, paused 6.716ms total 195.798ms
I/art: Background sticky concurrent mark sweep GC freed 788314(18MB) AllocSpace objects, 0(0B) LOS objects, 9% free, 93MB/103MB, paused 6.816ms total 96.196ms
I/art: Background sticky concurrent mark sweep GC freed 458115(10MB) AllocSpace objects, 0(0B) LOS objects, 3% free, 99MB/103MB, paused 6.590ms total 81.763ms
I/art: Background partial concurrent mark sweep GC freed 1419894(32MB) AllocSpace objects, 0(0B) LOS objects, 15% free, 87MB/103MB, paused 6.769ms total 186.280ms
I/art: Background sticky concurrent mark sweep GC freed 772266(17MB) AllocSpace objects, 0(0B) LOS objects, 12% free, 90MB/103MB, paused 7.072ms total 95.860ms
I/art: Background partial concurrent mark sweep GC freed 1377328(31MB) AllocSpace objects, 0(0B) LOS objects, 15% free, 86MB/102MB, paused 8.416ms total 195.389ms
I/art: Background sticky concurrent mark sweep GC freed 744432(17MB) AllocSpace objects, 0(0B) LOS objects, 9% free, 92MB/102MB, paused 8.604ms total 105.215ms
I/art: Background partial concurrent mark sweep GC freed 1367565(31MB) AllocSpace objects, 0(0B) LOS objects, 15% free, 87MB/103MB, paused 7.427ms total 202.478ms
I/art: Background sticky concurrent mark sweep GC freed 780876(17MB) AllocSpace objects, 0(0B) LOS objects, 9% free, 93MB/103MB, paused 6.121ms total 97.163ms
I/art: Background partial concurrent mark sweep GC freed 1394375(31MB) AllocSpace objects, 0(0B) LOS objects, 15% free, 88MB/104MB, paused 8.348ms total 202.921ms
I/art: Background sticky concurrent mark sweep GC freed 817774(18MB) AllocSpace objects, 0(0B) LOS objects, 11% free, 92MB/104MB, paused 6.869ms total 100.891ms
I/art: Background sticky concurrent mark sweep GC freed 444554(10MB) AllocSpace objects, 0(0B) LOS objects, 5% free, 98MB/104MB, paused 7.643ms total 86.464ms
I/art: Background partial concurrent mark sweep GC freed 1401560(32MB) AllocSpace objects, 0(0B) LOS objects, 15% free, 85MB/101MB, paused 8.726ms total 188.929ms
I/art: Background sticky concurrent mark sweep GC freed 711208(16MB) AllocSpace objects, 0(0B) LOS objects, 9% free, 91MB/101MB, paused 8.201ms total 97.007ms
I/art: Background partial concurrent mark sweep GC freed 1334102(30MB) AllocSpace objects, 0(0B) LOS objects, 15% free, 87MB/103MB, paused 7.924ms total 202.936ms
I/art: Background sticky concurrent mark sweep GC freed 758646(17MB) AllocSpace objects, 0(0B) LOS objects, 9% free, 93MB/103MB, paused 6.533ms total 96.398ms
I/art: Background partial concurrent mark sweep GC freed 1448806(33MB) AllocSpace objects, 0(0B) LOS objects, 15% free, 85MB/101MB, paused 5.907ms total 190.085ms
I/art: Background sticky concurrent mark sweep GC freed 720354(16MB) AllocSpace objects, 0(0B) LOS objects, 8% free, 92MB/101MB, paused 8.580ms total 93.489ms
I/art: Background partial concurrent mark sweep GC freed 1257087(28MB) AllocSpace objects, 0(0B) LOS objects, 15% free, 84MB/100MB, paused 7.490ms total 181.869ms
I/art: Background sticky concurrent mark sweep GC freed 652349(14MB) AllocSpace objects, 0(0B) LOS objects, 9% free, 90MB/100MB, paused 7.255ms total 89.734ms
I/art: Background partial concurrent mark sweep GC freed 1257421(28MB) AllocSpace objects, 0(0B) LOS objects, 15% free, 85MB/101MB, paused 9.184ms total 191.888ms
I/art: Background sticky concurrent mark sweep GC freed 733810(16MB) AllocSpace objects, 0(0B) LOS objects, 8% free, 92MB/101MB, paused 8.672ms total 110.133ms
I/art: Background partial concurrent mark sweep GC freed 1356175(31MB) AllocSpace objects, 0(0B) LOS objects, 15% free, 87MB/103MB, paused 6.773ms total 198.541ms
I/art: Background sticky concurrent mark sweep GC freed 801325(18MB) AllocSpace objects, 0(0B) LOS objects, 9% free, 93MB/103MB, paused 6.580ms total 96.265ms
I/art: Background sticky concurrent mark sweep GC freed 471567(10MB) AllocSpace objects, 0(0B) LOS objects, 4% free, 99MB/103MB, paused 6.478ms total 81.465ms
I/art: Background partial concurrent mark sweep GC freed 1435650(32MB) AllocSpace objects, 0(0B) LOS objects, 15% free, 87MB/103MB, paused 7.958ms total 187.267ms
I/art: Background sticky concurrent mark sweep GC freed 772738(17MB) AllocSpace objects, 0(0B) LOS objects, 12% free, 91MB/103MB, paused 7.140ms total 95.367ms
I/art: Background sticky concurrent mark sweep GC freed 451015(10MB) AllocSpace objects, 0(0B) LOS objects, 4% free, 98MB/103MB, paused 7.843ms total 86.604ms
I/art: Background partial concurrent mark sweep GC freed 1388835(31MB) AllocSpace objects, 0(0B) LOS objects, 15% free, 86MB/102MB, paused 8.945ms total 191.068ms
I/art: Background sticky concurrent mark sweep GC freed 755390(17MB) AllocSpace objects, 0(0B) LOS objects, 8% free, 93MB/102MB, paused 8.089ms total 106.335ms
I/art: Background partial concurrent mark sweep GC freed 1365099(31MB) AllocSpace objects, 0(0B) LOS objects, 15% free, 87MB/103MB, paused 6.654ms total 194.897ms
I/art: Background sticky concurrent mark sweep GC freed 813095(18MB) AllocSpace objects, 0(0B) LOS objects, 9% free, 93MB/103MB, paused 5.913ms total 91.964ms
I/art: Background sticky concurrent mark sweep GC freed 438534(10MB) AllocSpace objects, 0(0B) LOS objects, 3% free, 99MB/103MB, paused 7.057ms total 81.875ms
I/art: Background partial concurrent mark sweep GC freed 1416019(32MB) AllocSpace objects, 0(0B) LOS objects, 15% free, 87MB/103MB, paused 8.104ms total 185.738ms
I/art: Background sticky concurrent mark sweep GC freed 759255(17MB) AllocSpace objects, 0(0B) LOS objects, 11% free, 91MB/103MB, paused 7.028ms total 92.611ms
I/art: Background sticky concurrent mark sweep GC freed 428731(9MB) AllocSpace objects, 0(0B) LOS objects, 4% free, 98MB/103MB, paused 7.874ms total 85.865ms
I/art: Background partial concurrent mark sweep GC freed 1387244(31MB) AllocSpace objects, 0(0B) LOS objects, 15% free, 86MB/102MB, paused 9.436ms total 189.713ms
I/art: Background sticky concurrent mark sweep GC freed 742549(16MB) AllocSpace objects, 0(0B) LOS objects, 8% free, 93MB/102MB, paused 8.070ms total 105ms
I/art: Background partial concurrent mark sweep GC freed 1368146(31MB) AllocSpace objects, 0(0B) LOS objects, 15% free, 87MB/103MB, paused 6.664ms total 197.507ms
I/art: Background sticky concurrent mark sweep GC freed 814078(18MB) AllocSpace objects, 0(0B) LOS objects, 9% free, 93MB/103MB, paused 5.950ms total 95.293ms
I/art: Background sticky concurrent mark sweep GC freed 459681(10MB) AllocSpace objects, 0(0B) LOS objects, 3% free, 99MB/103MB, paused 6.489ms total 83.737ms
I/art: Background partial concurrent mark sweep GC freed 1422745(32MB) AllocSpace objects, 0(0B) LOS objects, 15% free, 87MB/103MB, paused 8.023ms total 189.163ms
I/art: Background sticky concurrent mark sweep GC freed 743861(17MB) AllocSpace objects, 0(0B) LOS objects, 11% free, 91MB/103MB, paused 7.157ms total 95.534ms
I/art: Background partial concurrent mark sweep GC freed 1363519(31MB) AllocSpace objects, 0(0B) LOS objects, 15% free, 85MB/101MB, paused 8.346ms total 195.356ms
I/art: Background sticky concurrent mark sweep GC freed 744529(17MB) AllocSpace objects, 0(0B) LOS objects, 9% free, 92MB/101MB, paused 8.688ms total 105.608ms
I/art: Background partial concurrent mark sweep GC freed 1359870(31MB) AllocSpace objects, 0(0B) LOS objects, 15% free, 87MB/103MB, paused 7.295ms total 200.731ms
I/art: Background sticky concurrent mark sweep GC freed 773503(17MB) AllocSpace objects, 0(0B) LOS objects, 9% free, 93MB/103MB, paused 6.006ms total 96.975ms
I/art: Background partial concurrent mark sweep GC freed 1378444(31MB) AllocSpace objects, 0(0B) LOS objects, 15% free, 88MB/104MB, paused 7.522ms total 194.392ms
I/art: Background sticky concurrent mark sweep GC freed 791527(18MB) AllocSpace objects, 0(0B) LOS objects, 10% free, 92MB/104MB, paused 7.629ms total 99.358ms
I/art: Background partial concurrent mark sweep GC freed 1359893(31MB) AllocSpace objects, 0(0B) LOS objects, 15% free, 85MB/101MB, paused 7.722ms total 194.938ms
I/art: Background sticky concurrent mark sweep GC freed 703909(16MB) AllocSpace objects, 0(0B) LOS objects, 10% free, 90MB/101MB, paused 7.649ms total 96.864ms
I/art: Background partial concurrent mark sweep GC freed 1319353(30MB) AllocSpace objects, 0(0B) LOS objects, 15% free, 87MB/103MB, paused 8.669ms total 205.394ms
I/art: Background sticky concurrent mark sweep GC freed 757332(17MB) AllocSpace objects, 0(0B) LOS objects, 9% free, 93MB/103MB, paused 7.237ms total 103.080ms
I/art: Background partial concurrent mark sweep GC freed 1443169(33MB) AllocSpace objects, 0(0B) LOS objects, 15% free, 88MB/104MB, paused 6.172ms total 192.757ms
I/art: Background sticky concurrent mark sweep GC freed 819853(18MB) AllocSpace objects, 0(0B) LOS objects, 10% free, 92MB/104MB, paused 6.423ms total 96.924ms
I/art: Background sticky concurrent mark sweep GC freed 478529(10MB) AllocSpace objects, 0(0B) LOS objects, 4% free, 99MB/104MB, paused 8.160ms total 88.277ms
I/art: Background partial concurrent mark sweep GC freed 1353022(30MB) AllocSpace objects, 0(0B) LOS objects, 15% free, 84MB/100MB, paused 7.870ms total 180.744ms
I/art: Background sticky concurrent mark sweep GC freed 661494(15MB) AllocSpace objects, 0(0B) LOS objects, 9% free, 90MB/100MB, paused 7.491ms total 91.682ms
I/art: Background partial concurrent mark sweep GC freed 1249710(28MB) AllocSpace objects, 0(0B) LOS objects, 15% free, 85MB/101MB, paused 7.968ms total 189.816ms
I/art: Background sticky concurrent mark sweep GC freed 737982(16MB) AllocSpace objects, 0(0B) LOS objects, 8% free, 92MB/101MB, paused 8.618ms total 110.485ms
I/art: Background partial concurrent mark sweep GC freed 1363847(31MB) AllocSpace objects, 0(0B) LOS objects, 15% free, 87MB/103MB, paused 7.299ms total 198.114ms
I/art: Background sticky concurrent mark sweep GC freed 792925(18MB) AllocSpace objects, 0(0B) LOS objects, 10% free, 91MB/103MB, paused 5.862ms total 95.535ms
I/art: Background sticky concurrent mark sweep GC freed 453085(10MB) AllocSpace objects, 0(0B) LOS objects, 3% free, 99MB/103MB, paused 7.341ms total 83.684ms
I/art: Background partial concurrent mark sweep GC freed 1415879(32MB) AllocSpace objects, 0(0B) LOS objects, 15% free, 86MB/102MB, paused 9.094ms total 190.567ms
I/art: Background sticky concurrent mark sweep GC freed 734658(16MB) AllocSpace objects, 0(0B) LOS objects, 11% free, 90MB/102MB, paused 7.749ms total 98.343ms
I/art: Background partial concurrent mark sweep GC freed 1351789(30MB) AllocSpace objects, 0(0B) LOS objects, 15% free, 85MB/101MB, paused 8.135ms total 195.587ms
I/art: Background sticky concurrent mark sweep GC freed 736307(16MB) AllocSpace objects, 0(0B) LOS objects, 9% free, 92MB/101MB, paused 9.047ms total 110.964ms
I/art: Background partial concurrent mark sweep GC freed 1357885(31MB) AllocSpace objects, 0(0B) LOS objects, 15% free, 87MB/103MB, paused 6.871ms total 198.200ms
I/art: Background sticky concurrent mark sweep GC freed 777270(17MB) AllocSpace objects, 0(0B) LOS objects, 9% free, 93MB/103MB, paused 6.214ms total 95.966ms
I/art: Background sticky concurrent mark sweep GC freed 410693(9MB) AllocSpace objects, 0(0B) LOS objects, 4% free, 98MB/103MB, paused 10.075ms total 89.603ms
I/art: Background partial concurrent mark sweep GC freed 1422466(32MB) AllocSpace objects, 0(0B) LOS objects, 15% free, 87MB/103MB, paused 7.118ms total 185.268ms
I/art: Background sticky concurrent mark sweep GC freed 768285(17MB) AllocSpace objects, 0(0B) LOS objects, 12% free, 90MB/103MB, paused 7.421ms total 97.018ms
I/art: Background partial concurrent mark sweep GC freed 1364945(31MB) AllocSpace objects, 0(0B) LOS objects, 15% free, 85MB/101MB, paused 7.992ms total 195.146ms
I/art: Background sticky concurrent mark sweep GC freed 715661(16MB) AllocSpace objects, 0(0B) LOS objects, 9% free, 91MB/101MB, paused 8.189ms total 99.190ms
I/art: Background partial concurrent mark sweep GC freed 1324481(30MB) AllocSpace objects, 0(0B) LOS objects, 15% free, 87MB/103MB, paused 7.753ms total 204.967ms
I/art: Background sticky concurrent mark sweep GC freed 778335(17MB) AllocSpace objects, 0(0B) LOS objects, 9% free, 93MB/103MB, paused 6.388ms total 102.085ms
I/art: Background partial concurrent mark sweep GC freed 1480818(33MB) AllocSpace objects, 0(0B) LOS objects, 15% free, 85MB/101MB, paused 5.992ms total 190.948ms
I/art: Background sticky concurrent mark sweep GC freed 712878(16MB) AllocSpace objects, 0(0B) LOS objects, 8% free, 92MB/101MB, paused 7.086ms total 91.405ms
I/art: Background partial concurrent mark sweep GC freed 1264635(28MB) AllocSpace objects, 0(0B) LOS objects, 15% free, 84MB/100MB, paused 7.707ms total 181.943ms
I/art: Background sticky concurrent mark sweep GC freed 653669(14MB) AllocSpace objects, 0(0B) LOS objects, 9% free, 90MB/100MB, paused 7.166ms total 88.401ms
I/art: Background partial concurrent mark sweep GC freed 1247227(28MB) AllocSpace objects, 0(0B) LOS objects, 15% free, 85MB/101MB, paused 9.056ms total 189.915ms
I/art: Background sticky concurrent mark sweep GC freed 724565(16MB) AllocSpace objects, 0(0B) LOS objects, 8% free, 92MB/101MB, paused 8.667ms total 109.900ms
I/art: Background partial concurrent mark sweep GC freed 1349964(30MB) AllocSpace objects, 0(0B) LOS objects, 15% free, 87MB/103MB, paused 6.847ms total 194.548ms
I/art: Background sticky concurrent mark sweep GC freed 799761(18MB) AllocSpace objects, 0(0B) LOS objects, 9% free, 93MB/103MB, paused 6.746ms total 95.232ms
I/art: Background sticky concurrent mark sweep GC freed 465877(10MB) AllocSpace objects, 0(0B) LOS objects, 3% free, 99MB/103MB, paused 6.493ms total 81.087ms
I/art: Background partial concurrent mark sweep GC freed 1427691(32MB) AllocSpace objects, 0(0B) LOS objects, 15% free, 87MB/103MB, paused 7.654ms total 186.480ms
I/art: Background sticky concurrent mark sweep GC freed 774461(17MB) AllocSpace objects, 0(0B) LOS objects, 12% free, 90MB/103MB, paused 7.104ms total 96.331ms
I/art: Background sticky concurrent mark sweep GC freed 457251(10MB) AllocSpace objects, 0(0B) LOS objects, 5% free, 98MB/103MB, paused 7.935ms total 87.220ms
I/art: Background partial concurrent mark sweep GC freed 1388449(31MB) AllocSpace objects, 0(0B) LOS objects, 15% free, 86MB/102MB, paused 9.078ms total 187.809ms
I/art: Background sticky concurrent mark sweep GC freed 754909(17MB) AllocSpace objects, 0(0B) LOS objects, 8% free, 93MB/102MB, paused 8.021ms total 105.626ms
I/art: Background partial concurrent mark sweep GC freed 1374640(31MB) AllocSpace objects, 0(0B) LOS objects, 15% free, 87MB/103MB, paused 6.659ms total 194.017ms
I/art: Background sticky concurrent mark sweep GC freed 806982(18MB) AllocSpace objects, 0(0B) LOS objects, 9% free, 93MB/103MB, paused 6.789ms total 93.439ms
I/art: Background sticky concurrent mark sweep GC freed 448199(10MB) AllocSpace objects, 0(0B) LOS objects, 3% free, 99MB/103MB, paused 6.541ms total 80.545ms
I/art: Background partial concurrent mark sweep GC freed 1430109(32MB) AllocSpace objects, 0(0B) LOS objects, 15% free, 86MB/102MB, paused 7.882ms total 186.593ms
I/art: Background sticky concurrent mark sweep GC freed 746556(17MB) AllocSpace objects, 0(0B) LOS objects, 11% free, 90MB/102MB, paused 6.916ms total 94.973ms
I/art: Background partial concurrent mark sweep GC freed 1349075(30MB) AllocSpace objects, 0(0B) LOS objects, 15% free, 85MB/101MB, paused 8.364ms total 195.219ms
I/art: Background sticky concurrent mark sweep GC freed 738018(16MB) AllocSpace objects, 0(0B) LOS objects, 9% free, 92MB/101MB, paused 8.565ms total 106.593ms
I/art: Background partial concurrent mark sweep GC freed 1358442(31MB) AllocSpace objects, 0(0B) LOS objects, 15% free, 87MB/103MB, paused 7.109ms total 197.862ms
I/art: Background sticky concurrent mark sweep GC freed 781825(17MB) AllocSpace objects, 0(0B) LOS objects, 9% free, 93MB/103MB, paused 6.080ms total 98.682ms
I/art: Background partial concurrent mark sweep GC freed 1389668(31MB) AllocSpace objects, 0(0B) LOS objects, 15% free, 88MB/104MB, paused 7.925ms total 195.808ms
I/art: Background sticky concurrent mark sweep GC freed 798657(18MB) AllocSpace objects, 0(0B) LOS objects, 11% free, 92MB/104MB, paused 7.704ms total 99.719ms
I/art: Background sticky concurrent mark sweep GC freed 423218(9MB) AllocSpace objects, 0(0B) LOS objects, 5% free, 98MB/104MB, paused 7.977ms total 86.649ms
I/art: Background partial concurrent mark sweep GC freed 1392552(31MB) AllocSpace objects, 0(0B) LOS objects, 15% free, 85MB/101MB, paused 8.671ms total 186.447ms
I/art: Background sticky concurrent mark sweep GC freed 721492(16MB) AllocSpace objects, 0(0B) LOS objects, 9% free, 92MB/101MB, paused 8.227ms total 95.543ms
I/art: Background partial concurrent mark sweep GC freed 1351786(30MB) AllocSpace objects, 0(0B) LOS objects, 15% free, 87MB/103MB, paused 8.343ms total 203.412ms
I/art: Background sticky concurrent mark sweep GC freed 764112(17MB) AllocSpace objects, 0(0B) LOS objects, 9% free, 93MB/103MB, paused 6.224ms total 95.298ms
I/art: Background sticky concurrent mark sweep GC freed 430189(9MB) AllocSpace objects, 0(0B) LOS objects, 3% free, 99MB/103MB, paused 6.086ms total 83.268ms
I/art: Background partial concurrent mark sweep GC freed 1335461(30MB) AllocSpace objects, 0(0B) LOS objects, 15% free, 88MB/104MB, paused 9.629ms total 200.322ms
I/art: Background sticky concurrent mark sweep GC freed 781252(17MB) AllocSpace objects, 0(0B) LOS objects, 9% free, 94MB/104MB, paused 7.169ms total 92.018ms
I/art: Background sticky concurrent mark sweep GC freed 394848(9MB) AllocSpace objects, 0(0B) LOS objects, 4% free, 99MB/104MB, paused 7.991ms total 79.086ms
I/art: Background partial concurrent mark sweep GC freed 1381005(31MB) AllocSpace objects, 0(0B) LOS objects, 15% free, 85MB/101MB, paused 8.167ms total 183.962ms
I/art: Background sticky concurrent mark sweep GC freed 698647(15MB) AllocSpace objects, 0(0B) LOS objects, 9% free, 91MB/101MB, paused 8.023ms total 93.645ms
I/art: Background partial concurrent mark sweep GC freed 1336206(30MB) AllocSpace objects, 0(0B) LOS objects, 15% free, 87MB/103MB, paused 9.574ms total 209.105ms
I/art: Background sticky concurrent mark sweep GC freed 767018(17MB) AllocSpace objects, 0(0B) LOS objects, 9% free, 93MB/103MB, paused 6.436ms total 97.272ms
I/art: Background partial concurrent mark sweep GC freed 1453892(33MB) AllocSpace objects, 0(0B) LOS objects, 15% free, 87MB/103MB, paused 6.267ms total 192.179ms
I/art: Background sticky concurrent mark sweep GC freed 807919(18MB) AllocSpace objects, 0(0B) LOS objects, 10% free, 92MB/103MB, paused 7.207ms total 94.416ms
I/art: Background sticky concurrent mark sweep GC freed 461541(10MB) AllocSpace objects, 0(0B) LOS objects, 5% free, 97MB/103MB, paused 6.945ms total 82.869ms
I/art: Background partial concurrent mark sweep GC freed 1320541(30MB) AllocSpace objects, 0(0B) LOS objects, 15% free, 84MB/100MB, paused 8.340ms total 180.829ms
I/art: Background sticky concurrent mark sweep GC freed 663823(15MB) AllocSpace objects, 0(0B) LOS objects, 9% free, 91MB/100MB, paused 7.894ms total 93.064ms
I/art: Background partial concurrent mark sweep GC freed 1273842(29MB) AllocSpace objects, 0(0B) LOS objects, 15% free, 86MB/102MB, paused 9.201ms total 196.043ms
I/art: Background sticky concurrent mark sweep GC freed 748331(17MB) AllocSpace objects, 0(0B) LOS objects, 8% free, 93MB/102MB, paused 7.545ms total 103.555ms
I/art: Background partial concurrent mark sweep GC freed 1394856(31MB) AllocSpace objects, 0(0B) LOS objects, 15% free, 87MB/103MB, paused 6.785ms total 190.840ms
I/art: Background sticky concurrent mark sweep GC freed 810515(18MB) AllocSpace objects, 0(0B) LOS objects, 8% free, 94MB/103MB, paused 8.515ms total 108.729ms
I/art: Background partial concurrent mark sweep GC freed 1473138(33MB) AllocSpace objects, 0(0B) LOS objects, 15% free, 87MB/103MB, paused 7.134ms total 202.208ms
I/art: Background sticky concurrent mark sweep GC freed 770132(17MB) AllocSpace objects, 0(0B) LOS objects, 12% free, 90MB/103MB, paused 6.927ms total 97.383ms
I/art: Background partial concurrent mark sweep GC freed 1380141(31MB) AllocSpace objects, 0(0B) LOS objects, 15% free, 86MB/102MB, paused 7.877ms total 196.899ms
I/art: Background sticky concurrent mark sweep GC freed 753115(17MB) AllocSpace objects, 0(0B) LOS objects, 9% free, 92MB/102MB, paused 8.821ms total 111.858ms
I/art: Background partial concurrent mark sweep GC freed 1381935(31MB) AllocSpace objects, 0(0B) LOS objects, 15% free, 87MB/103MB, paused 7.571ms total 201.970ms
I/art: Background sticky concurrent mark sweep GC freed 782456(17MB) AllocSpace objects, 0(0B) LOS objects, 9% free, 93MB/103MB, paused 6.404ms total 97.477ms
I/art: Background sticky concurrent mark sweep GC freed 452733(10MB) AllocSpace objects, 0(0B) LOS objects, 1% free, 101MB/103MB, paused 9.345ms total 108.659ms
I/art: Background partial concurrent mark sweep GC freed 1437131(32MB) AllocSpace objects, 0(0B) LOS objects, 15% free, 87MB/103MB, paused 7.777ms total 190.992ms
I/art: Background sticky concurrent mark sweep GC freed 772846(17MB) AllocSpace objects, 0(0B) LOS objects, 12% free, 90MB/103MB, paused 6.978ms total 97.356ms
I/art: Background partial concurrent mark sweep GC freed 1374493(31MB) AllocSpace objects, 0(0B) LOS objects, 15% free, 85MB/101MB, paused 7.554ms total 191.710ms
I/art: Background sticky concurrent mark sweep GC freed 712604(16MB) AllocSpace objects, 0(0B) LOS objects, 9% free, 91MB/101MB, paused 8.542ms total 100.811ms
I/art: Background partial concurrent mark sweep GC freed 1330755(30MB) AllocSpace objects, 0(0B) LOS objects, 15% free, 87MB/103MB, paused 7.894ms total 203.644ms
I/art: Background sticky concurrent mark sweep GC freed 766789(17MB) AllocSpace objects, 0(0B) LOS objects, 9% free, 93MB/103MB, paused 6.264ms total 97.233ms
I/art: Background partial concurrent mark sweep GC freed 1473451(33MB) AllocSpace objects, 0(0B) LOS objects, 15% free, 85MB/101MB, paused 6.034ms total 192.224ms
I/art: Background sticky concurrent mark sweep GC freed 722454(16MB) AllocSpace objects, 0(0B) LOS objects, 8% free, 92MB/101MB, paused 6.885ms total 94.131ms
I/art: Background partial concurrent mark sweep GC freed 1240521(28MB) AllocSpace objects, 0(0B) LOS objects, 15% free, 84MB/100MB, paused 7.033ms total 184.788ms
I/art: Background sticky concurrent mark sweep GC freed 657161(15MB) AllocSpace objects, 0(0B) LOS objects, 9% free, 90MB/100MB, paused 7.594ms total 93.030ms
I/art: Background partial concurrent mark sweep GC freed 1262969(28MB) AllocSpace objects, 0(0B) LOS objects, 15% free, 85MB/101MB, paused 8.511ms total 192.642ms
I/art: Background sticky concurrent mark sweep GC freed 731144(16MB) AllocSpace objects, 0(0B) LOS objects, 8% free, 92MB/101MB, paused 7.734ms total 106.970ms
I/art: Background partial concurrent mark sweep GC freed 1363631(31MB) AllocSpace objects, 0(0B) LOS objects, 15% free, 87MB/103MB, paused 6.912ms total 196.738ms
I/art: Background sticky concurrent mark sweep GC freed 788921(18MB) AllocSpace objects, 0(0B) LOS objects, 9% free, 92MB/103MB, paused 6.061ms total 95.252ms
I/art: Background sticky concurrent mark sweep GC freed 432413(9MB) AllocSpace objects, 0(0B) LOS objects, 3% free, 99MB/103MB, paused 6.587ms total 82.056ms
I/art: Background partial concurrent mark sweep GC freed 1423137(32MB) AllocSpace objects, 0(0B) LOS objects, 15% free, 87MB/103MB, paused 7.824ms total 191.565ms
I/art: Background sticky concurrent mark sweep GC freed 757494(17MB) AllocSpace objects, 0(0B) LOS objects, 12% free, 90MB/103MB, paused 6.926ms total 96.251ms
I/art: Background partial concurrent mark sweep GC freed 1374088(31MB) AllocSpace objects, 0(0B) LOS objects, 15% free, 85MB/101MB, paused 8.021ms total 195.859ms
I/art: Background sticky concurrent mark sweep GC freed 736624(16MB) AllocSpace objects, 0(0B) LOS objects, 9% free, 92MB/101MB, paused 8.540ms total 109.445ms
I/art: Background partial concurrent mark sweep GC freed 1363523(31MB) AllocSpace objects, 0(0B) LOS objects, 15% free, 87MB/103MB, paused 6.862ms total 200.432ms
I/art: Background sticky concurrent mark sweep GC freed 796247(18MB) AllocSpace objects, 0(0B) LOS objects, 9% free, 93MB/103MB, paused 6.232ms total 96.905ms
I/art: Background sticky concurrent mark sweep GC freed 422301(9MB) AllocSpace objects, 0(0B) LOS objects, 5% free, 98MB/103MB, paused 10.283ms total 90.445ms
I/art: Background partial concurrent mark sweep GC freed 1449654(33MB) AllocSpace objects, 0(0B) LOS objects, 15% free, 87MB/103MB, paused 7.159ms total 187.663ms
I/art: Background sticky concurrent mark sweep GC freed 777339(17MB) AllocSpace objects, 0(0B) LOS objects, 12% free, 90MB/103MB, paused 7.414ms total 97.343ms
I/art: Background sticky concurrent mark sweep GC freed 460037(10MB) AllocSpace objects, 0(0B) LOS objects, 5% free, 97MB/103MB, paused 7.620ms total 86.337ms
I/art: Background partial concurrent mark sweep GC freed 1362170(31MB) AllocSpace objects, 0(0B) LOS objects, 15% free, 85MB/101MB, paused 8.546ms total 185.473ms
I/art: Background sticky concurrent mark sweep GC freed 728109(16MB) AllocSpace objects, 0(0B) LOS objects, 8% free, 92MB/101MB, paused 8.640ms total 105.578ms
I/art: Background partial concurrent mark sweep GC freed 1342258(30MB) AllocSpace objects, 0(0B) LOS objects, 15% free, 87MB/103MB, paused 7.057ms total 200.715ms
I/art: Background sticky concurrent mark sweep GC freed 784996(17MB) AllocSpace objects, 0(0B) LOS objects, 9% free, 93MB/103MB, paused 6.078ms total 96.037ms
I/art: Background sticky concurrent mark sweep GC freed 419795(9MB) AllocSpace objects, 0(0B) LOS objects, 5% free, 98MB/103MB, paused 10.088ms total 89.127ms
I/art: Background partial concurrent mark sweep GC freed 1437630(32MB) AllocSpace objects, 0(0B) LOS objects, 15% free, 87MB/103MB, paused 7.066ms total 184.178ms
I/art: Background sticky concurrent mark sweep GC freed 766033(17MB) AllocSpace objects, 0(0B) LOS objects, 12% free, 90MB/103MB, paused 6.962ms total 97.309ms
I/art: Background partial concurrent mark sweep GC freed 1348770(30MB) AllocSpace objects, 0(0B) LOS objects, 15% free, 85MB/101MB, paused 7.868ms total 191.655ms
I/art: Background sticky concurrent mark sweep GC freed 717174(16MB) AllocSpace objects, 0(0B) LOS objects, 10% free, 91MB/101MB, paused 8.206ms total 98.649ms
I/art: Background partial concurrent mark sweep GC freed 1344112(30MB) AllocSpace objects, 0(0B) LOS objects, 15% free, 87MB/103MB, paused 7.897ms total 206.338ms
I/art: Background sticky concurrent mark sweep GC freed 777040(17MB) AllocSpace objects, 0(0B) LOS objects, 10% free, 93MB/103MB, paused 6.525ms total 99.143ms
I/art: Background partial concurrent mark sweep GC freed 1506247(34MB) AllocSpace objects, 0(0B) LOS objects, 15% free, 85MB/101MB, paused 5.968ms total 190.046ms
I/art: Background sticky concurrent mark sweep GC freed 742795(17MB) AllocSpace objects, 0(0B) LOS objects, 9% free, 92MB/101MB, paused 7.670ms total 97.629ms
I/art: Background partial concurrent mark sweep GC freed 1259566(28MB) AllocSpace objects, 0(0B) LOS objects, 15% free, 84MB/100MB, paused 7.115ms total 183.143ms
I/art: Background sticky concurrent mark sweep GC freed 652510(14MB) AllocSpace objects, 0(0B) LOS objects, 9% free, 90MB/100MB, paused 7.501ms total 93.146ms
I/art: Background partial concurrent mark sweep GC freed 1255931(28MB) AllocSpace objects, 0(0B) LOS objects, 15% free, 85MB/101MB, paused 8.687ms total 191.039ms
I/art: Background sticky concurrent mark sweep GC freed 730539(16MB) AllocSpace objects, 0(0B) LOS objects, 8% free, 92MB/101MB, paused 8.118ms total 109.518ms
I/art: Background partial concurrent mark sweep GC freed 1371503(31MB) AllocSpace objects, 0(0B) LOS objects, 15% free, 87MB/103MB, paused 6.844ms total 195.782ms
I/art: Background sticky concurrent mark sweep GC freed 795548(18MB) AllocSpace objects, 0(0B) LOS objects, 9% free, 92MB/103MB, paused 5.981ms total 93.965ms
I/art: Background sticky concurrent mark sweep GC freed 440382(10MB) AllocSpace objects, 0(0B) LOS objects, 3% free, 99MB/103MB, paused 6.485ms total 81.957ms
I/art: Background partial concurrent mark sweep GC freed 1412617(32MB) AllocSpace objects, 0(0B) LOS objects, 15% free, 87MB/103MB, paused 8.605ms total 187.739ms
I/art: Background sticky concurrent mark sweep GC freed 765962(17MB) AllocSpace objects, 0(0B) LOS objects, 12% free, 90MB/103MB, paused 6.972ms total 95.898ms
I/art: Background sticky concurrent mark sweep GC freed 450095(10MB) AllocSpace objects, 0(0B) LOS objects, 5% free, 98MB/103MB, paused 8.081ms total 87.740ms
I/art: Background partial concurrent mark sweep GC freed 1378007(31MB) AllocSpace objects, 0(0B) LOS objects, 15% free, 86MB/102MB, paused 9.281ms total 190.093ms
I/art: Background sticky concurrent mark sweep GC freed 747366(17MB) AllocSpace objects, 0(0B) LOS objects, 8% free, 93MB/102MB, paused 7.625ms total 105.356ms
I/art: Background partial concurrent mark sweep GC freed 1368261(31MB) AllocSpace objects, 0(0B) LOS objects, 15% free, 87MB/103MB, paused 6.670ms total 195.897ms
I/art: Background sticky concurrent mark sweep GC freed 818635(18MB) AllocSpace objects, 0(0B) LOS objects, 10% free, 92MB/103MB, paused 6.043ms total 96.320ms
I/art: Background sticky concurrent mark sweep GC freed 463477(10MB) AllocSpace objects, 0(0B) LOS objects, 3% free, 99MB/103MB, paused 6.666ms total 83.599ms
I/art: Background partial concurrent mark sweep GC freed 1430673(32MB) AllocSpace objects, 0(0B) LOS objects, 15% free, 86MB/102MB, paused 7.594ms total 188.574ms
I/art: Background sticky concurrent mark sweep GC freed 737283(16MB) AllocSpace objects, 0(0B) LOS objects, 11% free, 90MB/102MB, paused 7.392ms total 95.771ms
I/art: Background partial concurrent mark sweep GC freed 1360690(31MB) AllocSpace objects, 0(0B) LOS objects, 15% free, 85MB/101MB, paused 8.153ms total 194.576ms
I/art: Background sticky concurrent mark sweep GC freed 743240(17MB) AllocSpace objects, 0(0B) LOS objects, 9% free, 92MB/101MB, paused 9.078ms total 109.401ms
I/art: Background partial concurrent mark sweep GC freed 1360379(31MB) AllocSpace objects, 0(0B) LOS objects, 15% free, 87MB/103MB, paused 8.191ms total 204.027ms
I/art: Background sticky concurrent mark sweep GC freed 781012(17MB) AllocSpace objects, 0(0B) LOS objects, 9% free, 93MB/103MB, paused 6.134ms total 96.440ms
I/art: Background sticky concurrent mark sweep GC freed 409856(9MB) AllocSpace objects, 0(0B) LOS objects, 4% free, 98MB/103MB, paused 10.317ms total 90.056ms
I/art: Background partial concurrent mark sweep GC freed 1443200(33MB) AllocSpace objects, 0(0B) LOS objects, 15% free, 87MB/103MB, paused 7.220ms total 188.845ms
I/art: Background sticky concurrent mark sweep GC freed 767853(17MB) AllocSpace objects, 0(0B) LOS objects, 12% free, 90MB/103MB, paused 7.101ms total 96.331ms
I/art: Background sticky concurrent mark sweep GC freed 445705(10MB) AllocSpace objects, 0(0B) LOS objects, 5% free, 97MB/103MB, paused 7.696ms total 86.855ms
I/art: Background partial concurrent mark sweep GC freed 1372171(31MB) AllocSpace objects, 0(0B) LOS objects, 15% free, 85MB/101MB, paused 9.040ms total 185.842ms
I/art: Background sticky concurrent mark sweep GC freed 729373(16MB) AllocSpace objects, 0(0B) LOS objects, 8% free, 92MB/101MB, paused 8.885ms total 106.494ms
I/art: Background partial concurrent mark sweep GC freed 1351357(30MB) AllocSpace objects, 0(0B) LOS objects, 15% free, 87MB/103MB, paused 6.933ms total 197.046ms
I/art: Background sticky concurrent mark sweep GC freed 785759(17MB) AllocSpace objects, 0(0B) LOS objects, 9% free, 93MB/103MB, paused 6.115ms total 95.268ms
I/art: Background sticky concurrent mark sweep GC freed 427853(9MB) AllocSpace objects, 0(0B) LOS objects, 4% free, 98MB/103MB, paused 9.914ms total 89.493ms
I/art: Background partial concurrent mark sweep GC freed 1429702(32MB) AllocSpace objects, 0(0B) LOS objects, 15% free, 87MB/103MB, paused 6.726ms total 187.202ms
I/art: Background sticky concurrent mark sweep GC freed 769542(17MB) AllocSpace objects, 0(0B) LOS objects, 12% free, 90MB/103MB, paused 6.637ms total 97.949ms
I/art: Background sticky concurrent mark sweep GC freed 455561(10MB) AllocSpace objects, 0(0B) LOS objects, 5% free, 97MB/103MB, paused 7.664ms total 87.943ms
I/art: Background partial concurrent mark sweep GC freed 1364986(31MB) AllocSpace objects, 0(0B) LOS objects, 15% free, 85MB/101MB, paused 8.604ms total 189.428ms
I/art: Background sticky concurrent mark sweep GC freed 728707(16MB) AllocSpace objects, 0(0B) LOS objects, 8% free, 92MB/101MB, paused 8.896ms total 104.279ms
I/art: Background partial concurrent mark sweep GC freed 1349733(30MB) AllocSpace objects, 0(0B) LOS objects, 15% free, 87MB/103MB, paused 7.430ms total 195.538ms
I/art: Background sticky concurrent mark sweep GC freed 764410(17MB) AllocSpace objects, 0(0B) LOS objects, 9% free, 93MB/103MB, paused 6.207ms total 95.247ms
I/art: Background sticky concurrent mark sweep GC freed 422802(9MB) AllocSpace objects, 0(0B) LOS objects, 5% free, 97MB/103MB, paused 5.091ms total 79.678ms
I/art: Background partial concurrent mark sweep GC freed 1394519(31MB) AllocSpace objects, 0(0B) LOS objects, 15% free, 87MB/103MB, paused 6.222ms total 178.651ms
I/art: Background sticky concurrent mark sweep GC freed 768026(17MB) AllocSpace objects, 0(0B) LOS objects, 12% free, 90MB/103MB, paused 6.993ms total 94.696ms
I/art: Background sticky concurrent mark sweep GC freed 446100(10MB) AllocSpace objects, 0(0B) LOS objects, 5% free, 97MB/103MB, paused 8.052ms total 85.158ms
I/art: Background partial concurrent mark sweep GC freed 1356561(31MB) AllocSpace objects, 0(0B) LOS objects, 15% free, 86MB/102MB, paused 9.311ms total 191.984ms
I/art: Background sticky concurrent mark sweep GC freed 739099(16MB) AllocSpace objects, 0(0B) LOS objects, 9% free, 92MB/102MB, paused 8.444ms total 104.368ms
I/art: Background partial concurrent mark sweep GC freed 1363136(31MB) AllocSpace objects, 0(0B) LOS objects, 15% free, 87MB/103MB, paused 8.516ms total 206.140ms
I/art: Background sticky concurrent mark sweep GC freed 772068(17MB) AllocSpace objects, 0(0B) LOS objects, 9% free, 93MB/103MB, paused 6.271ms total 95.332ms
I/art: Background sticky concurrent mark sweep GC freed 445507(10MB) AllocSpace objects, 0(0B) LOS objects, 5% free, 97MB/103MB, paused 5.747ms total 82.573ms
I/art: Background partial concurrent mark sweep GC freed 1394722(31MB) AllocSpace objects, 0(0B) LOS objects, 15% free, 87MB/103MB, paused 6.389ms total 179.611ms
I/art: Background sticky concurrent mark sweep GC freed 772554(17MB) AllocSpace objects, 0(0B) LOS objects, 12% free, 90MB/103MB, paused 6.815ms total 92.973ms
I/art: Background sticky concurrent mark sweep GC freed 454967(10MB) AllocSpace objects, 0(0B) LOS objects, 5% free, 97MB/103MB, paused 8.291ms total 85.004ms
I/art: Background partial concurrent mark sweep GC freed 1354995(31MB) AllocSpace objects, 0(0B) LOS objects, 15% free, 85MB/101MB, paused 8.901ms total 185.404ms
I/art: Background sticky concurrent mark sweep GC freed 720221(16MB) AllocSpace objects, 0(0B) LOS objects, 8% free, 92MB/101MB, paused 8.330ms total 99.746ms
I/art: Background partial concurrent mark sweep GC freed 1344272(30MB) AllocSpace objects, 0(0B) LOS objects, 15% free, 87MB/103MB, paused 8.185ms total 204.465ms
I/art: Background sticky concurrent mark sweep GC freed 774352(17MB) AllocSpace objects, 0(0B) LOS objects, 9% free, 93MB/103MB, paused 6.437ms total 95.816ms
I/art: Background sticky concurrent mark sweep GC freed 453205(10MB) AllocSpace objects, 0(0B) LOS objects, 4% free, 98MB/103MB, paused 7.085ms total 82.606ms
I/art: Background partial concurrent mark sweep GC freed 1388906(31MB) AllocSpace objects, 0(0B) LOS objects, 15% free, 87MB/103MB, paused 6.012ms total 183.677ms
I/art: Background sticky concurrent mark sweep GC freed 760177(17MB) AllocSpace objects, 0(0B) LOS objects, 12% free, 90MB/103MB, paused 7.342ms total 94.231ms
I/art: Background sticky concurrent mark sweep GC freed 446443(10MB) AllocSpace objects, 0(0B) LOS objects, 5% free, 97MB/103MB, paused 7.803ms total 85.018ms
I/art: Background partial concurrent mark sweep GC freed 1345610(30MB) AllocSpace objects, 0(0B) LOS objects, 15% free, 85MB/101MB, paused 8.131ms total 185.788ms
I/art: Background sticky concurrent mark sweep GC freed 717811(16MB) AllocSpace objects, 0(0B) LOS objects, 9% free, 92MB/101MB, paused 8.541ms total 103.001ms
I/art: Background partial concurrent mark sweep GC freed 1339325(30MB) AllocSpace objects, 0(0B) LOS objects, 15% free, 87MB/103MB, paused 7.582ms total 201.785ms
I/art: Background sticky concurrent mark sweep GC freed 770895(17MB) AllocSpace objects, 0(0B) LOS objects, 9% free, 93MB/103MB, paused 6.713ms total 95.834ms
I/art: Background sticky concurrent mark sweep GC freed 435751(9MB) AllocSpace objects, 0(0B) LOS objects, 3% free, 99MB/103MB, paused 6.098ms total 82.260ms
I/art: Background partial concurrent mark sweep GC freed 1381947(31MB) AllocSpace objects, 0(0B) LOS objects, 15% free, 87MB/103MB, paused 6.639ms total 180.445ms
I/art: Background sticky concurrent mark sweep GC freed 803697(18MB) AllocSpace objects, 0(0B) LOS objects, 11% free, 91MB/103MB, paused 7.015ms total 95.371ms
I/art: Background sticky concurrent mark sweep GC freed 432547(9MB) AllocSpace objects, 0(0B) LOS objects, 5% free, 97MB/103MB, paused 7.703ms total 82.466ms
I/art: Background partial concurrent mark sweep GC freed 1370347(31MB) AllocSpace objects, 0(0B) LOS objects, 15% free, 85MB/101MB, paused 8.638ms total 184.396ms
I/art: Background sticky concurrent mark sweep GC freed 703072(16MB) AllocSpace objects, 0(0B) LOS objects, 9% free, 91MB/101MB, paused 8.338ms total 94.982ms
I/art: Background partial concurrent mark sweep GC freed 1340760(30MB) AllocSpace objects, 0(0B) LOS objects, 15% free, 87MB/103MB, paused 8.103ms total 202.241ms
I/art: Background sticky concurrent mark sweep GC freed 773664(17MB) AllocSpace objects, 0(0B) LOS objects, 9% free, 93MB/103MB, paused 6.256ms total 96.201ms
I/art: Background sticky concurrent mark sweep GC freed 429948(9MB) AllocSpace objects, 0(0B) LOS objects, 3% free, 100MB/103MB, paused 6.060ms total 80.105ms
I/art: Background partial concurrent mark sweep GC freed 1324099(30MB) AllocSpace objects, 0(0B) LOS objects, 15% free, 87MB/103MB, paused 8.726ms total 191.828ms
I/art: Background sticky concurrent mark sweep GC freed 749416(17MB) AllocSpace objects, 0(0B) LOS objects, 9% free, 93MB/103MB, paused 7.853ms total 95.814ms
I/art: Background partial concurrent mark sweep GC freed 1308243(29MB) AllocSpace objects, 0(0B) LOS objects, 15% free, 84MB/100MB, paused 7.603ms total 190.674ms
I/art: Background sticky concurrent mark sweep GC freed 684736(15MB) AllocSpace objects, 0(0B) LOS objects, 9% free, 90MB/100MB, paused 8.018ms total 94.554ms
I/art: Background partial concurrent mark sweep GC freed 1291329(29MB) AllocSpace objects, 0(0B) LOS objects, 15% free, 86MB/102MB, paused 8.903ms total 200.604ms
I/art: Background sticky concurrent mark sweep GC freed 749038(17MB) AllocSpace objects, 0(0B) LOS objects, 9% free, 93MB/102MB, paused 6.669ms total 101.708ms
I/art: Background partial concurrent mark sweep GC freed 1412621(32MB) AllocSpace objects, 0(0B) LOS objects, 15% free, 87MB/103MB, paused 6.436ms total 197.679ms
I/art: Background sticky concurrent mark sweep GC freed 817412(18MB) AllocSpace objects, 0(0B) LOS objects, 9% free, 93MB/103MB, paused 7.808ms total 108.423ms
I/art: Background partial concurrent mark sweep GC freed 1457105(33MB) AllocSpace objects, 0(0B) LOS objects, 15% free, 86MB/102MB, paused 8.018ms total 200.006ms
I/art: Background sticky concurrent mark sweep GC freed 739155(16MB) AllocSpace objects, 0(0B) LOS objects, 11% free, 90MB/102MB, paused 7.150ms total 96.491ms
I/art: Background partial concurrent mark sweep GC freed 1344805(30MB) AllocSpace objects, 0(0B) LOS objects, 15% free, 86MB/102MB, paused 7.855ms total 196.689ms
I/art: Background sticky concurrent mark sweep GC freed 752608(17MB) AllocSpace objects, 0(0B) LOS objects, 9% free, 92MB/102MB, paused 8.892ms total 110.960ms
I/art: Background partial concurrent mark sweep GC freed 1376822(31MB) AllocSpace objects, 0(0B) LOS objects, 15% free, 87MB/103MB, paused 7.046ms total 200.094ms
I/art: Background sticky concurrent mark sweep GC freed 793641(18MB) AllocSpace objects, 0(0B) LOS objects, 9% free, 93MB/103MB, paused 6.443ms total 99.883ms
I/art: Background sticky concurrent mark sweep GC freed 459151(10MB) AllocSpace objects, 0(0B) LOS objects, 2% free, 100MB/103MB, paused 8.842ms total 104.743ms
I/art: Background partial concurrent mark sweep GC freed 1438433(32MB) AllocSpace objects, 0(0B) LOS objects, 15% free, 87MB/103MB, paused 7.753ms total 190.954ms
I/art: Background sticky concurrent mark sweep GC freed 778287(17MB) AllocSpace objects, 0(0B) LOS objects, 12% free, 91MB/103MB, paused 7.422ms total 97.239ms
I/art: Background sticky concurrent mark sweep GC freed 462957(10MB) AllocSpace objects, 0(0B) LOS objects, 5% free, 98MB/103MB, paused 8.121ms total 86.110ms
I/art: Background partial concurrent mark sweep GC freed 1380512(31MB) AllocSpace objects, 0(0B) LOS objects, 15% free, 85MB/101MB, paused 8.653ms total 189.184ms
I/art: Background sticky concurrent mark sweep GC freed 732208(16MB) AllocSpace objects, 0(0B) LOS objects, 8% free, 92MB/101MB, paused 8.784ms total 110.907ms
I/art: Background partial concurrent mark sweep GC freed 1348667(30MB) AllocSpace objects, 0(0B) LOS objects, 15% free, 87MB/103MB, paused 7.134ms total 197.857ms
I/art: Background sticky concurrent mark sweep GC freed 780581(17MB) AllocSpace objects, 0(0B) LOS objects, 9% free, 93MB/103MB, paused 6.625ms total 97.722ms
I/art: Background sticky concurrent mark sweep GC freed 442991(10MB) AllocSpace objects, 0(0B) LOS objects, 2% free, 100MB/103MB, paused 8.507ms total 100.594ms
I/art: Background partial concurrent mark sweep GC freed 1429671(32MB) AllocSpace objects, 0(0B) LOS objects, 15% free, 87MB/103MB, paused 7.291ms total 187.554ms
I/art: Background sticky concurrent mark sweep GC freed 768678(17MB) AllocSpace objects, 0(0B) LOS objects, 12% free, 90MB/103MB, paused 7.187ms total 94.776ms
I/art: Background sticky concurrent mark sweep GC freed 455097(10MB) AllocSpace objects, 0(0B) LOS objects, 5% free, 98MB/103MB, paused 8.226ms total 84.641ms
I/art: Background partial concurrent mark sweep GC freed 1390604(31MB) AllocSpace objects, 0(0B) LOS objects, 15% free, 85MB/101MB, paused 8.947ms total 192.065ms
I/art: Background sticky concurrent mark sweep GC freed 735596(16MB) AllocSpace objects, 0(0B) LOS objects, 8% free, 92MB/101MB, paused 8.708ms total 108.977ms
I/art: Background partial concurrent mark sweep GC freed 1363176(31MB) AllocSpace objects, 0(0B) LOS objects, 15% free, 87MB/103MB, paused 7.239ms total 200.259ms
I/art: Background sticky concurrent mark sweep GC freed 794993(18MB) AllocSpace objects, 0(0B) LOS objects, 9% free, 93MB/103MB, paused 6.639ms total 98.503ms
I/art: Background sticky concurrent mark sweep GC freed 462267(10MB) AllocSpace objects, 0(0B) LOS objects, 3% free, 100MB/103MB, paused 7.701ms total 93.525ms
I/art: Background partial concurrent mark sweep GC freed 1431655(32MB) AllocSpace objects, 0(0B) LOS objects, 15% free, 87MB/103MB, paused 7.403ms total 184.638ms
I/art: Background sticky concurrent mark sweep GC freed 782426(17MB) AllocSpace objects, 0(0B) LOS objects, 12% free, 91MB/103MB, paused 7.532ms total 97.344ms
I/art: Background sticky concurrent mark sweep GC freed 463198(10MB) AllocSpace objects, 0(0B) LOS objects, 5% free, 98MB/103MB, paused 8.600ms total 87.332ms
I/art: Background partial concurrent mark sweep GC freed 1396788(31MB) AllocSpace objects, 0(0B) LOS objects, 15% free, 86MB/102MB, paused 9.527ms total 193.473ms
I/art: Background sticky concurrent mark sweep GC freed 748757(17MB) AllocSpace objects, 0(0B) LOS objects, 8% free, 93MB/102MB, paused 8.263ms total 106.553ms
I/art: Background partial concurrent mark sweep GC freed 1361885(31MB) AllocSpace objects, 0(0B) LOS objects, 15% free, 87MB/103MB, paused 7.273ms total 197.148ms
I/art: Background sticky concurrent mark sweep GC freed 801648(18MB) AllocSpace objects, 0(0B) LOS objects, 9% free, 93MB/103MB, paused 6.145ms total 92.757ms
I/art: Background sticky concurrent mark sweep GC freed 457908(10MB) AllocSpace objects, 0(0B) LOS objects, 3% free, 99MB/103MB, paused 5.771ms total 80.084ms
I/art: Background partial concurrent mark sweep GC freed 1391588(31MB) AllocSpace objects, 0(0B) LOS objects, 15% free, 87MB/103MB, paused 7.964ms total 183.979ms
I/art: Background sticky concurrent mark sweep GC freed 758919(17MB) AllocSpace objects, 0(0B) LOS objects, 12% free, 90MB/103MB, paused 7.419ms total 96.041ms
I/art: Background sticky concurrent mark sweep GC freed 436989(10MB) AllocSpace objects, 0(0B) LOS objects, 4% free, 98MB/103MB, paused 8.200ms total 86.203ms
I/art: Background partial concurrent mark sweep GC freed 1381785(31MB) AllocSpace objects, 0(0B) LOS objects, 15% free, 86MB/102MB, paused 9.252ms total 189.668ms
I/art: Background sticky concurrent mark sweep GC freed 756805(17MB) AllocSpace objects, 0(0B) LOS objects, 9% free, 93MB/102MB, paused 8.324ms total 104.849ms
I/art: Background partial concurrent mark sweep GC freed 1375518(31MB) AllocSpace objects, 0(0B) LOS objects, 15% free, 87MB/103MB, paused 7.488ms total 197.951ms
I/art: Background sticky concurrent mark sweep GC freed 783037(17MB) AllocSpace objects, 0(0B) LOS objects, 9% free, 93MB/103MB, paused 5.952ms total 92.346ms
I/art: Background sticky concurrent mark sweep GC freed 451834(10MB) AllocSpace objects, 0(0B) LOS objects, 3% free, 99MB/103MB, paused 5.980ms total 81.810ms
I/art: Background partial concurrent mark sweep GC freed 1400522(32MB) AllocSpace objects, 0(0B) LOS objects, 15% free, 87MB/103MB, paused 7.868ms total 185.516ms
I/art: Background sticky concurrent mark sweep GC freed 765020(17MB) AllocSpace objects, 0(0B) LOS objects, 12% free, 91MB/103MB, paused 7.303ms total 95.142ms
I/art: Background sticky concurrent mark sweep GC freed 440192(10MB) AllocSpace objects, 0(0B) LOS objects, 5% free, 98MB/103MB, paused 8.256ms total 86.855ms
I/art: Background partial concurrent mark sweep GC freed 1401495(32MB) AllocSpace objects, 0(0B) LOS objects, 15% free, 86MB/102MB, paused 9.462ms total 193.426ms
I/art: Background sticky concurrent mark sweep GC freed 760577(17MB) AllocSpace objects, 0(0B) LOS objects, 9% free, 93MB/102MB, paused 8.233ms total 104.667ms
I/art: Background partial concurrent mark sweep GC freed 1382724(31MB) AllocSpace objects, 0(0B) LOS objects, 15% free, 87MB/103MB, paused 7.204ms total 197.057ms
I/art: Background sticky concurrent mark sweep GC freed 791530(18MB) AllocSpace objects, 0(0B) LOS objects, 9% free, 93MB/103MB, paused 5.908ms total 92.721ms
I/art: Background sticky concurrent mark sweep GC freed 450498(10MB) AllocSpace objects, 0(0B) LOS objects, 3% free, 99MB/103MB, paused 6.727ms total 82.095ms
I/art: Background partial concurrent mark sweep GC freed 1428775(32MB) AllocSpace objects, 0(0B) LOS objects, 15% free, 87MB/103MB, paused 6.856ms total 186.708ms
I/art: Background sticky concurrent mark sweep GC freed 762417(17MB) AllocSpace objects, 0(0B) LOS objects, 12% free, 90MB/103MB, paused 7.205ms total 97.472ms
I/art: Background sticky concurrent mark sweep GC freed 445345(10MB) AllocSpace objects, 0(0B) LOS objects, 5% free, 97MB/103MB, paused 7.824ms total 88.176ms
I/art: Background partial concurrent mark sweep GC freed 1375869(31MB) AllocSpace objects, 0(0B) LOS objects, 15% free, 86MB/102MB, paused 9.020ms total 190.900ms
I/art: Background sticky concurrent mark sweep GC freed 747471(17MB) AllocSpace objects, 0(0B) LOS objects, 9% free, 92MB/102MB, paused 8.243ms total 105.540ms
I/art: Background partial concurrent mark sweep GC freed 1350971(30MB) AllocSpace objects, 0(0B) LOS objects, 15% free, 86MB/102MB, paused 6.873ms total 191.603ms
I/art: Background sticky concurrent mark sweep GC freed 779164(17MB) AllocSpace objects, 0(0B) LOS objects, 9% free, 92MB/102MB, paused 5.940ms total 91.414ms
I/art: Background sticky concurrent mark sweep GC freed 450238(10MB) AllocSpace objects, 0(0B) LOS objects, 3% free, 98MB/102MB, paused 6.724ms total 80.670ms
I/art: Background partial concurrent mark sweep GC freed 1399450(32MB) AllocSpace objects, 0(0B) LOS objects, 15% free, 87MB/103MB, paused 6.622ms total 187.551ms
I/art: Background sticky concurrent mark sweep GC freed 746088(17MB) AllocSpace objects, 0(0B) LOS objects, 11% free, 90MB/103MB, paused 7.281ms total 96.344ms
I/art: Background partial concurrent mark sweep GC freed 1352464(30MB) AllocSpace objects, 0(0B) LOS objects, 15% free, 85MB/101MB, paused 7.968ms total 195.019ms
I/art: Background sticky concurrent mark sweep GC freed 740302(16MB) AllocSpace objects, 0(0B) LOS objects, 9% free, 92MB/101MB, paused 8.506ms total 109.316ms
I/art: Background partial concurrent mark sweep GC freed 1365504(31MB) AllocSpace objects, 0(0B) LOS objects, 15% free, 87MB/103MB, paused 7.111ms total 201.929ms
I/art: Background sticky concurrent mark sweep GC freed 787526(18MB) AllocSpace objects, 0(0B) LOS objects, 9% free, 93MB/103MB, paused 6.672ms total 99.338ms
I/art: Background sticky concurrent mark sweep GC freed 450923(10MB) AllocSpace objects, 0(0B) LOS objects, 5% free, 97MB/103MB, paused 5.932ms total 84.171ms
I/art: Background partial concurrent mark sweep GC freed 1416994(32MB) AllocSpace objects, 0(0B) LOS objects, 15% free, 87MB/103MB, paused 6.294ms total 178.928ms
I/art: Background sticky concurrent mark sweep GC freed 770579(17MB) AllocSpace objects, 0(0B) LOS objects, 12% free, 90MB/103MB, paused 7.330ms total 92.776ms
I/art: Background sticky concurrent mark sweep GC freed 446098(10MB) AllocSpace objects, 0(0B) LOS objects, 5% free, 97MB/103MB, paused 8.244ms total 83.081ms
I/art: Background partial concurrent mark sweep GC freed 1359867(31MB) AllocSpace objects, 0(0B) LOS objects, 15% free, 85MB/101MB, paused 8.766ms total 186.234ms
I/art: Background sticky concurrent mark sweep GC freed 729744(16MB) AllocSpace objects, 0(0B) LOS objects, 9% free, 92MB/101MB, paused 8.723ms total 103.476ms
I/art: Background partial concurrent mark sweep GC freed 1353256(30MB) AllocSpace objects, 0(0B) LOS objects, 15% free, 87MB/103MB, paused 8.501ms total 205.865ms
I/art: Background sticky concurrent mark sweep GC freed 781751(17MB) AllocSpace objects, 0(0B) LOS objects, 9% free, 93MB/103MB, paused 6.302ms total 95.336ms
I/art: Background sticky concurrent mark sweep GC freed 445792(10MB) AllocSpace objects, 0(0B) LOS objects, 5% free, 97MB/103MB, paused 5.808ms total 82.717ms
I/art: Background partial concurrent mark sweep GC freed 1419457(32MB) AllocSpace objects, 0(0B) LOS objects, 15% free, 87MB/103MB, paused 6.442ms total 182.767ms
I/art: Background sticky concurrent mark sweep GC freed 772009(17MB) AllocSpace objects, 0(0B) LOS objects, 12% free, 90MB/103MB, paused 6.864ms total 92.359ms
I/art: Background sticky concurrent mark sweep GC freed 453727(10MB) AllocSpace objects, 0(0B) LOS objects, 5% free, 97MB/103MB, paused 8.252ms total 86.170ms
I/art: Background partial concurrent mark sweep GC freed 1351181(30MB) AllocSpace objects, 0(0B) LOS objects, 15% free, 85MB/101MB, paused 8.575ms total 184.631ms
I/art: Background sticky concurrent mark sweep GC freed 715195(16MB) AllocSpace objects, 0(0B) LOS objects, 9% free, 92MB/101MB, paused 8.320ms total 103.384ms
I/art: Background partial concurrent mark sweep GC freed 1332051(30MB) AllocSpace objects, 0(0B) LOS objects, 15% free, 87MB/103MB, paused 8.329ms total 204.480ms
I/art: Background sticky concurrent mark sweep GC freed 768882(17MB) AllocSpace objects, 0(0B) LOS objects, 9% free, 93MB/103MB, paused 6.627ms total 97.774ms
I/art: Background sticky concurrent mark sweep GC freed 458880(10MB) AllocSpace objects, 0(0B) LOS objects, 4% free, 98MB/103MB, paused 6.126ms total 82.490ms
I/art: Background partial concurrent mark sweep GC freed 1383944(31MB) AllocSpace objects, 0(0B) LOS objects, 15% free, 87MB/103MB, paused 6.078ms total 186.798ms
I/art: Background sticky concurrent mark sweep GC freed 768313(17MB) AllocSpace objects, 0(0B) LOS objects, 12% free, 90MB/103MB, paused 6.590ms total 95.030ms
I/art: Background sticky concurrent mark sweep GC freed 444358(10MB) AllocSpace objects, 0(0B) LOS objects, 5% free, 97MB/103MB, paused 7.793ms total 85.589ms
I/art: Background partial concurrent mark sweep GC freed 1358524(31MB) AllocSpace objects, 0(0B) LOS objects, 15% free, 85MB/101MB, paused 7.925ms total 184.868ms
I/art: Background sticky concurrent mark sweep GC freed 720851(16MB) AllocSpace objects, 0(0B) LOS objects, 9% free, 92MB/101MB, paused 8.531ms total 102.850ms
I/art: Background partial concurrent mark sweep GC freed 1346273(30MB) AllocSpace objects, 0(0B) LOS objects, 15% free, 87MB/103MB, paused 7.664ms total 199.991ms
I/art: Background sticky concurrent mark sweep GC freed 770878(17MB) AllocSpace objects, 0(0B) LOS objects, 9% free, 93MB/103MB, paused 6.372ms total 97.457ms
I/art: Background sticky concurrent mark sweep GC freed 434596(9MB) AllocSpace objects, 0(0B) LOS objects, 3% free, 99MB/103MB, paused 6.190ms total 81.919ms
I/art: Background partial concurrent mark sweep GC freed 1394998(31MB) AllocSpace objects, 0(0B) LOS objects, 15% free, 87MB/103MB, paused 6.546ms total 177.227ms
I/art: Background sticky concurrent mark sweep GC freed 796076(18MB) AllocSpace objects, 0(0B) LOS objects, 11% free, 91MB/103MB, paused 7.276ms total 94.881ms
I/art: Background sticky concurrent mark sweep GC freed 423260(9MB) AllocSpace objects, 0(0B) LOS objects, 5% free, 97MB/103MB, paused 7.745ms total 81.394ms
I/art: Background partial concurrent mark sweep GC freed 1362753(31MB) AllocSpace objects, 0(0B) LOS objects, 15% free, 85MB/101MB, paused 8.605ms total 184.528ms
I/art: Background sticky concurrent mark sweep GC freed 704553(16MB) AllocSpace objects, 0(0B) LOS objects, 9% free, 91MB/101MB, paused 7.770ms total 93.708ms
I/art: Background partial concurrent mark sweep GC freed 1347996(30MB) AllocSpace objects, 0(0B) LOS objects, 15% free, 87MB/103MB, paused 7.978ms total 200.589ms
I/art: Background sticky concurrent mark sweep GC freed 774467(17MB) AllocSpace objects, 0(0B) LOS objects, 9% free, 93MB/103MB, paused 6.285ms total 94.424ms
I/art: Background sticky concurrent mark sweep GC freed 430886(9MB) AllocSpace objects, 0(0B) LOS objects, 3% free, 100MB/103MB, paused 6.135ms total 81.026ms
I/art: Background partial concurrent mark sweep GC freed 1331373(30MB) AllocSpace objects, 0(0B) LOS objects, 15% free, 87MB/103MB, paused 8.365ms total 189.193ms
I/art: Background sticky concurrent mark sweep GC freed 745717(17MB) AllocSpace objects, 0(0B) LOS objects, 9% free, 93MB/103MB, paused 7.818ms total 96.064ms
I/art: Background partial concurrent mark sweep GC freed 1305632(29MB) AllocSpace objects, 0(0B) LOS objects, 15% free, 84MB/100MB, paused 7.673ms total 191.497ms
I/art: Background sticky concurrent mark sweep GC freed 685240(15MB) AllocSpace objects, 0(0B) LOS objects, 10% free, 90MB/100MB, paused 8.125ms total 95.295ms
I/art: Background partial concurrent mark sweep GC freed 1296666(29MB) AllocSpace objects, 0(0B) LOS objects, 15% free, 86MB/102MB, paused 9.189ms total 201.397ms
I/art: Background sticky concurrent mark sweep GC freed 747753(17MB) AllocSpace objects, 0(0B) LOS objects, 9% free, 93MB/102MB, paused 6.674ms total 101.610ms
I/art: Background partial concurrent mark sweep GC freed 1417947(32MB) AllocSpace objects, 0(0B) LOS objects, 15% free, 87MB/103MB, paused 6.439ms total 199.068ms
