I/art: Background partial concurrent mark sweep GC freed 1000179(25MB) AllocSpace objects, 0(0B) LOS objects, 31% free, 35MB/51MB, paused 4.463ms total 104.474ms
I/art: Background partial concurrent mark sweep GC freed 1244726(32MB) AllocSpace objects, 0(0B) LOS objects, 33% free, 32MB/48MB, paused 845us total 103.880ms
I/art: Background partial concurrent mark sweep GC freed 1032571(25MB) AllocSpace objects, 0(0B) LOS objects, 30% free, 36MB/52MB, paused 5.711ms total 110.521ms
I/art: Background partial concurrent mark sweep GC freed 1095872(27MB) AllocSpace objects, 0(0B) LOS objects, 28% free, 40MB/56MB, paused 3.158ms total 118.405ms
I/art: Background partial concurrent mark sweep GC freed 1355919(34MB) AllocSpace objects, 0(0B) LOS objects, 30% free, 35MB/51MB, paused 607us total 110.077ms
I/art: Background partial concurrent mark sweep GC freed 1140711(28MB) AllocSpace objects, 0(0B) LOS objects, 30% free, 37MB/53MB, paused 1.202ms total 112.451ms
I/art: Background partial concurrent mark sweep GC freed 1178047(30MB) AllocSpace objects, 0(0B) LOS objects, 32% free, 33MB/49MB, paused 847us total 104.255ms
I/art: Background partial concurrent mark sweep GC freed 1060427(27MB) AllocSpace objects, 0(0B) LOS objects, 30% free, 36MB/52MB, paused 803us total 104.260ms
I/art: Background partial concurrent mark sweep GC freed 1151995(30MB) AllocSpace objects, 0(0B) LOS objects, 32% free, 33MB/49MB, paused 590us total 102.337ms
I/art: Background sticky concurrent mark sweep GC freed 870010(21MB) AllocSpace objects, 0(0B) LOS objects, 24% free, 38MB/51MB, paused 8.203ms total 71.053ms
I/art: Background partial concurrent mark sweep GC freed 1158972(30MB) AllocSpace objects, 0(0B) LOS objects, 32% free, 33MB/49MB, paused 725us total 104.649ms
I/art: Background partial concurrent mark sweep GC freed 989068(25MB) AllocSpace objects, 0(0B) LOS objects, 29% free, 38MB/54MB, paused 1.596ms total 106.096ms
I/art: Background partial concurrent mark sweep GC freed 1268420(32MB) AllocSpace objects, 0(0B) LOS objects, 31% free, 34MB/50MB, paused 599us total 108.158ms
I/art: Background partial concurrent mark sweep GC freed 1082608(27MB) AllocSpace objects, 0(0B) LOS objects, 31% free, 35MB/51MB, paused 948us total 104.427ms
I/art: Background partial concurrent mark sweep GC freed 1167932(30MB) AllocSpace objects, 0(0B) LOS objects, 32% free, 33MB/49MB, paused 626us total 101.050ms
I/art: Background partial concurrent mark sweep GC freed 1053011(26MB) AllocSpace objects, 0(0B) LOS objects, 30% free, 35MB/51MB, paused 1.009ms total 102.039ms
I/art: Background partial concurrent mark sweep GC freed 1153039(30MB) AllocSpace objects, 0(0B) LOS objects, 32% free, 33MB/49MB, paused 582us total 100.454ms
I/art: Background partial concurrent mark sweep GC freed 1060157(27MB) AllocSpace objects, 0(0B) LOS objects, 31% free, 35MB/51MB, paused 663us total 100.780ms
I/art: Background sticky concurrent mark sweep GC freed 868185(21MB) AllocSpace objects, 0(0B) LOS objects, 24% free, 38MB/51MB, paused 9.100ms total 71.859ms
I/art: Background partial concurrent mark sweep GC freed 1157136(30MB) AllocSpace objects, 0(0B) LOS objects, 32% free, 33MB/49MB, paused 596us total 102.763ms
I/art: Background partial concurrent mark sweep GC freed 1079880(26MB) AllocSpace objects, 0(0B) LOS objects, 26% free, 43MB/59MB, paused 1.353ms total 136.681ms
I/art: Background partial concurrent mark sweep GC freed 1401175(36MB) AllocSpace objects, 0(0B) LOS objects, 29% free, 38MB/54MB, paused 3.081ms total 121.592ms
I/art: Background partial concurrent mark sweep GC freed 1168827(30MB) AllocSpace objects, 0(0B) LOS objects, 31% free, 34MB/50MB, paused 573us total 103.785ms
I/art: Background partial concurrent mark sweep GC freed 1046241(26MB) AllocSpace objects, 0(0B) LOS objects, 30% free, 36MB/52MB, paused 1.103ms total 102.373ms
I/art: Background partial concurrent mark sweep GC freed 1167982(30MB) AllocSpace objects, 0(0B) LOS objects, 32% free, 33MB/49MB, paused 696us total 102.577ms
I/art: Background partial concurrent mark sweep GC freed 976663(25MB) AllocSpace objects, 0(0B) LOS objects, 28% free, 40MB/56MB, paused 1.618ms total 112.397ms
I/art: Background partial concurrent mark sweep GC freed 1338991(34MB) AllocSpace objects, 0(0B) LOS objects, 31% free, 35MB/51MB, paused 610us total 108.211ms
I/art: Background partial concurrent mark sweep GC freed 1094037(27MB) AllocSpace objects, 0(0B) LOS objects, 30% free, 35MB/51MB, paused 568us total 104.254ms
I/art: Background partial concurrent mark sweep GC freed 1037810(26MB) AllocSpace objects, 0(0B) LOS objects, 30% free, 35MB/51MB, paused 926us total 100.439ms
I/art: Background partial concurrent mark sweep GC freed 1162169(30MB) AllocSpace objects, 0(0B) LOS objects, 32% free, 33MB/49MB, paused 708us total 103.410ms
I/art: Background sticky concurrent mark sweep GC freed 568129(13MB) AllocSpace objects, 0(0B) LOS objects, 5% free, 46MB/48MB, paused 8.190ms total 78.413ms
I/art: Background partial concurrent mark sweep GC freed 1158228(30MB) AllocSpace objects, 0(0B) LOS objects, 32% free, 33MB/49MB, paused 559us total 102.663ms
I/art: Background sticky concurrent mark sweep GC freed 808716(19MB) AllocSpace objects, 0(0B) LOS objects, 13% free, 44MB/50MB, paused 8.283ms total 91.341ms
I/art: Background partial concurrent mark sweep GC freed 1171766(30MB) AllocSpace objects, 0(0B) LOS objects, 32% free, 33MB/49MB, paused 832us total 101.114ms
I/art: Background partial concurrent mark sweep GC freed 976130(25MB) AllocSpace objects, 0(0B) LOS objects, 28% free, 39MB/55MB, paused 1.492ms total 109.499ms
I/art: Background partial concurrent mark sweep GC freed 1315125(34MB) AllocSpace objects, 0(0B) LOS objects, 31% free, 34MB/50MB, paused 1.141ms total 111.267ms
I/art: Background partial concurrent mark sweep GC freed 1113803(28MB) AllocSpace objects, 0(0B) LOS objects, 31% free, 35MB/51MB, paused 921us total 101.474ms
I/art: Background partial concurrent mark sweep GC freed 962346(24MB) AllocSpace objects, 0(0B) LOS objects, 29% free, 39MB/55MB, paused 1.460ms total 108.054ms
I/art: Background partial concurrent mark sweep GC freed 1294601(33MB) AllocSpace objects, 0(0B) LOS objects, 31% free, 34MB/50MB, paused 672us total 106.235ms
I/art: Background partial concurrent mark sweep GC freed 968183(24MB) AllocSpace objects, 0(0B) LOS objects, 28% free, 40MB/56MB, paused 1.809ms total 111.719ms
I/art: Background partial concurrent mark sweep GC freed 1352592(35MB) AllocSpace objects, 0(0B) LOS objects, 31% free, 34MB/50MB, paused 561us total 111.245ms
I/art: Background partial concurrent mark sweep GC freed 1032337(26MB) AllocSpace objects, 0(0B) LOS objects, 30% free, 35MB/51MB, paused 874us total 102.935ms
I/art: Background partial concurrent mark sweep GC freed 1167305(30MB) AllocSpace objects, 0(0B) LOS objects, 31% free, 34MB/50MB, paused 605us total 103.604ms
I/art: Background partial concurrent mark sweep GC freed 981940(25MB) AllocSpace objects, 0(0B) LOS objects, 29% free, 38MB/54MB, paused 1.638ms total 107.416ms
I/art: Background partial concurrent mark sweep GC freed 1297048(33MB) AllocSpace objects, 0(0B) LOS objects, 31% free, 34MB/50MB, paused 640us total 109.369ms
I/art: Background partial concurrent mark sweep GC freed 1095784(27MB) AllocSpace objects, 0(0B) LOS objects, 31% free, 35MB/51MB, paused 762us total 101.931ms
I/art: Background partial concurrent mark sweep GC freed 1169285(30MB) AllocSpace objects, 0(0B) LOS objects, 32% free, 33MB/49MB, paused 1.862ms total 100.078ms
I/art: Background partial concurrent mark sweep GC freed 957812(24MB) AllocSpace objects, 0(0B) LOS objects, 28% free, 39MB/55MB, paused 1.535ms total 111.198ms
I/art: Background partial concurrent mark sweep GC freed 1326022(34MB) AllocSpace objects, 0(0B) LOS objects, 31% free, 34MB/50MB, paused 544us total 110.459ms
I/art: Background partial concurrent mark sweep GC freed 1115223(28MB) AllocSpace objects, 0(0B) LOS objects, 30% free, 35MB/51MB, paused 732us total 105.479ms
I/art: Background partial concurrent mark sweep GC freed 1184089(30MB) AllocSpace objects, 0(0B) LOS objects, 32% free, 33MB/49MB, paused 694us total 100.014ms
I/art: Background partial concurrent mark sweep GC freed 1068695(27MB) AllocSpace objects, 0(0B) LOS objects, 31% free, 34MB/50MB, paused 561us total 100.997ms
I/art: Background partial concurrent mark sweep GC freed 1016699(26MB) AllocSpace objects, 0(0B) LOS objects, 31% free, 34MB/50MB, paused 529us total 100.880ms
I/art: Background partial concurrent mark sweep GC freed 968753(25MB) AllocSpace objects, 0(0B) LOS objects, 28% free, 39MB/55MB, paused 1.480ms total 107.753ms
I/art: Background partial concurrent mark sweep GC freed 1294057(33MB) AllocSpace objects, 0(0B) LOS objects, 31% free, 34MB/50MB, paused 791us total 109.971ms
I/art: Background partial concurrent mark sweep GC freed 1095744(27MB) AllocSpace objects, 0(0B) LOS objects, 31% free, 35MB/51MB, paused 623us total 102.768ms
I/art: Background partial concurrent mark sweep GC freed 1107769(29MB) AllocSpace objects, 0(0B) LOS objects, 32% free, 33MB/49MB, paused 1.342ms total 103.037ms
I/art: Background sticky concurrent mark sweep GC freed 771451(18MB) AllocSpace objects, 0(0B) LOS objects, 17% free, 41MB/49MB, paused 5.933ms total 75.072ms
I/art: Background sticky concurrent mark sweep GC freed 518443(12MB) AllocSpace objects, 0(0B) LOS objects, 2% free, 47MB/48MB, paused 8.305ms total 77.606ms
I/art: Background sticky concurrent mark sweep GC freed 925506(22MB) AllocSpace objects, 0(0B) LOS objects, 26% free, 37MB/50MB, paused 7.794ms total 75.899ms
I/art: Background partial concurrent mark sweep GC freed 1133581(29MB) AllocSpace objects, 0(0B) LOS objects, 32% free, 33MB/49MB, paused 1.585ms total 102.276ms
I/art: Background partial concurrent mark sweep GC freed 1132467(30MB) AllocSpace objects, 0(0B) LOS objects, 32% free, 33MB/49MB, paused 1.404ms total 104.256ms
I/art: Background sticky concurrent mark sweep GC freed 513532(12MB) AllocSpace objects, 0(0B) LOS objects, 1% free, 47MB/48MB, paused 8.505ms total 77.519ms
I/art: Background sticky concurrent mark sweep GC freed 783008(18MB) AllocSpace objects, 0(0B) LOS objects, 12% free, 44MB/50MB, paused 8.145ms total 88.845ms
I/art: Background sticky concurrent mark sweep GC freed 514567(12MB) AllocSpace objects, 0(0B) LOS objects, 2% free, 46MB/47MB, paused 7.910ms total 75.914ms
I/art: Background partial concurrent mark sweep GC freed 1163580(30MB) AllocSpace objects, 0(0B) LOS objects, 31% free, 34MB/50MB, paused 980us total 105.450ms
I/art: Background partial concurrent mark sweep GC freed 902673(23MB) AllocSpace objects, 0(0B) LOS objects, 30% free, 36MB/52MB, paused 3.673ms total 102.754ms
I/art: Background partial concurrent mark sweep GC freed 1190228(31MB) AllocSpace objects, 0(0B) LOS objects, 31% free, 35MB/51MB, paused 700us total 107.620ms
I/art: Background partial concurrent mark sweep GC freed 1086482(28MB) AllocSpace objects, 0(0B) LOS objects, 31% free, 35MB/51MB, paused 904us total 103.448ms
I/art: Background partial concurrent mark sweep GC freed 1052707(26MB) AllocSpace objects, 0(0B) LOS objects, 30% free, 36MB/52MB, paused 958us total 104.603ms
I/art: Background partial concurrent mark sweep GC freed 1168192(30MB) AllocSpace objects, 0(0B) LOS objects, 31% free, 34MB/50MB, paused 604us total 103.575ms
I/art: Background partial concurrent mark sweep GC freed 1007702(25MB) AllocSpace objects, 0(0B) LOS objects, 28% free, 40MB/56MB, paused 2.828ms total 154.297ms
I/art: Background sticky concurrent mark sweep GC freed 936518(23MB) AllocSpace objects, 0(0B) LOS objects, 21% free, 44MB/56MB, paused 1.089ms total 114.663ms
I/art: Background partial concurrent mark sweep GC freed 1358551(35MB) AllocSpace objects, 0(0B) LOS objects, 31% free, 35MB/51MB, paused 784us total 150.760ms
I/art: Background partial concurrent mark sweep GC freed 1113175(29MB) AllocSpace objects, 0(0B) LOS objects, 32% free, 32MB/48MB, paused 532us total 100.168ms
I/art: Background partial concurrent mark sweep GC freed 1165044(30MB) AllocSpace objects, 0(0B) LOS objects, 31% free, 34MB/50MB, paused 875us total 103.390ms
I/art: Background sticky concurrent mark sweep GC freed 852898(20MB) AllocSpace objects, 0(0B) LOS objects, 23% free, 38MB/50MB, paused 8.315ms total 72.921ms
I/art: Background partial concurrent mark sweep GC freed 1141025(29MB) AllocSpace objects, 0(0B) LOS objects, 32% free, 33MB/49MB, paused 482us total 100.439ms
I/art: Background sticky concurrent mark sweep GC freed 548033(13MB) AllocSpace objects, 0(0B) LOS objects, 1% free, 48MB/49MB, paused 5.461ms total 76.355ms
I/art: Background partial concurrent mark sweep GC freed 1021168(26MB) AllocSpace objects, 0(0B) LOS objects, 29% free, 38MB/54MB, paused 742us total 108.672ms
I/art: Background partial concurrent mark sweep GC freed 1121798(28MB) AllocSpace objects, 0(0B) LOS objects, 27% free, 41MB/57MB, paused 1.011ms total 121.959ms
I/art: Background partial concurrent mark sweep GC freed 1210209(31MB) AllocSpace objects, 0(0B) LOS objects, 26% free, 43MB/59MB, paused 731us total 133.880ms
I/art: Background partial concurrent mark sweep GC freed 1217776(30MB) AllocSpace objects, 0(0B) LOS objects, 21% free, 59MB/75MB, paused 4.007ms total 265.128ms
I/art: Background partial concurrent mark sweep GC freed 1913869(49MB) AllocSpace objects, 0(0B) LOS objects, 25% free, 46MB/62MB, paused 2.029ms total 219.702ms
I/art: Background sticky concurrent mark sweep GC freed 1222927(30MB) AllocSpace objects, 0(0B) LOS objects, 27% free, 42MB/58MB, paused 1.986ms total 114.776ms
I/art: Background partial concurrent mark sweep GC freed 1355409(34MB) AllocSpace objects, 0(0B) LOS objects, 27% free, 42MB/58MB, paused 1.253ms total 187.609ms
I/art: Background sticky concurrent mark sweep GC freed 1020228(24MB) AllocSpace objects, 0(0B) LOS objects, 24% free, 44MB/58MB, paused 763us total 113.580ms
I/art: Background partial concurrent mark sweep GC freed 1297530(33MB) AllocSpace objects, 0(0B) LOS objects, 27% free, 42MB/58MB, paused 697us total 138.690ms
I/art: Background partial concurrent mark sweep GC freed 1055976(27MB) AllocSpace objects, 0(0B) LOS objects, 21% free, 57MB/73MB, paused 16.003ms total 181.601ms
I/art: Background partial concurrent mark sweep GC freed 1841279(48MB) AllocSpace objects, 0(0B) LOS objects, 26% free, 44MB/60MB, paused 714us total 152.895ms
I/art: Background partial concurrent mark sweep GC freed 1218121(31MB) AllocSpace objects, 0(0B) LOS objects, 27% free, 42MB/58MB, paused 1.248ms total 131.447ms
I/art: Background partial concurrent mark sweep GC freed 1245262(31MB) AllocSpace objects, 0(0B) LOS objects, 26% free, 44MB/60MB, paused 1.080ms total 133.435ms
I/art: Background sticky concurrent mark sweep GC freed 788475(19MB) AllocSpace objects, 0(0B) LOS objects, 12% free, 53MB/60MB, paused 14.915ms total 91.888ms
I/art: Background partial concurrent mark sweep GC freed 1383898(36MB) AllocSpace objects, 0(0B) LOS objects, 28% free, 39MB/55MB, paused 1.338ms total 127.048ms
I/art: Background partial concurrent mark sweep GC freed 1074947(29MB) AllocSpace objects, 0(0B) LOS objects, 28% free, 40MB/56MB, paused 1.314ms total 111.411ms
I/art: Background partial concurrent mark sweep GC freed 1198399(30MB) AllocSpace objects, 0(0B) LOS objects, 26% free, 44MB/60MB, paused 1.560ms total 127.298ms
I/art: Background partial concurrent mark sweep GC freed 1459236(38MB) AllocSpace objects, 0(0B) LOS objects, 29% free, 38MB/54MB, paused 1.766ms total 143.559ms
I/art: Background partial concurrent mark sweep GC freed 1019572(26MB) AllocSpace objects, 0(0B) LOS objects, 26% free, 44MB/60MB, paused 2.087ms total 125.716ms
I/art: Background partial concurrent mark sweep GC freed 1351625(34MB) AllocSpace objects, 0(0B) LOS objects, 27% free, 42MB/58MB, paused 1.271ms total 133.005ms
I/art: Background sticky concurrent mark sweep GC freed 1013887(24MB) AllocSpace objects, 0(0B) LOS objects, 25% free, 43MB/58MB, paused 970us total 102.120ms
I/art: Background partial concurrent mark sweep GC freed 1291932(32MB) AllocSpace objects, 0(0B) LOS objects, 26% free, 45MB/61MB, paused 1.727ms total 191.201ms
I/art: Background partial concurrent mark sweep GC freed 1298120(32MB) AllocSpace objects, 0(0B) LOS objects, 20% free, 60MB/76MB, paused 3.884ms total 281.861ms
I/art: Background sticky concurrent mark sweep GC freed 1106505(27MB) AllocSpace objects, 0(0B) LOS objects, 21% free, 59MB/75MB, paused 1.244ms total 104.293ms
I/art: Background partial concurrent mark sweep GC freed 1934053(50MB) AllocSpace objects, 0(0B) LOS objects, 25% free, 47MB/63MB, paused 8.312ms total 230.346ms
I/art: Background sticky concurrent mark sweep GC freed 1224747(30MB) AllocSpace objects, 0(0B) LOS objects, 26% free, 43MB/59MB, paused 4.406ms total 113.706ms
I/art: Background partial concurrent mark sweep GC freed 1365634(34MB) AllocSpace objects, 0(0B) LOS objects, 27% free, 43MB/59MB, paused 949us total 140.919ms
I/art: Background partial concurrent mark sweep GC freed 1327321(34MB) AllocSpace objects, 0(0B) LOS objects, 27% free, 42MB/58MB, paused 676us total 127.937ms
I/art: Background partial concurrent mark sweep GC freed 1088706(27MB) AllocSpace objects, 0(0B) LOS objects, 21% free, 58MB/74MB, paused 2.474ms total 182.019ms
I/art: Background partial concurrent mark sweep GC freed 1865235(49MB) AllocSpace objects, 0(0B) LOS objects, 26% free, 45MB/61MB, paused 923us total 152.348ms
I/art: Background partial concurrent mark sweep GC freed 1258409(32MB) AllocSpace objects, 0(0B) LOS objects, 27% free, 42MB/58MB, paused 727us total 124.267ms
I/art: Background sticky concurrent mark sweep GC freed 992954(24MB) AllocSpace objects, 0(0B) LOS objects, 27% free, 42MB/58MB, paused 5.943ms total 76.135ms
I/art: Background sticky concurrent mark sweep GC freed 553083(12MB) AllocSpace objects, 0(0B) LOS objects, 3% free, 55MB/58MB, paused 5.043ms total 82.171ms
I/art: Background partial concurrent mark sweep GC freed 1360151(37MB) AllocSpace objects, 0(0B) LOS objects, 29% free, 37MB/53MB, paused 1.657ms total 122.915ms
I/art: Background partial concurrent mark sweep GC freed 1008159(26MB) AllocSpace objects, 0(0B) LOS objects, 27% free, 42MB/58MB, paused 3.894ms total 121.706ms
I/art: Background partial concurrent mark sweep GC freed 1289780(33MB) AllocSpace objects, 0(0B) LOS objects, 27% free, 42MB/58MB, paused 689us total 157.151ms
I/art: Background sticky concurrent mark sweep GC freed 1022845(25MB) AllocSpace objects, 0(0B) LOS objects, 27% free, 41MB/57MB, paused 1.041ms total 102.333ms
I/art: Background partial concurrent mark sweep GC freed 1280356(32MB) AllocSpace objects, 0(0B) LOS objects, 26% free, 44MB/60MB, paused 1.193ms total 189.448ms
I/art: Background partial concurrent mark sweep GC freed 1078560(26MB) AllocSpace objects, 0(0B) LOS objects, 21% free, 57MB/73MB, paused 10.323ms total 238.895ms
I/art: Background sticky concurrent mark sweep GC freed 1041515(25MB) AllocSpace objects, 0(0B) LOS objects, 21% free, 57MB/73MB, paused 903us total 109.464ms
I/art: Background partial concurrent mark sweep GC freed 1904397(49MB) AllocSpace objects, 0(0B) LOS objects, 26% free, 43MB/59MB, paused 1.014ms total 213.827ms
I/art: Background sticky concurrent mark sweep GC freed 1189602(29MB) AllocSpace objects, 0(0B) LOS objects, 27% free, 41MB/57MB, paused 895us total 118.829ms
I/art: Background partial concurrent mark sweep GC freed 1301236(32MB) AllocSpace objects, 0(0B) LOS objects, 27% free, 42MB/58MB, paused 2.557ms total 180.695ms
I/art: Background sticky concurrent mark sweep GC freed 1018836(24MB) AllocSpace objects, 0(0B) LOS objects, 23% free, 44MB/58MB, paused 14.766ms total 126.567ms
I/art: Background partial concurrent mark sweep GC freed 1296823(33MB) AllocSpace objects, 0(0B) LOS objects, 27% free, 42MB/58MB, paused 1.076ms total 182.427ms
I/art: Background partial concurrent mark sweep GC freed 1102018(28MB) AllocSpace objects, 0(0B) LOS objects, 21% free, 58MB/74MB, paused 2.135ms total 180.135ms
I/art: Background partial concurrent mark sweep GC freed 1749582(46MB) AllocSpace objects, 0(0B) LOS objects, 25% free, 46MB/62MB, paused 1.327ms total 148.531ms
I/art: Background partial concurrent mark sweep GC freed 1217816(32MB) AllocSpace objects, 0(0B) LOS objects, 21% free, 58MB/74MB, paused 2.706ms total 186.065ms
I/art: Background partial concurrent mark sweep GC freed 1716412(45MB) AllocSpace objects, 0(0B) LOS objects, 25% free, 46MB/62MB, paused 1.294ms total 148.931ms
I/art: Background partial concurrent mark sweep GC freed 1339221(35MB) AllocSpace objects, 0(0B) LOS objects, 25% free, 46MB/62MB, paused 1.763ms total 187.797ms
I/art: Background sticky concurrent mark sweep GC freed 933462(21MB) AllocSpace objects, 0(0B) LOS objects, 0% free, 63MB/63MB, paused 3.408ms total 190.191ms
I/art: Background partial concurrent mark sweep GC freed 1507611(40MB) AllocSpace objects, 0(0B) LOS objects, 28% free, 39MB/55MB, paused 1.267ms total 174.861ms
I/art: Background sticky concurrent mark sweep GC freed 1051004(26MB) AllocSpace objects, 0(0B) LOS objects, 29% free, 38MB/54MB, paused 2.600ms total 103.357ms
I/art: Background partial concurrent mark sweep GC freed 1232957(31MB) AllocSpace objects, 0(0B) LOS objects, 28% free, 40MB/56MB, paused 1.025ms total 167.165ms
I/art: Background sticky concurrent mark sweep GC freed 1060608(26MB) AllocSpace objects, 0(0B) LOS objects, 29% free, 38MB/54MB, paused 864us total 100.321ms
I/art: Background partial concurrent mark sweep GC freed 1176344(29MB) AllocSpace objects, 0(0B) LOS objects, 27% free, 42MB/58MB, paused 3.330ms total 172.960ms
I/art: Background sticky concurrent mark sweep GC freed 960132(23MB) AllocSpace objects, 0(0B) LOS objects, 20% free, 46MB/58MB, paused 1.043ms total 121.526ms
I/art: Background partial concurrent mark sweep GC freed 1276800(32MB) AllocSpace objects, 0(0B) LOS objects, 27% free, 42MB/58MB, paused 1.275ms total 169.904ms
I/art: Background sticky concurrent mark sweep GC freed 1038137(25MB) AllocSpace objects, 0(0B) LOS objects, 26% free, 43MB/58MB, paused 1.429ms total 103.043ms
I/art: Background partial concurrent mark sweep GC freed 1282263(32MB) AllocSpace objects, 0(0B) LOS objects, 26% free, 45MB/61MB, paused 4.570ms total 189.878ms
I/art: Background partial concurrent mark sweep GC freed 1309517(35MB) AllocSpace objects, 0(0B) LOS objects, 30% free, 36MB/52MB, paused 619us total 120.461ms
I/art: Background partial concurrent mark sweep GC freed 1001648(26MB) AllocSpace objects, 0(0B) LOS objects, 28% free, 41MB/57MB, paused 1.560ms total 120.606ms
I/art: Background partial concurrent mark sweep GC freed 1229537(31MB) AllocSpace objects, 0(0B) LOS objects, 27% free, 41MB/57MB, paused 871us total 128.740ms
I/art: Background partial concurrent mark sweep GC freed 1303151(35MB) AllocSpace objects, 0(0B) LOS objects, 31% free, 34MB/50MB, paused 5.513ms total 97.721ms
I/art: Background partial concurrent mark sweep GC freed 972254(26MB) AllocSpace objects, 0(0B) LOS objects, 28% free, 39MB/55MB, paused 727us total 104.249ms
I/art: Background partial concurrent mark sweep GC freed 935033(24MB) AllocSpace objects, 0(0B) LOS objects, 24% free, 48MB/64MB, paused 4.748ms total 132.689ms
I/art: Background sticky concurrent mark sweep GC freed 870026(21MB) AllocSpace objects, 0(0B) LOS objects, 11% free, 57MB/64MB, paused 832us total 105.853ms
I/art: Background partial concurrent mark sweep GC freed 1577469(41MB) AllocSpace objects, 0(0B) LOS objects, 28% free, 39MB/55MB, paused 938us total 131.154ms
I/art: Background partial concurrent mark sweep GC freed 1101638(29MB) AllocSpace objects, 0(0B) LOS objects, 28% free, 39MB/55MB, paused 924us total 118.043ms
I/art: Background partial concurrent mark sweep GC freed 952287(24MB) AllocSpace objects, 0(0B) LOS objects, 23% free, 52MB/68MB, paused 6.357ms total 205.166ms
I/art: Background sticky concurrent mark sweep GC freed 846290(20MB) AllocSpace objects, 0(0B) LOS objects, 11% free, 60MB/68MB, paused 1.095ms total 134.908ms
I/art: Background partial concurrent mark sweep GC freed 1698274(44MB) AllocSpace objects, 0(0B) LOS objects, 28% free, 40MB/56MB, paused 824us total 183.326ms
I/art: Background sticky concurrent mark sweep GC freed 1103821(27MB) AllocSpace objects, 0(0B) LOS objects, 29% free, 38MB/54MB, paused 2.044ms total 100.511ms
I/art: Background partial concurrent mark sweep GC freed 1224761(30MB) AllocSpace objects, 0(0B) LOS objects, 28% free, 40MB/56MB, paused 1.091ms total 163.520ms
I/art: Background partial concurrent mark sweep GC freed 1250881(31MB) AllocSpace objects, 0(0B) LOS objects, 27% free, 41MB/57MB, paused 918us total 165.898ms
I/art: Background partial concurrent mark sweep GC freed 1215499(30MB) AllocSpace objects, 0(0B) LOS objects, 26% free, 44MB/60MB, paused 1.521ms total 177.159ms
I/art: Background sticky concurrent mark sweep GC freed 1045139(25MB) AllocSpace objects, 0(0B) LOS objects, 26% free, 44MB/60MB, paused 995us total 106.487ms
I/art: Background partial concurrent mark sweep GC freed 1350791(34MB) AllocSpace objects, 0(0B) LOS objects, 26% free, 45MB/61MB, paused 1.122ms total 163.727ms
I/art: Background partial concurrent mark sweep GC freed 1429033(38MB) AllocSpace objects, 0(0B) LOS objects, 29% free, 38MB/54MB, paused 945us total 124.684ms
I/art: Background partial concurrent mark sweep GC freed 1017789(27MB) AllocSpace objects, 0(0B) LOS objects, 28% free, 39MB/55MB, paused 971us total 109.068ms
I/art: Background partial concurrent mark sweep GC freed 926257(24MB) AllocSpace objects, 0(0B) LOS objects, 24% free, 49MB/65MB, paused 4.927ms total 138.228ms
I/art: Background sticky concurrent mark sweep GC freed 868989(21MB) AllocSpace objects, 0(0B) LOS objects, 12% free, 57MB/65MB, paused 817us total 102.597ms
I/art: Background partial concurrent mark sweep GC freed 1599376(41MB) AllocSpace objects, 0(0B) LOS objects, 28% free, 39MB/55MB, paused 645us total 130.894ms
I/art: Background partial concurrent mark sweep GC freed 1115694(29MB) AllocSpace objects, 0(0B) LOS objects, 28% free, 39MB/55MB, paused 782us total 121.817ms
I/art: Background partial concurrent mark sweep GC freed 1045128(27MB) AllocSpace objects, 0(0B) LOS objects, 25% free, 47MB/63MB, paused 4.368ms total 140.136ms
I/art: Background sticky concurrent mark sweep GC freed 816953(20MB) AllocSpace objects, 0(0B) LOS objects, 11% free, 55MB/63MB, paused 994us total 136.133ms
I/art: Background partial concurrent mark sweep GC freed 1495526(39MB) AllocSpace objects, 0(0B) LOS objects, 28% free, 40MB/56MB, paused 1.480ms total 186.489ms
I/art: Background sticky concurrent mark sweep GC freed 1047444(25MB) AllocSpace objects, 0(0B) LOS objects, 28% free, 39MB/55MB, paused 1.290ms total 104.156ms
I/art: Background partial concurrent mark sweep GC freed 1243623(31MB) AllocSpace objects, 0(0B) LOS objects, 28% free, 39MB/55MB, paused 1.204ms total 174.497ms
I/art: Background sticky concurrent mark sweep GC freed 989023(24MB) AllocSpace objects, 0(0B) LOS objects, 29% free, 38MB/54MB, paused 686us total 103.371ms
I/art: Background partial concurrent mark sweep GC freed 1124112(28MB) AllocSpace objects, 0(0B) LOS objects, 26% free, 43MB/59MB, paused 1.484ms total 192.971ms
I/art: Background partial concurrent mark sweep GC freed 1321461(33MB) AllocSpace objects, 0(0B) LOS objects, 27% free, 42MB/58MB, paused 834us total 185.694ms
I/art: Background sticky concurrent mark sweep GC freed 993875(24MB) AllocSpace objects, 0(0B) LOS objects, 25% free, 43MB/58MB, paused 2.632ms total 109.893ms
I/art: Background partial concurrent mark sweep GC freed 1274535(32MB) AllocSpace objects, 0(0B) LOS objects, 26% free, 43MB/59MB, paused 1.015ms total 191.538ms
I/art: Background sticky concurrent mark sweep GC freed 978542(24MB) AllocSpace objects, 0(0B) LOS objects, 23% free, 45MB/59MB, paused 2.568ms total 102.149ms
I/art: Background partial concurrent mark sweep GC freed 1478696(38MB) AllocSpace objects, 0(0B) LOS objects, 28% free, 39MB/55MB, paused 12.590ms total 144.646ms
I/art: Background partial concurrent mark sweep GC freed 1057911(28MB) AllocSpace objects, 0(0B) LOS objects, 28% free, 39MB/55MB, paused 731us total 112.377ms
I/art: Background partial concurrent mark sweep GC freed 963484(25MB) AllocSpace objects, 0(0B) LOS objects, 21% free, 57MB/73MB, paused 2.210ms total 174.262ms
I/art: Background partial concurrent mark sweep GC freed 1735465(46MB) AllocSpace objects, 0(0B) LOS objects, 25% free, 47MB/63MB, paused 1.297ms total 162.994ms
I/art: Background partial concurrent mark sweep GC freed 1369427(35MB) AllocSpace objects, 0(0B) LOS objects, 26% free, 44MB/60MB, paused 948us total 187.472ms
I/art: Background sticky concurrent mark sweep GC freed 1040679(25MB) AllocSpace objects, 0(0B) LOS objects, 24% free, 45MB/60MB, paused 2.110ms total 100.830ms
I/art: Background partial concurrent mark sweep GC freed 1532837(40MB) AllocSpace objects, 0(0B) LOS objects, 28% free, 40MB/56MB, paused 22.727ms total 205.331ms
I/art: Background sticky concurrent mark sweep GC freed 1145005(28MB) AllocSpace objects, 0(0B) LOS objects, 29% free, 37MB/53MB, paused 770us total 109.262ms
I/art: Background partial concurrent mark sweep GC freed 1202820(30MB) AllocSpace objects, 0(0B) LOS objects, 28% free, 39MB/55MB, paused 1.090ms total 166.258ms
I/art: Background sticky concurrent mark sweep GC freed 1010843(24MB) AllocSpace objects, 0(0B) LOS objects, 27% free, 39MB/55MB, paused 982us total 105.675ms
I/art: Background partial concurrent mark sweep GC freed 1220900(31MB) AllocSpace objects, 0(0B) LOS objects, 27% free, 41MB/57MB, paused 1.818ms total 168.328ms
I/art: Background sticky concurrent mark sweep GC freed 974837(23MB) AllocSpace objects, 0(0B) LOS objects, 25% free, 42MB/57MB, paused 3.350ms total 101.685ms
I/art: Background partial concurrent mark sweep GC freed 1276976(32MB) AllocSpace objects, 0(0B) LOS objects, 27% free, 42MB/58MB, paused 957us total 174.003ms
I/art: Background partial concurrent mark sweep GC freed 1260604(31MB) AllocSpace objects, 0(0B) LOS objects, 26% free, 44MB/60MB, paused 2.068ms total 162.443ms
I/art: Background sticky concurrent mark sweep GC freed 654595(14MB) AllocSpace objects, 0(0B) LOS objects, 0% free, 58MB/59MB, paused 8.076ms total 98.641ms
I/art: Background partial concurrent mark sweep GC freed 1322743(36MB) AllocSpace objects, 0(0B) LOS objects, 29% free, 37MB/53MB, paused 1.105ms total 117.822ms
I/art: Background partial concurrent mark sweep GC freed 1009715(27MB) AllocSpace objects, 0(0B) LOS objects, 29% free, 39MB/55MB, paused 626us total 108.158ms
I/art: Background partial concurrent mark sweep GC freed 871542(23MB) AllocSpace objects, 0(0B) LOS objects, 25% free, 46MB/62MB, paused 4.985ms total 133.755ms
I/art: Background partial concurrent mark sweep GC freed 1488674(39MB) AllocSpace objects, 0(0B) LOS objects, 28% free, 40MB/56MB, paused 1.123ms total 127.500ms
I/art: Background partial concurrent mark sweep GC freed 1153273(30MB) AllocSpace objects, 0(0B) LOS objects, 28% free, 40MB/56MB, paused 1.018ms total 159.435ms
I/art: Background partial concurrent mark sweep GC freed 1251563(31MB) AllocSpace objects, 0(0B) LOS objects, 26% free, 43MB/59MB, paused 1.270ms total 174.954ms
I/art: Background partial concurrent mark sweep GC freed 1229687(30MB) AllocSpace objects, 0(0B) LOS objects, 24% free, 48MB/64MB, paused 2.275ms total 196.479ms
I/art: Background sticky concurrent mark sweep GC freed 991614(24MB) AllocSpace objects, 0(0B) LOS objects, 13% free, 55MB/64MB, paused 2.331ms total 139.930ms
I/art: Background partial concurrent mark sweep GC freed 1543635(40MB) AllocSpace objects, 0(0B) LOS objects, 28% free, 40MB/56MB, paused 1.173ms total 176.833ms
I/art: Background sticky concurrent mark sweep GC freed 1095445(27MB) AllocSpace objects, 0(0B) LOS objects, 29% free, 38MB/54MB, paused 1.629ms total 100.772ms
I/art: Background partial concurrent mark sweep GC freed 1181306(29MB) AllocSpace objects, 0(0B) LOS objects, 28% free, 39MB/55MB, paused 737us total 161.885ms
I/art: Background partial concurrent mark sweep GC freed 1146923(28MB) AllocSpace objects, 0(0B) LOS objects, 26% free, 44MB/60MB, paused 2.342ms total 178.050ms
I/art: Background sticky concurrent mark sweep GC freed 1020538(25MB) AllocSpace objects, 0(0B) LOS objects, 24% free, 45MB/60MB, paused 847us total 110.753ms
I/art: Background partial concurrent mark sweep GC freed 1379538(35MB) AllocSpace objects, 0(0B) LOS objects, 26% free, 43MB/59MB, paused 1.015ms total 179.953ms
I/art: Background sticky concurrent mark sweep GC freed 1063704(26MB) AllocSpace objects, 0(0B) LOS objects, 27% free, 43MB/59MB, paused 847us total 101.098ms
I/art: Background partial concurrent mark sweep GC freed 1307442(33MB) AllocSpace objects, 0(0B) LOS objects, 26% free, 44MB/60MB, paused 746us total 137.671ms
I/art: Background sticky concurrent mark sweep GC freed 817459(19MB) AllocSpace objects, 0(0B) LOS objects, 0% free, 62MB/62MB, paused 2.173ms total 132.160ms
I/art: Background partial concurrent mark sweep GC freed 1456048(39MB) AllocSpace objects, 0(0B) LOS objects, 29% free, 39MB/55MB, paused 889us total 118.638ms
I/art: Background partial concurrent mark sweep GC freed 1086065(29MB) AllocSpace objects, 0(0B) LOS objects, 28% free, 40MB/56MB, paused 730us total 114.344ms
I/art: Background partial concurrent mark sweep GC freed 989875(26MB) AllocSpace objects, 0(0B) LOS objects, 21% free, 57MB/73MB, paused 2.592ms total 177.378ms
I/art: Background partial concurrent mark sweep GC freed 1720265(45MB) AllocSpace objects, 0(0B) LOS objects, 25% free, 46MB/62MB, paused 3.308ms total 147.307ms
I/art: Background partial concurrent mark sweep GC freed 1454533(37MB) AllocSpace objects, 0(0B) LOS objects, 26% free, 44MB/60MB, paused 1.015ms total 183.551ms
I/art: Background sticky concurrent mark sweep GC freed 761412(17MB) AllocSpace objects, 0(0B) LOS objects, 16% free, 48MB/58MB, paused 5.811ms total 100.096ms
I/art: Background partial concurrent mark sweep GC freed 1293121(35MB) AllocSpace objects, 0(0B) LOS objects, 30% free, 36MB/52MB, paused 1.173ms total 154.618ms
I/art: Background partial concurrent mark sweep GC freed 1150600(29MB) AllocSpace objects, 0(0B) LOS objects, 29% free, 37MB/53MB, paused 944us total 162.854ms
I/art: Background sticky concurrent mark sweep GC freed 944294(23MB) AllocSpace objects, 0(0B) LOS objects, 27% free, 39MB/53MB, paused 2.510ms total 102.565ms
I/art: Background partial concurrent mark sweep GC freed 1167901(29MB) AllocSpace objects, 0(0B) LOS objects, 28% free, 39MB/55MB, paused 977us total 167.679ms
I/art: Background partial concurrent mark sweep GC freed 1226698(31MB) AllocSpace objects, 0(0B) LOS objects, 28% free, 40MB/56MB, paused 1.378ms total 183.912ms
I/art: Background partial concurrent mark sweep GC freed 1193606(30MB) AllocSpace objects, 0(0B) LOS objects, 26% free, 43MB/59MB, paused 2.627ms total 193.041ms
I/art: Background partial concurrent mark sweep GC freed 1309661(33MB) AllocSpace objects, 0(0B) LOS objects, 26% free, 43MB/59MB, paused 1.072ms total 184.066ms
I/art: Background sticky concurrent mark sweep GC freed 808841(18MB) AllocSpace objects, 0(0B) LOS objects, 10% free, 53MB/59MB, paused 5.418ms total 95.871ms
I/art: Background partial concurrent mark sweep GC freed 1353425(36MB) AllocSpace objects, 0(0B) LOS objects, 29% free, 37MB/53MB, paused 765us total 115.322ms
I/art: Background partial concurrent mark sweep GC freed 1018008(27MB) AllocSpace objects, 0(0B) LOS objects, 29% free, 37MB/53MB, paused 1.284ms total 112.301ms
I/art: Background partial concurrent mark sweep GC freed 847748(22MB) AllocSpace objects, 0(0B) LOS objects, 24% free, 49MB/65MB, paused 5.651ms total 138.017ms
I/art: Background partial concurrent mark sweep GC freed 1614113(42MB) AllocSpace objects, 0(0B) LOS objects, 28% free, 40MB/56MB, paused 625us total 125.428ms
I/art: Background partial concurrent mark sweep GC freed 1099663(29MB) AllocSpace objects, 0(0B) LOS objects, 27% free, 42MB/58MB, paused 1.035ms total 119.592ms
I/art: Background partial concurrent mark sweep GC freed 1237152(31MB) AllocSpace objects, 0(0B) LOS objects, 26% free, 44MB/60MB, paused 1.069ms total 176.783ms
I/art: Background partial concurrent mark sweep GC freed 1491190(39MB) AllocSpace objects, 0(0B) LOS objects, 28% free, 40MB/56MB, paused 23.062ms total 210.336ms
I/art: Background sticky concurrent mark sweep GC freed 1140983(28MB) AllocSpace objects, 0(0B) LOS objects, 29% free, 37MB/53MB, paused 1.040ms total 106.281ms
I/art: Background partial concurrent mark sweep GC freed 1211906(30MB) AllocSpace objects, 0(0B) LOS objects, 28% free, 39MB/55MB, paused 1.219ms total 168.212ms
I/art: Background sticky concurrent mark sweep GC freed 1011528(24MB) AllocSpace objects, 0(0B) LOS objects, 28% free, 39MB/55MB, paused 750us total 100.084ms
I/art: Background partial concurrent mark sweep GC freed 1211800(30MB) AllocSpace objects, 0(0B) LOS objects, 28% free, 40MB/56MB, paused 1.358ms total 162.252ms
I/art: Background partial concurrent mark sweep GC freed 1251752(31MB) AllocSpace objects, 0(0B) LOS objects, 27% free, 41MB/57MB, paused 983us total 168.920ms
I/art: Background partial concurrent mark sweep GC freed 1262413(31MB) AllocSpace objects, 0(0B) LOS objects, 26% free, 43MB/59MB, paused 910us total 176.733ms
I/art: Background partial concurrent mark sweep GC freed 1105673(27MB) AllocSpace objects, 0(0B) LOS objects, 21% free, 58MB/74MB, paused 15.877ms total 196.746ms
I/art: Background partial concurrent mark sweep GC freed 1817448(48MB) AllocSpace objects, 0(0B) LOS objects, 24% free, 48MB/64MB, paused 1.137ms total 164.352ms
I/art: Background partial concurrent mark sweep GC freed 1162050(30MB) AllocSpace objects, 0(0B) LOS objects, 21% free, 58MB/74MB, paused 2.486ms total 183.779ms
I/art: Background partial concurrent mark sweep GC freed 1844615(49MB) AllocSpace objects, 0(0B) LOS objects, 26% free, 43MB/59MB, paused 893us total 199.769ms
I/art: Background sticky concurrent mark sweep GC freed 1105399(26MB) AllocSpace objects, 0(0B) LOS objects, 26% free, 43MB/59MB, paused 929us total 110.956ms
I/art: Background partial concurrent mark sweep GC freed 1352476(34MB) AllocSpace objects, 0(0B) LOS objects, 26% free, 44MB/60MB, paused 1.304ms total 188.962ms
I/art: Background sticky concurrent mark sweep GC freed 1036325(25MB) AllocSpace objects, 0(0B) LOS objects, 26% free, 43MB/59MB, paused 2.443ms total 100.068ms
I/art: Background partial concurrent mark sweep GC freed 1328478(33MB) AllocSpace objects, 0(0B) LOS objects, 26% free, 45MB/61MB, paused 1.185ms total 184.533ms
I/art: Background partial concurrent mark sweep GC freed 1185917(29MB) AllocSpace objects, 0(0B) LOS objects, 22% free, 55MB/71MB, paused 15.805ms total 220.667ms
I/art: Background sticky concurrent mark sweep GC freed 1058163(26MB) AllocSpace objects, 0(0B) LOS objects, 18% free, 58MB/71MB, paused 891us total 128.574ms
I/art: Background partial concurrent mark sweep GC freed 1831694(47MB) AllocSpace objects, 0(0B) LOS objects, 26% free, 43MB/59MB, paused 1.070ms total 205.955ms
I/art: Background sticky concurrent mark sweep GC freed 1186062(29MB) AllocSpace objects, 0(0B) LOS objects, 27% free, 41MB/57MB, paused 1.026ms total 118.264ms
I/art: Background partial concurrent mark sweep GC freed 1299660(33MB) AllocSpace objects, 0(0B) LOS objects, 27% free, 42MB/58MB, paused 1.564ms total 176.883ms
I/art: Background sticky concurrent mark sweep GC freed 1008899(24MB) AllocSpace objects, 0(0B) LOS objects, 25% free, 43MB/58MB, paused 3.923ms total 109.740ms
I/art: Background partial concurrent mark sweep GC freed 1304738(33MB) AllocSpace objects, 0(0B) LOS objects, 27% free, 42MB/58MB, paused 906us total 182.144ms
I/art: Background partial concurrent mark sweep GC freed 1023684(26MB) AllocSpace objects, 0(0B) LOS objects, 21% free, 56MB/72MB, paused 15.776ms total 180.673ms
I/art: Background partial concurrent mark sweep GC freed 1699683(46MB) AllocSpace objects, 0(0B) LOS objects, 26% free, 43MB/59MB, paused 721us total 130.141ms
I/art: Background partial concurrent mark sweep GC freed 989641(25MB) AllocSpace objects, 0(0B) LOS objects, 21% free, 57MB/73MB, paused 22.433ms total 243.141ms
I/art: Background partial concurrent mark sweep GC freed 1895558(49MB) AllocSpace objects, 0(0B) LOS objects, 26% free, 44MB/60MB, paused 1.646ms total 212.430ms
I/art: Background sticky concurrent mark sweep GC freed 1225602(30MB) AllocSpace objects, 0(0B) LOS objects, 28% free, 40MB/56MB, paused 867us total 108.778ms
I/art: Background sticky concurrent mark sweep GC freed 866230(21MB) AllocSpace objects, 0(0B) LOS objects, 18% free, 45MB/56MB, paused 933us total 111.150ms
I/art: Background partial concurrent mark sweep GC freed 1197063(31MB) AllocSpace objects, 0(0B) LOS objects, 27% free, 42MB/58MB, paused 1.138ms total 172.464ms
I/art: Background partial concurrent mark sweep GC freed 1304026(33MB) AllocSpace objects, 0(0B) LOS objects, 26% free, 44MB/60MB, paused 1.008ms total 179.037ms
I/art: Background partial concurrent mark sweep GC freed 1469634(39MB) AllocSpace objects, 0(0B) LOS objects, 29% free, 39MB/55MB, paused 1.964ms total 198.707ms
I/art: Background sticky concurrent mark sweep GC freed 1074400(26MB) AllocSpace objects, 0(0B) LOS objects, 29% free, 37MB/53MB, paused 999us total 106.481ms
I/art: Background partial concurrent mark sweep GC freed 1167901(29MB) AllocSpace objects, 0(0B) LOS objects, 29% free, 38MB/54MB, paused 890us total 161.908ms
I/art: Background partial concurrent mark sweep GC freed 1122185(29MB) AllocSpace objects, 0(0B) LOS objects, 28% free, 40MB/56MB, paused 645us total 121.205ms
I/art: Background partial concurrent mark sweep GC freed 934079(25MB) AllocSpace objects, 0(0B) LOS objects, 21% free, 57MB/73MB, paused 2.718ms total 175.617ms
I/art: Background partial concurrent mark sweep GC freed 1718243(47MB) AllocSpace objects, 0(0B) LOS objects, 26% free, 44MB/60MB, paused 2.819ms total 171.121ms
I/art: Background partial concurrent mark sweep GC freed 1239237(31MB) AllocSpace objects, 0(0B) LOS objects, 26% free, 44MB/60MB, paused 1.994ms total 171.210ms
I/art: Background partial concurrent mark sweep GC freed 1442164(38MB) AllocSpace objects, 0(0B) LOS objects, 29% free, 38MB/54MB, paused 2.352ms total 182.760ms
I/art: Background sticky concurrent mark sweep GC freed 1047843(26MB) AllocSpace objects, 0(0B) LOS objects, 30% free, 37MB/53MB, paused 4.406ms total 101.937ms
I/art: Background partial concurrent mark sweep GC freed 1165552(29MB) AllocSpace objects, 0(0B) LOS objects, 29% free, 38MB/54MB, paused 873us total 159.550ms
I/art: Background sticky concurrent mark sweep GC freed 975375(24MB) AllocSpace objects, 0(0B) LOS objects, 28% free, 39MB/54MB, paused 751us total 101.122ms
I/art: Background partial concurrent mark sweep GC freed 1178889(29MB) AllocSpace objects, 0(0B) LOS objects, 28% free, 40MB/56MB, paused 1.478ms total 162.959ms
I/art: Background partial concurrent mark sweep GC freed 1234849(31MB) AllocSpace objects, 0(0B) LOS objects, 27% free, 41MB/57MB, paused 1.070ms total 166.617ms
I/art: Background partial concurrent mark sweep GC freed 1267565(32MB) AllocSpace objects, 0(0B) LOS objects, 26% free, 43MB/59MB, paused 869us total 174.118ms
I/art: Background partial concurrent mark sweep GC freed 1269837(34MB) AllocSpace objects, 0(0B) LOS objects, 30% free, 36MB/52MB, paused 648us total 112.866ms
I/art: Background partial concurrent mark sweep GC freed 989904(26MB) AllocSpace objects, 0(0B) LOS objects, 28% free, 39MB/55MB, paused 1.317ms total 107.754ms
I/art: Background partial concurrent mark sweep GC freed 946081(24MB) AllocSpace objects, 0(0B) LOS objects, 25% free, 46MB/62MB, paused 4.300ms total 131.386ms
I/art: Background partial concurrent mark sweep GC freed 1456940(38MB) AllocSpace objects, 0(0B) LOS objects, 28% free, 40MB/56MB, paused 773us total 151.501ms
I/art: Background sticky concurrent mark sweep GC freed 1073022(26MB) AllocSpace objects, 0(0B) LOS objects, 29% free, 38MB/54MB, paused 837us total 100.093ms
I/art: Background partial concurrent mark sweep GC freed 1172635(30MB) AllocSpace objects, 0(0B) LOS objects, 28% free, 39MB/55MB, paused 992us total 165.215ms
I/art: Background sticky concurrent mark sweep GC freed 973911(23MB) AllocSpace objects, 0(0B) LOS objects, 25% free, 41MB/55MB, paused 1.899ms total 101.347ms
I/art: Background partial concurrent mark sweep GC freed 1221729(31MB) AllocSpace objects, 0(0B) LOS objects, 27% free, 42MB/58MB, paused 2.052ms total 173.814ms
I/art: Background sticky concurrent mark sweep GC freed 1036148(25MB) AllocSpace objects, 0(0B) LOS objects, 27% free, 42MB/58MB, paused 1.285ms total 102.977ms
I/art: Background partial concurrent mark sweep GC freed 1310950(33MB) AllocSpace objects, 0(0B) LOS objects, 26% free, 43MB/59MB, paused 1.030ms total 182.601ms
I/art: Background sticky concurrent mark sweep GC freed 712313(16MB) AllocSpace objects, 0(0B) LOS objects, 8% free, 53MB/58MB, paused 6.923ms total 115.043ms
I/art: Background partial concurrent mark sweep GC freed 1283083(34MB) AllocSpace objects, 0(0B) LOS objects, 30% free, 37MB/53MB, paused 957us total 151.092ms
I/art: Background partial concurrent mark sweep GC freed 1181835(29MB) AllocSpace objects, 0(0B) LOS objects, 29% free, 37MB/53MB, paused 841us total 154.664ms
I/art: Background sticky concurrent mark sweep GC freed 957432(23MB) AllocSpace objects, 0(0B) LOS objects, 27% free, 39MB/53MB, paused 864us total 100.902ms
I/art: Background partial concurrent mark sweep GC freed 1175654(29MB) AllocSpace objects, 0(0B) LOS objects, 28% free, 40MB/56MB, paused 1.271ms total 165.176ms
I/art: Background partial concurrent mark sweep GC freed 1232366(31MB) AllocSpace objects, 0(0B) LOS objects, 28% free, 40MB/56MB, paused 664us total 128.039ms
I/art: Background partial concurrent mark sweep GC freed 938441(25MB) AllocSpace objects, 0(0B) LOS objects, 22% free, 55MB/71MB, paused 2.354ms total 179.853ms
I/art: Background partial concurrent mark sweep GC freed 1758432(46MB) AllocSpace objects, 0(0B) LOS objects, 26% free, 43MB/59MB, paused 978us total 151.245ms
I/art: Background partial concurrent mark sweep GC freed 1281958(33MB) AllocSpace objects, 0(0B) LOS objects, 26% free, 45MB/61MB, paused 1.820ms total 189.961ms
I/art: Background sticky concurrent mark sweep GC freed 746951(17MB) AllocSpace objects, 0(0B) LOS objects, 0% free, 62MB/62MB, paused 22.436ms total 186.241ms
I/art: Background partial concurrent mark sweep GC freed 1477685(39MB) AllocSpace objects, 0(0B) LOS objects, 29% free, 39MB/55MB, paused 1.331ms total 168.405ms
I/art: Background partial concurrent mark sweep GC freed 1199288(30MB) AllocSpace objects, 0(0B) LOS objects, 28% free, 40MB/56MB, paused 893us total 161.961ms
I/art: Background sticky concurrent mark sweep GC freed 861412(20MB) AllocSpace objects, 0(0B) LOS objects, 20% free, 44MB/55MB, paused 14.662ms total 113.425ms
I/art: Background partial concurrent mark sweep GC freed 1186304(30MB) AllocSpace objects, 0(0B) LOS objects, 27% free, 41MB/57MB, paused 1.106ms total 171.536ms
I/art: Background partial concurrent mark sweep GC freed 1232360(31MB) AllocSpace objects, 0(0B) LOS objects, 26% free, 45MB/61MB, paused 1.840ms total 185.963ms
I/art: Background sticky concurrent mark sweep GC freed 761276(17MB) AllocSpace objects, 0(0B) LOS objects, 5% free, 56MB/60MB, paused 7.722ms total 123.246ms
I/art: Background partial concurrent mark sweep GC freed 1349208(36MB) AllocSpace objects, 0(0B) LOS objects, 29% free, 37MB/53MB, paused 997us total 167.431ms
I/art: Background partial concurrent mark sweep GC freed 1094375(28MB) AllocSpace objects, 0(0B) LOS objects, 28% free, 39MB/55MB, paused 1.093ms total 161.825ms
I/art: Background partial concurrent mark sweep GC freed 1181816(30MB) AllocSpace objects, 0(0B) LOS objects, 27% free, 41MB/57MB, paused 1.391ms total 129.057ms
I/art: Background partial concurrent mark sweep GC freed 970213(25MB) AllocSpace objects, 0(0B) LOS objects, 22% free, 55MB/71MB, paused 15.562ms total 182.304ms
I/art: Background partial concurrent mark sweep GC freed 1722760(45MB) AllocSpace objects, 0(0B) LOS objects, 26% free, 43MB/59MB, paused 730us total 138.029ms
I/art: Background partial concurrent mark sweep GC freed 1237086(32MB) AllocSpace objects, 0(0B) LOS objects, 27% free, 42MB/58MB, paused 807us total 126.863ms
I/art: Background partial concurrent mark sweep GC freed 1268152(32MB) AllocSpace objects, 0(0B) LOS objects, 26% free, 44MB/60MB, paused 1.333ms total 181.762ms
I/art: Background sticky concurrent mark sweep GC freed 952930(22MB) AllocSpace objects, 0(0B) LOS objects, 19% free, 49MB/60MB, paused 3.415ms total 115.132ms
I/art: Background partial concurrent mark sweep GC freed 1517321(40MB) AllocSpace objects, 0(0B) LOS objects, 29% free, 39MB/55MB, paused 1.813ms total 200.313ms
I/art: Background sticky concurrent mark sweep GC freed 1093924(27MB) AllocSpace objects, 0(0B) LOS objects, 29% free, 37MB/53MB, paused 1.039ms total 112.800ms
I/art: Background partial concurrent mark sweep GC freed 1188120(29MB) AllocSpace objects, 0(0B) LOS objects, 28% free, 39MB/55MB, paused 1.350ms total 168.427ms
I/art: Background sticky concurrent mark sweep GC freed 1006657(24MB) AllocSpace objects, 0(0B) LOS objects, 26% free, 40MB/55MB, paused 1.884ms total 110.193ms
I/art: Background partial concurrent mark sweep GC freed 1245886(31MB) AllocSpace objects, 0(0B) LOS objects, 28% free, 40MB/56MB, paused 1.324ms total 174.976ms
I/art: Background sticky concurrent mark sweep GC freed 1006269(24MB) AllocSpace objects, 0(0B) LOS objects, 20% free, 44MB/56MB, paused 1.984ms total 126.923ms
I/art: Background partial concurrent mark sweep GC freed 1229032(31MB) AllocSpace objects, 0(0B) LOS objects, 27% free, 42MB/58MB, paused 1.011ms total 179.193ms
I/art: Background sticky concurrent mark sweep GC freed 1035077(25MB) AllocSpace objects, 0(0B) LOS objects, 27% free, 42MB/58MB, paused 863us total 103.733ms
I/art: Background partial concurrent mark sweep GC freed 1298058(32MB) AllocSpace objects, 0(0B) LOS objects, 26% free, 44MB/60MB, paused 1.053ms total 194.887ms
I/art: Background sticky concurrent mark sweep GC freed 1062024(26MB) AllocSpace objects, 0(0B) LOS objects, 26% free, 44MB/60MB, paused 800us total 100.350ms
I/art: Background sticky concurrent mark sweep GC freed 908487(22MB) AllocSpace objects, 0(0B) LOS objects, 21% free, 46MB/60MB, paused 2.724ms total 100.660ms
I/art: Background partial concurrent mark sweep GC freed 1214568(30MB) AllocSpace objects, 0(0B) LOS objects, 20% free, 60MB/76MB, paused 2.982ms total 201.304ms
I/art: Background partial concurrent mark sweep GC freed 1858601(50MB) AllocSpace objects, 0(0B) LOS objects, 25% free, 45MB/61MB, paused 1.288ms total 154.435ms
I/art: Background sticky concurrent mark sweep GC freed 421927(9MB) AllocSpace objects, 0(0B) LOS objects, 0% free, 58MB/58MB, paused 11.261ms total 80.950ms
I/art: Background partial concurrent mark sweep GC freed 1318087(36MB) AllocSpace objects, 0(0B) LOS objects, 30% free, 36MB/52MB, paused 1.472ms total 116.446ms
I/art: Background partial concurrent mark sweep GC freed 1122478(28MB) AllocSpace objects, 0(0B) LOS objects, 28% free, 40MB/56MB, paused 1.159ms total 159.843ms
I/art: Background partial concurrent mark sweep GC freed 1191138(30MB) AllocSpace objects, 0(0B) LOS objects, 27% free, 42MB/58MB, paused 1.504ms total 169.257ms
I/art: Background partial concurrent mark sweep GC freed 1228171(31MB) AllocSpace objects, 0(0B) LOS objects, 26% free, 43MB/59MB, paused 1.275ms total 178.650ms
I/art: Background partial concurrent mark sweep GC freed 1485837(38MB) AllocSpace objects, 0(0B) LOS objects, 28% free, 40MB/56MB, paused 23.595ms total 206.813ms
I/art: Background sticky concurrent mark sweep GC freed 1137734(28MB) AllocSpace objects, 0(0B) LOS objects, 29% free, 37MB/53MB, paused 975us total 107.126ms
I/art: Background partial concurrent mark sweep GC freed 1165841(29MB) AllocSpace objects, 0(0B) LOS objects, 28% free, 40MB/56MB, paused 1.669ms total 163.631ms
I/art: Background partial concurrent mark sweep GC freed 1224103(31MB) AllocSpace objects, 0(0B) LOS objects, 27% free, 41MB/57MB, paused 1.024ms total 167.700ms
I/art: Background partial concurrent mark sweep GC freed 912447(24MB) AllocSpace objects, 0(0B) LOS objects, 22% free, 56MB/72MB, paused 15.814ms total 172.682ms
I/art: Background partial concurrent mark sweep GC freed 1707033(46MB) AllocSpace objects, 0(0B) LOS objects, 26% free, 43MB/59MB, paused 747us total 133.690ms
I/art: Background partial concurrent mark sweep GC freed 1058075(27MB) AllocSpace objects, 0(0B) LOS objects, 21% free, 58MB/74MB, paused 2.392ms total 184.281ms
I/art: Background partial concurrent mark sweep GC freed 1751752(46MB) AllocSpace objects, 0(0B) LOS objects, 25% free, 47MB/63MB, paused 1.851ms total 208.833ms
I/art: Background sticky concurrent mark sweep GC freed 1146407(28MB) AllocSpace objects, 0(0B) LOS objects, 25% free, 47MB/63MB, paused 861us total 117.944ms
I/art: Background partial concurrent mark sweep GC freed 1490741(38MB) AllocSpace objects, 0(0B) LOS objects, 26% free, 44MB/60MB, paused 1.119ms total 189.537ms
I/art: Background sticky concurrent mark sweep GC freed 1073878(26MB) AllocSpace objects, 0(0B) LOS objects, 26% free, 44MB/60MB, paused 1.081ms total 105.695ms
I/art: Background partial concurrent mark sweep GC freed 1299224(33MB) AllocSpace objects, 0(0B) LOS objects, 26% free, 45MB/61MB, paused 1.068ms total 185.968ms
I/art: Background sticky concurrent mark sweep GC freed 998595(24MB) AllocSpace objects, 0(0B) LOS objects, 21% free, 47MB/61MB, paused 4.368ms total 107.377ms
I/art: Background partial concurrent mark sweep GC freed 1593016(41MB) AllocSpace objects, 0(0B) LOS objects, 28% free, 40MB/56MB, paused 2.393ms total 208.768ms
I/art: Background sticky concurrent mark sweep GC freed 1148617(28MB) AllocSpace objects, 0(0B) LOS objects, 29% free, 37MB/53MB, paused 764us total 107.197ms
I/art: Background partial concurrent mark sweep GC freed 1149282(29MB) AllocSpace objects, 0(0B) LOS objects, 28% free, 40MB/56MB, paused 1.318ms total 164.160ms
I/art: Background partial concurrent mark sweep GC freed 1245813(31MB) AllocSpace objects, 0(0B) LOS objects, 27% free, 42MB/58MB, paused 1.403ms total 171.369ms
I/art: Background sticky concurrent mark sweep GC freed 1036642(25MB) AllocSpace objects, 0(0B) LOS objects, 27% free, 42MB/58MB, paused 3.349ms total 103.603ms
I/art: Background partial concurrent mark sweep GC freed 1310971(33MB) AllocSpace objects, 0(0B) LOS objects, 26% free, 43MB/59MB, paused 897us total 177.874ms
I/art: Background sticky concurrent mark sweep GC freed 731114(17MB) AllocSpace objects, 0(0B) LOS objects, 12% free, 51MB/58MB, paused 6.188ms total 106.481ms
I/art: Background partial concurrent mark sweep GC freed 1297780(35MB) AllocSpace objects, 0(0B) LOS objects, 30% free, 36MB/52MB, paused 823us total 152.789ms
I/art: Background sticky concurrent mark sweep GC freed 983095(24MB) AllocSpace objects, 0(0B) LOS objects, 29% free, 36MB/52MB, paused 2.063ms total 102.603ms
I/art: Background partial concurrent mark sweep GC freed 1155447(29MB) AllocSpace objects, 0(0B) LOS objects, 29% free, 37MB/53MB, paused 1.005ms total 161.863ms
I/art: Background sticky concurrent mark sweep GC freed 962396(23MB) AllocSpace objects, 0(0B) LOS objects, 27% free, 39MB/53MB, paused 1.124ms total 106.506ms
I/art: Background partial concurrent mark sweep GC freed 1177758(30MB) AllocSpace objects, 0(0B) LOS objects, 28% free, 39MB/55MB, paused 766us total 144.407ms
I/art: Background partial concurrent mark sweep GC freed 1186523(30MB) AllocSpace objects, 0(0B) LOS objects, 28% free, 40MB/56MB, paused 951us total 129.707ms
I/art: Background partial concurrent mark sweep GC freed 974768(25MB) AllocSpace objects, 0(0B) LOS objects, 21% free, 57MB/73MB, paused 2.379ms total 182.038ms
I/art: Background partial concurrent mark sweep GC freed 1722005(47MB) AllocSpace objects, 0(0B) LOS objects, 26% free, 44MB/60MB, paused 781us total 144.880ms
I/art: Background partial concurrent mark sweep GC freed 1064611(27MB) AllocSpace objects, 0(0B) LOS objects, 24% free, 49MB/65MB, paused 6.522ms total 188.701ms
I/art: Background sticky concurrent mark sweep GC freed 924492(22MB) AllocSpace objects, 0(0B) LOS objects, 12% free, 57MB/65MB, paused 1.134ms total 140.334ms
I/art: Background partial concurrent mark sweep GC freed 1623551(42MB) AllocSpace objects, 0(0B) LOS objects, 28% free, 40MB/56MB, paused 1.016ms total 186.401ms
I/art: Background sticky concurrent mark sweep GC freed 1120122(27MB) AllocSpace objects, 0(0B) LOS objects, 28% free, 39MB/55MB, paused 1.304ms total 117.052ms
I/art: Background partial concurrent mark sweep GC freed 1242320(31MB) AllocSpace objects, 0(0B) LOS objects, 27% free, 41MB/57MB, paused 4.385ms total 179.968ms
I/art: Background sticky concurrent mark sweep GC freed 902667(21MB) AllocSpace objects, 0(0B) LOS objects, 21% free, 44MB/56MB, paused 1.034ms total 103.014ms
I/art: Background partial concurrent mark sweep GC freed 1169197(30MB) AllocSpace objects, 0(0B) LOS objects, 27% free, 41MB/57MB, paused 1.048ms total 171.506ms
I/art: Background partial concurrent mark sweep GC freed 1229309(31MB) AllocSpace objects, 0(0B) LOS objects, 26% free, 43MB/59MB, paused 1.114ms total 182.725ms
I/art: Background partial concurrent mark sweep GC freed 1216302(30MB) AllocSpace objects, 0(0B) LOS objects, 21% free, 59MB/75MB, paused 3.783ms total 267.971ms
I/art: Background sticky concurrent mark sweep GC freed 1045254(25MB) AllocSpace objects, 0(0B) LOS objects, 21% free, 59MB/75MB, paused 1.073ms total 102.630ms
I/art: Background partial concurrent mark sweep GC freed 1936288(50MB) AllocSpace objects, 0(0B) LOS objects, 26% free, 44MB/60MB, paused 769us total 151.575ms
I/art: Background partial concurrent mark sweep GC freed 1020650(28MB) AllocSpace objects, 0(0B) LOS objects, 25% free, 47MB/63MB, paused 1.959ms total 131.535ms
I/art: Background sticky concurrent mark sweep GC freed 747836(17MB) AllocSpace objects, 0(0B) LOS objects, 5% free, 59MB/63MB, paused 1.342ms total 105.753ms
I/art: Background partial concurrent mark sweep GC freed 1506227(40MB) AllocSpace objects, 0(0B) LOS objects, 28% free, 39MB/55MB, paused 641us total 134.709ms
I/art: Background partial concurrent mark sweep GC freed 1042059(28MB) AllocSpace objects, 0(0B) LOS objects, 28% free, 40MB/56MB, paused 1.878ms total 150.960ms
I/art: Background partial concurrent mark sweep GC freed 1056654(27MB) AllocSpace objects, 0(0B) LOS objects, 25% free, 47MB/63MB, paused 2.301ms total 182.059ms
I/art: Background sticky concurrent mark sweep GC freed 942695(22MB) AllocSpace objects, 0(0B) LOS objects, 12% free, 55MB/63MB, paused 2.085ms total 139.500ms
I/art: Background partial concurrent mark sweep GC freed 1504419(39MB) AllocSpace objects, 0(0B) LOS objects, 28% free, 40MB/56MB, paused 809us total 177.184ms
I/art: Background sticky concurrent mark sweep GC freed 1094483(27MB) AllocSpace objects, 0(0B) LOS objects, 29% free, 38MB/54MB, paused 889us total 101.086ms
I/art: Background partial concurrent mark sweep GC freed 1172926(29MB) AllocSpace objects, 0(0B) LOS objects, 28% free, 41MB/57MB, paused 1.415ms total 165.967ms
I/art: Background partial concurrent mark sweep GC freed 1192450(30MB) AllocSpace objects, 0(0B) LOS objects, 27% free, 42MB/58MB, paused 1.710ms total 173.275ms
I/art: Background partial concurrent mark sweep GC freed 1239808(31MB) AllocSpace objects, 0(0B) LOS objects, 26% free, 44MB/60MB, paused 1.066ms total 177.930ms
I/art: Background partial concurrent mark sweep GC freed 1493572(39MB) AllocSpace objects, 0(0B) LOS objects, 28% free, 39MB/55MB, paused 22.712ms total 204.879ms
I/art: Background sticky concurrent mark sweep GC freed 1131742(28MB) AllocSpace objects, 0(0B) LOS objects, 29% free, 37MB/53MB, paused 1.124ms total 107.815ms
I/art: Background partial concurrent mark sweep GC freed 1050357(28MB) AllocSpace objects, 0(0B) LOS objects, 28% free, 39MB/55MB, paused 842us total 109.923ms
I/art: Background partial concurrent mark sweep GC freed 895160(23MB) AllocSpace objects, 0(0B) LOS objects, 22% free, 56MB/72MB, paused 9.315ms total 172.446ms
I/art: Background partial concurrent mark sweep GC freed 1709657(46MB) AllocSpace objects, 0(0B) LOS objects, 26% free, 43MB/59MB, paused 928us total 182.969ms
I/art: Background partial concurrent mark sweep GC freed 1234523(31MB) AllocSpace objects, 0(0B) LOS objects, 26% free, 44MB/60MB, paused 2.102ms total 172.568ms
I/art: Background partial concurrent mark sweep GC freed 1505072(39MB) AllocSpace objects, 0(0B) LOS objects, 28% free, 39MB/55MB, paused 21.082ms total 204.117ms
I/art: Background sticky concurrent mark sweep GC freed 1125636(27MB) AllocSpace objects, 0(0B) LOS objects, 29% free, 37MB/53MB, paused 965us total 109.294ms
I/art: Background partial concurrent mark sweep GC freed 1172506(29MB) AllocSpace objects, 0(0B) LOS objects, 28% free, 40MB/56MB, paused 1.056ms total 162.910ms
I/art: Background sticky concurrent mark sweep GC freed 1022135(25MB) AllocSpace objects, 0(0B) LOS objects, 28% free, 39MB/55MB, paused 792us total 100.045ms
I/art: Background sticky concurrent mark sweep GC freed 787756(18MB) AllocSpace objects, 0(0B) LOS objects, 16% free, 46MB/55MB, paused 802us total 106.885ms
I/art: Background partial concurrent mark sweep GC freed 1168811(30MB) AllocSpace objects, 0(0B) LOS objects, 27% free, 42MB/58MB, paused 1.135ms total 164.288ms
I/art: Background partial concurrent mark sweep GC freed 1217690(31MB) AllocSpace objects, 0(0B) LOS objects, 26% free, 43MB/59MB, paused 886us total 175.960ms
I/art: Background sticky concurrent mark sweep GC freed 994120(24MB) AllocSpace objects, 0(0B) LOS objects, 22% free, 46MB/59MB, paused 2.423ms total 103.201ms
I/art: Background partial concurrent mark sweep GC freed 1513899(39MB) AllocSpace objects, 0(0B) LOS objects, 28% free, 39MB/55MB, paused 16.018ms total 196.743ms
I/art: Background sticky concurrent mark sweep GC freed 1146148(28MB) AllocSpace objects, 0(0B) LOS objects, 29% free, 37MB/53MB, paused 901us total 112.897ms
I/art: Background partial concurrent mark sweep GC freed 1064674(28MB) AllocSpace objects, 0(0B) LOS objects, 28% free, 39MB/55MB, paused 813us total 109.628ms
I/art: Background partial concurrent mark sweep GC freed 976016(25MB) AllocSpace objects, 0(0B) LOS objects, 21% free, 57MB/73MB, paused 2.630ms total 179.330ms
I/art: Background partial concurrent mark sweep GC freed 1742402(47MB) AllocSpace objects, 0(0B) LOS objects, 26% free, 44MB/60MB, paused 1.290ms total 193.241ms
I/art: Background sticky concurrent mark sweep GC freed 509685(11MB) AllocSpace objects, 0(0B) LOS objects, 6% free, 54MB/58MB, paused 5.830ms total 98.324ms
I/art: Background partial concurrent mark sweep GC freed 1312324(36MB) AllocSpace objects, 0(0B) LOS objects, 31% free, 34MB/50MB, paused 7.966ms total 143.866ms
I/art: Background sticky concurrent mark sweep GC freed 1026703(25MB) AllocSpace objects, 0(0B) LOS objects, 29% free, 36MB/50MB, paused 920us total 112.470ms
I/art: Background partial concurrent mark sweep GC freed 1104808(27MB) AllocSpace objects, 0(0B) LOS objects, 29% free, 38MB/54MB, paused 923us total 152.654ms
I/art: Background sticky concurrent mark sweep GC freed 996001(24MB) AllocSpace objects, 0(0B) LOS objects, 28% free, 39MB/54MB, paused 822us total 100.094ms
I/art: Background partial concurrent mark sweep GC freed 1219741(31MB) AllocSpace objects, 0(0B) LOS objects, 28% free, 40MB/56MB, paused 1.230ms total 169.818ms
I/art: Background sticky concurrent mark sweep GC freed 888248(21MB) AllocSpace objects, 0(0B) LOS objects, 19% free, 44MB/55MB, paused 1.031ms total 114.183ms
I/art: Background partial concurrent mark sweep GC freed 1192617(30MB) AllocSpace objects, 0(0B) LOS objects, 27% free, 41MB/57MB, paused 959us total 168.599ms
I/art: Background partial concurrent mark sweep GC freed 1262973(31MB) AllocSpace objects, 0(0B) LOS objects, 26% free, 44MB/60MB, paused 1.034ms total 181.422ms
I/art: Background sticky concurrent mark sweep GC freed 1054040(26MB) AllocSpace objects, 0(0B) LOS objects, 26% free, 43MB/59MB, paused 1.027ms total 101.857ms
I/art: Background partial concurrent mark sweep GC freed 1467831(38MB) AllocSpace objects, 0(0B) LOS objects, 28% free, 39MB/55MB, paused 2.630ms total 191.275ms
I/art: Background partial concurrent mark sweep GC freed 1028327(27MB) AllocSpace objects, 0(0B) LOS objects, 28% free, 40MB/56MB, paused 671us total 111.071ms
I/art: Background partial concurrent mark sweep GC freed 928622(24MB) AllocSpace objects, 0(0B) LOS objects, 21% free, 57MB/73MB, paused 3.115ms total 243.213ms
I/art: Background partial concurrent mark sweep GC freed 1901327(49MB) AllocSpace objects, 0(0B) LOS objects, 26% free, 43MB/59MB, paused 1.012ms total 216.165ms
I/art: Background sticky concurrent mark sweep GC freed 1195611(29MB) AllocSpace objects, 0(0B) LOS objects, 28% free, 40MB/56MB, paused 878us total 115.028ms
I/art: Background partial concurrent mark sweep GC freed 1239130(32MB) AllocSpace objects, 0(0B) LOS objects, 27% free, 42MB/58MB, paused 1.005ms total 171.371ms
I/art: Background partial concurrent mark sweep GC freed 1044106(26MB) AllocSpace objects, 0(0B) LOS objects, 23% free, 52MB/68MB, paused 7.880ms total 192.901ms
I/art: Background sticky concurrent mark sweep GC freed 966446(24MB) AllocSpace objects, 0(0B) LOS objects, 15% free, 57MB/68MB, paused 1.131ms total 135.248ms
I/art: Background partial concurrent mark sweep GC freed 1707036(44MB) AllocSpace objects, 0(0B) LOS objects, 27% free, 41MB/57MB, paused 1.028ms total 195.471ms
I/art: Background sticky concurrent mark sweep GC freed 1125886(27MB) AllocSpace objects, 0(0B) LOS objects, 28% free, 39MB/55MB, paused 876us total 114.201ms
I/art: Background partial concurrent mark sweep GC freed 1244962(31MB) AllocSpace objects, 0(0B) LOS objects, 28% free, 40MB/56MB, paused 1.091ms total 173.133ms
I/art: Background sticky concurrent mark sweep GC freed 1008067(24MB) AllocSpace objects, 0(0B) LOS objects, 28% free, 40MB/56MB, paused 2.661ms total 102.207ms
I/art: Background partial concurrent mark sweep GC freed 1274089(32MB) AllocSpace objects, 0(0B) LOS objects, 27% free, 41MB/57MB, paused 1.101ms total 172.844ms
I/art: Background partial concurrent mark sweep GC freed 1229069(31MB) AllocSpace objects, 0(0B) LOS objects, 27% free, 43MB/59MB, paused 1.115ms total 175.056ms
I/art: Background sticky concurrent mark sweep GC freed 840397(20MB) AllocSpace objects, 0(0B) LOS objects, 17% free, 48MB/58MB, paused 3.212ms total 108.773ms
I/art: Background partial concurrent mark sweep GC freed 1451641(38MB) AllocSpace objects, 0(0B) LOS objects, 29% free, 39MB/55MB, paused 2.233ms total 190.850ms
I/art: Background sticky concurrent mark sweep GC freed 1088395(27MB) AllocSpace objects, 0(0B) LOS objects, 29% free, 37MB/53MB, paused 1.256ms total 105.970ms
I/art: Background partial concurrent mark sweep GC freed 1136064(29MB) AllocSpace objects, 0(0B) LOS objects, 27% free, 41MB/57MB, paused 1.039ms total 127.059ms
I/art: Background partial concurrent mark sweep GC freed 1115316(29MB) AllocSpace objects, 0(0B) LOS objects, 27% free, 42MB/58MB, paused 997us total 120.077ms
I/art: Background sticky concurrent mark sweep GC freed 362029(8MB) AllocSpace objects, 0(0B) LOS objects, 0% free, 59MB/59MB, paused 8.191ms total 81.430ms
I/art: Background partial concurrent mark sweep GC freed 1329519(36MB) AllocSpace objects, 0(0B) LOS objects, 30% free, 36MB/52MB, paused 736us total 105.412ms
I/art: Background partial concurrent mark sweep GC freed 1092518(28MB) AllocSpace objects, 0(0B) LOS objects, 28% free, 39MB/55MB, paused 1.554ms total 159.513ms
I/art: Background sticky concurrent mark sweep GC freed 954627(23MB) AllocSpace objects, 0(0B) LOS objects, 24% free, 42MB/55MB, paused 774us total 100.081ms
I/art: Background partial concurrent mark sweep GC freed 1188329(30MB) AllocSpace objects, 0(0B) LOS objects, 27% free, 42MB/58MB, paused 4.623ms total 168.287ms
I/art: Background partial concurrent mark sweep GC freed 1253589(32MB) AllocSpace objects, 0(0B) LOS objects, 26% free, 43MB/59MB, paused 1.445ms total 179.659ms
I/art: Background partial concurrent mark sweep GC freed 1235847(30MB) AllocSpace objects, 0(0B) LOS objects, 21% free, 59MB/75MB, paused 4.049ms total 269.677ms
I/art: Background sticky concurrent mark sweep GC freed 1062049(26MB) AllocSpace objects, 0(0B) LOS objects, 21% free, 59MB/75MB, paused 922us total 103.488ms
I/art: Background partial concurrent mark sweep GC freed 1968367(51MB) AllocSpace objects, 0(0B) LOS objects, 26% free, 44MB/60MB, paused 1.061ms total 207.392ms
I/art: Background sticky concurrent mark sweep GC freed 1218362(30MB) AllocSpace objects, 0(0B) LOS objects, 27% free, 41MB/57MB, paused 1.748ms total 109.072ms
I/art: Background partial concurrent mark sweep GC freed 1238636(31MB) AllocSpace objects, 0(0B) LOS objects, 26% free, 43MB/59MB, paused 4.562ms total 189.719ms
I/art: Background partial concurrent mark sweep GC freed 1216258(31MB) AllocSpace objects, 0(0B) LOS objects, 26% free, 44MB/60MB, paused 1.442ms total 181.481ms
I/art: Background sticky concurrent mark sweep GC freed 722305(16MB) AllocSpace objects, 0(0B) LOS objects, 0% free, 61MB/61MB, paused 23.002ms total 176.167ms
I/art: Background partial concurrent mark sweep GC freed 1423291(38MB) AllocSpace objects, 0(0B) LOS objects, 29% free, 38MB/54MB, paused 929us total 162.948ms
I/art: Background partial concurrent mark sweep GC freed 1159730(29MB) AllocSpace objects, 0(0B) LOS objects, 28% free, 40MB/56MB, paused 988us total 161.414ms
I/art: Background partial concurrent mark sweep GC freed 1226911(31MB) AllocSpace objects, 0(0B) LOS objects, 27% free, 42MB/58MB, paused 1.031ms total 169.183ms
I/art: Background sticky concurrent mark sweep GC freed 493611(11MB) AllocSpace objects, 0(0B) LOS objects, 0% free, 62MB/62MB, paused 15.299ms total 113.605ms
I/art: Background partial concurrent mark sweep GC freed 1437027(39MB) AllocSpace objects, 0(0B) LOS objects, 29% free, 38MB/54MB, paused 654us total 116.791ms
I/art: Background partial concurrent mark sweep GC freed 933992(26MB) AllocSpace objects, 0(0B) LOS objects, 28% free, 40MB/56MB, paused 648us total 104.184ms
I/art: Background sticky concurrent mark sweep GC freed 436006(9MB) AllocSpace objects, 0(0B) LOS objects, 0% free, 55MB/56MB, paused 12.836ms total 81.016ms
I/art: Background partial concurrent mark sweep GC freed 1257988(34MB) AllocSpace objects, 0(0B) LOS objects, 30% free, 36MB/52MB, paused 1.295ms total 113.839ms
I/art: Background partial concurrent mark sweep GC freed 1106029(28MB) AllocSpace objects, 0(0B) LOS objects, 28% free, 39MB/55MB, paused 3.239ms total 154.669ms
I/art: Background partial concurrent mark sweep GC freed 1197508(30MB) AllocSpace objects, 0(0B) LOS objects, 27% free, 42MB/58MB, paused 1.090ms total 167.901ms
I/art: Background partial concurrent mark sweep GC freed 1232085(31MB) AllocSpace objects, 0(0B) LOS objects, 26% free, 43MB/59MB, paused 1.080ms total 175.628ms
I/art: Background sticky concurrent mark sweep GC freed 985161(24MB) AllocSpace objects, 0(0B) LOS objects, 22% free, 45MB/59MB, paused 2.051ms total 100.711ms
I/art: Background partial concurrent mark sweep GC freed 1215377(30MB) AllocSpace objects, 0(0B) LOS objects, 21% free, 59MB/75MB, paused 3.990ms total 269.747ms
I/art: Background sticky concurrent mark sweep GC freed 1037690(25MB) AllocSpace objects, 0(0B) LOS objects, 21% free, 58MB/74MB, paused 893us total 102.329ms
I/art: Background partial concurrent mark sweep GC freed 1926408(50MB) AllocSpace objects, 0(0B) LOS objects, 26% free, 44MB/60MB, paused 1.224ms total 204.977ms
I/art: Background sticky concurrent mark sweep GC freed 1209595(30MB) AllocSpace objects, 0(0B) LOS objects, 27% free, 41MB/57MB, paused 721us total 102.492ms
I/art: Background sticky concurrent mark sweep GC freed 989487(24MB) AllocSpace objects, 0(0B) LOS objects, 23% free, 43MB/57MB, paused 1.905ms total 105.361ms
I/art: Background partial concurrent mark sweep GC freed 1236934(31MB) AllocSpace objects, 0(0B) LOS objects, 27% free, 42MB/58MB, paused 1.741ms total 179.952ms
I/art: Background partial concurrent mark sweep GC freed 1237674(31MB) AllocSpace objects, 0(0B) LOS objects, 26% free, 44MB/60MB, paused 1.287ms total 177.350ms
I/art: Background sticky concurrent mark sweep GC freed 746348(17MB) AllocSpace objects, 0(0B) LOS objects, 0% free, 61MB/61MB, paused 22.563ms total 180.283ms
I/art: Background partial concurrent mark sweep GC freed 1425120(38MB) AllocSpace objects, 0(0B) LOS objects, 29% free, 38MB/54MB, paused 1.481ms total 165.033ms
I/art: Background partial concurrent mark sweep GC freed 1164914(29MB) AllocSpace objects, 0(0B) LOS objects, 28% free, 40MB/56MB, paused 1.011ms total 165.201ms
I/art: Background partial concurrent mark sweep GC freed 1235511(31MB) AllocSpace objects, 0(0B) LOS objects, 27% free, 42MB/58MB, paused 934us total 169.083ms
I/art: Background partial concurrent mark sweep GC freed 1137714(29MB) AllocSpace objects, 0(0B) LOS objects, 21% free, 58MB/74MB, paused 3.746ms total 254.899ms
I/art: Background partial concurrent mark sweep GC freed 1886962(49MB) AllocSpace objects, 0(0B) LOS objects, 26% free, 44MB/60MB, paused 879us total 205.054ms
I/art: Background sticky concurrent mark sweep GC freed 1172040(28MB) AllocSpace objects, 0(0B) LOS objects, 27% free, 41MB/57MB, paused 2.308ms total 105.801ms
I/art: Background sticky concurrent mark sweep GC freed 949347(23MB) AllocSpace objects, 0(0B) LOS objects, 23% free, 43MB/57MB, paused 873us total 102.042ms
I/art: Background partial concurrent mark sweep GC freed 1260180(32MB) AllocSpace objects, 0(0B) LOS objects, 27% free, 42MB/58MB, paused 2.692ms total 175.265ms
I/art: Background sticky concurrent mark sweep GC freed 1035718(25MB) AllocSpace objects, 0(0B) LOS objects, 27% free, 42MB/58MB, paused 1.013ms total 100.049ms
I/art: Background sticky concurrent mark sweep GC freed 465684(10MB) AllocSpace objects, 0(0B) LOS objects, 0% free, 63MB/63MB, paused 15.591ms total 111.914ms
I/art: Background partial concurrent mark sweep GC freed 1458942(40MB) AllocSpace objects, 0(0B) LOS objects, 29% free, 38MB/54MB, paused 1.048ms total 114.575ms
I/art: Background partial concurrent mark sweep GC freed 977222(27MB) AllocSpace objects, 0(0B) LOS objects, 28% free, 40MB/56MB, paused 834us total 104.629ms
I/art: Background sticky concurrent mark sweep GC freed 476451(10MB) AllocSpace objects, 0(0B) LOS objects, 5% free, 52MB/56MB, paused 5.024ms total 92.973ms
I/art: Background partial concurrent mark sweep GC freed 1045149(27MB) AllocSpace objects, 0(0B) LOS objects, 21% free, 58MB/74MB, paused 4.359ms total 251.258ms
I/art: Background partial concurrent mark sweep GC freed 1877788(49MB) AllocSpace objects, 0(0B) LOS objects, 26% free, 44MB/60MB, paused 1.739ms total 204.717ms
I/art: Background sticky concurrent mark sweep GC freed 1162354(28MB) AllocSpace objects, 0(0B) LOS objects, 27% free, 42MB/58MB, paused 2.249ms total 110.101ms
I/art: Background sticky concurrent mark sweep GC freed 971148(23MB) AllocSpace objects, 0(0B) LOS objects, 23% free, 45MB/58MB, paused 988us total 103.079ms
I/art: Background partial concurrent mark sweep GC freed 1319758(33MB) AllocSpace objects, 0(0B) LOS objects, 27% free, 43MB/59MB, paused 979us total 178.665ms
I/art: Background sticky concurrent mark sweep GC freed 1049980(25MB) AllocSpace objects, 0(0B) LOS objects, 27% free, 42MB/58MB, paused 960us total 100.244ms
I/art: Background sticky concurrent mark sweep GC freed 729152(17MB) AllocSpace objects, 0(0B) LOS objects, 14% free, 50MB/58MB, paused 7.312ms total 94.592ms
I/art: Background partial concurrent mark sweep GC freed 1157663(29MB) AllocSpace objects, 0(0B) LOS objects, 21% free, 59MB/75MB, paused 4.028ms total 263.101ms
I/art: Background sticky concurrent mark sweep GC freed 871638(21MB) AllocSpace objects, 0(0B) LOS objects, 16% free, 62MB/74MB, paused 1.047ms total 102.201ms
I/art: Background partial concurrent mark sweep GC freed 1908085(50MB) AllocSpace objects, 0(0B) LOS objects, 26% free, 44MB/60MB, paused 902us total 200.495ms
I/art: Background sticky concurrent mark sweep GC freed 1139900(28MB) AllocSpace objects, 0(0B) LOS objects, 27% free, 42MB/58MB, paused 3.141ms total 107.323ms
I/art: Background sticky concurrent mark sweep GC freed 990292(24MB) AllocSpace objects, 0(0B) LOS objects, 24% free, 44MB/58MB, paused 1.123ms total 101.188ms
I/art: Background partial concurrent mark sweep GC freed 1324002(34MB) AllocSpace objects, 0(0B) LOS objects, 26% free, 43MB/59MB, paused 1.154ms total 176.537ms
I/art: Background sticky concurrent mark sweep GC freed 1052148(25MB) AllocSpace objects, 0(0B) LOS objects, 27% free, 43MB/59MB, paused 891us total 100.644ms
I/art: Background partial concurrent mark sweep GC freed 1405548(38MB) AllocSpace objects, 0(0B) LOS objects, 29% free, 38MB/54MB, paused 1.912ms total 180.897ms
I/art: Background sticky concurrent mark sweep GC freed 1073248(26MB) AllocSpace objects, 0(0B) LOS objects, 29% free, 37MB/53MB, paused 1.520ms total 102.117ms
I/art: Background partial concurrent mark sweep GC freed 1145936(29MB) AllocSpace objects, 0(0B) LOS objects, 28% free, 40MB/56MB, paused 1.967ms total 171.167ms
I/art: Background sticky concurrent mark sweep GC freed 903902(21MB) AllocSpace objects, 0(0B) LOS objects, 21% free, 44MB/56MB, paused 909us total 106.772ms
I/art: Background partial concurrent mark sweep GC freed 1210230(31MB) AllocSpace objects, 0(0B) LOS objects, 27% free, 42MB/58MB, paused 1.635ms total 182.688ms
I/art: Background partial concurrent mark sweep GC freed 1106673(28MB) AllocSpace objects, 0(0B) LOS objects, 21% free, 58MB/74MB, paused 2.939ms total 193.335ms
I/art: Background sticky concurrent mark sweep GC freed 1025939(25MB) AllocSpace objects, 0(0B) LOS objects, 21% free, 59MB/74MB, paused 1.127ms total 102.223ms
I/art: Background sticky concurrent mark sweep GC freed 880957(21MB) AllocSpace objects, 0(0B) LOS objects, 16% free, 62MB/74MB, paused 1.079ms total 103.589ms
I/art: Background partial concurrent mark sweep GC freed 1911006(50MB) AllocSpace objects, 0(0B) LOS objects, 26% free, 45MB/61MB, paused 1.095ms total 206.138ms
I/art: Background sticky concurrent mark sweep GC freed 1149174(28MB) AllocSpace objects, 0(0B) LOS objects, 26% free, 43MB/59MB, paused 3.575ms total 112.367ms
I/art: Background partial concurrent mark sweep GC freed 1280861(33MB) AllocSpace objects, 0(0B) LOS objects, 26% free, 43MB/59MB, paused 1.124ms total 181.262ms
I/art: Background partial concurrent mark sweep GC freed 1455544(38MB) AllocSpace objects, 0(0B) LOS objects, 29% free, 38MB/54MB, paused 10.101ms total 181.409ms
I/art: Background sticky concurrent mark sweep GC freed 1136886(28MB) AllocSpace objects, 0(0B) LOS objects, 29% free, 37MB/53MB, paused 1.099ms total 121.796ms
I/art: Background partial concurrent mark sweep GC freed 1205003(30MB) AllocSpace objects, 0(0B) LOS objects, 28% free, 39MB/55MB, paused 1.047ms total 171.320ms
I/art: Background sticky concurrent mark sweep GC freed 1012312(24MB) AllocSpace objects, 0(0B) LOS objects, 27% free, 39MB/55MB, paused 990us total 105.318ms
I/art: Background partial concurrent mark sweep GC freed 1226186(31MB) AllocSpace objects, 0(0B) LOS objects, 28% free, 41MB/57MB, paused 1.718ms total 165.570ms
I/art: Background partial concurrent mark sweep GC freed 1273650(32MB) AllocSpace objects, 0(0B) LOS objects, 27% free, 41MB/57MB, paused 884us total 169.449ms
I/art: Background partial concurrent mark sweep GC freed 1269254(35MB) AllocSpace objects, 0(0B) LOS objects, 31% free, 35MB/51MB, paused 5.822ms total 99.739ms
I/art: Background partial concurrent mark sweep GC freed 1101198(28MB) AllocSpace objects, 0(0B) LOS objects, 27% free, 42MB/58MB, paused 1.020ms total 162.260ms
I/art: Background sticky concurrent mark sweep GC freed 661381(15MB) AllocSpace objects, 0(0B) LOS objects, 2% free, 57MB/58MB, paused 15.268ms total 141.680ms
I/art: Background partial concurrent mark sweep GC freed 1268077(34MB) AllocSpace objects, 0(0B) LOS objects, 30% free, 37MB/53MB, paused 700us total 156.190ms
I/art: Background partial concurrent mark sweep GC freed 1108306(28MB) AllocSpace objects, 0(0B) LOS objects, 28% free, 40MB/56MB, paused 1.962ms total 159.402ms
I/art: Background partial concurrent mark sweep GC freed 1217375(31MB) AllocSpace objects, 0(0B) LOS objects, 27% free, 42MB/58MB, paused 1.425ms total 166.111ms
I/art: Background partial concurrent mark sweep GC freed 1251957(32MB) AllocSpace objects, 0(0B) LOS objects, 26% free, 44MB/60MB, paused 1.375ms total 178.952ms
I/art: Background sticky concurrent mark sweep GC freed 1000875(24MB) AllocSpace objects, 0(0B) LOS objects, 23% free, 45MB/60MB, paused 2.075ms total 102.337ms
I/art: Background partial concurrent mark sweep GC freed 1230425(30MB) AllocSpace objects, 0(0B) LOS objects, 21% free, 59MB/75MB, paused 4.047ms total 271.907ms
I/art: Background sticky concurrent mark sweep GC freed 1045020(25MB) AllocSpace objects, 0(0B) LOS objects, 21% free, 58MB/74MB, paused 1.108ms total 103.621ms
I/art: Background partial concurrent mark sweep GC freed 1930619(50MB) AllocSpace objects, 0(0B) LOS objects, 26% free, 45MB/61MB, paused 1.949ms total 201.604ms
I/art: Background sticky concurrent mark sweep GC freed 1220893(30MB) AllocSpace objects, 0(0B) LOS objects, 27% free, 41MB/57MB, paused 860us total 106.023ms
I/art: Background partial concurrent mark sweep GC freed 1140107(30MB) AllocSpace objects, 0(0B) LOS objects, 26% free, 43MB/59MB, paused 1.095ms total 169.660ms
I/art: Background sticky concurrent mark sweep GC freed 805909(19MB) AllocSpace objects, 0(0B) LOS objects, 17% free, 48MB/59MB, paused 5.154ms total 98.166ms
I/art: Background partial concurrent mark sweep GC freed 1359053(36MB) AllocSpace objects, 0(0B) LOS objects, 29% free, 37MB/53MB, paused 1.309ms total 172.660ms
I/art: Background sticky concurrent mark sweep GC freed 1025619(25MB) AllocSpace objects, 0(0B) LOS objects, 29% free, 37MB/53MB, paused 4.583ms total 108.282ms
I/art: Background partial concurrent mark sweep GC freed 1196092(30MB) AllocSpace objects, 0(0B) LOS objects, 28% free, 39MB/55MB, paused 1.439ms total 163.525ms
I/art: Background sticky concurrent mark sweep GC freed 1013708(25MB) AllocSpace objects, 0(0B) LOS objects, 28% free, 39MB/55MB, paused 898us total 107.742ms
I/art: Background partial concurrent mark sweep GC freed 1231057(31MB) AllocSpace objects, 0(0B) LOS objects, 28% free, 40MB/56MB, paused 1.079ms total 174.861ms
I/art: Background sticky concurrent mark sweep GC freed 928866(22MB) AllocSpace objects, 0(0B) LOS objects, 23% free, 43MB/56MB, paused 3.963ms total 107.879ms
I/art: Background partial concurrent mark sweep GC freed 1221232(31MB) AllocSpace objects, 0(0B) LOS objects, 27% free, 41MB/57MB, paused 972us total 175.062ms
I/art: Background sticky concurrent mark sweep GC freed 1031137(25MB) AllocSpace objects, 0(0B) LOS objects, 27% free, 41MB/57MB, paused 920us total 100.851ms
I/art: Background partial concurrent mark sweep GC freed 1214754(30MB) AllocSpace objects, 0(0B) LOS objects, 26% free, 44MB/60MB, paused 1.468ms total 185.421ms
I/art: Background sticky concurrent mark sweep GC freed 779063(18MB) AllocSpace objects, 0(0B) LOS objects, 8% free, 55MB/59MB, paused 5.248ms total 94.267ms
I/art: Background partial concurrent mark sweep GC freed 1290884(35MB) AllocSpace objects, 0(0B) LOS objects, 29% free, 37MB/53MB, paused 953us total 116.331ms
I/art: Background partial concurrent mark sweep GC freed 1012738(27MB) AllocSpace objects, 0(0B) LOS objects, 29% free, 37MB/53MB, paused 708us total 110.196ms
I/art: Background partial concurrent mark sweep GC freed 1081325(27MB) AllocSpace objects, 0(0B) LOS objects, 27% free, 41MB/57MB, paused 1.037ms total 170.126ms
I/art: Background sticky concurrent mark sweep GC freed 793484(18MB) AllocSpace objects, 0(0B) LOS objects, 17% free, 47MB/57MB, paused 5.076ms total 103.053ms
I/art: Background partial concurrent mark sweep GC freed 1348981(35MB) AllocSpace objects, 0(0B) LOS objects, 29% free, 38MB/54MB, paused 1.558ms total 174.897ms
I/art: Background sticky concurrent mark sweep GC freed 1031574(25MB) AllocSpace objects, 0(0B) LOS objects, 30% free, 37MB/53MB, paused 4.302ms total 107.691ms
I/art: Background partial concurrent mark sweep GC freed 1169348(29MB) AllocSpace objects, 0(0B) LOS objects, 29% free, 39MB/55MB, paused 1.442ms total 163.341ms
I/art: Background sticky concurrent mark sweep GC freed 993530(24MB) AllocSpace objects, 0(0B) LOS objects, 28% free, 39MB/55MB, paused 1.383ms total 106.486ms
I/art: Background partial concurrent mark sweep GC freed 1217719(30MB) AllocSpace objects, 0(0B) LOS objects, 28% free, 40MB/56MB, paused 2.560ms total 171.796ms
I/art: Background sticky concurrent mark sweep GC freed 934930(22MB) AllocSpace objects, 0(0B) LOS objects, 23% free, 42MB/56MB, paused 3.497ms total 100.174ms
I/art: Background partial concurrent mark sweep GC freed 1229996(31MB) AllocSpace objects, 0(0B) LOS objects, 27% free, 41MB/57MB, paused 1.020ms total 171.152ms
I/art: Background partial concurrent mark sweep GC freed 1092368(27MB) AllocSpace objects, 0(0B) LOS objects, 24% free, 49MB/65MB, paused 3.977ms total 196.138ms
I/art: Background sticky concurrent mark sweep GC freed 910435(22MB) AllocSpace objects, 0(0B) LOS objects, 15% free, 54MB/65MB, paused 1.085ms total 117.943ms
I/art: Background partial concurrent mark sweep GC freed 1577995(41MB) AllocSpace objects, 0(0B) LOS objects, 28% free, 40MB/56MB, paused 779us total 179.916ms
I/art: Background sticky concurrent mark sweep GC freed 1113943(27MB) AllocSpace objects, 0(0B) LOS objects, 29% free, 38MB/54MB, paused 899us total 105.974ms
I/art: Background sticky concurrent mark sweep GC freed 735793(17MB) AllocSpace objects, 0(0B) LOS objects, 14% free, 47MB/54MB, paused 1.698ms total 101.746ms
I/art: Background partial concurrent mark sweep GC freed 1069176(28MB) AllocSpace objects, 0(0B) LOS objects, 28% free, 40MB/56MB, paused 965us total 153.137ms
I/art: Background partial concurrent mark sweep GC freed 1198850(30MB) AllocSpace objects, 0(0B) LOS objects, 26% free, 44MB/60MB, paused 1.151ms total 174.889ms
I/art: Background sticky concurrent mark sweep GC freed 1035936(25MB) AllocSpace objects, 0(0B) LOS objects, 26% free, 44MB/60MB, paused 866us total 102.408ms
I/art: Background sticky concurrent mark sweep GC freed 838964(20MB) AllocSpace objects, 0(0B) LOS objects, 18% free, 49MB/60MB, paused 4.622ms total 102.337ms
I/art: Background partial concurrent mark sweep GC freed 1366962(36MB) AllocSpace objects, 0(0B) LOS objects, 29% free, 37MB/53MB, paused 1.392ms total 171.451ms
I/art: Background sticky concurrent mark sweep GC freed 1025953(25MB) AllocSpace objects, 0(0B) LOS objects, 30% free, 36MB/52MB, paused 2.107ms total 101.633ms
I/art: Background partial concurrent mark sweep GC freed 1118268(28MB) AllocSpace objects, 0(0B) LOS objects, 28% free, 39MB/55MB, paused 1.207ms total 163.973ms
I/art: Background sticky concurrent mark sweep GC freed 898005(21MB) AllocSpace objects, 0(0B) LOS objects, 21% free, 43MB/55MB, paused 880us total 100.101ms
I/art: Background partial concurrent mark sweep GC freed 1187719(30MB) AllocSpace objects, 0(0B) LOS objects, 27% free, 42MB/58MB, paused 1.243ms total 173.398ms
I/art: Background sticky concurrent mark sweep GC freed 934627(22MB) AllocSpace objects, 0(0B) LOS objects, 23% free, 44MB/57MB, paused 1.177ms total 101.349ms
I/art: Background partial concurrent mark sweep GC freed 1197178(30MB) AllocSpace objects, 0(0B) LOS objects, 27% free, 43MB/59MB, paused 1.465ms total 181.456ms
I/art: Background sticky concurrent mark sweep GC freed 687725(15MB) AllocSpace objects, 0(0B) LOS objects, 0% free, 61MB/61MB, paused 22.473ms total 179.311ms
I/art: Background partial concurrent mark sweep GC freed 1397144(37MB) AllocSpace objects, 0(0B) LOS objects, 29% free, 37MB/53MB, paused 809us total 160.764ms
I/art: Background partial concurrent mark sweep GC freed 1135924(29MB) AllocSpace objects, 0(0B) LOS objects, 28% free, 40MB/56MB, paused 1.020ms total 155.089ms
I/art: Background sticky concurrent mark sweep GC freed 874996(21MB) AllocSpace objects, 0(0B) LOS objects, 20% free, 44MB/56MB, paused 987us total 110.387ms
I/art: Background partial concurrent mark sweep GC freed 1207953(31MB) AllocSpace objects, 0(0B) LOS objects, 27% free, 41MB/57MB, paused 1.019ms total 162.813ms
I/art: Background partial concurrent mark sweep GC freed 1295535(35MB) AllocSpace objects, 0(0B) LOS objects, 30% free, 36MB/52MB, paused 15.359ms total 117.067ms
I/art: Background partial concurrent mark sweep GC freed 977094(26MB) AllocSpace objects, 0(0B) LOS objects, 28% free, 40MB/56MB, paused 978us total 109.996ms
I/art: Background partial concurrent mark sweep GC freed 1153155(29MB) AllocSpace objects, 0(0B) LOS objects, 26% free, 43MB/59MB, paused 837us total 174.478ms
I/art: Background sticky concurrent mark sweep GC freed 760122(18MB) AllocSpace objects, 0(0B) LOS objects, 11% free, 52MB/59MB, paused 11.144ms total 108.453ms
I/art: Background partial concurrent mark sweep GC freed 1357227(36MB) AllocSpace objects, 0(0B) LOS objects, 29% free, 39MB/55MB, paused 1.036ms total 166.781ms
I/art: Background partial concurrent mark sweep GC freed 1083449(29MB) AllocSpace objects, 0(0B) LOS objects, 28% free, 40MB/56MB, paused 991us total 154.257ms
I/art: Background partial concurrent mark sweep GC freed 991744(26MB) AllocSpace objects, 0(0B) LOS objects, 21% free, 57MB/73MB, paused 3.785ms total 243.408ms
I/art: Background partial concurrent mark sweep GC freed 1856954(48MB) AllocSpace objects, 0(0B) LOS objects, 26% free, 45MB/61MB, paused 1.115ms total 209.746ms
I/art: Background sticky concurrent mark sweep GC freed 1172524(29MB) AllocSpace objects, 0(0B) LOS objects, 27% free, 41MB/57MB, paused 1.335ms total 106.387ms
I/art: Background sticky concurrent mark sweep GC freed 905747(21MB) AllocSpace objects, 0(0B) LOS objects, 19% free, 46MB/57MB, paused 1.036ms total 112.972ms
I/art: Background partial concurrent mark sweep GC freed 1245745(32MB) AllocSpace objects, 0(0B) LOS objects, 27% free, 41MB/57MB, paused 1.074ms total 169.775ms
I/art: Background partial concurrent mark sweep GC freed 1310354(35MB) AllocSpace objects, 0(0B) LOS objects, 31% free, 35MB/51MB, paused 8.168ms total 143.558ms
I/art: Background sticky concurrent mark sweep GC freed 1072016(26MB) AllocSpace objects, 0(0B) LOS objects, 29% free, 36MB/51MB, paused 878us total 115.248ms
I/art: Background partial concurrent mark sweep GC freed 1136792(28MB) AllocSpace objects, 0(0B) LOS objects, 29% free, 38MB/54MB, paused 1.042ms total 152.913ms
I/art: Background partial concurrent mark sweep GC freed 1126082(29MB) AllocSpace objects, 0(0B) LOS objects, 28% free, 41MB/57MB, paused 888us total 158.342ms
I/art: Background partial concurrent mark sweep GC freed 1224011(31MB) AllocSpace objects, 0(0B) LOS objects, 26% free, 44MB/60MB, paused 1.332ms total 182.486ms
I/art: Background sticky concurrent mark sweep GC freed 754235(17MB) AllocSpace objects, 0(0B) LOS objects, 5% free, 56MB/60MB, paused 7.928ms total 124.754ms
I/art: Background partial concurrent mark sweep GC freed 1331035(36MB) AllocSpace objects, 0(0B) LOS objects, 29% free, 37MB/53MB, paused 1.025ms total 168.916ms
I/art: Background partial concurrent mark sweep GC freed 1076992(27MB) AllocSpace objects, 0(0B) LOS objects, 28% free, 39MB/55MB, paused 1.069ms total 161.515ms
I/art: Background sticky concurrent mark sweep GC freed 830038(20MB) AllocSpace objects, 0(0B) LOS objects, 19% free, 44MB/55MB, paused 852us total 107.862ms
I/art: Background partial concurrent mark sweep GC freed 1151652(29MB) AllocSpace objects, 0(0B) LOS objects, 27% free, 41MB/57MB, paused 1.016ms total 126.094ms
I/art: Background partial concurrent mark sweep GC freed 963987(25MB) AllocSpace objects, 0(0B) LOS objects, 22% free, 55MB/71MB, paused 15.772ms total 182.892ms
I/art: Background partial concurrent mark sweep GC freed 1693262(45MB) AllocSpace objects, 0(0B) LOS objects, 27% free, 42MB/58MB, paused 1.358ms total 176.557ms
I/art: Background sticky concurrent mark sweep GC freed 1035606(25MB) AllocSpace objects, 0(0B) LOS objects, 23% free, 44MB/58MB, paused 868us total 107.809ms
I/art: Background partial concurrent mark sweep GC freed 1313189(33MB) AllocSpace objects, 0(0B) LOS objects, 27% free, 43MB/59MB, paused 870us total 176.963ms
I/art: Background sticky concurrent mark sweep GC freed 505783(11MB) AllocSpace objects, 0(0B) LOS objects, 0% free, 58MB/58MB, paused 17.177ms total 118.144ms
I/art: Background partial concurrent mark sweep GC freed 1273434(35MB) AllocSpace objects, 0(0B) LOS objects, 30% free, 37MB/53MB, paused 865us total 156.769ms
I/art: Background partial concurrent mark sweep GC freed 1005595(26MB) AllocSpace objects, 0(0B) LOS objects, 27% free, 43MB/59MB, paused 2.557ms total 163.790ms
I/art: Background sticky concurrent mark sweep GC freed 959705(23MB) AllocSpace objects, 0(0B) LOS objects, 23% free, 45MB/59MB, paused 1.049ms total 104.959ms
I/art: Background partial concurrent mark sweep GC freed 1318761(33MB) AllocSpace objects, 0(0B) LOS objects, 27% free, 43MB/59MB, paused 914us total 179.916ms
I/art: Background sticky concurrent mark sweep GC freed 1047569(25MB) AllocSpace objects, 0(0B) LOS objects, 27% free, 42MB/58MB, paused 805us total 102.808ms
I/art: Background partial concurrent mark sweep GC freed 1102802(28MB) AllocSpace objects, 0(0B) LOS objects, 21% free, 57MB/73MB, paused 3.719ms total 258.491ms
I/art: Background sticky concurrent mark sweep GC freed 963732(23MB) AllocSpace objects, 0(0B) LOS objects, 20% free, 58MB/73MB, paused 1.095ms total 102.402ms
I/art: Background partial concurrent mark sweep GC freed 1904911(49MB) AllocSpace objects, 0(0B) LOS objects, 26% free, 44MB/60MB, paused 1.501ms total 216.972ms
I/art: Background sticky concurrent mark sweep GC freed 1198971(29MB) AllocSpace objects, 0(0B) LOS objects, 27% free, 41MB/57MB, paused 1.003ms total 118.426ms
I/art: Background partial concurrent mark sweep GC freed 1258848(33MB) AllocSpace objects, 0(0B) LOS objects, 27% free, 41MB/57MB, paused 1.001ms total 174.151ms
I/art: Background sticky concurrent mark sweep GC freed 490386(11MB) AllocSpace objects, 0(0B) LOS objects, 5% free, 53MB/57MB, paused 5.885ms total 98.197ms
