D/MyBenchmarkHandler: FLOAT Java_Princeton_Iterative blockSize 16
D/MyBenchmarkHandler: FLOAT Java_Princeton_Iterative blockSize 32
D/MyBenchmarkHandler: FLOAT Java_Princeton_Iterative blockSize 64
D/MyBenchmarkHandler: FLOAT Java_Princeton_Iterative blockSize 128
D/MyBenchmarkHandler: FLOAT Java_Princeton_Iterative blockSize 256
D/MyBenchmarkHandler: FLOAT Java_Princeton_Iterative blockSize 512
D/MyBenchmarkHandler: FLOAT Java_Princeton_Iterative blockSize 1024
D/MyBenchmarkHandler: FLOAT Java_Princeton_Iterative blockSize 2048
D/MyBenchmarkHandler: FLOAT Java_Princeton_Iterative blockSize 4096
D/MyBenchmarkHandler: FLOAT Java_Princeton_Iterative blockSize 8192
D/MyBenchmarkHandler: FLOAT Java_Princeton_Iterative blockSize 16384
I/art: Background partial concurrent mark sweep GC freed 1334635(20MB) AllocSpace objects, 0(0B) LOS objects, 16% free, 83MB/99MB, paused 541us total 113.127ms
D/MyBenchmarkHandler: FLOAT Java_Princeton_Iterative blockSize 32768
I/art: Background partial concurrent mark sweep GC freed 1751226(26MB) AllocSpace objects, 0(0B) LOS objects, 15% free, 84MB/100MB, paused 910us total 127.161ms
I/art: Background partial concurrent mark sweep GC freed 1768390(26MB) AllocSpace objects, 0(0B) LOS objects, 15% free, 84MB/100MB, paused 958us total 128.530ms
I/art: Background partial concurrent mark sweep GC freed 1788473(27MB) AllocSpace objects, 0(0B) LOS objects, 15% free, 84MB/100MB, paused 921us total 129.424ms
I/art: Background partial concurrent mark sweep GC freed 1734633(26MB) AllocSpace objects, 0(0B) LOS objects, 15% free, 84MB/100MB, paused 890us total 126.335ms
D/MyBenchmarkHandler: FLOAT Java_Princeton_Iterative blockSize 65536
I/art: Background partial concurrent mark sweep GC freed 1722809(26MB) AllocSpace objects, 0(0B) LOS objects, 15% free, 84MB/100MB, paused 1.655ms total 128.385ms
I/art: Background partial concurrent mark sweep GC freed 1820322(27MB) AllocSpace objects, 0(0B) LOS objects, 15% free, 84MB/100MB, paused 1.857ms total 133.521ms
I/art: Background partial concurrent mark sweep GC freed 1832205(27MB) AllocSpace objects, 0(0B) LOS objects, 15% free, 84MB/100MB, paused 1.754ms total 133.929ms
I/art: Background partial concurrent mark sweep GC freed 1789451(27MB) AllocSpace objects, 0(0B) LOS objects, 15% free, 84MB/100MB, paused 1.735ms total 132.730ms
I/art: Background partial concurrent mark sweep GC freed 1834695(27MB) AllocSpace objects, 0(0B) LOS objects, 15% free, 85MB/101MB, paused 1.731ms total 133.284ms
I/art: Background partial concurrent mark sweep GC freed 1888570(28MB) AllocSpace objects, 0(0B) LOS objects, 15% free, 84MB/100MB, paused 1.589ms total 136.807ms
I/art: Background partial concurrent mark sweep GC freed 1857612(28MB) AllocSpace objects, 0(0B) LOS objects, 15% free, 84MB/100MB, paused 1.732ms total 134.531ms
I/art: Background partial concurrent mark sweep GC freed 1894692(28MB) AllocSpace objects, 0(0B) LOS objects, 15% free, 84MB/100MB, paused 1.693ms total 136.448ms
I/art: Background partial concurrent mark sweep GC freed 1886994(28MB) AllocSpace objects, 0(0B) LOS objects, 15% free, 84MB/100MB, paused 1.781ms total 135.567ms
I/art: Background partial concurrent mark sweep GC freed 1799211(27MB) AllocSpace objects, 0(0B) LOS objects, 15% free, 84MB/100MB, paused 1.890ms total 133.305ms
I/art: Background partial concurrent mark sweep GC freed 1779315(27MB) AllocSpace objects, 0(0B) LOS objects, 15% free, 84MB/100MB, paused 1.717ms total 131.868ms
I/art: Background partial concurrent mark sweep GC freed 1790235(27MB) AllocSpace objects, 0(0B) LOS objects, 15% free, 84MB/100MB, paused 1.566ms total 132.654ms
I/art: Background partial concurrent mark sweep GC freed 1823148(27MB) AllocSpace objects, 0(0B) LOS objects, 15% free, 84MB/100MB, paused 1.474ms total 132.532ms
I/art: Background partial concurrent mark sweep GC freed 1823605(27MB) AllocSpace objects, 0(0B) LOS objects, 15% free, 84MB/100MB, paused 1.640ms total 134.433ms
D/MyBenchmarkHandler: FLOAT Java_Princeton_Iterative blockSize 131072
I/art: Background partial concurrent mark sweep GC freed 1703924(26MB) AllocSpace objects, 0(0B) LOS objects, 16% free, 83MB/99MB, paused 2.780ms total 126.180ms
I/art: Background partial concurrent mark sweep GC freed 1719623(26MB) AllocSpace objects, 0(0B) LOS objects, 15% free, 85MB/101MB, paused 3.198ms total 134.670ms
I/art: Background partial concurrent mark sweep GC freed 1888244(28MB) AllocSpace objects, 0(0B) LOS objects, 16% free, 83MB/99MB, paused 2.130ms total 131.860ms
I/art: Background partial concurrent mark sweep GC freed 1760494(26MB) AllocSpace objects, 0(0B) LOS objects, 15% free, 85MB/101MB, paused 2.713ms total 133.947ms
I/art: Background partial concurrent mark sweep GC freed 1812176(27MB) AllocSpace objects, 0(0B) LOS objects, 15% free, 85MB/101MB, paused 2.604ms total 132.713ms
I/art: Background partial concurrent mark sweep GC freed 1787817(27MB) AllocSpace objects, 0(0B) LOS objects, 15% free, 84MB/100MB, paused 3.222ms total 133.860ms
I/art: Background partial concurrent mark sweep GC freed 1718488(26MB) AllocSpace objects, 0(0B) LOS objects, 16% free, 83MB/99MB, paused 2.711ms total 130.062ms
I/art: Background partial concurrent mark sweep GC freed 1781078(27MB) AllocSpace objects, 0(0B) LOS objects, 15% free, 84MB/100MB, paused 3.379ms total 133.972ms
I/art: Background partial concurrent mark sweep GC freed 1815000(27MB) AllocSpace objects, 0(0B) LOS objects, 15% free, 85MB/101MB, paused 2.934ms total 135.840ms
I/art: Background partial concurrent mark sweep GC freed 1884934(28MB) AllocSpace objects, 0(0B) LOS objects, 15% free, 84MB/100MB, paused 2.037ms total 132.812ms
I/art: Background partial concurrent mark sweep GC freed 1836409(28MB) AllocSpace objects, 0(0B) LOS objects, 16% free, 83MB/99MB, paused 2.442ms total 136.991ms
I/art: Background partial concurrent mark sweep GC freed 1745595(26MB) AllocSpace objects, 0(0B) LOS objects, 15% free, 85MB/101MB, paused 2.739ms total 135.468ms
I/art: Background sticky concurrent mark sweep GC freed 1353667(20MB) AllocSpace objects, 0(0B) LOS objects, 14% free, 86MB/101MB, paused 5.110ms total 67.273ms
I/art: Background partial concurrent mark sweep GC freed 1814918(27MB) AllocSpace objects, 0(0B) LOS objects, 15% free, 84MB/100MB, paused 3.270ms total 134.539ms
I/art: Background partial concurrent mark sweep GC freed 1730472(26MB) AllocSpace objects, 0(0B) LOS objects, 15% free, 84MB/100MB, paused 2.898ms total 129.437ms
I/art: Background partial concurrent mark sweep GC freed 1809372(27MB) AllocSpace objects, 0(0B) LOS objects, 15% free, 84MB/100MB, paused 3.452ms total 138.914ms
I/art: Background partial concurrent mark sweep GC freed 1736236(26MB) AllocSpace objects, 0(0B) LOS objects, 15% free, 85MB/101MB, paused 2.379ms total 130.807ms
I/art: Background partial concurrent mark sweep GC freed 1947568(29MB) AllocSpace objects, 0(0B) LOS objects, 15% free, 84MB/100MB, paused 3.254ms total 140.793ms
I/art: Background partial concurrent mark sweep GC freed 1768717(26MB) AllocSpace objects, 0(0B) LOS objects, 15% free, 85MB/101MB, paused 3.186ms total 137.118ms
I/art: Background partial concurrent mark sweep GC freed 1892347(28MB) AllocSpace objects, 0(0B) LOS objects, 15% free, 85MB/101MB, paused 3.465ms total 138.424ms
I/art: Background partial concurrent mark sweep GC freed 1898214(28MB) AllocSpace objects, 0(0B) LOS objects, 15% free, 84MB/100MB, paused 2.133ms total 135.035ms
I/art: Background partial concurrent mark sweep GC freed 1799927(27MB) AllocSpace objects, 0(0B) LOS objects, 15% free, 84MB/100MB, paused 2.659ms total 134.463ms
I/art: Background partial concurrent mark sweep GC freed 1791354(27MB) AllocSpace objects, 0(0B) LOS objects, 15% free, 84MB/100MB, paused 2.623ms total 134.450ms
I/art: Background partial concurrent mark sweep GC freed 1785785(27MB) AllocSpace objects, 0(0B) LOS objects, 15% free, 85MB/101MB, paused 2.788ms total 140.271ms
I/art: Background partial concurrent mark sweep GC freed 1841978(28MB) AllocSpace objects, 0(0B) LOS objects, 15% free, 85MB/101MB, paused 2.711ms total 138.162ms
I/art: Background partial concurrent mark sweep GC freed 1816602(27MB) AllocSpace objects, 0(0B) LOS objects, 15% free, 85MB/101MB, paused 2.609ms total 140.090ms
I/art: Background partial concurrent mark sweep GC freed 1813450(27MB) AllocSpace objects, 0(0B) LOS objects, 15% free, 84MB/100MB, paused 2.438ms total 135.754ms
I/art: Background partial concurrent mark sweep GC freed 1782868(27MB) AllocSpace objects, 0(0B) LOS objects, 15% free, 84MB/100MB, paused 2.845ms total 132.937ms
I/art: Background partial concurrent mark sweep GC freed 1800558(27MB) AllocSpace objects, 0(0B) LOS objects, 15% free, 85MB/101MB, paused 3.164ms total 141.503ms
I/art: Background partial concurrent mark sweep GC freed 1856567(28MB) AllocSpace objects, 0(0B) LOS objects, 15% free, 86MB/102MB, paused 4.186ms total 193.351ms
I/art: Background partial concurrent mark sweep GC freed 1841426(28MB) AllocSpace objects, 0(0B) LOS objects, 15% free, 85MB/101MB, paused 3.802ms total 193.259ms
I/art: Background partial concurrent mark sweep GC freed 1761362(26MB) AllocSpace objects, 0(0B) LOS objects, 16% free, 83MB/99MB, paused 2.983ms total 125.655ms
I/art: Background partial concurrent mark sweep GC freed 1727703(26MB) AllocSpace objects, 0(0B) LOS objects, 15% free, 86MB/102MB, paused 2.902ms total 131.549ms
I/art: Background partial concurrent mark sweep GC freed 1914209(29MB) AllocSpace objects, 0(0B) LOS objects, 15% free, 84MB/100MB, paused 2.940ms total 135.641ms
I/art: Background partial concurrent mark sweep GC freed 1777455(27MB) AllocSpace objects, 0(0B) LOS objects, 15% free, 86MB/102MB, paused 2.251ms total 132.983ms
I/art: Background partial concurrent mark sweep GC freed 1915610(29MB) AllocSpace objects, 0(0B) LOS objects, 15% free, 84MB/100MB, paused 3.046ms total 137.955ms
I/art: Background partial concurrent mark sweep GC freed 1772484(27MB) AllocSpace objects, 0(0B) LOS objects, 15% free, 85MB/101MB, paused 2.923ms total 135.429ms
I/art: Background partial concurrent mark sweep GC freed 1827537(27MB) AllocSpace objects, 0(0B) LOS objects, 15% free, 85MB/101MB, paused 2.623ms total 133.019ms
I/art: Background partial concurrent mark sweep GC freed 1911419(29MB) AllocSpace objects, 0(0B) LOS objects, 15% free, 84MB/100MB, paused 3.906ms total 137.500ms
I/art: Background partial concurrent mark sweep GC freed 1843499(28MB) AllocSpace objects, 0(0B) LOS objects, 15% free, 86MB/102MB, paused 3.806ms total 199.202ms
I/art: Background partial concurrent mark sweep GC freed 1949021(29MB) AllocSpace objects, 0(0B) LOS objects, 15% free, 86MB/102MB, paused 4.037ms total 198.473ms
I/art: Background partial concurrent mark sweep GC freed 1807759(27MB) AllocSpace objects, 0(0B) LOS objects, 15% free, 84MB/100MB, paused 2.852ms total 133.915ms
I/art: Background partial concurrent mark sweep GC freed 1771770(27MB) AllocSpace objects, 0(0B) LOS objects, 15% free, 84MB/100MB, paused 3.134ms total 128.663ms
I/art: Background partial concurrent mark sweep GC freed 1767353(26MB) AllocSpace objects, 0(0B) LOS objects, 15% free, 84MB/100MB, paused 3.241ms total 133.366ms
I/art: Background partial concurrent mark sweep GC freed 1739738(26MB) AllocSpace objects, 0(0B) LOS objects, 15% free, 84MB/100MB, paused 2.957ms total 131.664ms
I/art: Background partial concurrent mark sweep GC freed 1758024(26MB) AllocSpace objects, 0(0B) LOS objects, 15% free, 84MB/100MB, paused 3.213ms total 132.388ms
I/art: Background partial concurrent mark sweep GC freed 1850543(28MB) AllocSpace objects, 0(0B) LOS objects, 15% free, 85MB/101MB, paused 3.978ms total 200.775ms
I/art: Background sticky concurrent mark sweep GC freed 1189350(18MB) AllocSpace objects, 0(0B) LOS objects, 11% free, 90MB/101MB, paused 5.576ms total 83.152ms
I/art: Background partial concurrent mark sweep GC freed 1887468(28MB) AllocSpace objects, 0(0B) LOS objects, 15% free, 87MB/103MB, paused 3.637ms total 193.247ms
I/art: Background partial concurrent mark sweep GC freed 1865239(28MB) AllocSpace objects, 0(0B) LOS objects, 16% free, 83MB/99MB, paused 2.768ms total 132.086ms
I/art: Background partial concurrent mark sweep GC freed 1710417(26MB) AllocSpace objects, 0(0B) LOS objects, 15% free, 85MB/101MB, paused 2.799ms total 136.026ms
I/art: Background partial concurrent mark sweep GC freed 1897429(28MB) AllocSpace objects, 0(0B) LOS objects, 15% free, 85MB/101MB, paused 4.293ms total 148.069ms
I/art: Background partial concurrent mark sweep GC freed 1823325(27MB) AllocSpace objects, 0(0B) LOS objects, 15% free, 87MB/103MB, paused 3.069ms total 141.001ms
I/art: Background partial concurrent mark sweep GC freed 2028311(30MB) AllocSpace objects, 0(0B) LOS objects, 15% free, 86MB/102MB, paused 3.019ms total 197.243ms
D/MyBenchmarkHandler: FLOAT Java_Princeton_Iterative blockSize 262144
I/art: Background partial concurrent mark sweep GC freed 1901948(29MB) AllocSpace objects, 0(0B) LOS objects, 15% free, 85MB/101MB, paused 5.350ms total 139.345ms
I/art: Background sticky concurrent mark sweep GC freed 899669(13MB) AllocSpace objects, 0(0B) LOS objects, 9% free, 92MB/101MB, paused 5.681ms total 75.928ms
I/art: Background partial concurrent mark sweep GC freed 1854331(28MB) AllocSpace objects, 0(0B) LOS objects, 15% free, 85MB/101MB, paused 6.251ms total 153.158ms
I/art: Background partial concurrent mark sweep GC freed 1831981(27MB) AllocSpace objects, 0(0B) LOS objects, 15% free, 84MB/100MB, paused 5.402ms total 150.637ms
I/art: Background sticky concurrent mark sweep GC freed 1068718(16MB) AllocSpace objects, 0(0B) LOS objects, 12% free, 87MB/100MB, paused 5.655ms total 77.663ms
I/art: Background sticky concurrent mark sweep GC freed 738009(11MB) AllocSpace objects, 0(0B) LOS objects, 7% free, 93MB/100MB, paused 5.588ms total 65.374ms
I/art: Background partial concurrent mark sweep GC freed 1737235(26MB) AllocSpace objects, 0(0B) LOS objects, 15% free, 85MB/101MB, paused 5.491ms total 154.349ms
I/art: Background sticky concurrent mark sweep GC freed 1186919(18MB) AllocSpace objects, 0(0B) LOS objects, 11% free, 89MB/101MB, paused 6.611ms total 101.530ms
I/art: Background partial concurrent mark sweep GC freed 1871630(28MB) AllocSpace objects, 0(0B) LOS objects, 15% free, 88MB/104MB, paused 6.957ms total 208.301ms
I/art: Background sticky concurrent mark sweep GC freed 1339817(20MB) AllocSpace objects, 0(0B) LOS objects, 15% free, 88MB/104MB, paused 7.343ms total 107.950ms
I/art: Background partial concurrent mark sweep GC freed 2034374(31MB) AllocSpace objects, 0(0B) LOS objects, 15% free, 87MB/103MB, paused 8.590ms total 223.843ms
I/art: Background sticky concurrent mark sweep GC freed 1321543(20MB) AllocSpace objects, 0(0B) LOS objects, 12% free, 90MB/103MB, paused 6.886ms total 111.268ms
I/art: Background partial concurrent mark sweep GC freed 1969349(30MB) AllocSpace objects, 0(0B) LOS objects, 15% free, 86MB/102MB, paused 8.667ms total 212.569ms
I/art: Background sticky concurrent mark sweep GC freed 1284513(19MB) AllocSpace objects, 0(0B) LOS objects, 14% free, 87MB/102MB, paused 6.630ms total 101.576ms
I/art: Background sticky concurrent mark sweep GC freed 956385(14MB) AllocSpace objects, 0(0B) LOS objects, 10% free, 91MB/102MB, paused 7.886ms total 95.823ms
I/art: Background partial concurrent mark sweep GC freed 1886480(28MB) AllocSpace objects, 0(0B) LOS objects, 15% free, 85MB/101MB, paused 7.372ms total 191.397ms
I/art: Background sticky concurrent mark sweep GC freed 1218697(18MB) AllocSpace objects, 0(0B) LOS objects, 11% free, 89MB/101MB, paused 5.526ms total 84.788ms
I/art: Background partial concurrent mark sweep GC freed 1903719(29MB) AllocSpace objects, 0(0B) LOS objects, 15% free, 86MB/102MB, paused 5.268ms total 150.527ms
I/art: Background sticky concurrent mark sweep GC freed 1246079(19MB) AllocSpace objects, 0(0B) LOS objects, 14% free, 87MB/102MB, paused 5.199ms total 79.422ms
I/art: Background sticky concurrent mark sweep GC freed 934198(14MB) AllocSpace objects, 0(0B) LOS objects, 9% free, 92MB/102MB, paused 5.948ms total 77.913ms
I/art: Background partial concurrent mark sweep GC freed 1920772(29MB) AllocSpace objects, 0(0B) LOS objects, 15% free, 85MB/101MB, paused 5.141ms total 155.155ms
I/art: Background partial concurrent mark sweep GC freed 1872078(28MB) AllocSpace objects, 0(0B) LOS objects, 16% free, 83MB/99MB, paused 4.533ms total 150.361ms
I/art: Background sticky concurrent mark sweep GC freed 1074112(16MB) AllocSpace objects, 0(0B) LOS objects, 12% free, 87MB/99MB, paused 5.087ms total 75.333ms
I/art: Background sticky concurrent mark sweep GC freed 749824(11MB) AllocSpace objects, 0(0B) LOS objects, 7% free, 92MB/99MB, paused 6.381ms total 72.161ms
I/art: Background partial concurrent mark sweep GC freed 1717926(26MB) AllocSpace objects, 0(0B) LOS objects, 15% free, 85MB/101MB, paused 6.066ms total 150.114ms
I/art: Background partial concurrent mark sweep GC freed 1848101(28MB) AllocSpace objects, 0(0B) LOS objects, 16% free, 83MB/99MB, paused 5.134ms total 147.620ms
I/art: Background sticky concurrent mark sweep GC freed 1076639(16MB) AllocSpace objects, 0(0B) LOS objects, 11% free, 88MB/99MB, paused 7.101ms total 96.604ms
I/art: Background partial concurrent mark sweep GC freed 1721920(26MB) AllocSpace objects, 0(0B) LOS objects, 15% free, 85MB/101MB, paused 8.491ms total 209.060ms
I/art: Background sticky concurrent mark sweep GC freed 1240705(18MB) AllocSpace objects, 0(0B) LOS objects, 11% free, 90MB/101MB, paused 6.900ms total 107.785ms
I/art: Background partial concurrent mark sweep GC freed 1886489(28MB) AllocSpace objects, 0(0B) LOS objects, 15% free, 88MB/104MB, paused 8.378ms total 223.912ms
I/art: Background sticky concurrent mark sweep GC freed 1336888(20MB) AllocSpace objects, 0(0B) LOS objects, 15% free, 88MB/104MB, paused 6.770ms total 107.319ms
I/art: Background sticky concurrent mark sweep GC freed 1016375(15MB) AllocSpace objects, 0(0B) LOS objects, 10% free, 93MB/104MB, paused 7.484ms total 98.759ms
I/art: Background partial concurrent mark sweep GC freed 2050984(31MB) AllocSpace objects, 0(0B) LOS objects, 15% free, 87MB/103MB, paused 7.809ms total 228.597ms
I/art: Background sticky concurrent mark sweep GC freed 1328560(20MB) AllocSpace objects, 0(0B) LOS objects, 12% free, 90MB/103MB, paused 6.897ms total 109.028ms
I/art: Background partial concurrent mark sweep GC freed 2032429(31MB) AllocSpace objects, 0(0B) LOS objects, 15% free, 88MB/104MB, paused 6.705ms total 214.610ms
I/art: Background sticky concurrent mark sweep GC freed 1016771(15MB) AllocSpace objects, 0(0B) LOS objects, 10% free, 93MB/104MB, paused 5.517ms total 76.755ms
I/art: Background sticky concurrent mark sweep GC freed 669692(10MB) AllocSpace objects, 0(0B) LOS objects, 5% free, 98MB/104MB, paused 5.444ms total 76.644ms
I/art: Background partial concurrent mark sweep GC freed 1978209(30MB) AllocSpace objects, 0(0B) LOS objects, 15% free, 85MB/101MB, paused 5.030ms total 156.330ms
I/art: Background sticky concurrent mark sweep GC freed 466408(7MB) AllocSpace objects, 0(0B) LOS objects, 4% free, 96MB/101MB, paused 5.789ms total 58.278ms
I/art: Background partial concurrent mark sweep GC freed 1702663(25MB) AllocSpace objects, 0(0B) LOS objects, 16% free, 82MB/98MB, paused 6.146ms total 140.150ms
I/art: Background sticky concurrent mark sweep GC freed 1032918(15MB) AllocSpace objects, 0(0B) LOS objects, 10% free, 87MB/98MB, paused 5.560ms total 73.223ms
I/art: Background sticky concurrent mark sweep GC freed 683719(10MB) AllocSpace objects, 0(0B) LOS objects, 5% free, 92MB/98MB, paused 5.839ms total 71.560ms
I/art: Background partial concurrent mark sweep GC freed 1610406(24MB) AllocSpace objects, 0(0B) LOS objects, 15% free, 84MB/100MB, paused 5.366ms total 142.794ms
I/art: Background partial concurrent mark sweep GC freed 1663577(25MB) AllocSpace objects, 0(0B) LOS objects, 16% free, 83MB/99MB, paused 7.539ms total 186.177ms
I/art: Background sticky concurrent mark sweep GC freed 1107790(16MB) AllocSpace objects, 0(0B) LOS objects, 11% free, 88MB/99MB, paused 7.706ms total 95.888ms
I/art: Background partial concurrent mark sweep GC freed 1733558(26MB) AllocSpace objects, 0(0B) LOS objects, 15% free, 86MB/102MB, paused 8.526ms total 212.226ms
I/art: Background sticky concurrent mark sweep GC freed 1284423(19MB) AllocSpace objects, 0(0B) LOS objects, 11% free, 90MB/102MB, paused 6.573ms total 104.561ms
I/art: Background sticky concurrent mark sweep GC freed 890813(13MB) AllocSpace objects, 0(0B) LOS objects, 7% free, 94MB/102MB, paused 6.616ms total 88.557ms
I/art: Background partial concurrent mark sweep GC freed 1936239(29MB) AllocSpace objects, 0(0B) LOS objects, 15% free, 84MB/100MB, paused 7.815ms total 201.544ms
I/art: Background sticky concurrent mark sweep GC freed 1132692(17MB) AllocSpace objects, 0(0B) LOS objects, 12% free, 88MB/100MB, paused 7.616ms total 101.006ms
I/art: Background partial concurrent mark sweep GC freed 1790795(27MB) AllocSpace objects, 0(0B) LOS objects, 15% free, 86MB/102MB, paused 8.046ms total 213.172ms
I/art: Background sticky concurrent mark sweep GC freed 1278844(19MB) AllocSpace objects, 0(0B) LOS objects, 12% free, 90MB/102MB, paused 6.596ms total 104.248ms
I/art: Background sticky concurrent mark sweep GC freed 913215(13MB) AllocSpace objects, 0(0B) LOS objects, 7% free, 94MB/102MB, paused 7.159ms total 97.323ms
I/art: Background partial concurrent mark sweep GC freed 2003682(30MB) AllocSpace objects, 0(0B) LOS objects, 15% free, 85MB/101MB, paused 6.742ms total 209.492ms
I/art: Background sticky concurrent mark sweep GC freed 1168557(17MB) AllocSpace objects, 0(0B) LOS objects, 12% free, 88MB/101MB, paused 7.394ms total 103.481ms
I/art: Background partial concurrent mark sweep GC freed 1834260(27MB) AllocSpace objects, 0(0B) LOS objects, 15% free, 86MB/102MB, paused 7.862ms total 201.975ms
I/art: Background sticky concurrent mark sweep GC freed 856023(13MB) AllocSpace objects, 0(0B) LOS objects, 9% free, 92MB/102MB, paused 5.698ms total 69.725ms
I/art: Background sticky concurrent mark sweep GC freed 597387(9MB) AllocSpace objects, 0(0B) LOS objects, 4% free, 97MB/102MB, paused 5.983ms total 69.046ms
I/art: Background partial concurrent mark sweep GC freed 1829805(27MB) AllocSpace objects, 0(0B) LOS objects, 16% free, 82MB/98MB, paused 6.154ms total 144.156ms
I/art: Background sticky concurrent mark sweep GC freed 714251(10MB) AllocSpace objects, 0(0B) LOS objects, 6% free, 91MB/98MB, paused 5.910ms total 71.445ms
I/art: Background partial concurrent mark sweep GC freed 1654090(25MB) AllocSpace objects, 0(0B) LOS objects, 15% free, 84MB/100MB, paused 6.085ms total 149.007ms
I/art: Background partial concurrent mark sweep GC freed 1828368(27MB) AllocSpace objects, 0(0B) LOS objects, 15% free, 84MB/100MB, paused 5.108ms total 185.171ms
I/art: Background sticky concurrent mark sweep GC freed 1137658(17MB) AllocSpace objects, 0(0B) LOS objects, 12% free, 87MB/100MB, paused 5.305ms total 78.332ms
I/art: Background sticky concurrent mark sweep GC freed 810975(12MB) AllocSpace objects, 0(0B) LOS objects, 7% free, 92MB/100MB, paused 6.144ms total 76.456ms
I/art: Background partial concurrent mark sweep GC freed 1774098(27MB) AllocSpace objects, 0(0B) LOS objects, 15% free, 85MB/101MB, paused 5.702ms total 155.264ms
I/art: Background partial concurrent mark sweep GC freed 1802001(27MB) AllocSpace objects, 0(0B) LOS objects, 16% free, 83MB/99MB, paused 5.480ms total 184.249ms
I/art: Background sticky concurrent mark sweep GC freed 1117579(17MB) AllocSpace objects, 0(0B) LOS objects, 11% free, 87MB/99MB, paused 7.471ms total 99.161ms
I/art: Background partial concurrent mark sweep GC freed 1758339(26MB) AllocSpace objects, 0(0B) LOS objects, 15% free, 86MB/102MB, paused 7.585ms total 211.974ms
I/art: Background sticky concurrent mark sweep GC freed 1279841(19MB) AllocSpace objects, 0(0B) LOS objects, 12% free, 90MB/102MB, paused 6.723ms total 106.154ms
I/art: Background sticky concurrent mark sweep GC freed 909236(13MB) AllocSpace objects, 0(0B) LOS objects, 7% free, 94MB/102MB, paused 7.489ms total 99.707ms
I/art: Background partial concurrent mark sweep GC freed 1982985(30MB) AllocSpace objects, 0(0B) LOS objects, 15% free, 85MB/101MB, paused 7.930ms total 208.867ms
I/art: Background sticky concurrent mark sweep GC freed 1187644(18MB) AllocSpace objects, 0(0B) LOS objects, 12% free, 88MB/101MB, paused 7.640ms total 102.007ms
I/art: Background partial concurrent mark sweep GC freed 1841546(28MB) AllocSpace objects, 0(0B) LOS objects, 15% free, 86MB/102MB, paused 7.709ms total 218.460ms
I/art: Background sticky concurrent mark sweep GC freed 1283120(19MB) AllocSpace objects, 0(0B) LOS objects, 12% free, 90MB/102MB, paused 6.785ms total 105.947ms
I/art: Background sticky concurrent mark sweep GC freed 866727(13MB) AllocSpace objects, 0(0B) LOS objects, 9% free, 92MB/102MB, paused 8.463ms total 91.072ms
I/art: Background partial concurrent mark sweep GC freed 2025696(30MB) AllocSpace objects, 0(0B) LOS objects, 15% free, 86MB/102MB, paused 7.804ms total 214.021ms
I/art: Background sticky concurrent mark sweep GC freed 1238701(18MB) AllocSpace objects, 0(0B) LOS objects, 13% free, 88MB/102MB, paused 7.376ms total 106.633ms
I/art: Background partial concurrent mark sweep GC freed 1953814(29MB) AllocSpace objects, 0(0B) LOS objects, 15% free, 87MB/103MB, paused 7.692ms total 227.072ms
I/art: Background sticky concurrent mark sweep GC freed 950681(14MB) AllocSpace objects, 0(0B) LOS objects, 9% free, 94MB/103MB, paused 5.217ms total 76.276ms
I/art: Background sticky concurrent mark sweep GC freed 582362(8MB) AllocSpace objects, 0(0B) LOS objects, 4% free, 99MB/103MB, paused 5.539ms total 68.167ms
I/art: Background partial concurrent mark sweep GC freed 1864265(28MB) AllocSpace objects, 0(0B) LOS objects, 16% free, 82MB/98MB, paused 5.429ms total 141.119ms
I/art: Background sticky concurrent mark sweep GC freed 1036469(15MB) AllocSpace objects, 0(0B) LOS objects, 11% free, 87MB/98MB, paused 5.618ms total 74.263ms
I/art: Background sticky concurrent mark sweep GC freed 719988(10MB) AllocSpace objects, 0(0B) LOS objects, 6% free, 92MB/98MB, paused 5.966ms total 72.307ms
I/art: Background partial concurrent mark sweep GC freed 1666855(25MB) AllocSpace objects, 0(0B) LOS objects, 15% free, 84MB/100MB, paused 5.825ms total 148.410ms
I/art: Background sticky concurrent mark sweep GC freed 1156176(17MB) AllocSpace objects, 0(0B) LOS objects, 11% free, 88MB/100MB, paused 5.289ms total 75.354ms
I/art: Background sticky concurrent mark sweep GC freed 811036(12MB) AllocSpace objects, 0(0B) LOS objects, 7% free, 93MB/100MB, paused 5.550ms total 68.770ms
I/art: Background sticky concurrent mark sweep GC freed 442613(6MB) AllocSpace objects, 0(0B) LOS objects, 3% free, 97MB/100MB, paused 5.365ms total 60.018ms
I/art: Background partial concurrent mark sweep GC freed 1660277(25MB) AllocSpace objects, 0(0B) LOS objects, 16% free, 82MB/98MB, paused 6.039ms total 136.288ms
I/art: Background sticky concurrent mark sweep GC freed 995781(15MB) AllocSpace objects, 0(0B) LOS objects, 11% free, 86MB/98MB, paused 5.246ms total 72.295ms
I/art: Background sticky concurrent mark sweep GC freed 677250(10MB) AllocSpace objects, 0(0B) LOS objects, 5% free, 92MB/98MB, paused 6.085ms total 72.710ms
I/art: Background partial concurrent mark sweep GC freed 1597850(24MB) AllocSpace objects, 0(0B) LOS objects, 15% free, 84MB/100MB, paused 5.736ms total 147.274ms
I/art: Background sticky concurrent mark sweep GC freed 1173771(17MB) AllocSpace objects, 0(0B) LOS objects, 11% free, 89MB/100MB, paused 6.319ms total 96.256ms
I/art: Background sticky concurrent mark sweep GC freed 795486(12MB) AllocSpace objects, 0(0B) LOS objects, 6% free, 93MB/100MB, paused 6.883ms total 87.785ms
I/art: Background partial concurrent mark sweep GC freed 1766413(26MB) AllocSpace objects, 0(0B) LOS objects, 16% free, 83MB/99MB, paused 7.365ms total 192.808ms
I/art: Background sticky concurrent mark sweep GC freed 1074986(16MB) AllocSpace objects, 0(0B) LOS objects, 11% free, 87MB/99MB, paused 7.221ms total 97.639ms
I/art: Background partial concurrent mark sweep GC freed 1708738(26MB) AllocSpace objects, 0(0B) LOS objects, 15% free, 86MB/102MB, paused 7.923ms total 212.067ms
I/art: Background sticky concurrent mark sweep GC freed 1262749(19MB) AllocSpace objects, 0(0B) LOS objects, 11% free, 90MB/102MB, paused 6.800ms total 108.526ms
I/art: Background partial concurrent mark sweep GC freed 1894620(28MB) AllocSpace objects, 0(0B) LOS objects, 15% free, 87MB/103MB, paused 5.977ms total 209.622ms
I/art: Background sticky concurrent mark sweep GC freed 1330994(20MB) AllocSpace objects, 0(0B) LOS objects, 15% free, 88MB/103MB, paused 7.079ms total 106.991ms
I/art: Background sticky concurrent mark sweep GC freed 1022225(15MB) AllocSpace objects, 0(0B) LOS objects, 10% free, 93MB/103MB, paused 7.896ms total 102.003ms
I/art: Background partial concurrent mark sweep GC freed 2022512(30MB) AllocSpace objects, 0(0B) LOS objects, 15% free, 87MB/103MB, paused 7.104ms total 223.055ms
I/art: Background sticky concurrent mark sweep GC freed 1322200(20MB) AllocSpace objects, 0(0B) LOS objects, 12% free, 90MB/103MB, paused 6.894ms total 108.345ms
I/art: Background sticky concurrent mark sweep GC freed 929883(14MB) AllocSpace objects, 0(0B) LOS objects, 8% free, 94MB/103MB, paused 6.164ms total 91.403ms
I/art: Background partial concurrent mark sweep GC freed 1980885(30MB) AllocSpace objects, 0(0B) LOS objects, 16% free, 83MB/99MB, paused 5.550ms total 166.205ms
I/art: Background sticky concurrent mark sweep GC freed 1062018(16MB) AllocSpace objects, 0(0B) LOS objects, 12% free, 87MB/99MB, paused 5.146ms total 74.474ms
I/art: Background sticky concurrent mark sweep GC freed 745537(11MB) AllocSpace objects, 0(0B) LOS objects, 7% free, 92MB/99MB, paused 6.111ms total 73.220ms
I/art: Background partial concurrent mark sweep GC freed 1692797(25MB) AllocSpace objects, 0(0B) LOS objects, 15% free, 84MB/100MB, paused 5.583ms total 150.829ms
I/art: Background sticky concurrent mark sweep GC freed 480043(7MB) AllocSpace objects, 0(0B) LOS objects, 2% free, 97MB/100MB, paused 5.939ms total 61.831ms
I/art: Background partial concurrent mark sweep GC freed 1679364(25MB) AllocSpace objects, 0(0B) LOS objects, 16% free, 82MB/98MB, paused 5.570ms total 136.350ms
I/art: Background sticky concurrent mark sweep GC freed 1010607(15MB) AllocSpace objects, 0(0B) LOS objects, 11% free, 86MB/98MB, paused 5.192ms total 70.599ms
I/art: Background sticky concurrent mark sweep GC freed 701225(10MB) AllocSpace objects, 0(0B) LOS objects, 6% free, 92MB/98MB, paused 6.041ms total 71.725ms
I/art: Background partial concurrent mark sweep GC freed 1616845(24MB) AllocSpace objects, 0(0B) LOS objects, 15% free, 84MB/100MB, paused 5.735ms total 151.631ms
I/art: Background sticky concurrent mark sweep GC freed 446898(6MB) AllocSpace objects, 0(0B) LOS objects, 2% free, 98MB/100MB, paused 6.194ms total 61.619ms
I/art: Background partial concurrent mark sweep GC freed 1698289(25MB) AllocSpace objects, 0(0B) LOS objects, 16% free, 83MB/99MB, paused 8.092ms total 178.851ms
I/art: Background sticky concurrent mark sweep GC freed 1060294(16MB) AllocSpace objects, 0(0B) LOS objects, 11% free, 88MB/99MB, paused 7.368ms total 97.372ms
I/art: Background partial concurrent mark sweep GC freed 1717226(26MB) AllocSpace objects, 0(0B) LOS objects, 15% free, 86MB/102MB, paused 7.673ms total 208.784ms
I/art: Background sticky concurrent mark sweep GC freed 1261820(19MB) AllocSpace objects, 0(0B) LOS objects, 11% free, 90MB/102MB, paused 6.796ms total 105.194ms
I/art: Background sticky concurrent mark sweep GC freed 885116(13MB) AllocSpace objects, 0(0B) LOS objects, 7% free, 94MB/102MB, paused 7.232ms total 96.733ms
I/art: Background partial concurrent mark sweep GC freed 1942490(29MB) AllocSpace objects, 0(0B) LOS objects, 15% free, 85MB/101MB, paused 7.129ms total 205.761ms
I/art: Background sticky concurrent mark sweep GC freed 1155330(17MB) AllocSpace objects, 0(0B) LOS objects, 12% free, 88MB/101MB, paused 7.253ms total 100.533ms
I/art: Background partial concurrent mark sweep GC freed 1827289(27MB) AllocSpace objects, 0(0B) LOS objects, 15% free, 86MB/102MB, paused 8.676ms total 218.161ms
I/art: Background sticky concurrent mark sweep GC freed 1275865(19MB) AllocSpace objects, 0(0B) LOS objects, 11% free, 90MB/102MB, paused 6.662ms total 106.665ms
I/art: Background sticky concurrent mark sweep GC freed 875034(13MB) AllocSpace objects, 0(0B) LOS objects, 9% free, 92MB/102MB, paused 8.552ms total 91.275ms
I/art: Background partial concurrent mark sweep GC freed 2004529(30MB) AllocSpace objects, 0(0B) LOS objects, 15% free, 86MB/102MB, paused 9.258ms total 211.162ms
I/art: Background sticky concurrent mark sweep GC freed 1238098(18MB) AllocSpace objects, 0(0B) LOS objects, 13% free, 88MB/102MB, paused 7.640ms total 105.819ms
I/art: Background sticky concurrent mark sweep GC freed 908553(13MB) AllocSpace objects, 0(0B) LOS objects, 8% free, 93MB/102MB, paused 9.094ms total 102.812ms
I/art: Background partial concurrent mark sweep GC freed 1911929(29MB) AllocSpace objects, 0(0B) LOS objects, 15% free, 86MB/102MB, paused 7.191ms total 211.211ms
I/art: Background sticky concurrent mark sweep GC freed 1312782(20MB) AllocSpace objects, 0(0B) LOS objects, 12% free, 89MB/102MB, paused 6.242ms total 102.355ms
I/art: Background sticky concurrent mark sweep GC freed 949305(14MB) AllocSpace objects, 0(0B) LOS objects, 8% free, 94MB/102MB, paused 8.780ms total 94.722ms
I/art: Background partial concurrent mark sweep GC freed 1811216(27MB) AllocSpace objects, 0(0B) LOS objects, 16% free, 82MB/98MB, paused 5.180ms total 142.741ms
I/art: Background sticky concurrent mark sweep GC freed 1043292(15MB) AllocSpace objects, 0(0B) LOS objects, 11% free, 87MB/98MB, paused 5.257ms total 75.042ms
I/art: Background sticky concurrent mark sweep GC freed 712016(10MB) AllocSpace objects, 0(0B) LOS objects, 6% free, 92MB/98MB, paused 5.885ms total 75.935ms
I/art: Background partial concurrent mark sweep GC freed 1659185(25MB) AllocSpace objects, 0(0B) LOS objects, 15% free, 84MB/100MB, paused 4.833ms total 145.606ms
I/art: Background sticky concurrent mark sweep GC freed 836340(12MB) AllocSpace objects, 0(0B) LOS objects, 7% free, 93MB/100MB, paused 5.062ms total 72.242ms
I/art: Background sticky concurrent mark sweep GC freed 428613(6MB) AllocSpace objects, 0(0B) LOS objects, 3% free, 96MB/100MB, paused 5.316ms total 55.619ms
I/art: Background partial concurrent mark sweep GC freed 1666368(25MB) AllocSpace objects, 0(0B) LOS objects, 16% free, 82MB/98MB, paused 6.111ms total 137.872ms
I/art: Background sticky concurrent mark sweep GC freed 1012144(15MB) AllocSpace objects, 0(0B) LOS objects, 11% free, 87MB/98MB, paused 5.395ms total 73.210ms
I/art: Background sticky concurrent mark sweep GC freed 703994(10MB) AllocSpace objects, 0(0B) LOS objects, 5% free, 92MB/98MB, paused 6.088ms total 74.895ms
I/art: Background partial concurrent mark sweep GC freed 1627298(24MB) AllocSpace objects, 0(0B) LOS objects, 15% free, 84MB/100MB, paused 5.304ms total 147.383ms
I/art: Background sticky concurrent mark sweep GC freed 792719(12MB) AllocSpace objects, 0(0B) LOS objects, 6% free, 93MB/100MB, paused 5.906ms total 71.091ms
I/art: Background partial concurrent mark sweep GC freed 1702973(25MB) AllocSpace objects, 0(0B) LOS objects, 16% free, 83MB/99MB, paused 7.095ms total 189.018ms
I/art: Background sticky concurrent mark sweep GC freed 1102919(16MB) AllocSpace objects, 0(0B) LOS objects, 11% free, 88MB/99MB, paused 7.477ms total 98.485ms
I/art: Background partial concurrent mark sweep GC freed 1724647(26MB) AllocSpace objects, 0(0B) LOS objects, 15% free, 86MB/102MB, paused 8.156ms total 210.642ms
I/art: Background sticky concurrent mark sweep GC freed 1253838(19MB) AllocSpace objects, 0(0B) LOS objects, 11% free, 90MB/102MB, paused 6.802ms total 105.570ms
I/art: Background sticky concurrent mark sweep GC freed 875554(13MB) AllocSpace objects, 0(0B) LOS objects, 7% free, 94MB/102MB, paused 7.365ms total 96.045ms
I/art: Background partial concurrent mark sweep GC freed 1916440(29MB) AllocSpace objects, 0(0B) LOS objects, 15% free, 85MB/101MB, paused 7.452ms total 206.444ms
I/art: Background sticky concurrent mark sweep GC freed 1162383(17MB) AllocSpace objects, 0(0B) LOS objects, 12% free, 88MB/101MB, paused 7.380ms total 102.025ms
I/art: Background partial concurrent mark sweep GC freed 1849369(28MB) AllocSpace objects, 0(0B) LOS objects, 15% free, 87MB/103MB, paused 8.494ms total 219.959ms
I/art: Background sticky concurrent mark sweep GC freed 1301687(19MB) AllocSpace objects, 0(0B) LOS objects, 12% free, 90MB/103MB, paused 6.979ms total 110.519ms
I/art: Background sticky concurrent mark sweep GC freed 880638(13MB) AllocSpace objects, 0(0B) LOS objects, 9% free, 92MB/103MB, paused 8.570ms total 92.929ms
I/art: Background partial concurrent mark sweep GC freed 2054470(31MB) AllocSpace objects, 0(0B) LOS objects, 15% free, 86MB/102MB, paused 8.371ms total 214.724ms
I/art: Background sticky concurrent mark sweep GC freed 1235310(18MB) AllocSpace objects, 0(0B) LOS objects, 13% free, 89MB/102MB, paused 7.387ms total 107.979ms
I/art: Background sticky concurrent mark sweep GC freed 905852(13MB) AllocSpace objects, 0(0B) LOS objects, 7% free, 94MB/102MB, paused 8.854ms total 106.576ms
I/art: Background partial concurrent mark sweep GC freed 1940740(29MB) AllocSpace objects, 0(0B) LOS objects, 15% free, 86MB/102MB, paused 6.976ms total 213.700ms
I/art: Background sticky concurrent mark sweep GC freed 1293555(19MB) AllocSpace objects, 0(0B) LOS objects, 13% free, 88MB/102MB, paused 5.873ms total 102.193ms
I/art: Background sticky concurrent mark sweep GC freed 949181(14MB) AllocSpace objects, 0(0B) LOS objects, 8% free, 94MB/102MB, paused 6.517ms total 85.385ms
I/art: Background partial concurrent mark sweep GC freed 1805094(27MB) AllocSpace objects, 0(0B) LOS objects, 16% free, 82MB/98MB, paused 5.282ms total 142.068ms
I/art: Background sticky concurrent mark sweep GC freed 1035512(15MB) AllocSpace objects, 0(0B) LOS objects, 11% free, 87MB/98MB, paused 5.186ms total 72.879ms
I/art: Background sticky concurrent mark sweep GC freed 718240(10MB) AllocSpace objects, 0(0B) LOS objects, 6% free, 91MB/98MB, paused 6.274ms total 76.764ms
I/art: Background partial concurrent mark sweep GC freed 1632389(24MB) AllocSpace objects, 0(0B) LOS objects, 15% free, 84MB/100MB, paused 4.858ms total 145.556ms
I/art: Background sticky concurrent mark sweep GC freed 400311(6MB) AllocSpace objects, 0(0B) LOS objects, 3% free, 97MB/100MB, paused 5.399ms total 56.564ms
I/art: Background partial concurrent mark sweep GC freed 1634743(24MB) AllocSpace objects, 0(0B) LOS objects, 16% free, 82MB/98MB, paused 6.104ms total 137.251ms
I/art: Background sticky concurrent mark sweep GC freed 996177(15MB) AllocSpace objects, 0(0B) LOS objects, 10% free, 87MB/98MB, paused 5.013ms total 72.075ms
I/art: Background sticky concurrent mark sweep GC freed 677880(10MB) AllocSpace objects, 0(0B) LOS objects, 5% free, 92MB/98MB, paused 6.144ms total 72.737ms
I/art: Background partial concurrent mark sweep GC freed 1605185(24MB) AllocSpace objects, 0(0B) LOS objects, 15% free, 84MB/100MB, paused 5.448ms total 147.010ms
I/art: Background sticky concurrent mark sweep GC freed 801184(12MB) AllocSpace objects, 0(0B) LOS objects, 7% free, 93MB/100MB, paused 5.760ms total 69.675ms
I/art: Background sticky concurrent mark sweep GC freed 448292(6MB) AllocSpace objects, 0(0B) LOS objects, 3% free, 97MB/100MB, paused 7.086ms total 72.905ms
I/art: Background partial concurrent mark sweep GC freed 1700500(25MB) AllocSpace objects, 0(0B) LOS objects, 16% free, 83MB/99MB, paused 7.993ms total 182.780ms
I/art: Background sticky concurrent mark sweep GC freed 1070398(16MB) AllocSpace objects, 0(0B) LOS objects, 11% free, 88MB/99MB, paused 7.997ms total 99.151ms
I/art: Background partial concurrent mark sweep GC freed 1728998(26MB) AllocSpace objects, 0(0B) LOS objects, 15% free, 86MB/102MB, paused 6.800ms total 207.460ms
I/art: Background sticky concurrent mark sweep GC freed 1276707(19MB) AllocSpace objects, 0(0B) LOS objects, 11% free, 90MB/102MB, paused 6.625ms total 105.759ms
I/art: Background sticky concurrent mark sweep GC freed 894117(13MB) AllocSpace objects, 0(0B) LOS objects, 7% free, 94MB/102MB, paused 7.112ms total 88.919ms
I/art: Background partial concurrent mark sweep GC freed 1906688(29MB) AllocSpace objects, 0(0B) LOS objects, 15% free, 84MB/100MB, paused 7.250ms total 202.499ms
I/art: Background sticky concurrent mark sweep GC freed 1118819(17MB) AllocSpace objects, 0(0B) LOS objects, 12% free, 87MB/100MB, paused 7.272ms total 99.295ms
I/art: Background partial concurrent mark sweep GC freed 1772695(27MB) AllocSpace objects, 0(0B) LOS objects, 15% free, 86MB/102MB, paused 8.546ms total 212.068ms
I/art: Background sticky concurrent mark sweep GC freed 1259836(19MB) AllocSpace objects, 0(0B) LOS objects, 12% free, 90MB/102MB, paused 6.404ms total 103.646ms
I/art: Background sticky concurrent mark sweep GC freed 900462(13MB) AllocSpace objects, 0(0B) LOS objects, 8% free, 94MB/102MB, paused 7.771ms total 98.498ms
I/art: Background partial concurrent mark sweep GC freed 1962061(29MB) AllocSpace objects, 0(0B) LOS objects, 15% free, 85MB/101MB, paused 7.043ms total 207.982ms
I/art: Background sticky concurrent mark sweep GC freed 1172482(17MB) AllocSpace objects, 0(0B) LOS objects, 12% free, 88MB/101MB, paused 7.389ms total 101.626ms
I/art: Background sticky concurrent mark sweep GC freed 836212(12MB) AllocSpace objects, 0(0B) LOS objects, 7% free, 93MB/101MB, paused 8.579ms total 98.994ms
I/art: Background partial concurrent mark sweep GC freed 1844893(28MB) AllocSpace objects, 0(0B) LOS objects, 15% free, 86MB/102MB, paused 7.481ms total 210.024ms
I/art: Background sticky concurrent mark sweep GC freed 1276046(19MB) AllocSpace objects, 0(0B) LOS objects, 11% free, 90MB/102MB, paused 6.395ms total 102.170ms
I/art: Background sticky concurrent mark sweep GC freed 912458(13MB) AllocSpace objects, 0(0B) LOS objects, 7% free, 94MB/102MB, paused 8.239ms total 89.349ms
I/art: Background partial concurrent mark sweep GC freed 1787504(27MB) AllocSpace objects, 0(0B) LOS objects, 16% free, 82MB/98MB, paused 4.984ms total 142.151ms
I/art: Background sticky concurrent mark sweep GC freed 1050500(16MB) AllocSpace objects, 0(0B) LOS objects, 11% free, 87MB/98MB, paused 5.692ms total 74.925ms
I/art: Background sticky concurrent mark sweep GC freed 709714(10MB) AllocSpace objects, 0(0B) LOS objects, 6% free, 92MB/98MB, paused 5.876ms total 72.581ms
I/art: Background partial concurrent mark sweep GC freed 1638865(25MB) AllocSpace objects, 0(0B) LOS objects, 15% free, 84MB/100MB, paused 5.516ms total 145.426ms
I/art: Background sticky concurrent mark sweep GC freed 436524(6MB) AllocSpace objects, 0(0B) LOS objects, 2% free, 97MB/100MB, paused 5.304ms total 59.783ms
I/art: Background partial concurrent mark sweep GC freed 1642209(25MB) AllocSpace objects, 0(0B) LOS objects, 16% free, 81MB/97MB, paused 5.545ms total 130.477ms
I/art: Background sticky concurrent mark sweep GC freed 993762(15MB) AllocSpace objects, 0(0B) LOS objects, 10% free, 87MB/97MB, paused 5.513ms total 79.427ms
I/art: Background sticky concurrent mark sweep GC freed 670541(10MB) AllocSpace objects, 0(0B) LOS objects, 5% free, 92MB/97MB, paused 8.425ms total 94.449ms
I/art: Background partial concurrent mark sweep GC freed 1631077(24MB) AllocSpace objects, 0(0B) LOS objects, 15% free, 85MB/101MB, paused 7.880ms total 202.580ms
I/art: Background sticky concurrent mark sweep GC freed 1243334(18MB) AllocSpace objects, 0(0B) LOS objects, 11% free, 90MB/101MB, paused 6.325ms total 100.455ms
I/art: Background sticky concurrent mark sweep GC freed 859009(13MB) AllocSpace objects, 0(0B) LOS objects, 7% free, 94MB/101MB, paused 8.058ms total 91.190ms
I/art: Background partial concurrent mark sweep GC freed 1804171(27MB) AllocSpace objects, 0(0B) LOS objects, 16% free, 83MB/99MB, paused 7.341ms total 194.679ms
I/art: Background sticky concurrent mark sweep GC freed 1108366(16MB) AllocSpace objects, 0(0B) LOS objects, 11% free, 88MB/99MB, paused 7.870ms total 100.586ms
I/art: Background partial concurrent mark sweep GC freed 1761012(26MB) AllocSpace objects, 0(0B) LOS objects, 15% free, 86MB/102MB, paused 8.937ms total 211.820ms
I/art: Background sticky concurrent mark sweep GC freed 1259265(19MB) AllocSpace objects, 0(0B) LOS objects, 11% free, 90MB/102MB, paused 6.643ms total 100.547ms
I/art: Background sticky concurrent mark sweep GC freed 865186(13MB) AllocSpace objects, 0(0B) LOS objects, 7% free, 94MB/102MB, paused 6.965ms total 94.353ms
I/art: Background partial concurrent mark sweep GC freed 1951211(29MB) AllocSpace objects, 0(0B) LOS objects, 15% free, 85MB/101MB, paused 7.415ms total 206.715ms
I/art: Background sticky concurrent mark sweep GC freed 1176913(17MB) AllocSpace objects, 0(0B) LOS objects, 12% free, 89MB/101MB, paused 7.323ms total 101.645ms
I/art: Background sticky concurrent mark sweep GC freed 821678(12MB) AllocSpace objects, 0(0B) LOS objects, 7% free, 94MB/101MB, paused 8.794ms total 102.694ms
I/art: Background partial concurrent mark sweep GC freed 1868839(28MB) AllocSpace objects, 0(0B) LOS objects, 15% free, 86MB/102MB, paused 7.466ms total 211.341ms
I/art: Background sticky concurrent mark sweep GC freed 1300682(19MB) AllocSpace objects, 0(0B) LOS objects, 12% free, 89MB/102MB, paused 6.209ms total 101.185ms
I/art: Background sticky concurrent mark sweep GC freed 941235(14MB) AllocSpace objects, 0(0B) LOS objects, 7% free, 94MB/102MB, paused 8.737ms total 99.847ms
I/art: Background partial concurrent mark sweep GC freed 1837866(28MB) AllocSpace objects, 0(0B) LOS objects, 16% free, 83MB/99MB, paused 7.924ms total 199.007ms
I/art: Background sticky concurrent mark sweep GC freed 1118442(17MB) AllocSpace objects, 0(0B) LOS objects, 11% free, 88MB/99MB, paused 7.760ms total 101.062ms
I/art: Background partial concurrent mark sweep GC freed 1771644(27MB) AllocSpace objects, 0(0B) LOS objects, 15% free, 86MB/102MB, paused 7.726ms total 207.204ms
I/art: Background sticky concurrent mark sweep GC freed 1297119(19MB) AllocSpace objects, 0(0B) LOS objects, 12% free, 90MB/102MB, paused 6.562ms total 106.122ms
I/art: Background sticky concurrent mark sweep GC freed 937505(14MB) AllocSpace objects, 0(0B) LOS objects, 7% free, 94MB/102MB, paused 7.643ms total 92.161ms
I/art: Background partial concurrent mark sweep GC freed 1852640(28MB) AllocSpace objects, 0(0B) LOS objects, 16% free, 82MB/98MB, paused 5.024ms total 144.794ms
I/art: Background sticky concurrent mark sweep GC freed 734633(11MB) AllocSpace objects, 0(0B) LOS objects, 7% free, 92MB/98MB, paused 5.911ms total 74.286ms
I/art: Background partial concurrent mark sweep GC freed 1646909(25MB) AllocSpace objects, 0(0B) LOS objects, 15% free, 84MB/100MB, paused 5.145ms total 145.171ms
I/art: Background sticky concurrent mark sweep GC freed 428529(6MB) AllocSpace objects, 0(0B) LOS objects, 2% free, 97MB/100MB, paused 5.446ms total 61.619ms
I/art: Background partial concurrent mark sweep GC freed 1654691(25MB) AllocSpace objects, 0(0B) LOS objects, 16% free, 81MB/97MB, paused 5.579ms total 130.103ms
I/art: Background sticky concurrent mark sweep GC freed 687067(10MB) AllocSpace objects, 0(0B) LOS objects, 5% free, 92MB/97MB, paused 9.615ms total 93.240ms
I/art: Background partial concurrent mark sweep GC freed 1633027(24MB) AllocSpace objects, 0(0B) LOS objects, 15% free, 85MB/101MB, paused 7.310ms total 198.108ms
I/art: Background sticky concurrent mark sweep GC freed 1204904(18MB) AllocSpace objects, 0(0B) LOS objects, 11% free, 90MB/101MB, paused 7.061ms total 99.613ms
I/art: Background sticky concurrent mark sweep GC freed 817115(12MB) AllocSpace objects, 0(0B) LOS objects, 7% free, 94MB/101MB, paused 6.564ms total 84.293ms
I/art: Background partial concurrent mark sweep GC freed 1889264(28MB) AllocSpace objects, 0(0B) LOS objects, 15% free, 84MB/100MB, paused 7.568ms total 199.118ms
I/art: Background sticky concurrent mark sweep GC freed 1125524(17MB) AllocSpace objects, 0(0B) LOS objects, 12% free, 88MB/100MB, paused 7.390ms total 99.426ms
I/art: Background sticky concurrent mark sweep GC freed 785543(11MB) AllocSpace objects, 0(0B) LOS objects, 7% free, 93MB/100MB, paused 8.581ms total 100.308ms
I/art: Background partial concurrent mark sweep GC freed 1771142(27MB) AllocSpace objects, 0(0B) LOS objects, 15% free, 86MB/102MB, paused 7.749ms total 207.014ms
I/art: Background sticky concurrent mark sweep GC freed 1270999(19MB) AllocSpace objects, 0(0B) LOS objects, 12% free, 89MB/102MB, paused 6.376ms total 102.741ms
I/art: Background sticky concurrent mark sweep GC freed 896214(13MB) AllocSpace objects, 0(0B) LOS objects, 7% free, 94MB/102MB, paused 8.214ms total 97.011ms
I/art: Background partial concurrent mark sweep GC freed 1817939(27MB) AllocSpace objects, 0(0B) LOS objects, 16% free, 83MB/99MB, paused 7.292ms total 200.422ms
I/art: Background sticky concurrent mark sweep GC freed 1111343(16MB) AllocSpace objects, 0(0B) LOS objects, 11% free, 88MB/99MB, paused 7.535ms total 101.636ms
I/art: Background partial concurrent mark sweep GC freed 1739799(26MB) AllocSpace objects, 0(0B) LOS objects, 15% free, 86MB/102MB, paused 7.908ms total 209.180ms
I/art: Background sticky concurrent mark sweep GC freed 1242644(18MB) AllocSpace objects, 0(0B) LOS objects, 11% free, 90MB/102MB, paused 6.699ms total 105.391ms
I/art: Background sticky concurrent mark sweep GC freed 859530(13MB) AllocSpace objects, 0(0B) LOS objects, 7% free, 94MB/102MB, paused 6.510ms total 90.850ms
I/art: Background partial concurrent mark sweep GC freed 1959164(29MB) AllocSpace objects, 0(0B) LOS objects, 15% free, 85MB/101MB, paused 7.166ms total 201.195ms
I/art: Background sticky concurrent mark sweep GC freed 1194182(18MB) AllocSpace objects, 0(0B) LOS objects, 12% free, 88MB/101MB, paused 7.590ms total 103.017ms
I/art: Background sticky concurrent mark sweep GC freed 843948(12MB) AllocSpace objects, 0(0B) LOS objects, 7% free, 93MB/101MB, paused 9.031ms total 102.493ms
I/art: Background partial concurrent mark sweep GC freed 1842145(28MB) AllocSpace objects, 0(0B) LOS objects, 15% free, 86MB/102MB, paused 6.811ms total 209.755ms
I/art: Background sticky concurrent mark sweep GC freed 1289728(19MB) AllocSpace objects, 0(0B) LOS objects, 13% free, 88MB/102MB, paused 6.104ms total 103.049ms
I/art: Background sticky concurrent mark sweep GC freed 944910(14MB) AllocSpace objects, 0(0B) LOS objects, 8% free, 94MB/102MB, paused 5.618ms total 73.885ms
I/art: Background partial concurrent mark sweep GC freed 1806114(27MB) AllocSpace objects, 0(0B) LOS objects, 16% free, 82MB/98MB, paused 5.762ms total 136.158ms
I/art: Background sticky concurrent mark sweep GC freed 1038121(15MB) AllocSpace objects, 0(0B) LOS objects, 11% free, 87MB/98MB, paused 5.761ms total 76.139ms
I/art: Background sticky concurrent mark sweep GC freed 705101(10MB) AllocSpace objects, 0(0B) LOS objects, 6% free, 92MB/98MB, paused 5.978ms total 73.277ms
I/art: Background partial concurrent mark sweep GC freed 1647734(25MB) AllocSpace objects, 0(0B) LOS objects, 15% free, 84MB/100MB, paused 4.806ms total 139.141ms
I/art: Background sticky concurrent mark sweep GC freed 1138266(17MB) AllocSpace objects, 0(0B) LOS objects, 11% free, 89MB/100MB, paused 5.362ms total 76.926ms
I/art: Background sticky concurrent mark sweep GC freed 732617(11MB) AllocSpace objects, 0(0B) LOS objects, 6% free, 94MB/100MB, paused 5.117ms total 68.417ms
I/art: Background partial concurrent mark sweep GC freed 1617158(24MB) AllocSpace objects, 0(0B) LOS objects, 16% free, 82MB/98MB, paused 5.505ms total 135.086ms
I/art: Background sticky concurrent mark sweep GC freed 1015262(15MB) AllocSpace objects, 0(0B) LOS objects, 10% free, 87MB/98MB, paused 7.894ms total 96.180ms
I/art: Background partial concurrent mark sweep GC freed 1659663(25MB) AllocSpace objects, 0(0B) LOS objects, 15% free, 85MB/101MB, paused 8.915ms total 207.349ms
I/art: Background sticky concurrent mark sweep GC freed 1223774(18MB) AllocSpace objects, 0(0B) LOS objects, 11% free, 90MB/101MB, paused 6.598ms total 102.797ms
I/art: Background sticky concurrent mark sweep GC freed 828143(12MB) AllocSpace objects, 0(0B) LOS objects, 7% free, 94MB/101MB, paused 6.278ms total 89.790ms
I/art: Background partial concurrent mark sweep GC freed 1923950(29MB) AllocSpace objects, 0(0B) LOS objects, 15% free, 84MB/100MB, paused 7.335ms total 203.118ms
I/art: Background sticky concurrent mark sweep GC freed 1144968(17MB) AllocSpace objects, 0(0B) LOS objects, 12% free, 88MB/100MB, paused 7.354ms total 102.739ms
I/art: Background sticky concurrent mark sweep GC freed 810673(12MB) AllocSpace objects, 0(0B) LOS objects, 7% free, 93MB/100MB, paused 8.779ms total 101.257ms
I/art: Background partial concurrent mark sweep GC freed 1820748(27MB) AllocSpace objects, 0(0B) LOS objects, 15% free, 86MB/102MB, paused 7.505ms total 206.754ms
I/art: Background sticky concurrent mark sweep GC freed 1277410(19MB) AllocSpace objects, 0(0B) LOS objects, 12% free, 90MB/102MB, paused 6.360ms total 100.427ms
I/art: Background sticky concurrent mark sweep GC freed 918434(14MB) AllocSpace objects, 0(0B) LOS objects, 7% free, 94MB/102MB, paused 8.277ms total 96.587ms
I/art: Background partial concurrent mark sweep GC freed 1829041(27MB) AllocSpace objects, 0(0B) LOS objects, 15% free, 84MB/100MB, paused 7.674ms total 203.008ms
I/art: Background sticky concurrent mark sweep GC freed 1131666(17MB) AllocSpace objects, 0(0B) LOS objects, 11% free, 88MB/100MB, paused 7.789ms total 101.045ms
I/art: Background sticky concurrent mark sweep GC freed 788987(12MB) AllocSpace objects, 0(0B) LOS objects, 6% free, 93MB/100MB, paused 8.759ms total 103.994ms
I/art: Background partial concurrent mark sweep GC freed 1784750(27MB) AllocSpace objects, 0(0B) LOS objects, 15% free, 86MB/102MB, paused 6.919ms total 204.316ms
I/art: Background sticky concurrent mark sweep GC freed 1254158(19MB) AllocSpace objects, 0(0B) LOS objects, 14% free, 87MB/102MB, paused 5.989ms total 100.331ms
I/art: Background sticky concurrent mark sweep GC freed 917707(14MB) AllocSpace objects, 0(0B) LOS objects, 7% free, 94MB/102MB, paused 8.134ms total 92.910ms
I/art: Background partial concurrent mark sweep GC freed 1790401(27MB) AllocSpace objects, 0(0B) LOS objects, 15% free, 84MB/100MB, paused 7.359ms total 199.436ms
I/art: Background sticky concurrent mark sweep GC freed 1147854(17MB) AllocSpace objects, 0(0B) LOS objects, 11% free, 88MB/100MB, paused 8.460ms total 103.363ms
I/art: Background sticky concurrent mark sweep GC freed 781869(11MB) AllocSpace objects, 0(0B) LOS objects, 6% free, 93MB/100MB, paused 7.328ms total 99.501ms
I/art: Background partial concurrent mark sweep GC freed 1766465(26MB) AllocSpace objects, 0(0B) LOS objects, 15% free, 86MB/102MB, paused 6.620ms total 197.730ms
I/art: Background sticky concurrent mark sweep GC freed 1246053(19MB) AllocSpace objects, 0(0B) LOS objects, 11% free, 89MB/102MB, paused 5.005ms total 79.398ms
I/art: Background sticky concurrent mark sweep GC freed 879802(13MB) AllocSpace objects, 0(0B) LOS objects, 9% free, 92MB/102MB, paused 5.188ms total 70.706ms
I/art: Background sticky concurrent mark sweep GC freed 501777(7MB) AllocSpace objects, 0(0B) LOS objects, 4% free, 97MB/102MB, paused 5.366ms total 63.459ms
I/art: Background partial concurrent mark sweep GC freed 1781234(27MB) AllocSpace objects, 0(0B) LOS objects, 16% free, 83MB/99MB, paused 5.664ms total 136.486ms
I/art: Background sticky concurrent mark sweep GC freed 1083210(16MB) AllocSpace objects, 0(0B) LOS objects, 11% free, 88MB/99MB, paused 5.385ms total 79.260ms
I/art: Background partial concurrent mark sweep GC freed 1684517(25MB) AllocSpace objects, 0(0B) LOS objects, 15% free, 84MB/100MB, paused 4.847ms total 140.770ms
I/art: Background sticky concurrent mark sweep GC freed 1179942(18MB) AllocSpace objects, 0(0B) LOS objects, 11% free, 89MB/100MB, paused 5.116ms total 76.559ms
I/art: Background sticky concurrent mark sweep GC freed 756667(11MB) AllocSpace objects, 0(0B) LOS objects, 8% free, 92MB/100MB, paused 5.805ms total 70.187ms
I/art: Background partial concurrent mark sweep GC freed 1732132(26MB) AllocSpace objects, 0(0B) LOS objects, 15% free, 84MB/100MB, paused 7.960ms total 196.659ms
I/art: Background sticky concurrent mark sweep GC freed 1169493(17MB) AllocSpace objects, 0(0B) LOS objects, 10% free, 89MB/100MB, paused 9.389ms total 114.088ms
I/art: Background partial concurrent mark sweep GC freed 1811713(27MB) AllocSpace objects, 0(0B) LOS objects, 15% free, 86MB/102MB, paused 6.538ms total 204.633ms
I/art: Background sticky concurrent mark sweep GC freed 1273181(19MB) AllocSpace objects, 0(0B) LOS objects, 11% free, 90MB/102MB, paused 8.111ms total 113.899ms
I/art: Background sticky concurrent mark sweep GC freed 865832(13MB) AllocSpace objects, 0(0B) LOS objects, 7% free, 94MB/102MB, paused 7.598ms total 90.917ms
I/art: Background partial concurrent mark sweep GC freed 1821198(27MB) AllocSpace objects, 0(0B) LOS objects, 15% free, 84MB/100MB, paused 7.539ms total 200.316ms
I/art: Background sticky concurrent mark sweep GC freed 1142272(17MB) AllocSpace objects, 0(0B) LOS objects, 11% free, 88MB/100MB, paused 8.410ms total 105.165ms
I/art: Background partial concurrent mark sweep GC freed 1783984(27MB) AllocSpace objects, 0(0B) LOS objects, 15% free, 86MB/102MB, paused 6.817ms total 207.677ms
I/art: Background sticky concurrent mark sweep GC freed 1300684(19MB) AllocSpace objects, 0(0B) LOS objects, 13% free, 88MB/102MB, paused 6.600ms total 105.508ms
I/art: Background sticky concurrent mark sweep GC freed 957944(14MB) AllocSpace objects, 0(0B) LOS objects, 7% free, 95MB/102MB, paused 8.611ms total 100.242ms
I/art: Background partial concurrent mark sweep GC freed 1849681(28MB) AllocSpace objects, 0(0B) LOS objects, 15% free, 84MB/100MB, paused 7.258ms total 198.987ms
I/art: Background sticky concurrent mark sweep GC freed 1149991(17MB) AllocSpace objects, 0(0B) LOS objects, 11% free, 88MB/100MB, paused 8.283ms total 103.514ms
I/art: Background sticky concurrent mark sweep GC freed 794814(12MB) AllocSpace objects, 0(0B) LOS objects, 6% free, 93MB/100MB, paused 8.401ms total 99.666ms
I/art: Background partial concurrent mark sweep GC freed 1768932(26MB) AllocSpace objects, 0(0B) LOS objects, 15% free, 85MB/101MB, paused 6.689ms total 199.688ms
I/art: Background sticky concurrent mark sweep GC freed 1241327(18MB) AllocSpace objects, 0(0B) LOS objects, 10% free, 90MB/101MB, paused 8.174ms total 110.211ms
I/art: Background sticky concurrent mark sweep GC freed 805888(12MB) AllocSpace objects, 0(0B) LOS objects, 6% free, 94MB/101MB, paused 7.536ms total 93.236ms
I/art: Background partial concurrent mark sweep GC freed 1775422(27MB) AllocSpace objects, 0(0B) LOS objects, 16% free, 83MB/99MB, paused 7.497ms total 198.035ms
I/art: Background sticky concurrent mark sweep GC freed 1120573(17MB) AllocSpace objects, 0(0B) LOS objects, 11% free, 88MB/99MB, paused 8.472ms total 104.330ms
I/art: Background partial concurrent mark sweep GC freed 1762549(26MB) AllocSpace objects, 0(0B) LOS objects, 15% free, 86MB/102MB, paused 7.474ms total 207.245ms
I/art: Background sticky concurrent mark sweep GC freed 923893(14MB) AllocSpace objects, 0(0B) LOS objects, 7% free, 94MB/102MB, paused 5.358ms total 74.490ms
I/art: Background sticky concurrent mark sweep GC freed 489224(7MB) AllocSpace objects, 0(0B) LOS objects, 4% free, 97MB/102MB, paused 5.136ms total 60.637ms
I/art: Background partial concurrent mark sweep GC freed 1789717(27MB) AllocSpace objects, 0(0B) LOS objects, 16% free, 82MB/98MB, paused 5.666ms total 139.683ms
I/art: Background sticky concurrent mark sweep GC freed 1037293(15MB) AllocSpace objects, 0(0B) LOS objects, 11% free, 87MB/98MB, paused 5.563ms total 75.591ms
I/art: Background sticky concurrent mark sweep GC freed 712039(10MB) AllocSpace objects, 0(0B) LOS objects, 6% free, 92MB/98MB, paused 6.011ms total 72.780ms
I/art: Background partial concurrent mark sweep GC freed 1648291(25MB) AllocSpace objects, 0(0B) LOS objects, 15% free, 84MB/100MB, paused 5.890ms total 145.828ms
I/art: Background sticky concurrent mark sweep GC freed 840194(12MB) AllocSpace objects, 0(0B) LOS objects, 7% free, 93MB/100MB, paused 5.104ms total 72.097ms
I/art: Background sticky concurrent mark sweep GC freed 402444(6MB) AllocSpace objects, 0(0B) LOS objects, 3% free, 96MB/100MB, paused 5.202ms total 54.985ms
I/art: Background partial concurrent mark sweep GC freed 1709003(26MB) AllocSpace objects, 0(0B) LOS objects, 16% free, 83MB/99MB, paused 8.032ms total 184.466ms
I/art: Background sticky concurrent mark sweep GC freed 1089766(16MB) AllocSpace objects, 0(0B) LOS objects, 11% free, 88MB/99MB, paused 8.071ms total 101.245ms
I/art: Background partial concurrent mark sweep GC freed 1746233(26MB) AllocSpace objects, 0(0B) LOS objects, 15% free, 86MB/102MB, paused 7.091ms total 210.311ms
I/art: Background sticky concurrent mark sweep GC freed 1278886(19MB) AllocSpace objects, 0(0B) LOS objects, 12% free, 89MB/102MB, paused 7.084ms total 104.186ms
I/art: Background sticky concurrent mark sweep GC freed 930525(14MB) AllocSpace objects, 0(0B) LOS objects, 7% free, 94MB/102MB, paused 8.674ms total 96.866ms
I/art: Background partial concurrent mark sweep GC freed 1813694(27MB) AllocSpace objects, 0(0B) LOS objects, 16% free, 83MB/99MB, paused 7.393ms total 201.374ms
I/art: Background sticky concurrent mark sweep GC freed 1111453(16MB) AllocSpace objects, 0(0B) LOS objects, 11% free, 88MB/99MB, paused 7.946ms total 103.789ms
I/art: Background partial concurrent mark sweep GC freed 1748116(26MB) AllocSpace objects, 0(0B) LOS objects, 15% free, 86MB/102MB, paused 7.266ms total 209.396ms
I/art: Background sticky concurrent mark sweep GC freed 1281396(19MB) AllocSpace objects, 0(0B) LOS objects, 11% free, 90MB/102MB, paused 6.733ms total 107.518ms
I/art: Background sticky concurrent mark sweep GC freed 877315(13MB) AllocSpace objects, 0(0B) LOS objects, 7% free, 95MB/102MB, paused 6.794ms total 89.025ms
I/art: Background partial concurrent mark sweep GC freed 1926562(29MB) AllocSpace objects, 0(0B) LOS objects, 16% free, 83MB/99MB, paused 6.735ms total 202.213ms
I/art: Background sticky concurrent mark sweep GC freed 1122506(17MB) AllocSpace objects, 0(0B) LOS objects, 11% free, 88MB/99MB, paused 7.600ms total 101.577ms
I/art: Background sticky concurrent mark sweep GC freed 780198(11MB) AllocSpace objects, 0(0B) LOS objects, 6% free, 92MB/99MB, paused 8.721ms total 100.385ms
I/art: Background partial concurrent mark sweep GC freed 1747915(26MB) AllocSpace objects, 0(0B) LOS objects, 15% free, 86MB/102MB, paused 6.914ms total 203.287ms
I/art: Background sticky concurrent mark sweep GC freed 1257408(19MB) AllocSpace objects, 0(0B) LOS objects, 12% free, 89MB/102MB, paused 6.300ms total 101.563ms
I/art: Background sticky concurrent mark sweep GC freed 911211(13MB) AllocSpace objects, 0(0B) LOS objects, 7% free, 94MB/102MB, paused 8.399ms total 94.994ms
I/art: Background partial concurrent mark sweep GC freed 1806432(27MB) AllocSpace objects, 0(0B) LOS objects, 15% free, 84MB/100MB, paused 7.551ms total 200.019ms
I/art: Background sticky concurrent mark sweep GC freed 1122299(17MB) AllocSpace objects, 0(0B) LOS objects, 11% free, 88MB/100MB, paused 7.631ms total 102.896ms
I/art: Background sticky concurrent mark sweep GC freed 774974(11MB) AllocSpace objects, 0(0B) LOS objects, 6% free, 93MB/100MB, paused 8.301ms total 101.519ms
I/art: Background partial concurrent mark sweep GC freed 1752071(26MB) AllocSpace objects, 0(0B) LOS objects, 15% free, 85MB/101MB, paused 5.651ms total 177.549ms
I/art: Background sticky concurrent mark sweep GC freed 853557(13MB) AllocSpace objects, 0(0B) LOS objects, 7% free, 93MB/101MB, paused 5.818ms total 73.895ms
I/art: Background sticky concurrent mark sweep GC freed 444136(6MB) AllocSpace objects, 0(0B) LOS objects, 4% free, 96MB/101MB, paused 5.075ms total 59.370ms
I/art: Background partial concurrent mark sweep GC freed 1689442(25MB) AllocSpace objects, 0(0B) LOS objects, 16% free, 82MB/98MB, paused 6.106ms total 134.897ms
I/art: Background sticky concurrent mark sweep GC freed 1019734(15MB) AllocSpace objects, 0(0B) LOS objects, 10% free, 87MB/98MB, paused 5.640ms total 76.398ms
I/art: Background sticky concurrent mark sweep GC freed 670376(10MB) AllocSpace objects, 0(0B) LOS objects, 5% free, 92MB/98MB, paused 6.212ms total 74.652ms
I/art: Background partial concurrent mark sweep GC freed 1611790(24MB) AllocSpace objects, 0(0B) LOS objects, 15% free, 84MB/100MB, paused 5.530ms total 140.629ms
I/art: Background sticky concurrent mark sweep GC freed 840572(12MB) AllocSpace objects, 0(0B) LOS objects, 6% free, 93MB/100MB, paused 8.672ms total 90.236ms
I/art: Background partial concurrent mark sweep GC freed 1685996(25MB) AllocSpace objects, 0(0B) LOS objects, 16% free, 83MB/99MB, paused 7.415ms total 190.783ms
I/art: Background sticky concurrent mark sweep GC freed 1081311(16MB) AllocSpace objects, 0(0B) LOS objects, 11% free, 88MB/99MB, paused 7.772ms total 100.830ms
I/art: Background partial concurrent mark sweep GC freed 1712265(26MB) AllocSpace objects, 0(0B) LOS objects, 15% free, 86MB/102MB, paused 7.733ms total 211.701ms
I/art: Background sticky concurrent mark sweep GC freed 1265447(19MB) AllocSpace objects, 0(0B) LOS objects, 11% free, 90MB/102MB, paused 6.818ms total 106.973ms
I/art: Background sticky concurrent mark sweep GC freed 859833(13MB) AllocSpace objects, 0(0B) LOS objects, 8% free, 94MB/102MB, paused 6.733ms total 87.238ms
I/art: Background partial concurrent mark sweep GC freed 1961563(29MB) AllocSpace objects, 0(0B) LOS objects, 15% free, 84MB/100MB, paused 7.479ms total 206.482ms
I/art: Background sticky concurrent mark sweep GC freed 1164073(17MB) AllocSpace objects, 0(0B) LOS objects, 12% free, 88MB/100MB, paused 7.545ms total 104.028ms
I/art: Background sticky concurrent mark sweep GC freed 825534(12MB) AllocSpace objects, 0(0B) LOS objects, 7% free, 93MB/100MB, paused 8.274ms total 100.824ms
I/art: Background partial concurrent mark sweep GC freed 1823760(27MB) AllocSpace objects, 0(0B) LOS objects, 15% free, 86MB/102MB, paused 7.006ms total 210.651ms
I/art: Background sticky concurrent mark sweep GC freed 1270788(19MB) AllocSpace objects, 0(0B) LOS objects, 13% free, 88MB/102MB, paused 6.077ms total 101.639ms
I/art: Background sticky concurrent mark sweep GC freed 920429(14MB) AllocSpace objects, 0(0B) LOS objects, 7% free, 94MB/102MB, paused 8.294ms total 96.550ms
I/art: Background partial concurrent mark sweep GC freed 1825816(27MB) AllocSpace objects, 0(0B) LOS objects, 16% free, 83MB/99MB, paused 7.304ms total 199.607ms
I/art: Background sticky concurrent mark sweep GC freed 1107743(16MB) AllocSpace objects, 0(0B) LOS objects, 11% free, 88MB/99MB, paused 7.779ms total 102.196ms
I/art: Background sticky concurrent mark sweep GC freed 758325(11MB) AllocSpace objects, 0(0B) LOS objects, 6% free, 93MB/99MB, paused 8.055ms total 98.883ms
I/art: Background partial concurrent mark sweep GC freed 1732628(26MB) AllocSpace objects, 0(0B) LOS objects, 15% free, 85MB/101MB, paused 6.924ms total 200.622ms
I/art: Background sticky concurrent mark sweep GC freed 1242516(18MB) AllocSpace objects, 0(0B) LOS objects, 14% free, 87MB/101MB, paused 5.897ms total 98.320ms
I/art: Background sticky concurrent mark sweep GC freed 894107(13MB) AllocSpace objects, 0(0B) LOS objects, 7% free, 94MB/101MB, paused 7.915ms total 94.086ms
I/art: Background partial concurrent mark sweep GC freed 1793807(27MB) AllocSpace objects, 0(0B) LOS objects, 15% free, 84MB/100MB, paused 7.570ms total 200.752ms
I/art: Background sticky concurrent mark sweep GC freed 1130696(17MB) AllocSpace objects, 0(0B) LOS objects, 11% free, 88MB/100MB, paused 9.008ms total 105.335ms
I/art: Background sticky concurrent mark sweep GC freed 767367(11MB) AllocSpace objects, 0(0B) LOS objects, 6% free, 93MB/100MB, paused 7.691ms total 99.487ms
I/art: Background partial concurrent mark sweep GC freed 1756750(26MB) AllocSpace objects, 0(0B) LOS objects, 15% free, 85MB/101MB, paused 6.707ms total 197.746ms
I/art: Background sticky concurrent mark sweep GC freed 1249880(19MB) AllocSpace objects, 0(0B) LOS objects, 10% free, 90MB/101MB, paused 7.615ms total 110.899ms
I/art: Background sticky concurrent mark sweep GC freed 844166(12MB) AllocSpace objects, 0(0B) LOS objects, 8% free, 93MB/101MB, paused 7.821ms total 91.872ms
I/art: Background partial concurrent mark sweep GC freed 1735424(26MB) AllocSpace objects, 0(0B) LOS objects, 16% free, 82MB/98MB, paused 5.279ms total 142.639ms
I/art: Background sticky concurrent mark sweep GC freed 1049412(16MB) AllocSpace objects, 0(0B) LOS objects, 11% free, 87MB/98MB, paused 5.711ms total 77.014ms
I/art: Background sticky concurrent mark sweep GC freed 701755(10MB) AllocSpace objects, 0(0B) LOS objects, 6% free, 92MB/98MB, paused 5.931ms total 75.251ms
I/art: Background partial concurrent mark sweep GC freed 1638113(24MB) AllocSpace objects, 0(0B) LOS objects, 15% free, 84MB/100MB, paused 4.976ms total 139.194ms
I/art: Background sticky concurrent mark sweep GC freed 859645(13MB) AllocSpace objects, 0(0B) LOS objects, 7% free, 92MB/100MB, paused 5.214ms total 71.018ms
I/art: Background sticky concurrent mark sweep GC freed 449074(6MB) AllocSpace objects, 0(0B) LOS objects, 4% free, 96MB/100MB, paused 5.096ms total 57.549ms
I/art: Background partial concurrent mark sweep GC freed 1658199(25MB) AllocSpace objects, 0(0B) LOS objects, 16% free, 82MB/98MB, paused 5.800ms total 132.090ms
I/art: Background sticky concurrent mark sweep GC freed 1015656(15MB) AllocSpace objects, 0(0B) LOS objects, 10% free, 88MB/98MB, paused 8.002ms total 94.674ms
I/art: Background sticky concurrent mark sweep GC freed 683319(10MB) AllocSpace objects, 0(0B) LOS objects, 5% free, 93MB/98MB, paused 8.588ms total 96.554ms
I/art: Background partial concurrent mark sweep GC freed 1664077(25MB) AllocSpace objects, 0(0B) LOS objects, 15% free, 85MB/101MB, paused 6.858ms total 194.447ms
I/art: Background sticky concurrent mark sweep GC freed 1192590(18MB) AllocSpace objects, 0(0B) LOS objects, 10% free, 90MB/101MB, paused 7.980ms total 108.927ms
I/art: Background sticky concurrent mark sweep GC freed 783348(11MB) AllocSpace objects, 0(0B) LOS objects, 6% free, 94MB/101MB, paused 8.200ms total 89.605ms
I/art: Background partial concurrent mark sweep GC freed 1724815(26MB) AllocSpace objects, 0(0B) LOS objects, 16% free, 83MB/99MB, paused 7.541ms total 192.855ms
I/art: Background sticky concurrent mark sweep GC freed 1096547(16MB) AllocSpace objects, 0(0B) LOS objects, 11% free, 88MB/99MB, paused 8.233ms total 101.410ms
I/art: Background sticky concurrent mark sweep GC freed 741948(11MB) AllocSpace objects, 0(0B) LOS objects, 6% free, 93MB/99MB, paused 8.151ms total 100.055ms
I/art: Background partial concurrent mark sweep GC freed 1724522(26MB) AllocSpace objects, 0(0B) LOS objects, 15% free, 85MB/101MB, paused 6.827ms total 198.070ms
I/art: Background sticky concurrent mark sweep GC freed 1236295(18MB) AllocSpace objects, 0(0B) LOS objects, 11% free, 90MB/101MB, paused 8.225ms total 109.742ms
I/art: Background sticky concurrent mark sweep GC freed 816174(12MB) AllocSpace objects, 0(0B) LOS objects, 7% free, 94MB/101MB, paused 8.232ms total 93.736ms
I/art: Background partial concurrent mark sweep GC freed 1764898(26MB) AllocSpace objects, 0(0B) LOS objects, 16% free, 83MB/99MB, paused 7.351ms total 196.044ms
I/art: Background sticky concurrent mark sweep GC freed 1122384(17MB) AllocSpace objects, 0(0B) LOS objects, 11% free, 88MB/99MB, paused 8.351ms total 104.889ms
I/art: Background sticky concurrent mark sweep GC freed 754877(11MB) AllocSpace objects, 0(0B) LOS objects, 6% free, 93MB/99MB, paused 7.659ms total 98.988ms
I/art: Background partial concurrent mark sweep GC freed 1750307(26MB) AllocSpace objects, 0(0B) LOS objects, 15% free, 85MB/101MB, paused 6.767ms total 201.433ms
I/art: Background sticky concurrent mark sweep GC freed 1255261(19MB) AllocSpace objects, 0(0B) LOS objects, 10% free, 91MB/101MB, paused 7.247ms total 109.147ms
I/art: Background sticky concurrent mark sweep GC freed 852430(13MB) AllocSpace objects, 0(0B) LOS objects, 8% free, 93MB/101MB, paused 7.383ms total 91.674ms
I/art: Background partial concurrent mark sweep GC freed 1793605(27MB) AllocSpace objects, 0(0B) LOS objects, 15% free, 84MB/100MB, paused 8.018ms total 199.578ms
I/art: Background sticky concurrent mark sweep GC freed 1138142(17MB) AllocSpace objects, 0(0B) LOS objects, 11% free, 88MB/100MB, paused 8.687ms total 105.584ms
I/art: Background sticky concurrent mark sweep GC freed 771286(11MB) AllocSpace objects, 0(0B) LOS objects, 6% free, 93MB/100MB, paused 7.348ms total 92.985ms
I/art: Background partial concurrent mark sweep GC freed 1763395(26MB) AllocSpace objects, 0(0B) LOS objects, 15% free, 86MB/102MB, paused 6.706ms total 197.316ms
I/art: Background sticky concurrent mark sweep GC freed 1258058(19MB) AllocSpace objects, 0(0B) LOS objects, 11% free, 90MB/102MB, paused 7.115ms total 102.936ms
I/art: Background sticky concurrent mark sweep GC freed 841199(12MB) AllocSpace objects, 0(0B) LOS objects, 9% free, 93MB/102MB, paused 6.646ms total 91.027ms
I/art: Background partial concurrent mark sweep GC freed 1833616(27MB) AllocSpace objects, 0(0B) LOS objects, 15% free, 84MB/100MB, paused 7.506ms total 201.774ms
I/art: Background sticky concurrent mark sweep GC freed 1184224(18MB) AllocSpace objects, 0(0B) LOS objects, 11% free, 89MB/100MB, paused 9.062ms total 115.377ms
I/art: Background partial concurrent mark sweep GC freed 1795445(27MB) AllocSpace objects, 0(0B) LOS objects, 15% free, 86MB/102MB, paused 6.505ms total 204.531ms
I/art: Background sticky concurrent mark sweep GC freed 1251375(19MB) AllocSpace objects, 0(0B) LOS objects, 14% free, 87MB/102MB, paused 8.749ms total 100.166ms
I/art: Background sticky concurrent mark sweep GC freed 971023(14MB) AllocSpace objects, 0(0B) LOS objects, 8% free, 93MB/102MB, paused 8.214ms total 96.327ms
I/art: Background partial concurrent mark sweep GC freed 1783957(27MB) AllocSpace objects, 0(0B) LOS objects, 16% free, 83MB/99MB, paused 5.439ms total 146.953ms
I/art: Background sticky concurrent mark sweep GC freed 1079795(16MB) AllocSpace objects, 0(0B) LOS objects, 10% free, 88MB/99MB, paused 5.880ms total 73.343ms
I/art: Background partial concurrent mark sweep GC freed 1680787(25MB) AllocSpace objects, 0(0B) LOS objects, 15% free, 84MB/100MB, paused 4.494ms total 141.428ms
I/art: Background sticky concurrent mark sweep GC freed 1113586(16MB) AllocSpace objects, 0(0B) LOS objects, 13% free, 86MB/100MB, paused 6.024ms total 74.301ms
I/art: Background sticky concurrent mark sweep GC freed 471902(7MB) AllocSpace objects, 0(0B) LOS objects, 4% free, 95MB/100MB, paused 5.343ms total 58.398ms
I/art: Background partial concurrent mark sweep GC freed 1669774(25MB) AllocSpace objects, 0(0B) LOS objects, 16% free, 82MB/98MB, paused 5.660ms total 134.190ms
I/art: Background sticky concurrent mark sweep GC freed 1039579(15MB) AllocSpace objects, 0(0B) LOS objects, 11% free, 87MB/98MB, paused 5.821ms total 77.811ms
I/art: Background sticky concurrent mark sweep GC freed 703185(10MB) AllocSpace objects, 0(0B) LOS objects, 5% free, 93MB/98MB, paused 7.750ms total 94.539ms
I/art: Background partial concurrent mark sweep GC freed 1662442(25MB) AllocSpace objects, 0(0B) LOS objects, 15% free, 85MB/101MB, paused 7.330ms total 191.726ms
I/art: Background sticky concurrent mark sweep GC freed 1205596(18MB) AllocSpace objects, 0(0B) LOS objects, 11% free, 90MB/101MB, paused 6.582ms total 100.290ms
I/art: Background sticky concurrent mark sweep GC freed 824658(12MB) AllocSpace objects, 0(0B) LOS objects, 8% free, 92MB/101MB, paused 7.572ms total 89.894ms
I/art: Background partial concurrent mark sweep GC freed 1763188(26MB) AllocSpace objects, 0(0B) LOS objects, 15% free, 84MB/100MB, paused 7.760ms total 196.231ms
I/art: Background sticky concurrent mark sweep GC freed 1142813(17MB) AllocSpace objects, 0(0B) LOS objects, 11% free, 88MB/100MB, paused 8.779ms total 107.499ms
I/art: Background sticky concurrent mark sweep GC freed 761117(11MB) AllocSpace objects, 0(0B) LOS objects, 6% free, 93MB/100MB, paused 7.046ms total 96.192ms
I/art: Background partial concurrent mark sweep GC freed 1772477(27MB) AllocSpace objects, 0(0B) LOS objects, 15% free, 86MB/102MB, paused 6.484ms total 195.444ms
I/art: Background sticky concurrent mark sweep GC freed 1250448(19MB) AllocSpace objects, 0(0B) LOS objects, 11% free, 90MB/102MB, paused 6.553ms total 101.741ms
I/art: Background sticky concurrent mark sweep GC freed 835767(12MB) AllocSpace objects, 0(0B) LOS objects, 8% free, 92MB/102MB, paused 7.220ms total 90.311ms
I/art: Background partial concurrent mark sweep GC freed 1825259(27MB) AllocSpace objects, 0(0B) LOS objects, 15% free, 84MB/100MB, paused 7.624ms total 201.742ms
I/art: Background sticky concurrent mark sweep GC freed 1197129(18MB) AllocSpace objects, 0(0B) LOS objects, 11% free, 89MB/100MB, paused 8.604ms total 115.835ms
I/art: Background partial concurrent mark sweep GC freed 1854712(28MB) AllocSpace objects, 0(0B) LOS objects, 15% free, 87MB/103MB, paused 6.409ms total 207.224ms
I/art: Background sticky concurrent mark sweep GC freed 1322022(20MB) AllocSpace objects, 0(0B) LOS objects, 10% free, 91MB/103MB, paused 7.700ms total 112.774ms
I/art: Background sticky concurrent mark sweep GC freed 908577(13MB) AllocSpace objects, 0(0B) LOS objects, 9% free, 93MB/103MB, paused 7.667ms total 94.099ms
I/art: Background partial concurrent mark sweep GC freed 1869849(28MB) AllocSpace objects, 0(0B) LOS objects, 15% free, 84MB/100MB, paused 7.737ms total 203.348ms
I/art: Background sticky concurrent mark sweep GC freed 1152507(17MB) AllocSpace objects, 0(0B) LOS objects, 11% free, 88MB/100MB, paused 8.487ms total 108.946ms
I/art: Background sticky concurrent mark sweep GC freed 778586(11MB) AllocSpace objects, 0(0B) LOS objects, 7% free, 93MB/100MB, paused 7.211ms total 95.063ms
I/art: Background partial concurrent mark sweep GC freed 1790853(27MB) AllocSpace objects, 0(0B) LOS objects, 15% free, 85MB/101MB, paused 6.493ms total 196.462ms
I/art: Background sticky concurrent mark sweep GC freed 1275640(19MB) AllocSpace objects, 0(0B) LOS objects, 10% free, 90MB/101MB, paused 7.081ms total 106.488ms
I/art: Background sticky concurrent mark sweep GC freed 827179(12MB) AllocSpace objects, 0(0B) LOS objects, 9% free, 92MB/101MB, paused 7.355ms total 91.318ms
I/art: Background partial concurrent mark sweep GC freed 1823210(27MB) AllocSpace objects, 0(0B) LOS objects, 15% free, 84MB/100MB, paused 7.528ms total 204.076ms
I/art: Background sticky concurrent mark sweep GC freed 1188931(18MB) AllocSpace objects, 0(0B) LOS objects, 11% free, 89MB/100MB, paused 9.313ms total 114.667ms
I/art: Background partial concurrent mark sweep GC freed 1830827(27MB) AllocSpace objects, 0(0B) LOS objects, 15% free, 86MB/102MB, paused 6.608ms total 205.596ms
I/art: Background sticky concurrent mark sweep GC freed 1304495(19MB) AllocSpace objects, 0(0B) LOS objects, 11% free, 91MB/102MB, paused 6.767ms total 108.781ms
I/art: Background sticky concurrent mark sweep GC freed 897995(13MB) AllocSpace objects, 0(0B) LOS objects, 9% free, 93MB/102MB, paused 7.209ms total 93.480ms
I/art: Background partial concurrent mark sweep GC freed 1840028(28MB) AllocSpace objects, 0(0B) LOS objects, 15% free, 84MB/100MB, paused 7.411ms total 203.722ms
I/art: Background sticky concurrent mark sweep GC freed 1192379(18MB) AllocSpace objects, 0(0B) LOS objects, 10% free, 89MB/100MB, paused 9.112ms total 113.470ms
I/art: Background partial concurrent mark sweep GC freed 1823159(27MB) AllocSpace objects, 0(0B) LOS objects, 15% free, 86MB/102MB, paused 6.687ms total 204.406ms
I/art: Background sticky concurrent mark sweep GC freed 1271995(19MB) AllocSpace objects, 0(0B) LOS objects, 14% free, 87MB/102MB, paused 5.273ms total 98.429ms
I/art: Background sticky concurrent mark sweep GC freed 977417(14MB) AllocSpace objects, 0(0B) LOS objects, 8% free, 94MB/102MB, paused 7.158ms total 98.987ms
I/art: Background partial concurrent mark sweep GC freed 1815893(27MB) AllocSpace objects, 0(0B) LOS objects, 15% free, 84MB/100MB, paused 7.832ms total 205.048ms
I/art: Background sticky concurrent mark sweep GC freed 1145855(17MB) AllocSpace objects, 0(0B) LOS objects, 11% free, 88MB/100MB, paused 5.970ms total 82.537ms
I/art: Background sticky concurrent mark sweep GC freed 776970(11MB) AllocSpace objects, 0(0B) LOS objects, 7% free, 93MB/100MB, paused 5.118ms total 73.456ms
I/art: Background partial concurrent mark sweep GC freed 1741492(26MB) AllocSpace objects, 0(0B) LOS objects, 15% free, 84MB/100MB, paused 5.078ms total 134.586ms
I/art: Background sticky concurrent mark sweep GC freed 757745(11MB) AllocSpace objects, 0(0B) LOS objects, 8% free, 91MB/100MB, paused 5.925ms total 65.958ms
I/art: Background sticky concurrent mark sweep GC freed 427996(6MB) AllocSpace objects, 0(0B) LOS objects, 3% free, 96MB/100MB, paused 5.991ms total 60.002ms
I/art: Background partial concurrent mark sweep GC freed 1680479(25MB) AllocSpace objects, 0(0B) LOS objects, 16% free, 83MB/99MB, paused 5.936ms total 135.073ms
I/art: Background partial concurrent mark sweep GC freed 1732181(26MB) AllocSpace objects, 0(0B) LOS objects, 16% free, 83MB/99MB, paused 6.483ms total 180.629ms
I/art: Background sticky concurrent mark sweep GC freed 1129862(17MB) AllocSpace objects, 0(0B) LOS objects, 10% free, 89MB/99MB, paused 7.132ms total 101.592ms
I/art: Background sticky concurrent mark sweep GC freed 723903(11MB) AllocSpace objects, 0(0B) LOS objects, 7% free, 92MB/99MB, paused 7.461ms total 82.227ms
I/art: Background partial concurrent mark sweep GC freed 1696302(25MB) AllocSpace objects, 0(0B) LOS objects, 15% free, 84MB/100MB, paused 8.190ms total 197.061ms
I/art: Background sticky concurrent mark sweep GC freed 1178346(17MB) AllocSpace objects, 0(0B) LOS objects, 11% free, 89MB/100MB, paused 8.616ms total 113.402ms
I/art: Background partial concurrent mark sweep GC freed 1819988(27MB) AllocSpace objects, 0(0B) LOS objects, 15% free, 86MB/102MB, paused 6.571ms total 207.545ms
I/art: Background sticky concurrent mark sweep GC freed 1313254(20MB) AllocSpace objects, 0(0B) LOS objects, 10% free, 91MB/102MB, paused 7.578ms total 103.891ms
I/art: Background sticky concurrent mark sweep GC freed 849699(12MB) AllocSpace objects, 0(0B) LOS objects, 9% free, 93MB/102MB, paused 7.285ms total 90.911ms
I/art: Background partial concurrent mark sweep GC freed 1891253(28MB) AllocSpace objects, 0(0B) LOS objects, 15% free, 85MB/101MB, paused 7.490ms total 203.850ms
I/art: Background sticky concurrent mark sweep GC freed 1222823(18MB) AllocSpace objects, 0(0B) LOS objects, 11% free, 89MB/101MB, paused 9.125ms total 118.977ms
I/art: Background partial concurrent mark sweep GC freed 1883599(28MB) AllocSpace objects, 0(0B) LOS objects, 15% free, 86MB/102MB, paused 6.640ms total 208.069ms
I/art: Background sticky concurrent mark sweep GC freed 1309166(19MB) AllocSpace objects, 0(0B) LOS objects, 11% free, 91MB/102MB, paused 7.316ms total 105.439ms
I/art: Background sticky concurrent mark sweep GC freed 896906(13MB) AllocSpace objects, 0(0B) LOS objects, 9% free, 92MB/102MB, paused 6.708ms total 92.135ms
I/art: Background partial concurrent mark sweep GC freed 1878976(28MB) AllocSpace objects, 0(0B) LOS objects, 15% free, 85MB/101MB, paused 7.259ms total 204.867ms
I/art: Background sticky concurrent mark sweep GC freed 1215357(18MB) AllocSpace objects, 0(0B) LOS objects, 11% free, 89MB/101MB, paused 9.184ms total 114.899ms
I/art: Background sticky concurrent mark sweep GC freed 793780(12MB) AllocSpace objects, 0(0B) LOS objects, 7% free, 93MB/101MB, paused 6.935ms total 92.886ms
I/art: Background partial concurrent mark sweep GC freed 1848447(28MB) AllocSpace objects, 0(0B) LOS objects, 15% free, 86MB/102MB, paused 6.186ms total 197.430ms
I/art: Background sticky concurrent mark sweep GC freed 1297669(19MB) AllocSpace objects, 0(0B) LOS objects, 11% free, 90MB/102MB, paused 7.578ms total 108.651ms
I/art: Background sticky concurrent mark sweep GC freed 856997(13MB) AllocSpace objects, 0(0B) LOS objects, 9% free, 92MB/102MB, paused 7.136ms total 91.379ms
I/art: Background partial concurrent mark sweep GC freed 1857684(28MB) AllocSpace objects, 0(0B) LOS objects, 15% free, 85MB/101MB, paused 8.037ms total 207.293ms
I/art: Background sticky concurrent mark sweep GC freed 1220338(18MB) AllocSpace objects, 0(0B) LOS objects, 11% free, 89MB/101MB, paused 8.128ms total 113.772ms
I/art: Background sticky concurrent mark sweep GC freed 818249(12MB) AllocSpace objects, 0(0B) LOS objects, 7% free, 94MB/101MB, paused 6.396ms total 91.891ms
I/art: Background partial concurrent mark sweep GC freed 1908722(29MB) AllocSpace objects, 0(0B) LOS objects, 15% free, 84MB/100MB, paused 5.665ms total 199.926ms
I/art: Background sticky concurrent mark sweep GC freed 1194034(18MB) AllocSpace objects, 0(0B) LOS objects, 12% free, 88MB/100MB, paused 8.199ms total 104.814ms
I/art: Background sticky concurrent mark sweep GC freed 759827(11MB) AllocSpace objects, 0(0B) LOS objects, 7% free, 92MB/100MB, paused 7.353ms total 89.467ms
I/art: Background partial concurrent mark sweep GC freed 1758414(26MB) AllocSpace objects, 0(0B) LOS objects, 15% free, 85MB/101MB, paused 9.441ms total 201.498ms
I/art: Background sticky concurrent mark sweep GC freed 1199288(18MB) AllocSpace objects, 0(0B) LOS objects, 11% free, 89MB/101MB, paused 7.533ms total 108.817ms
I/art: Background sticky concurrent mark sweep GC freed 814060(12MB) AllocSpace objects, 0(0B) LOS objects, 7% free, 94MB/101MB, paused 6.472ms total 89.778ms
I/art: Background partial concurrent mark sweep GC freed 1795768(27MB) AllocSpace objects, 0(0B) LOS objects, 15% free, 87MB/103MB, paused 8.784ms total 218.556ms
I/art: Background sticky concurrent mark sweep GC freed 1277912(19MB) AllocSpace objects, 0(0B) LOS objects, 14% free, 88MB/103MB, paused 6.927ms total 106.358ms
I/art: Background sticky concurrent mark sweep GC freed 945129(14MB) AllocSpace objects, 0(0B) LOS objects, 9% free, 93MB/103MB, paused 7.191ms total 97.575ms
I/art: Background partial concurrent mark sweep GC freed 1985035(30MB) AllocSpace objects, 0(0B) LOS objects, 15% free, 86MB/102MB, paused 8.704ms total 221.347ms
I/art: Background sticky concurrent mark sweep GC freed 1300780(19MB) AllocSpace objects, 0(0B) LOS objects, 12% free, 90MB/102MB, paused 7.191ms total 109.558ms
I/art: Background sticky concurrent mark sweep GC freed 921408(14MB) AllocSpace objects, 0(0B) LOS objects, 10% free, 92MB/102MB, paused 5.487ms total 89.379ms
I/art: Background partial concurrent mark sweep GC freed 2037217(31MB) AllocSpace objects, 0(0B) LOS objects, 15% free, 86MB/102MB, paused 8.672ms total 213.054ms
I/art: Background sticky concurrent mark sweep GC freed 1233207(18MB) AllocSpace objects, 0(0B) LOS objects, 13% free, 88MB/102MB, paused 7.532ms total 106.189ms
I/art: Background sticky concurrent mark sweep GC freed 910808(13MB) AllocSpace objects, 0(0B) LOS objects, 8% free, 94MB/102MB, paused 9.414ms total 102.577ms
I/art: Background partial concurrent mark sweep GC freed 1923968(29MB) AllocSpace objects, 0(0B) LOS objects, 15% free, 86MB/102MB, paused 7.244ms total 212.598ms
I/art: Background sticky concurrent mark sweep GC freed 1314658(20MB) AllocSpace objects, 0(0B) LOS objects, 13% free, 89MB/102MB, paused 6.241ms total 96.011ms
I/art: Background sticky concurrent mark sweep GC freed 944947(14MB) AllocSpace objects, 0(0B) LOS objects, 8% free, 94MB/102MB, paused 6.038ms total 75.709ms
I/art: Background partial concurrent mark sweep GC freed 1809361(27MB) AllocSpace objects, 0(0B) LOS objects, 16% free, 82MB/98MB, paused 5.833ms total 137.883ms
I/art: Background sticky concurrent mark sweep GC freed 1038960(15MB) AllocSpace objects, 0(0B) LOS objects, 11% free, 87MB/98MB, paused 5.774ms total 76.185ms
I/art: Background sticky concurrent mark sweep GC freed 718910(10MB) AllocSpace objects, 0(0B) LOS objects, 6% free, 92MB/98MB, paused 5.993ms total 74.773ms
I/art: Background partial concurrent mark sweep GC freed 1648597(25MB) AllocSpace objects, 0(0B) LOS objects, 15% free, 84MB/100MB, paused 4.824ms total 138.459ms
I/art: Background sticky concurrent mark sweep GC freed 1131338(17MB) AllocSpace objects, 0(0B) LOS objects, 11% free, 88MB/100MB, paused 5.703ms total 78.229ms
I/art: Background sticky concurrent mark sweep GC freed 725778(11MB) AllocSpace objects, 0(0B) LOS objects, 6% free, 93MB/100MB, paused 5.868ms total 67.237ms
I/art: Background partial concurrent mark sweep GC freed 1672014(25MB) AllocSpace objects, 0(0B) LOS objects, 16% free, 83MB/99MB, paused 8.401ms total 173.649ms
I/art: Background sticky concurrent mark sweep GC freed 1078280(16MB) AllocSpace objects, 0(0B) LOS objects, 10% free, 88MB/99MB, paused 8.454ms total 102.687ms
I/art: Background sticky concurrent mark sweep GC freed 726655(11MB) AllocSpace objects, 0(0B) LOS objects, 5% free, 93MB/99MB, paused 8.312ms total 98.845ms
I/art: Background partial concurrent mark sweep GC freed 1710434(26MB) AllocSpace objects, 0(0B) LOS objects, 15% free, 85MB/101MB, paused 7.091ms total 192.967ms
I/art: Background sticky concurrent mark sweep GC freed 1223253(18MB) AllocSpace objects, 0(0B) LOS objects, 10% free, 90MB/101MB, paused 6.888ms total 105.338ms
I/art: Background sticky concurrent mark sweep GC freed 823120(12MB) AllocSpace objects, 0(0B) LOS objects, 8% free, 93MB/101MB, paused 6.884ms total 90.082ms
I/art: Background partial concurrent mark sweep GC freed 1759916(26MB) AllocSpace objects, 0(0B) LOS objects, 16% free, 83MB/99MB, paused 7.790ms total 197.089ms
I/art: Background sticky concurrent mark sweep GC freed 1122846(17MB) AllocSpace objects, 0(0B) LOS objects, 11% free, 88MB/99MB, paused 8.552ms total 104.491ms
I/art: Background sticky concurrent mark sweep GC freed 750830(11MB) AllocSpace objects, 0(0B) LOS objects, 6% free, 93MB/99MB, paused 7.195ms total 95.746ms
I/art: Background partial concurrent mark sweep GC freed 1749127(26MB) AllocSpace objects, 0(0B) LOS objects, 15% free, 85MB/101MB, paused 6.527ms total 197.597ms
I/art: Background sticky concurrent mark sweep GC freed 1238228(18MB) AllocSpace objects, 0(0B) LOS objects, 10% free, 90MB/101MB, paused 7.197ms total 100.515ms
I/art: Background sticky concurrent mark sweep GC freed 842194(12MB) AllocSpace objects, 0(0B) LOS objects, 8% free, 92MB/101MB, paused 6.781ms total 88.339ms
I/art: Background partial concurrent mark sweep GC freed 1792804(27MB) AllocSpace objects, 0(0B) LOS objects, 15% free, 84MB/100MB, paused 7.453ms total 199.721ms
I/art: Background sticky concurrent mark sweep GC freed 1156624(17MB) AllocSpace objects, 0(0B) LOS objects, 11% free, 89MB/100MB, paused 8.755ms total 110.868ms
I/art: Background sticky concurrent mark sweep GC freed 763314(11MB) AllocSpace objects, 0(0B) LOS objects, 6% free, 93MB/100MB, paused 6.622ms total 90.892ms
I/art: Background partial concurrent mark sweep GC freed 1785714(27MB) AllocSpace objects, 0(0B) LOS objects, 15% free, 85MB/101MB, paused 6.383ms total 197.833ms
I/art: Background sticky concurrent mark sweep GC freed 1276216(19MB) AllocSpace objects, 0(0B) LOS objects, 11% free, 90MB/101MB, paused 6.860ms total 104.892ms
I/art: Background sticky concurrent mark sweep GC freed 852915(13MB) AllocSpace objects, 0(0B) LOS objects, 9% free, 92MB/101MB, paused 6.624ms total 90.822ms
I/art: Background partial concurrent mark sweep GC freed 1819802(27MB) AllocSpace objects, 0(0B) LOS objects, 15% free, 84MB/100MB, paused 7.894ms total 202.497ms
I/art: Background sticky concurrent mark sweep GC freed 1190304(18MB) AllocSpace objects, 0(0B) LOS objects, 11% free, 89MB/100MB, paused 8.611ms total 112.342ms
I/art: Background sticky concurrent mark sweep GC freed 801022(12MB) AllocSpace objects, 0(0B) LOS objects, 7% free, 93MB/100MB, paused 6.451ms total 93.095ms
I/art: Background partial concurrent mark sweep GC freed 1838102(28MB) AllocSpace objects, 0(0B) LOS objects, 15% free, 86MB/102MB, paused 6.059ms total 196.707ms
I/art: Background sticky concurrent mark sweep GC freed 1281515(19MB) AllocSpace objects, 0(0B) LOS objects, 11% free, 90MB/102MB, paused 8.022ms total 109.711ms
I/art: Background sticky concurrent mark sweep GC freed 833416(12MB) AllocSpace objects, 0(0B) LOS objects, 9% free, 92MB/102MB, paused 7.329ms total 92.632ms
I/art: Background partial concurrent mark sweep GC freed 1846770(28MB) AllocSpace objects, 0(0B) LOS objects, 15% free, 85MB/101MB, paused 7.938ms total 203.615ms
I/art: Background sticky concurrent mark sweep GC freed 1244853(18MB) AllocSpace objects, 0(0B) LOS objects, 11% free, 89MB/101MB, paused 8.272ms total 113.473ms
I/art: Background sticky concurrent mark sweep GC freed 845815(12MB) AllocSpace objects, 0(0B) LOS objects, 7% free, 94MB/101MB, paused 6.324ms total 90.262ms
I/art: Background partial concurrent mark sweep GC freed 1868257(28MB) AllocSpace objects, 0(0B) LOS objects, 15% free, 84MB/100MB, paused 9.188ms total 202.740ms
I/art: Background sticky concurrent mark sweep GC freed 1220100(18MB) AllocSpace objects, 0(0B) LOS objects, 13% free, 87MB/100MB, paused 6.977ms total 102.380ms
I/art: Background sticky concurrent mark sweep GC freed 821914(12MB) AllocSpace objects, 0(0B) LOS objects, 8% free, 91MB/100MB, paused 7.341ms total 90.598ms
I/art: Background partial concurrent mark sweep GC freed 1791865(27MB) AllocSpace objects, 0(0B) LOS objects, 15% free, 85MB/101MB, paused 8.191ms total 205.613ms
I/art: Background sticky concurrent mark sweep GC freed 1228816(18MB) AllocSpace objects, 0(0B) LOS objects, 11% free, 89MB/101MB, paused 7.336ms total 105.312ms
I/art: Background sticky concurrent mark sweep GC freed 856794(13MB) AllocSpace objects, 0(0B) LOS objects, 7% free, 94MB/101MB, paused 6.273ms total 90.270ms
I/art: Background partial concurrent mark sweep GC freed 1853021(28MB) AllocSpace objects, 0(0B) LOS objects, 15% free, 87MB/103MB, paused 6.571ms total 197.135ms
I/art: Background sticky concurrent mark sweep GC freed 1315145(20MB) AllocSpace objects, 0(0B) LOS objects, 14% free, 88MB/103MB, paused 7.422ms total 103.893ms
I/art: Background sticky concurrent mark sweep GC freed 955778(14MB) AllocSpace objects, 0(0B) LOS objects, 9% free, 93MB/103MB, paused 7.585ms total 96.345ms
I/art: Background partial concurrent mark sweep GC freed 1980735(30MB) AllocSpace objects, 0(0B) LOS objects, 15% free, 86MB/102MB, paused 7.224ms total 216.560ms
I/art: Background sticky concurrent mark sweep GC freed 1312720(20MB) AllocSpace objects, 0(0B) LOS objects, 12% free, 90MB/102MB, paused 6.878ms total 105.642ms
I/art: Background sticky concurrent mark sweep GC freed 918958(14MB) AllocSpace objects, 0(0B) LOS objects, 8% free, 94MB/102MB, paused 6ms total 90.744ms
I/art: Background partial concurrent mark sweep GC freed 2003285(30MB) AllocSpace objects, 0(0B) LOS objects, 15% free, 84MB/100MB, paused 7.551ms total 209.297ms
I/art: Background sticky concurrent mark sweep GC freed 1166231(17MB) AllocSpace objects, 0(0B) LOS objects, 12% free, 88MB/100MB, paused 7.244ms total 101.980ms
I/art: Background sticky concurrent mark sweep GC freed 837408(12MB) AllocSpace objects, 0(0B) LOS objects, 7% free, 93MB/100MB, paused 8.415ms total 100.892ms
I/art: Background partial concurrent mark sweep GC freed 1811654(27MB) AllocSpace objects, 0(0B) LOS objects, 15% free, 86MB/102MB, paused 6.998ms total 206.638ms
I/art: Background sticky concurrent mark sweep GC freed 926378(14MB) AllocSpace objects, 0(0B) LOS objects, 8% free, 94MB/102MB, paused 5.351ms total 75.296ms
I/art: Background sticky concurrent mark sweep GC freed 513652(7MB) AllocSpace objects, 0(0B) LOS objects, 5% free, 97MB/102MB, paused 5.494ms total 61.189ms
I/art: Background partial concurrent mark sweep GC freed 1781931(27MB) AllocSpace objects, 0(0B) LOS objects, 16% free, 82MB/98MB, paused 5.909ms total 136.501ms
I/art: Background sticky concurrent mark sweep GC freed 1041484(15MB) AllocSpace objects, 0(0B) LOS objects, 11% free, 87MB/98MB, paused 5.680ms total 74.646ms
I/art: Background sticky concurrent mark sweep GC freed 709484(10MB) AllocSpace objects, 0(0B) LOS objects, 6% free, 92MB/98MB, paused 5.869ms total 72.655ms
I/art: Background partial concurrent mark sweep GC freed 1658240(25MB) AllocSpace objects, 0(0B) LOS objects, 15% free, 84MB/100MB, paused 4.814ms total 138.646ms
I/art: Background sticky concurrent mark sweep GC freed 1138543(17MB) AllocSpace objects, 0(0B) LOS objects, 11% free, 89MB/100MB, paused 5.617ms total 77.817ms
I/art: Background sticky concurrent mark sweep GC freed 747519(11MB) AllocSpace objects, 0(0B) LOS objects, 6% free, 93MB/100MB, paused 5.051ms total 66.194ms
I/art: Background sticky concurrent mark sweep GC freed 372000(5MB) AllocSpace objects, 0(0B) LOS objects, 3% free, 96MB/100MB, paused 5.106ms total 55.861ms
I/art: Background partial concurrent mark sweep GC freed 1711225(26MB) AllocSpace objects, 0(0B) LOS objects, 16% free, 83MB/99MB, paused 8.166ms total 186.717ms
I/art: Background sticky concurrent mark sweep GC freed 1093554(16MB) AllocSpace objects, 0(0B) LOS objects, 11% free, 88MB/99MB, paused 8.627ms total 106.283ms
I/art: Background partial concurrent mark sweep GC freed 1765762(26MB) AllocSpace objects, 0(0B) LOS objects, 15% free, 86MB/102MB, paused 6.506ms total 205.216ms
I/art: Background sticky concurrent mark sweep GC freed 1285792(19MB) AllocSpace objects, 0(0B) LOS objects, 14% free, 87MB/102MB, paused 5.970ms total 101.030ms
