D/MyBenchmarkHandler: FLOAT Java_Princeton_Recursive blockSize 16
D/MyBenchmarkHandler: FLOAT Java_Princeton_Recursive blockSize 32
D/MyBenchmarkHandler: FLOAT Java_Princeton_Recursive blockSize 64
D/MyBenchmarkHandler: FLOAT Java_Princeton_Recursive blockSize 128
D/MyBenchmarkHandler: FLOAT Java_Princeton_Recursive blockSize 256
D/MyBenchmarkHandler: FLOAT Java_Princeton_Recursive blockSize 512
D/MyBenchmarkHandler: FLOAT Java_Princeton_Recursive blockSize 1024
D/MyBenchmarkHandler: FLOAT Java_Princeton_Recursive blockSize 2048
D/MyBenchmarkHandler: FLOAT Java_Princeton_Recursive blockSize 4096
D/MyBenchmarkHandler: FLOAT Java_Princeton_Recursive blockSize 8192
I/art: Background partial concurrent mark sweep GC freed 1055091(23MB) AllocSpace objects, 0(0B) LOS objects, 15% free, 85MB/101MB, paused 618us total 114.217ms
D/MyBenchmarkHandler: FLOAT Java_Princeton_Recursive blockSize 16384
I/art: Background partial concurrent mark sweep GC freed 1447583(32MB) AllocSpace objects, 0(0B) LOS objects, 15% free, 88MB/104MB, paused 1.188ms total 133.573ms
D/MyBenchmarkHandler: FLOAT Java_Princeton_Recursive blockSize 32768
I/art: Background partial concurrent mark sweep GC freed 1505702(34MB) AllocSpace objects, 0(0B) LOS objects, 15% free, 89MB/105MB, paused 1.418ms total 131.874ms
I/art: Background partial concurrent mark sweep GC freed 1665543(35MB) AllocSpace objects, 0(0B) LOS objects, 15% free, 90MB/106MB, paused 1.839ms total 138.166ms
I/art: Background partial concurrent mark sweep GC freed 1614241(35MB) AllocSpace objects, 0(0B) LOS objects, 15% free, 89MB/105MB, paused 953us total 127.592ms
I/art: Background partial concurrent mark sweep GC freed 1667756(35MB) AllocSpace objects, 0(0B) LOS objects, 15% free, 89MB/105MB, paused 766us total 148.141ms
I/art: Background partial concurrent mark sweep GC freed 1664272(36MB) AllocSpace objects, 0(0B) LOS objects, 15% free, 90MB/106MB, paused 1.346ms total 143.494ms
D/MyBenchmarkHandler: FLOAT Java_Princeton_Recursive blockSize 65536
I/art: Background partial concurrent mark sweep GC freed 1635977(35MB) AllocSpace objects, 0(0B) LOS objects, 15% free, 90MB/106MB, paused 1.253ms total 148.593ms
I/art: Background partial concurrent mark sweep GC freed 1775043(37MB) AllocSpace objects, 0(0B) LOS objects, 14% free, 90MB/106MB, paused 696us total 153.475ms
I/art: Background partial concurrent mark sweep GC freed 1721165(35MB) AllocSpace objects, 0(0B) LOS objects, 14% free, 91MB/107MB, paused 1.535ms total 146.199ms
I/art: Background partial concurrent mark sweep GC freed 1953043(39MB) AllocSpace objects, 0(0B) LOS objects, 14% free, 91MB/107MB, paused 650us total 156.565ms
I/art: Background partial concurrent mark sweep GC freed 1881888(38MB) AllocSpace objects, 0(0B) LOS objects, 14% free, 91MB/107MB, paused 662us total 155.336ms
I/art: Background partial concurrent mark sweep GC freed 1807223(36MB) AllocSpace objects, 0(0B) LOS objects, 14% free, 90MB/106MB, paused 1.069ms total 149.159ms
I/art: Background partial concurrent mark sweep GC freed 1851968(37MB) AllocSpace objects, 0(0B) LOS objects, 14% free, 91MB/107MB, paused 659us total 153.388ms
I/art: Background partial concurrent mark sweep GC freed 1832720(37MB) AllocSpace objects, 0(0B) LOS objects, 14% free, 91MB/107MB, paused 796us total 148.258ms
I/art: Background partial concurrent mark sweep GC freed 1818921(37MB) AllocSpace objects, 0(0B) LOS objects, 14% free, 91MB/107MB, paused 823us total 140.294ms
I/art: Background partial concurrent mark sweep GC freed 1799482(37MB) AllocSpace objects, 0(0B) LOS objects, 14% free, 90MB/106MB, paused 1.193ms total 147.109ms
I/art: Background partial concurrent mark sweep GC freed 1823669(37MB) AllocSpace objects, 0(0B) LOS objects, 14% free, 91MB/107MB, paused 1.087ms total 148.744ms
I/art: Background partial concurrent mark sweep GC freed 1806188(37MB) AllocSpace objects, 0(0B) LOS objects, 14% free, 91MB/107MB, paused 746us total 153.957ms
I/art: Background partial concurrent mark sweep GC freed 1764526(36MB) AllocSpace objects, 0(0B) LOS objects, 14% free, 91MB/107MB, paused 601us total 145.552ms
I/art: Background partial concurrent mark sweep GC freed 1773542(37MB) AllocSpace objects, 0(0B) LOS objects, 14% free, 91MB/107MB, paused 805us total 152.047ms
I/art: Background partial concurrent mark sweep GC freed 1812600(37MB) AllocSpace objects, 0(0B) LOS objects, 14% free, 91MB/107MB, paused 704us total 153.523ms
I/art: Background partial concurrent mark sweep GC freed 1829769(38MB) AllocSpace objects, 0(0B) LOS objects, 14% free, 90MB/106MB, paused 849us total 143.738ms
D/MyBenchmarkHandler: FLOAT Java_Princeton_Recursive blockSize 131072
I/art: Background partial concurrent mark sweep GC freed 1836950(36MB) AllocSpace objects, 0(0B) LOS objects, 14% free, 92MB/108MB, paused 893us total 152.334ms
I/art: Background partial concurrent mark sweep GC freed 2022700(40MB) AllocSpace objects, 0(0B) LOS objects, 14% free, 93MB/109MB, paused 758us total 157.865ms
I/art: Background partial concurrent mark sweep GC freed 2021180(40MB) AllocSpace objects, 0(0B) LOS objects, 14% free, 94MB/110MB, paused 1.106ms total 186.195ms
I/art: Background partial concurrent mark sweep GC freed 2070046(41MB) AllocSpace objects, 0(0B) LOS objects, 14% free, 93MB/109MB, paused 1.046ms total 170.128ms
I/art: Background partial concurrent mark sweep GC freed 1868537(38MB) AllocSpace objects, 0(0B) LOS objects, 14% free, 92MB/108MB, paused 922us total 150.200ms
I/art: Background sticky concurrent mark sweep GC freed 907507(15MB) AllocSpace objects, 0(0B) LOS objects, 7% free, 100MB/108MB, paused 5.702ms total 56.949ms
I/art: Background partial concurrent mark sweep GC freed 1932187(38MB) AllocSpace objects, 0(0B) LOS objects, 14% free, 94MB/110MB, paused 2.787ms total 158.659ms
I/art: Background partial concurrent mark sweep GC freed 2074610(41MB) AllocSpace objects, 0(0B) LOS objects, 14% free, 92MB/108MB, paused 909us total 172.464ms
I/art: Background partial concurrent mark sweep GC freed 1896338(38MB) AllocSpace objects, 0(0B) LOS objects, 14% free, 93MB/109MB, paused 1.185ms total 153.907ms
I/art: Background partial concurrent mark sweep GC freed 1985107(40MB) AllocSpace objects, 0(0B) LOS objects, 14% free, 92MB/108MB, paused 1.133ms total 166.713ms
I/art: Background partial concurrent mark sweep GC freed 1914624(39MB) AllocSpace objects, 0(0B) LOS objects, 14% free, 92MB/108MB, paused 781us total 150.705ms
I/art: Background partial concurrent mark sweep GC freed 2052632(39MB) AllocSpace objects, 0(0B) LOS objects, 14% free, 93MB/109MB, paused 863us total 161.970ms
I/art: Background partial concurrent mark sweep GC freed 1884979(39MB) AllocSpace objects, 0(0B) LOS objects, 14% free, 91MB/107MB, paused 866us total 159.793ms
I/art: Background partial concurrent mark sweep GC freed 1806498(37MB) AllocSpace objects, 0(0B) LOS objects, 14% free, 92MB/108MB, paused 1.129ms total 174.109ms
I/art: Background partial concurrent mark sweep GC freed 1723430(34MB) AllocSpace objects, 0(0B) LOS objects, 14% free, 95MB/111MB, paused 2.244ms total 176.738ms
I/art: Background partial concurrent mark sweep GC freed 1980376(40MB) AllocSpace objects, 0(0B) LOS objects, 14% free, 93MB/109MB, paused 890us total 163.161ms
I/art: Background partial concurrent mark sweep GC freed 2044037(40MB) AllocSpace objects, 0(0B) LOS objects, 14% free, 93MB/109MB, paused 1.189ms total 166.613ms
I/art: Background partial concurrent mark sweep GC freed 1835612(38MB) AllocSpace objects, 0(0B) LOS objects, 14% free, 91MB/107MB, paused 696us total 158.592ms
I/art: Background partial concurrent mark sweep GC freed 1834456(37MB) AllocSpace objects, 0(0B) LOS objects, 14% free, 92MB/108MB, paused 1.342ms total 175.204ms
I/art: Background partial concurrent mark sweep GC freed 2034054(40MB) AllocSpace objects, 0(0B) LOS objects, 14% free, 93MB/109MB, paused 841us total 191.330ms
I/art: Background partial concurrent mark sweep GC freed 1914823(38MB) AllocSpace objects, 0(0B) LOS objects, 14% free, 96MB/112MB, paused 1.642ms total 183.228ms
I/art: Background partial concurrent mark sweep GC freed 2009962(40MB) AllocSpace objects, 0(0B) LOS objects, 14% free, 93MB/109MB, paused 2.732ms total 157.360ms
I/art: Background partial concurrent mark sweep GC freed 1965678(39MB) AllocSpace objects, 0(0B) LOS objects, 14% free, 92MB/108MB, paused 844us total 180.938ms
I/art: Background partial concurrent mark sweep GC freed 1826913(36MB) AllocSpace objects, 0(0B) LOS objects, 14% free, 96MB/112MB, paused 2.946ms total 185.190ms
I/art: Background partial concurrent mark sweep GC freed 2005375(40MB) AllocSpace objects, 0(0B) LOS objects, 14% free, 93MB/109MB, paused 1.049ms total 178.787ms
I/art: Background partial concurrent mark sweep GC freed 2070245(42MB) AllocSpace objects, 0(0B) LOS objects, 14% free, 93MB/109MB, paused 942us total 199.781ms
I/art: Background partial concurrent mark sweep GC freed 1991868(39MB) AllocSpace objects, 0(0B) LOS objects, 14% free, 93MB/109MB, paused 1.240ms total 194.356ms
I/art: Background partial concurrent mark sweep GC freed 1887096(38MB) AllocSpace objects, 0(0B) LOS objects, 14% free, 92MB/108MB, paused 742us total 191.461ms
I/art: Background partial concurrent mark sweep GC freed 1831739(37MB) AllocSpace objects, 0(0B) LOS objects, 14% free, 92MB/108MB, paused 877us total 149.434ms
I/art: Background partial concurrent mark sweep GC freed 1833695(37MB) AllocSpace objects, 0(0B) LOS objects, 14% free, 95MB/111MB, paused 955us total 184.659ms
I/art: Background partial concurrent mark sweep GC freed 1986170(40MB) AllocSpace objects, 0(0B) LOS objects, 14% free, 93MB/109MB, paused 843us total 163.462ms
I/art: Background partial concurrent mark sweep GC freed 1958493(40MB) AllocSpace objects, 0(0B) LOS objects, 14% free, 93MB/109MB, paused 2.167ms total 188.283ms
I/art: Background sticky concurrent mark sweep GC freed 1381001(23MB) AllocSpace objects, 0(0B) LOS objects, 12% free, 95MB/108MB, paused 5.616ms total 78.369ms
I/art: Background partial concurrent mark sweep GC freed 1971944(39MB) AllocSpace objects, 0(0B) LOS objects, 14% free, 93MB/109MB, paused 2.187ms total 185.078ms
I/art: Background partial concurrent mark sweep GC freed 1927989(39MB) AllocSpace objects, 0(0B) LOS objects, 14% free, 91MB/107MB, paused 884us total 167.324ms
I/art: Background partial concurrent mark sweep GC freed 1990992(39MB) AllocSpace objects, 0(0B) LOS objects, 14% free, 93MB/109MB, paused 2.641ms total 195.665ms
I/art: Background partial concurrent mark sweep GC freed 1868513(38MB) AllocSpace objects, 0(0B) LOS objects, 14% free, 92MB/108MB, paused 943us total 182.206ms
I/art: Background partial concurrent mark sweep GC freed 1914285(38MB) AllocSpace objects, 0(0B) LOS objects, 14% free, 93MB/109MB, paused 1.244ms total 192.188ms
I/art: Background partial concurrent mark sweep GC freed 1888151(39MB) AllocSpace objects, 0(0B) LOS objects, 14% free, 91MB/107MB, paused 710us total 169.071ms
I/art: Background partial concurrent mark sweep GC freed 1888062(38MB) AllocSpace objects, 0(0B) LOS objects, 14% free, 92MB/108MB, paused 967us total 169.617ms
I/art: Background partial concurrent mark sweep GC freed 1813171(36MB) AllocSpace objects, 0(0B) LOS objects, 14% free, 95MB/111MB, paused 1.171ms total 186.420ms
I/art: Background partial concurrent mark sweep GC freed 2006275(40MB) AllocSpace objects, 0(0B) LOS objects, 14% free, 94MB/110MB, paused 2.931ms total 200.947ms
I/art: Background partial concurrent mark sweep GC freed 2008420(40MB) AllocSpace objects, 0(0B) LOS objects, 14% free, 94MB/110MB, paused 1.250ms total 188.555ms
D/MyBenchmarkHandler: FLOAT Java_Princeton_Recursive blockSize 262144
I/art: Background partial concurrent mark sweep GC freed 1864071(38MB) AllocSpace objects, 0(0B) LOS objects, 14% free, 93MB/109MB, paused 932us total 161.564ms
I/art: Background partial concurrent mark sweep GC freed 1976343(39MB) AllocSpace objects, 0(0B) LOS objects, 14% free, 94MB/110MB, paused 1.107ms total 173.466ms
I/art: Background partial concurrent mark sweep GC freed 1941834(40MB) AllocSpace objects, 0(0B) LOS objects, 14% free, 94MB/110MB, paused 1.384ms total 175.445ms
I/art: Background partial concurrent mark sweep GC freed 2060797(41MB) AllocSpace objects, 0(0B) LOS objects, 14% free, 94MB/110MB, paused 844us total 178.296ms
I/art: Background partial concurrent mark sweep GC freed 1967273(39MB) AllocSpace objects, 0(0B) LOS objects, 14% free, 95MB/111MB, paused 1.118ms total 201.730ms
I/art: Background partial concurrent mark sweep GC freed 2094099(41MB) AllocSpace objects, 0(0B) LOS objects, 14% free, 95MB/111MB, paused 1.054ms total 206.180ms
I/art: Background partial concurrent mark sweep GC freed 2046536(40MB) AllocSpace objects, 0(0B) LOS objects, 13% free, 98MB/114MB, paused 5.387ms total 232.672ms
I/art: Background partial concurrent mark sweep GC freed 2023721(40MB) AllocSpace objects, 0(0B) LOS objects, 14% free, 98MB/114MB, paused 9.549ms total 211.741ms
I/art: Background partial concurrent mark sweep GC freed 2036074(41MB) AllocSpace objects, 0(0B) LOS objects, 14% free, 94MB/110MB, paused 1.033ms total 192.873ms
I/art: Background partial concurrent mark sweep GC freed 2112915(40MB) AllocSpace objects, 0(0B) LOS objects, 14% free, 94MB/110MB, paused 986us total 211.769ms
I/art: Background partial concurrent mark sweep GC freed 1959359(39MB) AllocSpace objects, 0(0B) LOS objects, 14% free, 93MB/109MB, paused 1.141ms total 182.320ms
I/art: Background partial concurrent mark sweep GC freed 1991847(40MB) AllocSpace objects, 0(0B) LOS objects, 14% free, 92MB/108MB, paused 1.302ms total 197.797ms
I/art: Background partial concurrent mark sweep GC freed 1955355(39MB) AllocSpace objects, 0(0B) LOS objects, 14% free, 92MB/108MB, paused 864us total 191.345ms
I/art: Background partial concurrent mark sweep GC freed 1865686(36MB) AllocSpace objects, 0(0B) LOS objects, 13% free, 101MB/117MB, paused 1.920ms total 246.026ms
I/art: Background partial concurrent mark sweep GC freed 2200625(43MB) AllocSpace objects, 0(0B) LOS objects, 13% free, 102MB/118MB, paused 1.737ms total 222.110ms
I/art: Background partial concurrent mark sweep GC freed 2248440(44MB) AllocSpace objects, 0(0B) LOS objects, 13% free, 103MB/119MB, paused 2.182ms total 212.781ms
I/art: Background partial concurrent mark sweep GC freed 2230206(44MB) AllocSpace objects, 0(0B) LOS objects, 13% free, 103MB/119MB, paused 2.265ms total 235.397ms
I/art: Background partial concurrent mark sweep GC freed 2364886(46MB) AllocSpace objects, 0(0B) LOS objects, 13% free, 99MB/115MB, paused 3.393ms total 190.916ms
I/art: Background partial concurrent mark sweep GC freed 1985842(38MB) AllocSpace objects, 0(0B) LOS objects, 13% free, 105MB/121MB, paused 12.623ms total 212.080ms
I/art: Background partial concurrent mark sweep GC freed 2364258(46MB) AllocSpace objects, 0(0B) LOS objects, 13% free, 103MB/119MB, paused 1.469ms total 243.144ms
I/art: Background partial concurrent mark sweep GC freed 2311079(45MB) AllocSpace objects, 0(0B) LOS objects, 13% free, 103MB/119MB, paused 1.728ms total 215.662ms
I/art: Background partial concurrent mark sweep GC freed 2405449(46MB) AllocSpace objects, 0(0B) LOS objects, 13% free, 98MB/114MB, paused 1.365ms total 207.357ms
I/art: Background sticky concurrent mark sweep GC freed 678952(12MB) AllocSpace objects, 0(0B) LOS objects, 2% free, 107MB/111MB, paused 1.513ms total 108.677ms
I/art: Background partial concurrent mark sweep GC freed 2105776(41MB) AllocSpace objects, 0(0B) LOS objects, 14% free, 97MB/113MB, paused 850us total 234.964ms
I/art: Background partial concurrent mark sweep GC freed 1902989(37MB) AllocSpace objects, 0(0B) LOS objects, 13% free, 101MB/117MB, paused 2.227ms total 203.909ms
I/art: Background partial concurrent mark sweep GC freed 2183009(43MB) AllocSpace objects, 0(0B) LOS objects, 13% free, 103MB/119MB, paused 3.210ms total 218.433ms
I/art: Background partial concurrent mark sweep GC freed 2156191(42MB) AllocSpace objects, 0(0B) LOS objects, 13% free, 102MB/118MB, paused 2.498ms total 217.484ms
I/art: Background partial concurrent mark sweep GC freed 2243472(44MB) AllocSpace objects, 0(0B) LOS objects, 13% free, 103MB/119MB, paused 3.949ms total 238.280ms
I/art: Background partial concurrent mark sweep GC freed 2476695(48MB) AllocSpace objects, 0(0B) LOS objects, 13% free, 99MB/115MB, paused 1.031ms total 202.898ms
I/art: Background partial concurrent mark sweep GC freed 2002931(39MB) AllocSpace objects, 0(0B) LOS objects, 13% free, 102MB/118MB, paused 1.710ms total 212.520ms
I/art: Background partial concurrent mark sweep GC freed 2178668(43MB) AllocSpace objects, 0(0B) LOS objects, 13% free, 103MB/119MB, paused 1.681ms total 222.229ms
I/art: Background partial concurrent mark sweep GC freed 2411565(46MB) AllocSpace objects, 0(0B) LOS objects, 13% free, 103MB/119MB, paused 1.443ms total 216.063ms
I/art: Background partial concurrent mark sweep GC freed 2241474(43MB) AllocSpace objects, 0(0B) LOS objects, 13% free, 103MB/119MB, paused 1.728ms total 222.345ms
I/art: Background partial concurrent mark sweep GC freed 2349786(47MB) AllocSpace objects, 0(0B) LOS objects, 14% free, 94MB/110MB, paused 1.960ms total 232.619ms
I/art: Background partial concurrent mark sweep GC freed 1886782(37MB) AllocSpace objects, 0(0B) LOS objects, 13% free, 102MB/118MB, paused 2.290ms total 215.316ms
I/art: Background partial concurrent mark sweep GC freed 2306600(44MB) AllocSpace objects, 0(0B) LOS objects, 13% free, 103MB/119MB, paused 1.294ms total 218.324ms
I/art: Background partial concurrent mark sweep GC freed 2289012(44MB) AllocSpace objects, 0(0B) LOS objects, 13% free, 103MB/119MB, paused 1.681ms total 221.431ms
I/art: Background partial concurrent mark sweep GC freed 2230341(43MB) AllocSpace objects, 0(0B) LOS objects, 13% free, 103MB/119MB, paused 3.474ms total 225.010ms
I/art: Background partial concurrent mark sweep GC freed 2284426(45MB) AllocSpace objects, 0(0B) LOS objects, 13% free, 104MB/120MB, paused 5.484ms total 244.467ms
I/art: Background partial concurrent mark sweep GC freed 2249748(44MB) AllocSpace objects, 0(0B) LOS objects, 13% free, 102MB/118MB, paused 1.501ms total 234.876ms
I/art: Background partial concurrent mark sweep GC freed 2270081(44MB) AllocSpace objects, 0(0B) LOS objects, 13% free, 104MB/120MB, paused 1.523ms total 245.507ms
I/art: Background partial concurrent mark sweep GC freed 2312438(45MB) AllocSpace objects, 0(0B) LOS objects, 13% free, 103MB/119MB, paused 1.602ms total 236.617ms
I/art: Background partial concurrent mark sweep GC freed 2257839(44MB) AllocSpace objects, 0(0B) LOS objects, 13% free, 103MB/119MB, paused 2.300ms total 239.644ms
I/art: Background partial concurrent mark sweep GC freed 2199432(43MB) AllocSpace objects, 0(0B) LOS objects, 13% free, 102MB/118MB, paused 1.598ms total 243.664ms
I/art: Background partial concurrent mark sweep GC freed 2305548(45MB) AllocSpace objects, 0(0B) LOS objects, 13% free, 103MB/119MB, paused 1.717ms total 241.686ms
I/art: Background partial concurrent mark sweep GC freed 2348297(47MB) AllocSpace objects, 0(0B) LOS objects, 14% free, 95MB/111MB, paused 2.999ms total 244.145ms
I/art: Background partial concurrent mark sweep GC freed 1889429(36MB) AllocSpace objects, 0(0B) LOS objects, 13% free, 101MB/117MB, paused 3.465ms total 221.248ms
I/art: Background partial concurrent mark sweep GC freed 2200000(43MB) AllocSpace objects, 0(0B) LOS objects, 13% free, 103MB/119MB, paused 1.407ms total 219.830ms
I/art: Background partial concurrent mark sweep GC freed 2223976(43MB) AllocSpace objects, 0(0B) LOS objects, 13% free, 102MB/118MB, paused 1.272ms total 239.304ms
I/art: Background partial concurrent mark sweep GC freed 2339149(47MB) AllocSpace objects, 0(0B) LOS objects, 14% free, 94MB/110MB, paused 2.286ms total 205.530ms
I/art: Background partial concurrent mark sweep GC freed 1955499(37MB) AllocSpace objects, 0(0B) LOS objects, 14% free, 97MB/113MB, paused 975us total 190.777ms
I/art: Background sticky concurrent mark sweep GC freed 1133086(19MB) AllocSpace objects, 0(0B) LOS objects, 9% free, 101MB/111MB, paused 7.866ms total 72.236ms
I/art: Background partial concurrent mark sweep GC freed 1908646(38MB) AllocSpace objects, 0(0B) LOS objects, 13% free, 101MB/117MB, paused 3.150ms total 220.669ms
I/art: Background partial concurrent mark sweep GC freed 2325317(45MB) AllocSpace objects, 0(0B) LOS objects, 13% free, 99MB/115MB, paused 2.968ms total 222.944ms
I/art: Background partial concurrent mark sweep GC freed 1989621(38MB) AllocSpace objects, 0(0B) LOS objects, 13% free, 105MB/121MB, paused 4.943ms total 214.694ms
I/art: Background partial concurrent mark sweep GC freed 2424729(46MB) AllocSpace objects, 0(0B) LOS objects, 13% free, 103MB/119MB, paused 3.120ms total 246.449ms
I/art: Background sticky concurrent mark sweep GC freed 1710851(30MB) AllocSpace objects, 0(0B) LOS objects, 13% free, 103MB/119MB, paused 838us total 102.691ms
I/art: Background partial concurrent mark sweep GC freed 2475378(47MB) AllocSpace objects, 0(0B) LOS objects, 13% free, 104MB/120MB, paused 1.551ms total 224.769ms
I/art: Background partial concurrent mark sweep GC freed 2133912(40MB) AllocSpace objects, 0(0B) LOS objects, 13% free, 106MB/122MB, paused 4.986ms total 221.580ms
I/art: Background partial concurrent mark sweep GC freed 2485984(50MB) AllocSpace objects, 0(0B) LOS objects, 14% free, 95MB/111MB, paused 1.613ms total 250.863ms
I/art: Background partial concurrent mark sweep GC freed 1889002(37MB) AllocSpace objects, 0(0B) LOS objects, 13% free, 101MB/117MB, paused 1.872ms total 235.159ms
I/art: Background partial concurrent mark sweep GC freed 2371538(45MB) AllocSpace objects, 0(0B) LOS objects, 13% free, 100MB/116MB, paused 1.556ms total 214.281ms
I/art: Background partial concurrent mark sweep GC freed 2160174(41MB) AllocSpace objects, 0(0B) LOS objects, 13% free, 101MB/117MB, paused 1.166ms total 216.711ms
I/art: Background partial concurrent mark sweep GC freed 2153051(42MB) AllocSpace objects, 0(0B) LOS objects, 13% free, 103MB/119MB, paused 1.782ms total 209.840ms
I/art: Background partial concurrent mark sweep GC freed 2563250(48MB) AllocSpace objects, 0(0B) LOS objects, 13% free, 100MB/116MB, paused 2.520ms total 252.925ms
I/art: Background sticky concurrent mark sweep GC freed 1823350(32MB) AllocSpace objects, 0(0B) LOS objects, 14% free, 97MB/113MB, paused 1.591ms total 118.065ms
I/art: Background sticky concurrent mark sweep GC freed 1450052(24MB) AllocSpace objects, 0(0B) LOS objects, 11% free, 100MB/113MB, paused 3.842ms total 101.919ms
I/art: Background partial concurrent mark sweep GC freed 2310818(45MB) AllocSpace objects, 0(0B) LOS objects, 14% free, 96MB/112MB, paused 1.636ms total 183.487ms
I/art: Background partial concurrent mark sweep GC freed 1909174(39MB) AllocSpace objects, 0(0B) LOS objects, 14% free, 95MB/111MB, paused 821us total 186.396ms
I/art: Background partial concurrent mark sweep GC freed 1788619(35MB) AllocSpace objects, 0(0B) LOS objects, 13% free, 102MB/118MB, paused 14.988ms total 214.863ms
I/art: Background partial concurrent mark sweep GC freed 2289684(45MB) AllocSpace objects, 0(0B) LOS objects, 13% free, 104MB/120MB, paused 2.537ms total 267.341ms
I/art: Background sticky concurrent mark sweep GC freed 1692274(30MB) AllocSpace objects, 0(0B) LOS objects, 13% free, 101MB/117MB, paused 1.071ms total 103.397ms
I/art: Background partial concurrent mark sweep GC freed 2504888(47MB) AllocSpace objects, 0(0B) LOS objects, 13% free, 99MB/115MB, paused 1.075ms total 257.152ms
I/art: Background sticky concurrent mark sweep GC freed 1811197(32MB) AllocSpace objects, 0(0B) LOS objects, 14% free, 96MB/112MB, paused 857us total 120.336ms
I/art: Background sticky concurrent mark sweep GC freed 1490905(25MB) AllocSpace objects, 0(0B) LOS objects, 11% free, 99MB/112MB, paused 2.820ms total 107.377ms
I/art: Background partial concurrent mark sweep GC freed 2314952(44MB) AllocSpace objects, 0(0B) LOS objects, 14% free, 97MB/113MB, paused 1.248ms total 246.338ms
I/art: Background sticky concurrent mark sweep GC freed 1774120(31MB) AllocSpace objects, 0(0B) LOS objects, 14% free, 95MB/111MB, paused 908us total 120.083ms
I/art: Background partial concurrent mark sweep GC freed 2132426(42MB) AllocSpace objects, 0(0B) LOS objects, 14% free, 94MB/110MB, paused 1.115ms total 207.509ms
I/art: Background partial concurrent mark sweep GC freed 2165366(42MB) AllocSpace objects, 0(0B) LOS objects, 14% free, 94MB/110MB, paused 1.019ms total 217.484ms
I/art: Background partial concurrent mark sweep GC freed 1936118(39MB) AllocSpace objects, 0(0B) LOS objects, 14% free, 92MB/108MB, paused 840us total 176.576ms
I/art: Background partial concurrent mark sweep GC freed 1917794(36MB) AllocSpace objects, 0(0B) LOS objects, 13% free, 102MB/118MB, paused 3.893ms total 254.841ms
I/art: Background partial concurrent mark sweep GC freed 2215938(43MB) AllocSpace objects, 0(0B) LOS objects, 13% free, 103MB/119MB, paused 2.919ms total 210.105ms
I/art: Background partial concurrent mark sweep GC freed 2193107(43MB) AllocSpace objects, 0(0B) LOS objects, 13% free, 103MB/119MB, paused 2.154ms total 236.661ms
I/art: Background partial concurrent mark sweep GC freed 2348254(45MB) AllocSpace objects, 0(0B) LOS objects, 13% free, 103MB/119MB, paused 2.099ms total 238.700ms
I/art: Background partial concurrent mark sweep GC freed 2368059(46MB) AllocSpace objects, 0(0B) LOS objects, 13% free, 104MB/120MB, paused 2.063ms total 258.111ms
I/art: Background partial concurrent mark sweep GC freed 2360831(46MB) AllocSpace objects, 0(0B) LOS objects, 13% free, 103MB/119MB, paused 1.961ms total 266.494ms
I/art: Background partial concurrent mark sweep GC freed 2462073(48MB) AllocSpace objects, 0(0B) LOS objects, 13% free, 99MB/115MB, paused 2.563ms total 223.663ms
I/art: Background partial concurrent mark sweep GC freed 2166996(42MB) AllocSpace objects, 0(0B) LOS objects, 13% free, 102MB/118MB, paused 3.566ms total 253.833ms
I/art: Background sticky concurrent mark sweep GC freed 1653637(28MB) AllocSpace objects, 0(0B) LOS objects, 11% free, 104MB/118MB, paused 1.080ms total 119.699ms
I/art: Background partial concurrent mark sweep GC freed 2536060(49MB) AllocSpace objects, 0(0B) LOS objects, 13% free, 99MB/115MB, paused 2.179ms total 253.123ms
I/art: Background sticky concurrent mark sweep GC freed 1809901(31MB) AllocSpace objects, 0(0B) LOS objects, 14% free, 97MB/113MB, paused 1.607ms total 121.965ms
I/art: Background partial concurrent mark sweep GC freed 2201284(43MB) AllocSpace objects, 0(0B) LOS objects, 14% free, 97MB/113MB, paused 1.103ms total 240.073ms
I/art: Background sticky concurrent mark sweep GC freed 1717762(30MB) AllocSpace objects, 0(0B) LOS objects, 14% free, 95MB/111MB, paused 794us total 109.347ms
I/art: Background sticky concurrent mark sweep GC freed 1359038(22MB) AllocSpace objects, 0(0B) LOS objects, 6% free, 104MB/111MB, paused 1.844ms total 125.264ms
I/art: Background partial concurrent mark sweep GC freed 2315287(44MB) AllocSpace objects, 0(0B) LOS objects, 14% free, 96MB/112MB, paused 1.325ms total 242.974ms
I/art: Background sticky concurrent mark sweep GC freed 1769186(31MB) AllocSpace objects, 0(0B) LOS objects, 14% free, 93MB/109MB, paused 878us total 115.185ms
I/art: Background sticky concurrent mark sweep GC freed 1400305(24MB) AllocSpace objects, 0(0B) LOS objects, 11% free, 96MB/109MB, paused 825us total 102.699ms
I/art: Background sticky concurrent mark sweep GC freed 688691(10MB) AllocSpace objects, 0(0B) LOS objects, 0% free, 108MB/109MB, paused 11.711ms total 79.843ms
I/art: Background partial concurrent mark sweep GC freed 2003432(40MB) AllocSpace objects, 0(0B) LOS objects, 14% free, 93MB/109MB, paused 1.732ms total 200.364ms
I/art: Background partial concurrent mark sweep GC freed 1854766(36MB) AllocSpace objects, 0(0B) LOS objects, 13% free, 101MB/117MB, paused 1.393ms total 207.425ms
I/art: Background partial concurrent mark sweep GC freed 2369801(46MB) AllocSpace objects, 0(0B) LOS objects, 13% free, 99MB/115MB, paused 1.027ms total 248.165ms
I/art: Background partial concurrent mark sweep GC freed 2040226(40MB) AllocSpace objects, 0(0B) LOS objects, 13% free, 103MB/119MB, paused 3.746ms total 257.849ms
I/art: Background partial concurrent mark sweep GC freed 2301527(44MB) AllocSpace objects, 0(0B) LOS objects, 13% free, 103MB/119MB, paused 2.115ms total 212.266ms
I/art: Background partial concurrent mark sweep GC freed 2364973(46MB) AllocSpace objects, 0(0B) LOS objects, 13% free, 99MB/115MB, paused 1.085ms total 243.359ms
I/art: Background partial concurrent mark sweep GC freed 2000544(39MB) AllocSpace objects, 0(0B) LOS objects, 13% free, 102MB/118MB, paused 1.754ms total 251.446ms
I/art: Background partial concurrent mark sweep GC freed 2435570(47MB) AllocSpace objects, 0(0B) LOS objects, 13% free, 98MB/114MB, paused 1.009ms total 234.945ms
I/art: Background partial concurrent mark sweep GC freed 1852367(37MB) AllocSpace objects, 0(0B) LOS objects, 13% free, 101MB/117MB, paused 3.131ms total 201.030ms
I/art: Background partial concurrent mark sweep GC freed 2282361(45MB) AllocSpace objects, 0(0B) LOS objects, 13% free, 104MB/120MB, paused 1.850ms total 267.671ms
I/art: Background sticky concurrent mark sweep GC freed 1709205(30MB) AllocSpace objects, 0(0B) LOS objects, 13% free, 102MB/118MB, paused 2.276ms total 107.058ms
I/art: Background sticky concurrent mark sweep GC freed 1464221(25MB) AllocSpace objects, 0(0B) LOS objects, 12% free, 104MB/118MB, paused 1.974ms total 100.441ms
I/art: Background partial concurrent mark sweep GC freed 2392895(45MB) AllocSpace objects, 0(0B) LOS objects, 13% free, 104MB/120MB, paused 2.935ms total 261.870ms
I/art: Background partial concurrent mark sweep GC freed 2295284(44MB) AllocSpace objects, 0(0B) LOS objects, 13% free, 104MB/120MB, paused 3.740ms total 267.148ms
I/art: Background partial concurrent mark sweep GC freed 2274929(45MB) AllocSpace objects, 0(0B) LOS objects, 13% free, 103MB/119MB, paused 2.045ms total 212.097ms
I/art: Background partial concurrent mark sweep GC freed 2495804(48MB) AllocSpace objects, 0(0B) LOS objects, 13% free, 98MB/114MB, paused 1.098ms total 203.055ms
I/art: Background partial concurrent mark sweep GC freed 1947652(38MB) AllocSpace objects, 0(0B) LOS objects, 14% free, 97MB/113MB, paused 2.078ms total 236.891ms
I/art: Background sticky concurrent mark sweep GC freed 1552989(26MB) AllocSpace objects, 0(0B) LOS objects, 13% free, 98MB/113MB, paused 778us total 100.622ms
I/art: Background partial concurrent mark sweep GC freed 2099359(41MB) AllocSpace objects, 0(0B) LOS objects, 13% free, 102MB/118MB, paused 1.670ms total 251.125ms
I/art: Background partial concurrent mark sweep GC freed 2249991(46MB) AllocSpace objects, 0(0B) LOS objects, 14% free, 94MB/110MB, paused 1.818ms total 185.357ms
I/art: Background partial concurrent mark sweep GC freed 1807545(35MB) AllocSpace objects, 0(0B) LOS objects, 13% free, 101MB/117MB, paused 2.268ms total 212.012ms
I/art: Background partial concurrent mark sweep GC freed 2515522(48MB) AllocSpace objects, 0(0B) LOS objects, 13% free, 99MB/115MB, paused 1.094ms total 254.412ms
I/art: Background sticky concurrent mark sweep GC freed 1815310(32MB) AllocSpace objects, 0(0B) LOS objects, 14% free, 97MB/113MB, paused 960us total 122.642ms
I/art: Background sticky concurrent mark sweep GC freed 1514948(26MB) AllocSpace objects, 0(0B) LOS objects, 12% free, 99MB/113MB, paused 2.283ms total 108.156ms
I/art: Background sticky concurrent mark sweep GC freed 1224084(21MB) AllocSpace objects, 0(0B) LOS objects, 8% free, 103MB/113MB, paused 2.395ms total 101.580ms
I/art: Background partial concurrent mark sweep GC freed 2286499(45MB) AllocSpace objects, 0(0B) LOS objects, 14% free, 96MB/112MB, paused 1.204ms total 228.772ms
I/art: Background sticky concurrent mark sweep GC freed 1682347(29MB) AllocSpace objects, 0(0B) LOS objects, 14% free, 94MB/110MB, paused 1.921ms total 102.316ms
I/art: Background partial concurrent mark sweep GC freed 2134273(42MB) AllocSpace objects, 0(0B) LOS objects, 14% free, 97MB/113MB, paused 1.641ms total 235.160ms
I/art: Background sticky concurrent mark sweep GC freed 1667882(29MB) AllocSpace objects, 0(0B) LOS objects, 14% free, 95MB/111MB, paused 2.119ms total 109.017ms
I/art: Background sticky concurrent mark sweep GC freed 1249777(20MB) AllocSpace objects, 0(0B) LOS objects, 14% free, 94MB/110MB, paused 5.323ms total 107.586ms
