D/MyBenchmarkHandler: FFT Java_Princeton_Recursive blockSize 16
D/MyBenchmarkHandler: FFT Java_Princeton_Recursive blockSize 32
D/MyBenchmarkHandler: FFT Java_Princeton_Recursive blockSize 64
D/MyBenchmarkHandler: FFT Java_Princeton_Recursive blockSize 128
D/MyBenchmarkHandler: FFT Java_Princeton_Recursive blockSize 256
D/MyBenchmarkHandler: FFT Java_Princeton_Recursive blockSize 512
D/MyBenchmarkHandler: FFT Java_Princeton_Recursive blockSize 1024
D/MyBenchmarkHandler: FFT Java_Princeton_Recursive blockSize 2048
D/MyBenchmarkHandler: FFT Java_Princeton_Recursive blockSize 4096
D/MyBenchmarkHandler: FFT Java_Princeton_Recursive blockSize 8192
I/art: Background partial concurrent mark sweep GC freed 908698(26MB) AllocSpace objects, 0(0B) LOS objects, 15% free, 87MB/103MB, paused 456us total 111.902ms
D/MyBenchmarkHandler: FFT Java_Princeton_Recursive blockSize 16384
I/art: Background partial concurrent mark sweep GC freed 1218497(36MB) AllocSpace objects, 0(0B) LOS objects, 15% free, 90MB/106MB, paused 962us total 128.091ms
I/art: Background partial concurrent mark sweep GC freed 1326709(39MB) AllocSpace objects, 0(0B) LOS objects, 14% free, 91MB/107MB, paused 1.153ms total 151.564ms
I/art: Background partial concurrent mark sweep GC freed 1362841(39MB) AllocSpace objects, 0(0B) LOS objects, 14% free, 92MB/108MB, paused 623us total 160.675ms
D/MyBenchmarkHandler: FFT Java_Princeton_Recursive blockSize 32768
I/art: Background partial concurrent mark sweep GC freed 1442081(41MB) AllocSpace objects, 0(0B) LOS objects, 14% free, 92MB/108MB, paused 861us total 214.494ms
I/art: Background partial concurrent mark sweep GC freed 1407413(40MB) AllocSpace objects, 0(0B) LOS objects, 14% free, 93MB/109MB, paused 1.187ms total 183.352ms
I/art: Background partial concurrent mark sweep GC freed 1361223(39MB) AllocSpace objects, 0(0B) LOS objects, 14% free, 93MB/109MB, paused 868us total 166.088ms
I/art: Background partial concurrent mark sweep GC freed 1431605(40MB) AllocSpace objects, 0(0B) LOS objects, 14% free, 93MB/109MB, paused 1.539ms total 165.206ms
I/art: Background partial concurrent mark sweep GC freed 1480943(41MB) AllocSpace objects, 0(0B) LOS objects, 14% free, 93MB/109MB, paused 879us total 167.045ms
I/art: Background partial concurrent mark sweep GC freed 1368569(39MB) AllocSpace objects, 0(0B) LOS objects, 14% free, 92MB/108MB, paused 775us total 158.854ms
I/art: Background partial concurrent mark sweep GC freed 1426702(40MB) AllocSpace objects, 0(0B) LOS objects, 14% free, 92MB/108MB, paused 835us total 153.350ms
D/MyBenchmarkHandler: FFT Java_Princeton_Recursive blockSize 65536
I/art: Background partial concurrent mark sweep GC freed 1509187(41MB) AllocSpace objects, 0(0B) LOS objects, 14% free, 93MB/109MB, paused 1.439ms total 202.962ms
I/art: Background partial concurrent mark sweep GC freed 1502914(41MB) AllocSpace objects, 0(0B) LOS objects, 14% free, 94MB/110MB, paused 925us total 162.837ms
I/art: Background partial concurrent mark sweep GC freed 1537271(43MB) AllocSpace objects, 0(0B) LOS objects, 14% free, 94MB/110MB, paused 1.004ms total 178.334ms
I/art: Background partial concurrent mark sweep GC freed 1501708(41MB) AllocSpace objects, 0(0B) LOS objects, 14% free, 94MB/110MB, paused 2.039ms total 198.404ms
I/art: Background partial concurrent mark sweep GC freed 1564652(43MB) AllocSpace objects, 0(0B) LOS objects, 14% free, 94MB/110MB, paused 1.090ms total 201.832ms
I/art: Background partial concurrent mark sweep GC freed 1473544(41MB) AllocSpace objects, 0(0B) LOS objects, 14% free, 93MB/109MB, paused 1.019ms total 156.308ms
I/art: Background partial concurrent mark sweep GC freed 1451203(41MB) AllocSpace objects, 0(0B) LOS objects, 14% free, 93MB/109MB, paused 967us total 165.554ms
I/art: Background partial concurrent mark sweep GC freed 1582439(43MB) AllocSpace objects, 0(0B) LOS objects, 14% free, 94MB/110MB, paused 961us total 196.537ms
I/art: Background partial concurrent mark sweep GC freed 1530602(42MB) AllocSpace objects, 0(0B) LOS objects, 14% free, 94MB/110MB, paused 817us total 199.591ms
I/art: Background partial concurrent mark sweep GC freed 1617067(44MB) AllocSpace objects, 0(0B) LOS objects, 14% free, 95MB/111MB, paused 773us total 206.599ms
I/art: Background partial concurrent mark sweep GC freed 1578153(43MB) AllocSpace objects, 0(0B) LOS objects, 14% free, 94MB/110MB, paused 722us total 158.760ms
I/art: Background partial concurrent mark sweep GC freed 1520734(41MB) AllocSpace objects, 0(0B) LOS objects, 14% free, 94MB/110MB, paused 1.414ms total 203.201ms
I/art: Background partial concurrent mark sweep GC freed 1618598(44MB) AllocSpace objects, 0(0B) LOS objects, 14% free, 96MB/112MB, paused 3.314ms total 214.358ms
I/art: Background partial concurrent mark sweep GC freed 1613566(44MB) AllocSpace objects, 0(0B) LOS objects, 14% free, 94MB/110MB, paused 1.039ms total 206.425ms
I/art: Background partial concurrent mark sweep GC freed 1574918(43MB) AllocSpace objects, 0(0B) LOS objects, 14% free, 94MB/110MB, paused 1.102ms total 205.994ms
I/art: Background partial concurrent mark sweep GC freed 1600434(44MB) AllocSpace objects, 0(0B) LOS objects, 14% free, 95MB/111MB, paused 1.420ms total 212.988ms
I/art: Background partial concurrent mark sweep GC freed 1469910(41MB) AllocSpace objects, 0(0B) LOS objects, 14% free, 93MB/109MB, paused 1.215ms total 145.800ms
I/art: Background partial concurrent mark sweep GC freed 1512655(41MB) AllocSpace objects, 0(0B) LOS objects, 14% free, 94MB/110MB, paused 1.148ms total 199.384ms
I/art: Background partial concurrent mark sweep GC freed 1642250(44MB) AllocSpace objects, 0(0B) LOS objects, 14% free, 95MB/111MB, paused 1.363ms total 211.797ms
I/art: Background partial concurrent mark sweep GC freed 1571608(42MB) AllocSpace objects, 0(0B) LOS objects, 14% free, 94MB/110MB, paused 929us total 202.525ms
I/art: Background partial concurrent mark sweep GC freed 1647349(44MB) AllocSpace objects, 0(0B) LOS objects, 14% free, 96MB/112MB, paused 1.308ms total 204.289ms
I/art: Background partial concurrent mark sweep GC freed 1594068(44MB) AllocSpace objects, 0(0B) LOS objects, 14% free, 95MB/111MB, paused 2.122ms total 197.732ms
D/MyBenchmarkHandler: FFT Java_Princeton_Recursive blockSize 131072
I/art: Background partial concurrent mark sweep GC freed 1579928(44MB) AllocSpace objects, 0(0B) LOS objects, 14% free, 96MB/112MB, paused 1.212ms total 198.102ms
I/art: Background partial concurrent mark sweep GC freed 1626691(45MB) AllocSpace objects, 0(0B) LOS objects, 14% free, 96MB/112MB, paused 1.141ms total 204.516ms
I/art: Background partial concurrent mark sweep GC freed 1612032(44MB) AllocSpace objects, 0(0B) LOS objects, 14% free, 95MB/111MB, paused 1.452ms total 205.806ms
I/art: Background partial concurrent mark sweep GC freed 1660915(45MB) AllocSpace objects, 0(0B) LOS objects, 13% free, 100MB/116MB, paused 1.219ms total 216.097ms
I/art: Background partial concurrent mark sweep GC freed 1804175(49MB) AllocSpace objects, 0(0B) LOS objects, 13% free, 102MB/118MB, paused 2.311ms total 222.130ms
I/art: Background partial concurrent mark sweep GC freed 1782948(49MB) AllocSpace objects, 0(0B) LOS objects, 14% free, 96MB/112MB, paused 1.196ms total 223.430ms
I/art: Background sticky concurrent mark sweep GC freed 1327471(32MB) AllocSpace objects, 0(0B) LOS objects, 14% free, 93MB/109MB, paused 1.014ms total 104.346ms
I/art: Background partial concurrent mark sweep GC freed 1673327(46MB) AllocSpace objects, 0(0B) LOS objects, 14% free, 95MB/111MB, paused 1.087ms total 216.638ms
I/art: Background partial concurrent mark sweep GC freed 1557186(42MB) AllocSpace objects, 0(0B) LOS objects, 13% free, 100MB/116MB, paused 3.700ms total 212.387ms
I/art: Background partial concurrent mark sweep GC freed 1776748(48MB) AllocSpace objects, 0(0B) LOS objects, 14% free, 97MB/113MB, paused 1.660ms total 203.647ms
I/art: Background partial concurrent mark sweep GC freed 1731396(46MB) AllocSpace objects, 0(0B) LOS objects, 14% free, 97MB/113MB, paused 1.281ms total 218.574ms
I/art: Background partial concurrent mark sweep GC freed 1648761(44MB) AllocSpace objects, 0(0B) LOS objects, 13% free, 99MB/115MB, paused 1.551ms total 211.999ms
I/art: Background sticky concurrent mark sweep GC freed 1090866(26MB) AllocSpace objects, 0(0B) LOS objects, 13% free, 98MB/113MB, paused 5.652ms total 80.094ms
I/art: Background partial concurrent mark sweep GC freed 1678797(46MB) AllocSpace objects, 0(0B) LOS objects, 14% free, 97MB/113MB, paused 985us total 205.084ms
I/art: Background partial concurrent mark sweep GC freed 1662071(45MB) AllocSpace objects, 0(0B) LOS objects, 14% free, 97MB/113MB, paused 3.665ms total 208.998ms
I/art: Background partial concurrent mark sweep GC freed 1749672(47MB) AllocSpace objects, 0(0B) LOS objects, 14% free, 97MB/113MB, paused 3.532ms total 227.269ms
I/art: Background partial concurrent mark sweep GC freed 1612941(44MB) AllocSpace objects, 0(0B) LOS objects, 14% free, 95MB/111MB, paused 1.472ms total 201.432ms
I/art: Background partial concurrent mark sweep GC freed 1625886(43MB) AllocSpace objects, 0(0B) LOS objects, 13% free, 101MB/117MB, paused 3.497ms total 214.174ms
I/art: Background partial concurrent mark sweep GC freed 1851587(50MB) AllocSpace objects, 0(0B) LOS objects, 13% free, 98MB/114MB, paused 1.547ms total 210.006ms
I/art: Background partial concurrent mark sweep GC freed 1615800(44MB) AllocSpace objects, 0(0B) LOS objects, 14% free, 95MB/111MB, paused 932us total 205.711ms
I/art: Background partial concurrent mark sweep GC freed 1618882(44MB) AllocSpace objects, 0(0B) LOS objects, 13% free, 100MB/116MB, paused 1.531ms total 217.365ms
I/art: Background partial concurrent mark sweep GC freed 1806175(49MB) AllocSpace objects, 0(0B) LOS objects, 13% free, 102MB/118MB, paused 2.353ms total 224.523ms
I/art: Background partial concurrent mark sweep GC freed 1802682(50MB) AllocSpace objects, 0(0B) LOS objects, 14% free, 96MB/112MB, paused 1.837ms total 225.834ms
I/art: Background sticky concurrent mark sweep GC freed 1345395(33MB) AllocSpace objects, 0(0B) LOS objects, 14% free, 93MB/109MB, paused 1.405ms total 103.526ms
I/art: Background sticky concurrent mark sweep GC freed 390240(9MB) AllocSpace objects, 0(0B) LOS objects, 1% free, 108MB/109MB, paused 8.186ms total 60.885ms
I/art: Background partial concurrent mark sweep GC freed 1647933(45MB) AllocSpace objects, 0(0B) LOS objects, 14% free, 95MB/111MB, paused 1.105ms total 213.130ms
I/art: Background sticky concurrent mark sweep GC freed 1293739(32MB) AllocSpace objects, 0(0B) LOS objects, 14% free, 92MB/108MB, paused 802us total 100.072ms
I/art: Background partial concurrent mark sweep GC freed 1614968(43MB) AllocSpace objects, 0(0B) LOS objects, 14% free, 97MB/113MB, paused 921us total 201.721ms
I/art: Background partial concurrent mark sweep GC freed 1694688(46MB) AllocSpace objects, 0(0B) LOS objects, 14% free, 97MB/113MB, paused 2.120ms total 203.353ms
I/art: Background partial concurrent mark sweep GC freed 1812836(48MB) AllocSpace objects, 0(0B) LOS objects, 14% free, 97MB/113MB, paused 2.105ms total 301.534ms
I/art: Background sticky concurrent mark sweep GC freed 1355381(33MB) AllocSpace objects, 0(0B) LOS objects, 14% free, 94MB/110MB, paused 967us total 135.427ms
I/art: Background sticky concurrent mark sweep GC freed 1130847(27MB) AllocSpace objects, 0(0B) LOS objects, 14% free, 94MB/110MB, paused 1.455ms total 121.086ms
I/art: Background sticky concurrent mark sweep GC freed 1026370(25MB) AllocSpace objects, 0(0B) LOS objects, 12% free, 96MB/110MB, paused 1.219ms total 109.881ms
I/art: Background sticky concurrent mark sweep GC freed 877840(21MB) AllocSpace objects, 0(0B) LOS objects, 9% free, 99MB/110MB, paused 3.638ms total 102.751ms
I/art: Background partial concurrent mark sweep GC freed 1864733(48MB) AllocSpace objects, 0(0B) LOS objects, 13% free, 99MB/115MB, paused 2.267ms total 320.429ms
I/art: Background sticky concurrent mark sweep GC freed 1404486(34MB) AllocSpace objects, 0(0B) LOS objects, 14% free, 96MB/112MB, paused 1.181ms total 117.325ms
I/art: Background partial concurrent mark sweep GC freed 1664594(45MB) AllocSpace objects, 0(0B) LOS objects, 14% free, 95MB/111MB, paused 1.081ms total 214.686ms
I/art: Background partial concurrent mark sweep GC freed 1707085(45MB) AllocSpace objects, 0(0B) LOS objects, 14% free, 97MB/113MB, paused 1.196ms total 207.704ms
I/art: Background partial concurrent mark sweep GC freed 1810108(49MB) AllocSpace objects, 0(0B) LOS objects, 14% free, 97MB/113MB, paused 1.141ms total 210.108ms
I/art: Background partial concurrent mark sweep GC freed 1692401(45MB) AllocSpace objects, 0(0B) LOS objects, 14% free, 97MB/113MB, paused 2.093ms total 222.645ms
I/art: Background partial concurrent mark sweep GC freed 1628283(44MB) AllocSpace objects, 0(0B) LOS objects, 14% free, 97MB/113MB, paused 1.192ms total 203.176ms
I/art: Background partial concurrent mark sweep GC freed 1650370(45MB) AllocSpace objects, 0(0B) LOS objects, 14% free, 97MB/113MB, paused 3.382ms total 204.198ms
I/art: Background partial concurrent mark sweep GC freed 1744201(47MB) AllocSpace objects, 0(0B) LOS objects, 14% free, 97MB/113MB, paused 2.617ms total 216.486ms
I/art: Background partial concurrent mark sweep GC freed 1571811(42MB) AllocSpace objects, 0(0B) LOS objects, 13% free, 101MB/117MB, paused 3.083ms total 212.677ms
I/art: Background sticky concurrent mark sweep GC freed 1115131(27MB) AllocSpace objects, 0(0B) LOS objects, 13% free, 101MB/116MB, paused 925us total 101.794ms
I/art: Background sticky concurrent mark sweep GC freed 1039663(25MB) AllocSpace objects, 0(0B) LOS objects, 11% free, 103MB/116MB, paused 925us total 102.798ms
I/art: Background partial concurrent mark sweep GC freed 1979835(52MB) AllocSpace objects, 0(0B) LOS objects, 13% free, 101MB/117MB, paused 1.653ms total 325.141ms
I/art: Background sticky concurrent mark sweep GC freed 1411599(35MB) AllocSpace objects, 0(0B) LOS objects, 14% free, 96MB/112MB, paused 970us total 134.203ms
I/art: Background sticky concurrent mark sweep GC freed 1116200(27MB) AllocSpace objects, 0(0B) LOS objects, 13% free, 97MB/112MB, paused 3.164ms total 111.780ms
I/art: Background partial concurrent mark sweep GC freed 1777503(48MB) AllocSpace objects, 0(0B) LOS objects, 14% free, 97MB/113MB, paused 1.043ms total 217.435ms
I/art: Background sticky concurrent mark sweep GC freed 1314248(32MB) AllocSpace objects, 0(0B) LOS objects, 14% free, 94MB/110MB, paused 887us total 101.555ms
I/art: Background partial concurrent mark sweep GC freed 1580823(43MB) AllocSpace objects, 0(0B) LOS objects, 13% free, 100MB/116MB, paused 2.616ms total 210.491ms
I/art: Background partial concurrent mark sweep GC freed 1806279(49MB) AllocSpace objects, 0(0B) LOS objects, 13% free, 98MB/114MB, paused 2.378ms total 205.870ms
I/art: Background partial concurrent mark sweep GC freed 1807292(48MB) AllocSpace objects, 0(0B) LOS objects, 14% free, 97MB/113MB, paused 1.035ms total 226.062ms
I/art: Background sticky concurrent mark sweep GC freed 1358993(33MB) AllocSpace objects, 0(0B) LOS objects, 14% free, 93MB/109MB, paused 785us total 103.840ms
I/art: Background partial concurrent mark sweep GC freed 1589861(43MB) AllocSpace objects, 0(0B) LOS objects, 14% free, 96MB/112MB, paused 2.104ms total 200.560ms
I/art: Background sticky concurrent mark sweep GC freed 1020076(25MB) AllocSpace objects, 0(0B) LOS objects, 10% free, 99MB/111MB, paused 1.139ms total 102.755ms
I/art: Background partial concurrent mark sweep GC freed 1784602(47MB) AllocSpace objects, 0(0B) LOS objects, 13% free, 98MB/114MB, paused 3.822ms total 303.647ms
I/art: Background sticky concurrent mark sweep GC freed 1320814(32MB) AllocSpace objects, 0(0B) LOS objects, 14% free, 97MB/113MB, paused 2.257ms total 138.263ms
I/art: Background sticky concurrent mark sweep GC freed 1137894(28MB) AllocSpace objects, 0(0B) LOS objects, 13% free, 98MB/113MB, paused 1.030ms total 114.445ms
I/art: Background partial concurrent mark sweep GC freed 1747914(48MB) AllocSpace objects, 0(0B) LOS objects, 14% free, 97MB/113MB, paused 999us total 207.245ms
I/art: Background partial concurrent mark sweep GC freed 1550588(42MB) AllocSpace objects, 0(0B) LOS objects, 14% free, 96MB/112MB, paused 1.573ms total 203.919ms
I/art: Background partial concurrent mark sweep GC freed 1651772(46MB) AllocSpace objects, 0(0B) LOS objects, 14% free, 96MB/112MB, paused 986us total 194.160ms
I/art: Background partial concurrent mark sweep GC freed 1687392(46MB) AllocSpace objects, 0(0B) LOS objects, 13% free, 98MB/114MB, paused 1.793ms total 302.120ms
I/art: Background sticky concurrent mark sweep GC freed 1298543(32MB) AllocSpace objects, 0(0B) LOS objects, 14% free, 94MB/110MB, paused 1.010ms total 124.605ms
I/art: Background sticky concurrent mark sweep GC freed 1109117(27MB) AllocSpace objects, 0(0B) LOS objects, 13% free, 95MB/110MB, paused 1.439ms total 112.444ms
I/art: Background partial concurrent mark sweep GC freed 1698199(46MB) AllocSpace objects, 0(0B) LOS objects, 14% free, 96MB/112MB, paused 973us total 215.763ms
I/art: Background partial concurrent mark sweep GC freed 1654528(45MB) AllocSpace objects, 0(0B) LOS objects, 14% free, 96MB/112MB, paused 1.085ms total 200.773ms
I/art: Background sticky concurrent mark sweep GC freed 936940(22MB) AllocSpace objects, 0(0B) LOS objects, 9% free, 99MB/110MB, paused 5.516ms total 83.950ms
I/art: Background partial concurrent mark sweep GC freed 1572955(42MB) AllocSpace objects, 0(0B) LOS objects, 13% free, 100MB/116MB, paused 1.221ms total 212.870ms
I/art: Background partial concurrent mark sweep GC freed 1818981(50MB) AllocSpace objects, 0(0B) LOS objects, 14% free, 97MB/113MB, paused 2.181ms total 241.720ms
I/art: Background sticky concurrent mark sweep GC freed 1359839(33MB) AllocSpace objects, 0(0B) LOS objects, 14% free, 93MB/109MB, paused 1.096ms total 135.334ms
I/art: Background sticky concurrent mark sweep GC freed 1149597(28MB) AllocSpace objects, 0(0B) LOS objects, 14% free, 93MB/109MB, paused 924us total 117.510ms
I/art: Background sticky concurrent mark sweep GC freed 1057357(26MB) AllocSpace objects, 0(0B) LOS objects, 13% free, 94MB/109MB, paused 995us total 107.486ms
I/art: Background sticky concurrent mark sweep GC freed 990265(24MB) AllocSpace objects, 0(0B) LOS objects, 12% free, 96MB/109MB, paused 1.545ms total 101.655ms
I/art: Background partial concurrent mark sweep GC freed 1632394(45MB) AllocSpace objects, 0(0B) LOS objects, 14% free, 96MB/112MB, paused 1.198ms total 207.871ms
I/art: Background partial concurrent mark sweep GC freed 1580662(43MB) AllocSpace objects, 0(0B) LOS objects, 13% free, 100MB/116MB, paused 1.267ms total 212.083ms
I/art: Background partial concurrent mark sweep GC freed 1848761(51MB) AllocSpace objects, 0(0B) LOS objects, 14% free, 96MB/112MB, paused 1.367ms total 312.823ms
I/art: Background sticky concurrent mark sweep GC freed 1361698(33MB) AllocSpace objects, 0(0B) LOS objects, 14% free, 93MB/109MB, paused 1.392ms total 137.341ms
I/art: Background sticky concurrent mark sweep GC freed 1155994(28MB) AllocSpace objects, 0(0B) LOS objects, 14% free, 94MB/109MB, paused 862us total 118.510ms
I/art: Background sticky concurrent mark sweep GC freed 1059234(26MB) AllocSpace objects, 0(0B) LOS objects, 13% free, 94MB/109MB, paused 1.976ms total 108.164ms
I/art: Background sticky concurrent mark sweep GC freed 981296(24MB) AllocSpace objects, 0(0B) LOS objects, 12% free, 96MB/109MB, paused 1.445ms total 103.605ms
I/art: Background partial concurrent mark sweep GC freed 1651095(44MB) AllocSpace objects, 0(0B) LOS objects, 14% free, 98MB/114MB, paused 2.019ms total 215.396ms
I/art: Background partial concurrent mark sweep GC freed 1779173(47MB) AllocSpace objects, 0(0B) LOS objects, 14% free, 96MB/112MB, paused 1.007ms total 214.543ms
I/art: Background partial concurrent mark sweep GC freed 1685457(45MB) AllocSpace objects, 0(0B) LOS objects, 14% free, 97MB/113MB, paused 1.079ms total 205.133ms
I/art: Background partial concurrent mark sweep GC freed 1633244(45MB) AllocSpace objects, 0(0B) LOS objects, 14% free, 96MB/112MB, paused 1.092ms total 197.695ms
D/MyBenchmarkHandler: FFT Java_Princeton_Recursive blockSize 262144
I/art: Background partial concurrent mark sweep GC freed 1607544(43MB) AllocSpace objects, 0(0B) LOS objects, 13% free, 99MB/115MB, paused 2.368ms total 287.805ms
I/art: Background sticky concurrent mark sweep GC freed 1256840(31MB) AllocSpace objects, 0(0B) LOS objects, 13% free, 98MB/114MB, paused 1.679ms total 122.724ms
I/art: Background sticky concurrent mark sweep GC freed 1101843(27MB) AllocSpace objects, 0(0B) LOS objects, 12% free, 100MB/114MB, paused 1.213ms total 116.199ms
I/art: Background sticky concurrent mark sweep GC freed 657480(15MB) AllocSpace objects, 0(0B) LOS objects, 1% free, 112MB/114MB, paused 2.489ms total 131.856ms
I/art: Background partial concurrent mark sweep GC freed 1894212(50MB) AllocSpace objects, 0(0B) LOS objects, 13% free, 99MB/115MB, paused 2.375ms total 311.444ms
I/art: Background sticky concurrent mark sweep GC freed 1368522(33MB) AllocSpace objects, 0(0B) LOS objects, 14% free, 96MB/112MB, paused 1.517ms total 141.963ms
I/art: Background sticky concurrent mark sweep GC freed 1154784(28MB) AllocSpace objects, 0(0B) LOS objects, 13% free, 97MB/112MB, paused 1.156ms total 121.820ms
I/art: Background sticky concurrent mark sweep GC freed 1049754(26MB) AllocSpace objects, 0(0B) LOS objects, 13% free, 98MB/112MB, paused 2.170ms total 109.972ms
I/art: Background sticky concurrent mark sweep GC freed 956513(23MB) AllocSpace objects, 0(0B) LOS objects, 10% free, 101MB/112MB, paused 1.056ms total 108.506ms
I/art: Background partial concurrent mark sweep GC freed 1839840(48MB) AllocSpace objects, 0(0B) LOS objects, 13% free, 103MB/119MB, paused 2.437ms total 326.313ms
I/art: Background sticky concurrent mark sweep GC freed 1337203(33MB) AllocSpace objects, 0(0B) LOS objects, 13% free, 102MB/118MB, paused 1.412ms total 105.278ms
I/art: Background partial concurrent mark sweep GC freed 1824436(49MB) AllocSpace objects, 0(0B) LOS objects, 13% free, 100MB/116MB, paused 2.325ms total 218.336ms
I/art: Background partial concurrent mark sweep GC freed 1816750(49MB) AllocSpace objects, 0(0B) LOS objects, 13% free, 99MB/115MB, paused 3.731ms total 218.330ms
I/art: Background sticky concurrent mark sweep GC freed 1110172(27MB) AllocSpace objects, 0(0B) LOS objects, 11% free, 100MB/113MB, paused 1.545ms total 101.659ms
I/art: Background partial concurrent mark sweep GC freed 1696956(44MB) AllocSpace objects, 0(0B) LOS objects, 12% free, 109MB/125MB, paused 2.353ms total 343.820ms
I/art: Background sticky concurrent mark sweep GC freed 1283276(31MB) AllocSpace objects, 0(0B) LOS objects, 13% free, 106MB/122MB, paused 1.291ms total 117.264ms
I/art: Background sticky concurrent mark sweep GC freed 1110154(27MB) AllocSpace objects, 0(0B) LOS objects, 12% free, 107MB/122MB, paused 1.452ms total 108.012ms
I/art: Background sticky concurrent mark sweep GC freed 836001(20MB) AllocSpace objects, 0(0B) LOS objects, 5% free, 115MB/122MB, paused 2.299ms total 119.227ms
I/art: Background partial concurrent mark sweep GC freed 2127365(56MB) AllocSpace objects, 0(0B) LOS objects, 13% free, 104MB/120MB, paused 1.590ms total 338.254ms
I/art: Background sticky concurrent mark sweep GC freed 1465562(36MB) AllocSpace objects, 0(0B) LOS objects, 13% free, 99MB/115MB, paused 1.127ms total 138.033ms
I/art: Background sticky concurrent mark sweep GC freed 1196847(29MB) AllocSpace objects, 0(0B) LOS objects, 13% free, 98MB/114MB, paused 1.179ms total 114.827ms
I/art: Background sticky concurrent mark sweep GC freed 1065724(26MB) AllocSpace objects, 0(0B) LOS objects, 12% free, 100MB/114MB, paused 1.218ms total 101.158ms
I/art: Background sticky concurrent mark sweep GC freed 832640(19MB) AllocSpace objects, 0(0B) LOS objects, 5% free, 108MB/114MB, paused 8.348ms total 127.412ms
I/art: Background partial concurrent mark sweep GC freed 1928566(51MB) AllocSpace objects, 0(0B) LOS objects, 13% free, 99MB/115MB, paused 2.098ms total 319.714ms
I/art: Background sticky concurrent mark sweep GC freed 1385130(34MB) AllocSpace objects, 0(0B) LOS objects, 14% free, 97MB/113MB, paused 1.742ms total 146.514ms
I/art: Background sticky concurrent mark sweep GC freed 1164675(28MB) AllocSpace objects, 0(0B) LOS objects, 14% free, 97MB/113MB, paused 1.227ms total 123.882ms
I/art: Background sticky concurrent mark sweep GC freed 1067735(26MB) AllocSpace objects, 0(0B) LOS objects, 13% free, 98MB/113MB, paused 1.188ms total 111.193ms
I/art: Background partial concurrent mark sweep GC freed 1702756(45MB) AllocSpace objects, 0(0B) LOS objects, 13% free, 105MB/121MB, paused 1.554ms total 244.631ms
I/art: Background partial concurrent mark sweep GC freed 1968546(52MB) AllocSpace objects, 0(0B) LOS objects, 13% free, 104MB/120MB, paused 2.562ms total 240.106ms
I/art: Background partial concurrent mark sweep GC freed 1844061(50MB) AllocSpace objects, 0(0B) LOS objects, 13% free, 100MB/116MB, paused 1.660ms total 294.551ms
I/art: Background sticky concurrent mark sweep GC freed 1354789(33MB) AllocSpace objects, 0(0B) LOS objects, 14% free, 97MB/113MB, paused 1.188ms total 125.221ms
I/art: Background sticky concurrent mark sweep GC freed 1159416(28MB) AllocSpace objects, 0(0B) LOS objects, 13% free, 98MB/113MB, paused 1.307ms total 112.798ms
I/art: Background sticky concurrent mark sweep GC freed 1063184(26MB) AllocSpace objects, 0(0B) LOS objects, 12% free, 99MB/113MB, paused 1.091ms total 101.267ms
I/art: Background sticky concurrent mark sweep GC freed 685944(15MB) AllocSpace objects, 0(0B) LOS objects, 2% free, 111MB/113MB, paused 15.676ms total 136.415ms
I/art: Background partial concurrent mark sweep GC freed 1864287(49MB) AllocSpace objects, 0(0B) LOS objects, 13% free, 98MB/114MB, paused 2.416ms total 311.149ms
I/art: Background sticky concurrent mark sweep GC freed 1371835(34MB) AllocSpace objects, 0(0B) LOS objects, 14% free, 94MB/110MB, paused 1.174ms total 139.015ms
I/art: Background sticky concurrent mark sweep GC freed 1128647(27MB) AllocSpace objects, 0(0B) LOS objects, 13% free, 95MB/110MB, paused 1.200ms total 124.840ms
I/art: Background sticky concurrent mark sweep GC freed 1007574(24MB) AllocSpace objects, 0(0B) LOS objects, 12% free, 97MB/110MB, paused 1.168ms total 108.519ms
I/art: Background sticky concurrent mark sweep GC freed 866469(21MB) AllocSpace objects, 0(0B) LOS objects, 9% free, 100MB/110MB, paused 3.948ms total 101.784ms
I/art: Background partial concurrent mark sweep GC freed 1826807(47MB) AllocSpace objects, 0(0B) LOS objects, 13% free, 102MB/118MB, paused 1.713ms total 250.835ms
I/art: Background sticky concurrent mark sweep GC freed 1373806(33MB) AllocSpace objects, 0(0B) LOS objects, 13% free, 99MB/115MB, paused 1.516ms total 107.828ms
I/art: Background partial concurrent mark sweep GC freed 1787546(48MB) AllocSpace objects, 0(0B) LOS objects, 14% free, 97MB/113MB, paused 1.610ms total 205.677ms
I/art: Background partial concurrent mark sweep GC freed 1640044(43MB) AllocSpace objects, 0(0B) LOS objects, 12% free, 109MB/125MB, paused 4.056ms total 296.399ms
I/art: Background sticky concurrent mark sweep GC freed 1276186(31MB) AllocSpace objects, 0(0B) LOS objects, 12% free, 107MB/123MB, paused 1.249ms total 122.106ms
I/art: Background sticky concurrent mark sweep GC freed 1103888(27MB) AllocSpace objects, 0(0B) LOS objects, 11% free, 109MB/123MB, paused 1.993ms total 113.134ms
I/art: Background sticky concurrent mark sweep GC freed 865441(20MB) AllocSpace objects, 0(0B) LOS objects, 7% free, 114MB/123MB, paused 1.019ms total 106.912ms
I/art: Background partial concurrent mark sweep GC freed 2251237(59MB) AllocSpace objects, 0(0B) LOS objects, 13% free, 106MB/122MB, paused 1.647ms total 353.661ms
I/art: Background sticky concurrent mark sweep GC freed 1533594(37MB) AllocSpace objects, 0(0B) LOS objects, 13% free, 101MB/117MB, paused 3.270ms total 147.995ms
I/art: Background sticky concurrent mark sweep GC freed 1213926(30MB) AllocSpace objects, 0(0B) LOS objects, 13% free, 100MB/116MB, paused 1.760ms total 114.136ms
I/art: Background sticky concurrent mark sweep GC freed 1021626(24MB) AllocSpace objects, 0(0B) LOS objects, 9% free, 104MB/116MB, paused 7.351ms total 118.088ms
I/art: Background sticky concurrent mark sweep GC freed 748093(17MB) AllocSpace objects, 0(0B) LOS objects, 5% free, 110MB/116MB, paused 1.272ms total 114.792ms
I/art: Background partial concurrent mark sweep GC freed 2020143(53MB) AllocSpace objects, 0(0B) LOS objects, 13% free, 100MB/116MB, paused 2.055ms total 333.957ms
I/art: Background sticky concurrent mark sweep GC freed 1449081(35MB) AllocSpace objects, 0(0B) LOS objects, 14% free, 96MB/112MB, paused 872us total 111.277ms
I/art: Background partial concurrent mark sweep GC freed 1292723(35MB) AllocSpace objects, 0(0B) LOS objects, 12% free, 108MB/124MB, paused 15.292ms total 239.915ms
I/art: Background sticky concurrent mark sweep GC freed 681875(16MB) AllocSpace objects, 0(0B) LOS objects, 4% free, 118MB/124MB, paused 8.595ms total 86.431ms
I/art: Background partial concurrent mark sweep GC freed 2128285(57MB) AllocSpace objects, 0(0B) LOS objects, 13% free, 103MB/119MB, paused 2.277ms total 246.357ms
I/art: Background sticky concurrent mark sweep GC freed 1399619(34MB) AllocSpace objects, 0(0B) LOS objects, 13% free, 101MB/117MB, paused 1.750ms total 105.770ms
I/art: Background partial concurrent mark sweep GC freed 1969034(52MB) AllocSpace objects, 0(0B) LOS objects, 13% free, 100MB/116MB, paused 1.326ms total 260.599ms
I/art: Background sticky concurrent mark sweep GC freed 1421900(35MB) AllocSpace objects, 0(0B) LOS objects, 14% free, 96MB/112MB, paused 1.056ms total 146.153ms
I/art: Background sticky concurrent mark sweep GC freed 1165743(28MB) AllocSpace objects, 0(0B) LOS objects, 14% free, 95MB/111MB, paused 1.464ms total 112.004ms
I/art: Background sticky concurrent mark sweep GC freed 1063157(26MB) AllocSpace objects, 0(0B) LOS objects, 12% free, 96MB/111MB, paused 2.130ms total 109.282ms
I/art: Background sticky concurrent mark sweep GC freed 957665(23MB) AllocSpace objects, 0(0B) LOS objects, 9% free, 101MB/111MB, paused 1.416ms total 119.546ms
I/art: Background partial concurrent mark sweep GC freed 1824139(47MB) AllocSpace objects, 0(0B) LOS objects, 13% free, 102MB/118MB, paused 1.584ms total 317.529ms
I/art: Background sticky concurrent mark sweep GC freed 1323442(32MB) AllocSpace objects, 0(0B) LOS objects, 13% free, 99MB/115MB, paused 934us total 132.529ms
I/art: Background sticky concurrent mark sweep GC freed 1138950(28MB) AllocSpace objects, 0(0B) LOS objects, 13% free, 100MB/115MB, paused 1.216ms total 116.264ms
I/art: Background sticky concurrent mark sweep GC freed 967106(23MB) AllocSpace objects, 0(0B) LOS objects, 9% free, 104MB/115MB, paused 7.497ms total 115.336ms
I/art: Background partial concurrent mark sweep GC freed 2005084(52MB) AllocSpace objects, 0(0B) LOS objects, 13% free, 99MB/115MB, paused 1.375ms total 332.554ms
I/art: Background sticky concurrent mark sweep GC freed 1457508(36MB) AllocSpace objects, 0(0B) LOS objects, 14% free, 95MB/111MB, paused 1.147ms total 149.450ms
I/art: Background sticky concurrent mark sweep GC freed 1185405(29MB) AllocSpace objects, 0(0B) LOS objects, 14% free, 94MB/110MB, paused 1.194ms total 119.064ms
I/art: Background partial concurrent mark sweep GC freed 1427332(38MB) AllocSpace objects, 0(0B) LOS objects, 12% free, 110MB/126MB, paused 16.114ms total 250.510ms
I/art: Background partial concurrent mark sweep GC freed 2173834(59MB) AllocSpace objects, 0(0B) LOS objects, 13% free, 105MB/121MB, paused 2.979ms total 338.444ms
I/art: Background sticky concurrent mark sweep GC freed 1414751(34MB) AllocSpace objects, 0(0B) LOS objects, 13% free, 103MB/119MB, paused 2.373ms total 143.555ms
I/art: Background partial concurrent mark sweep GC freed 1866975(50MB) AllocSpace objects, 0(0B) LOS objects, 13% free, 101MB/117MB, paused 3.119ms total 306.801ms
I/art: Background sticky concurrent mark sweep GC freed 1313426(32MB) AllocSpace objects, 0(0B) LOS objects, 13% free, 100MB/116MB, paused 4.482ms total 130.052ms
I/art: Background sticky concurrent mark sweep GC freed 1137120(28MB) AllocSpace objects, 0(0B) LOS objects, 13% free, 100MB/116MB, paused 1.165ms total 110.984ms
I/art: Background sticky concurrent mark sweep GC freed 882265(21MB) AllocSpace objects, 0(0B) LOS objects, 7% free, 107MB/116MB, paused 3.928ms total 116.271ms
I/art: Background partial concurrent mark sweep GC freed 2002827(52MB) AllocSpace objects, 0(0B) LOS objects, 13% free, 99MB/115MB, paused 1.683ms total 332.840ms
I/art: Background sticky concurrent mark sweep GC freed 1445364(35MB) AllocSpace objects, 0(0B) LOS objects, 14% free, 95MB/111MB, paused 1.268ms total 149.095ms
I/art: Background sticky concurrent mark sweep GC freed 1181390(29MB) AllocSpace objects, 0(0B) LOS objects, 14% free, 95MB/111MB, paused 1.164ms total 123.546ms
I/art: Background sticky concurrent mark sweep GC freed 1061184(26MB) AllocSpace objects, 0(0B) LOS objects, 13% free, 96MB/111MB, paused 1.561ms total 109.921ms
I/art: Background sticky concurrent mark sweep GC freed 929349(22MB) AllocSpace objects, 0(0B) LOS objects, 10% free, 99MB/111MB, paused 3.300ms total 106.139ms
I/art: Background sticky concurrent mark sweep GC freed 841519(20MB) AllocSpace objects, 0(0B) LOS objects, 8% free, 101MB/111MB, paused 1.156ms total 104.252ms
I/art: Background partial concurrent mark sweep GC freed 1827506(47MB) AllocSpace objects, 0(0B) LOS objects, 13% free, 101MB/117MB, paused 1.231ms total 259.491ms
I/art: Background sticky concurrent mark sweep GC freed 1315538(32MB) AllocSpace objects, 0(0B) LOS objects, 13% free, 98MB/114MB, paused 1.201ms total 101.416ms
I/art: Background partial concurrent mark sweep GC freed 1837464(49MB) AllocSpace objects, 0(0B) LOS objects, 14% free, 97MB/113MB, paused 1.185ms total 219.691ms
I/art: Background sticky concurrent mark sweep GC freed 1321282(32MB) AllocSpace objects, 0(0B) LOS objects, 14% free, 95MB/111MB, paused 1.100ms total 100.771ms
I/art: Background partial concurrent mark sweep GC freed 1490232(40MB) AllocSpace objects, 0(0B) LOS objects, 13% free, 106MB/122MB, paused 2.284ms total 235.781ms
I/art: Background partial concurrent mark sweep GC freed 2053078(54MB) AllocSpace objects, 0(0B) LOS objects, 13% free, 105MB/121MB, paused 2.393ms total 328.865ms
I/art: Background sticky concurrent mark sweep GC freed 1434480(35MB) AllocSpace objects, 0(0B) LOS objects, 13% free, 100MB/116MB, paused 1.659ms total 130.256ms
I/art: Background sticky concurrent mark sweep GC freed 1160761(28MB) AllocSpace objects, 0(0B) LOS objects, 11% free, 103MB/116MB, paused 2.917ms total 116.979ms
I/art: Background sticky concurrent mark sweep GC freed 692566(16MB) AllocSpace objects, 0(0B) LOS objects, 7% free, 107MB/116MB, paused 8.408ms total 85.974ms
I/art: Background partial concurrent mark sweep GC freed 1963965(52MB) AllocSpace objects, 0(0B) LOS objects, 13% free, 102MB/118MB, paused 5.292ms total 332.453ms
I/art: Background sticky concurrent mark sweep GC freed 1396831(34MB) AllocSpace objects, 0(0B) LOS objects, 13% free, 99MB/115MB, paused 2.019ms total 136.202ms
I/art: Background sticky concurrent mark sweep GC freed 1160882(28MB) AllocSpace objects, 0(0B) LOS objects, 12% free, 101MB/115MB, paused 1.169ms total 132.081ms
I/art: Background sticky concurrent mark sweep GC freed 987114(24MB) AllocSpace objects, 0(0B) LOS objects, 12% free, 101MB/115MB, paused 1.769ms total 100.404ms
I/art: Background partial concurrent mark sweep GC freed 1691236(45MB) AllocSpace objects, 0(0B) LOS objects, 12% free, 109MB/125MB, paused 2.821ms total 349.823ms
I/art: Background partial concurrent mark sweep GC freed 2102008(56MB) AllocSpace objects, 0(0B) LOS objects, 13% free, 104MB/120MB, paused 1.588ms total 236.082ms
I/art: Background partial concurrent mark sweep GC freed 1899080(51MB) AllocSpace objects, 0(0B) LOS objects, 13% free, 102MB/118MB, paused 3.083ms total 266.586ms
I/art: Background sticky concurrent mark sweep GC freed 1353650(33MB) AllocSpace objects, 0(0B) LOS objects, 13% free, 100MB/116MB, paused 1.919ms total 131.548ms
I/art: Background sticky concurrent mark sweep GC freed 1149460(28MB) AllocSpace objects, 0(0B) LOS objects, 13% free, 100MB/116MB, paused 869us total 109.142ms
I/art: Background sticky concurrent mark sweep GC freed 1069272(26MB) AllocSpace objects, 0(0B) LOS objects, 12% free, 101MB/116MB, paused 1.121ms total 104.001ms
I/art: Background sticky concurrent mark sweep GC freed 881682(21MB) AllocSpace objects, 0(0B) LOS objects, 9% free, 105MB/116MB, paused 4.551ms total 106.290ms
I/art: Background partial concurrent mark sweep GC freed 1974372(51MB) AllocSpace objects, 0(0B) LOS objects, 13% free, 99MB/115MB, paused 1.821ms total 330.186ms
I/art: Background sticky concurrent mark sweep GC freed 1438488(35MB) AllocSpace objects, 0(0B) LOS objects, 14% free, 95MB/111MB, paused 1.170ms total 150.971ms
I/art: Background sticky concurrent mark sweep GC freed 1178753(29MB) AllocSpace objects, 0(0B) LOS objects, 14% free, 95MB/111MB, paused 1.092ms total 125.936ms
I/art: Background sticky concurrent mark sweep GC freed 1070131(26MB) AllocSpace objects, 0(0B) LOS objects, 13% free, 96MB/111MB, paused 1.373ms total 115.697ms
I/art: Background sticky concurrent mark sweep GC freed 915528(22MB) AllocSpace objects, 0(0B) LOS objects, 9% free, 100MB/111MB, paused 4.293ms total 107.611ms
I/art: Background partial concurrent mark sweep GC freed 1752108(46MB) AllocSpace objects, 0(0B) LOS objects, 13% free, 102MB/118MB, paused 2.210ms total 321.820ms
I/art: Background sticky concurrent mark sweep GC freed 1298942(32MB) AllocSpace objects, 0(0B) LOS objects, 13% free, 102MB/118MB, paused 2.270ms total 131.755ms
I/art: Background sticky concurrent mark sweep GC freed 1130420(27MB) AllocSpace objects, 0(0B) LOS objects, 12% free, 103MB/118MB, paused 1.410ms total 119.031ms
I/art: Background partial concurrent mark sweep GC freed 1937143(52MB) AllocSpace objects, 0(0B) LOS objects, 13% free, 101MB/117MB, paused 1.214ms total 222.365ms
I/art: Background partial concurrent mark sweep GC freed 1883455(50MB) AllocSpace objects, 0(0B) LOS objects, 13% free, 98MB/114MB, paused 1.369ms total 231.667ms
I/art: Background sticky concurrent mark sweep GC freed 1389083(34MB) AllocSpace objects, 0(0B) LOS objects, 14% free, 96MB/112MB, paused 1.480ms total 109.486ms
I/art: Background partial concurrent mark sweep GC freed 1693997(45MB) AllocSpace objects, 0(0B) LOS objects, 13% free, 104MB/120MB, paused 2.450ms total 317.406ms
I/art: Background sticky concurrent mark sweep GC freed 1298561(31MB) AllocSpace objects, 0(0B) LOS objects, 13% free, 103MB/119MB, paused 1.094ms total 128.164ms
I/art: Background sticky concurrent mark sweep GC freed 1109557(27MB) AllocSpace objects, 0(0B) LOS objects, 13% free, 103MB/119MB, paused 1.547ms total 112.157ms
I/art: Background sticky concurrent mark sweep GC freed 1020475(25MB) AllocSpace objects, 0(0B) LOS objects, 11% free, 105MB/119MB, paused 2.431ms total 103.793ms
I/art: Background sticky concurrent mark sweep GC freed 955125(23MB) AllocSpace objects, 0(0B) LOS objects, 11% free, 106MB/119MB, paused 1.618ms total 101.584ms
I/art: Background sticky concurrent mark sweep GC freed 601509(14MB) AllocSpace objects, 0(0B) LOS objects, 4% free, 113MB/119MB, paused 1.135ms total 100.636ms
I/art: Background partial concurrent mark sweep GC freed 2025528(54MB) AllocSpace objects, 0(0B) LOS objects, 13% free, 103MB/119MB, paused 3.182ms total 329.149ms
I/art: Background sticky concurrent mark sweep GC freed 1404374(34MB) AllocSpace objects, 0(0B) LOS objects, 13% free, 99MB/115MB, paused 2.202ms total 134.111ms
I/art: Background sticky concurrent mark sweep GC freed 1177348(29MB) AllocSpace objects, 0(0B) LOS objects, 13% free, 98MB/114MB, paused 1.053ms total 108.807ms
I/art: Background sticky concurrent mark sweep GC freed 1056686(26MB) AllocSpace objects, 0(0B) LOS objects, 11% free, 101MB/114MB, paused 2.553ms total 105.265ms
I/art: Background sticky concurrent mark sweep GC freed 834081(19MB) AllocSpace objects, 0(0B) LOS objects, 1% free, 112MB/114MB, paused 2.575ms total 151.717ms
I/art: Background partial concurrent mark sweep GC freed 1887513(50MB) AllocSpace objects, 0(0B) LOS objects, 13% free, 99MB/115MB, paused 3.913ms total 311.629ms
I/art: Background sticky concurrent mark sweep GC freed 1345427(33MB) AllocSpace objects, 0(0B) LOS objects, 14% free, 96MB/112MB, paused 1.480ms total 139.816ms
I/art: Background sticky concurrent mark sweep GC freed 1142285(28MB) AllocSpace objects, 0(0B) LOS objects, 13% free, 97MB/112MB, paused 1.083ms total 122.655ms
I/art: Background sticky concurrent mark sweep GC freed 1038914(25MB) AllocSpace objects, 0(0B) LOS objects, 13% free, 97MB/112MB, paused 1.276ms total 108.393ms
I/art: Background sticky concurrent mark sweep GC freed 994105(24MB) AllocSpace objects, 0(0B) LOS objects, 9% free, 101MB/112MB, paused 1.918ms total 119.754ms
I/art: Background partial concurrent mark sweep GC freed 1460405(39MB) AllocSpace objects, 0(0B) LOS objects, 12% free, 109MB/125MB, paused 15.858ms total 255.293ms
I/art: Background partial concurrent mark sweep GC freed 2099478(57MB) AllocSpace objects, 0(0B) LOS objects, 13% free, 104MB/120MB, paused 1.138ms total 245.711ms
I/art: Background sticky concurrent mark sweep GC freed 1424638(35MB) AllocSpace objects, 0(0B) LOS objects, 13% free, 99MB/115MB, paused 1.228ms total 102.114ms
I/art: Background sticky concurrent mark sweep GC freed 1047766(24MB) AllocSpace objects, 0(0B) LOS objects, 5% free, 109MB/115MB, paused 2.683ms total 158.028ms
I/art: Background partial concurrent mark sweep GC freed 1996743(52MB) AllocSpace objects, 0(0B) LOS objects, 13% free, 100MB/116MB, paused 1.696ms total 329.988ms
I/art: Background sticky concurrent mark sweep GC freed 1447043(35MB) AllocSpace objects, 0(0B) LOS objects, 14% free, 96MB/112MB, paused 1.170ms total 149.394ms
I/art: Background sticky concurrent mark sweep GC freed 1173424(29MB) AllocSpace objects, 0(0B) LOS objects, 14% free, 94MB/110MB, paused 1.144ms total 114.956ms
I/art: Background sticky concurrent mark sweep GC freed 1065044(26MB) AllocSpace objects, 0(0B) LOS objects, 13% free, 96MB/110MB, paused 2.101ms total 107.523ms
I/art: Background sticky concurrent mark sweep GC freed 930435(22MB) AllocSpace objects, 0(0B) LOS objects, 9% free, 100MB/110MB, paused 1.112ms total 117.810ms
I/art: Background partial concurrent mark sweep GC freed 1740632(45MB) AllocSpace objects, 0(0B) LOS objects, 13% free, 101MB/117MB, paused 1.887ms total 311.328ms
I/art: Background sticky concurrent mark sweep GC freed 1313424(32MB) AllocSpace objects, 0(0B) LOS objects, 13% free, 99MB/115MB, paused 982us total 132.212ms
I/art: Background sticky concurrent mark sweep GC freed 1135275(28MB) AllocSpace objects, 0(0B) LOS objects, 13% free, 99MB/115MB, paused 1.035ms total 113.519ms
I/art: Background sticky concurrent mark sweep GC freed 1006727(24MB) AllocSpace objects, 0(0B) LOS objects, 10% free, 103MB/115MB, paused 3.458ms total 108.829ms
I/art: Background partial concurrent mark sweep GC freed 1938429(52MB) AllocSpace objects, 0(0B) LOS objects, 13% free, 101MB/117MB, paused 1.613ms total 319.566ms
I/art: Background sticky concurrent mark sweep GC freed 1385566(33MB) AllocSpace objects, 0(0B) LOS objects, 13% free, 101MB/117MB, paused 1.487ms total 119.526ms
I/art: Background partial concurrent mark sweep GC freed 1898417(52MB) AllocSpace objects, 0(0B) LOS objects, 14% free, 98MB/114MB, paused 1.164ms total 225.144ms
I/art: Background sticky concurrent mark sweep GC freed 1371294(34MB) AllocSpace objects, 0(0B) LOS objects, 14% free, 94MB/110MB, paused 884us total 100.836ms
I/art: Background partial concurrent mark sweep GC freed 1399670(37MB) AllocSpace objects, 0(0B) LOS objects, 12% free, 108MB/124MB, paused 6.168ms total 306.602ms
I/art: Background sticky concurrent mark sweep GC freed 1181668(29MB) AllocSpace objects, 0(0B) LOS objects, 11% free, 110MB/124MB, paused 1.148ms total 133.655ms
I/art: Background sticky concurrent mark sweep GC freed 994360(24MB) AllocSpace objects, 0(0B) LOS objects, 11% free, 109MB/124MB, paused 1.416ms total 101.121ms
I/art: Background sticky concurrent mark sweep GC freed 913792(22MB) AllocSpace objects, 0(0B) LOS objects, 9% free, 112MB/124MB, paused 1.172ms total 102.676ms
I/art: Background partial concurrent mark sweep GC freed 2171520(58MB) AllocSpace objects, 0(0B) LOS objects, 13% free, 104MB/120MB, paused 1.786ms total 333.698ms
I/art: Background sticky concurrent mark sweep GC freed 1488243(36MB) AllocSpace objects, 0(0B) LOS objects, 13% free, 99MB/115MB, paused 2.103ms total 140.917ms
I/art: Background sticky concurrent mark sweep GC freed 1206730(29MB) AllocSpace objects, 0(0B) LOS objects, 13% free, 98MB/114MB, paused 1.337ms total 114.841ms
I/art: Background sticky concurrent mark sweep GC freed 1085270(26MB) AllocSpace objects, 0(0B) LOS objects, 12% free, 100MB/114MB, paused 1.293ms total 101.982ms
I/art: Background sticky concurrent mark sweep GC freed 839175(19MB) AllocSpace objects, 0(0B) LOS objects, 5% free, 108MB/114MB, paused 8.088ms total 127.563ms
I/art: Background partial concurrent mark sweep GC freed 1916741(50MB) AllocSpace objects, 0(0B) LOS objects, 13% free, 99MB/115MB, paused 2.063ms total 321.409ms
I/art: Background sticky concurrent mark sweep GC freed 1381050(34MB) AllocSpace objects, 0(0B) LOS objects, 14% free, 96MB/112MB, paused 1.675ms total 145.747ms
I/art: Background sticky concurrent mark sweep GC freed 1155494(28MB) AllocSpace objects, 0(0B) LOS objects, 14% free, 97MB/112MB, paused 1.079ms total 121.507ms
I/art: Background sticky concurrent mark sweep GC freed 1051434(26MB) AllocSpace objects, 0(0B) LOS objects, 13% free, 98MB/112MB, paused 2.183ms total 111.685ms
I/art: Background sticky concurrent mark sweep GC freed 958082(23MB) AllocSpace objects, 0(0B) LOS objects, 10% free, 101MB/112MB, paused 1.476ms total 109.126ms
I/art: Background partial concurrent mark sweep GC freed 1726101(46MB) AllocSpace objects, 0(0B) LOS objects, 13% free, 102MB/118MB, paused 1.338ms total 261.274ms
I/art: Background sticky concurrent mark sweep GC freed 1219876(29MB) AllocSpace objects, 0(0B) LOS objects, 12% free, 103MB/118MB, paused 4.979ms total 100.089ms
I/art: Background sticky concurrent mark sweep GC freed 985657(23MB) AllocSpace objects, 0(0B) LOS objects, 8% free, 108MB/118MB, paused 2.240ms total 107.559ms
I/art: Background partial concurrent mark sweep GC freed 1956823(52MB) AllocSpace objects, 0(0B) LOS objects, 13% free, 100MB/116MB, paused 1.686ms total 224.830ms
I/art: Background sticky concurrent mark sweep GC freed 1318731(32MB) AllocSpace objects, 0(0B) LOS objects, 13% free, 100MB/116MB, paused 1.185ms total 105.225ms
I/art: Background partial concurrent mark sweep GC freed 1889523(51MB) AllocSpace objects, 0(0B) LOS objects, 13% free, 98MB/114MB, paused 1.221ms total 232.874ms
I/art: Background sticky concurrent mark sweep GC freed 1385585(34MB) AllocSpace objects, 0(0B) LOS objects, 14% free, 94MB/110MB, paused 981us total 104.823ms
I/art: Background sticky concurrent mark sweep GC freed 1129506(27MB) AllocSpace objects, 0(0B) LOS objects, 13% free, 95MB/110MB, paused 1.161ms total 119.521ms
I/art: Background sticky concurrent mark sweep GC freed 1019691(25MB) AllocSpace objects, 0(0B) LOS objects, 12% free, 96MB/110MB, paused 3.110ms total 107.528ms
I/art: Background sticky concurrent mark sweep GC freed 809043(19MB) AllocSpace objects, 0(0B) LOS objects, 8% free, 101MB/110MB, paused 1.379ms total 101.677ms
I/art: Background partial concurrent mark sweep GC freed 1800385(47MB) AllocSpace objects, 0(0B) LOS objects, 13% free, 101MB/117MB, paused 2.054ms total 313.086ms
I/art: Background sticky concurrent mark sweep GC freed 1347286(33MB) AllocSpace objects, 0(0B) LOS objects, 13% free, 99MB/115MB, paused 1.175ms total 136.274ms
I/art: Background sticky concurrent mark sweep GC freed 1137008(28MB) AllocSpace objects, 0(0B) LOS objects, 13% free, 99MB/115MB, paused 1.087ms total 115.906ms
I/art: Background sticky concurrent mark sweep GC freed 1002791(24MB) AllocSpace objects, 0(0B) LOS objects, 7% free, 106MB/115MB, paused 3.812ms total 123.738ms
I/art: Background partial concurrent mark sweep GC freed 1959199(51MB) AllocSpace objects, 0(0B) LOS objects, 13% free, 99MB/115MB, paused 1.639ms total 325.773ms
I/art: Background sticky concurrent mark sweep GC freed 1424782(35MB) AllocSpace objects, 0(0B) LOS objects, 14% free, 95MB/111MB, paused 1.212ms total 146.146ms
I/art: Background sticky concurrent mark sweep GC freed 1160494(28MB) AllocSpace objects, 0(0B) LOS objects, 14% free, 95MB/111MB, paused 1.347ms total 121.688ms
I/art: Background sticky concurrent mark sweep GC freed 1051429(26MB) AllocSpace objects, 0(0B) LOS objects, 13% free, 96MB/111MB, paused 3.333ms total 112.983ms
I/art: Background sticky concurrent mark sweep GC freed 916349(22MB) AllocSpace objects, 0(0B) LOS objects, 10% free, 99MB/111MB, paused 3.317ms total 102.760ms
I/art: Background sticky concurrent mark sweep GC freed 836706(20MB) AllocSpace objects, 0(0B) LOS objects, 8% free, 101MB/111MB, paused 1.221ms total 103.434ms
I/art: Background partial concurrent mark sweep GC freed 1751482(46MB) AllocSpace objects, 0(0B) LOS objects, 13% free, 101MB/117MB, paused 1.621ms total 283.861ms
I/art: Background partial concurrent mark sweep GC freed 1787864(48MB) AllocSpace objects, 0(0B) LOS objects, 13% free, 100MB/116MB, paused 2.159ms total 219.273ms
I/art: Background partial concurrent mark sweep GC freed 1919600(51MB) AllocSpace objects, 0(0B) LOS objects, 13% free, 99MB/115MB, paused 1.228ms total 230.612ms
I/art: Background sticky concurrent mark sweep GC freed 1356050(33MB) AllocSpace objects, 0(0B) LOS objects, 14% free, 96MB/112MB, paused 1.755ms total 106.481ms
I/art: Background sticky concurrent mark sweep GC freed 1038104(25MB) AllocSpace objects, 0(0B) LOS objects, 12% free, 97MB/111MB, paused 1.173ms total 107.357ms
I/art: Background sticky concurrent mark sweep GC freed 915082(22MB) AllocSpace objects, 0(0B) LOS objects, 10% free, 100MB/111MB, paused 1.004ms total 102.029ms
I/art: Background partial concurrent mark sweep GC freed 1567255(41MB) AllocSpace objects, 0(0B) LOS objects, 13% free, 106MB/122MB, paused 9.487ms total 323.736ms
I/art: Background sticky concurrent mark sweep GC freed 1183218(28MB) AllocSpace objects, 0(0B) LOS objects, 9% free, 110MB/122MB, paused 1.283ms total 147.415ms
I/art: Background partial concurrent mark sweep GC freed 2316110(60MB) AllocSpace objects, 0(0B) LOS objects, 13% free, 103MB/119MB, paused 1.729ms total 357.472ms
I/art: Background sticky concurrent mark sweep GC freed 1549239(38MB) AllocSpace objects, 0(0B) LOS objects, 13% free, 99MB/115MB, paused 1.410ms total 164.676ms
I/art: Background sticky concurrent mark sweep GC freed 1195253(29MB) AllocSpace objects, 0(0B) LOS objects, 13% free, 98MB/114MB, paused 2.898ms total 122.696ms
I/art: Background sticky concurrent mark sweep GC freed 1045946(25MB) AllocSpace objects, 0(0B) LOS objects, 9% free, 103MB/114MB, paused 1.233ms total 138.438ms
I/art: Background partial concurrent mark sweep GC freed 1986861(51MB) AllocSpace objects, 0(0B) LOS objects, 13% free, 104MB/120MB, paused 1.698ms total 337.849ms
I/art: Background sticky concurrent mark sweep GC freed 1439823(35MB) AllocSpace objects, 0(0B) LOS objects, 13% free, 100MB/116MB, paused 1.048ms total 142.714ms
I/art: Background sticky concurrent mark sweep GC freed 1175866(29MB) AllocSpace objects, 0(0B) LOS objects, 13% free, 99MB/115MB, paused 1.252ms total 118.002ms
I/art: Background sticky concurrent mark sweep GC freed 894888(21MB) AllocSpace objects, 0(0B) LOS objects, 7% free, 106MB/115MB, paused 6.798ms total 124.090ms
I/art: Background partial concurrent mark sweep GC freed 1997930(52MB) AllocSpace objects, 0(0B) LOS objects, 13% free, 99MB/115MB, paused 1.786ms total 328.454ms
I/art: Background sticky concurrent mark sweep GC freed 1415149(35MB) AllocSpace objects, 0(0B) LOS objects, 14% free, 96MB/112MB, paused 1.763ms total 145.222ms
I/art: Background partial concurrent mark sweep GC freed 1428990(38MB) AllocSpace objects, 0(0B) LOS objects, 12% free, 109MB/125MB, paused 15.629ms total 250.198ms
I/art: Background partial concurrent mark sweep GC freed 2092765(56MB) AllocSpace objects, 0(0B) LOS objects, 13% free, 106MB/122MB, paused 5.423ms total 340.291ms
I/art: Background sticky concurrent mark sweep GC freed 1443342(35MB) AllocSpace objects, 0(0B) LOS objects, 13% free, 102MB/118MB, paused 1.094ms total 130.380ms
I/art: Background sticky concurrent mark sweep GC freed 1064809(25MB) AllocSpace objects, 0(0B) LOS objects, 11% free, 104MB/118MB, paused 4.998ms total 118.693ms
I/art: Background sticky concurrent mark sweep GC freed 846782(20MB) AllocSpace objects, 0(0B) LOS objects, 7% free, 109MB/118MB, paused 1.408ms total 114.329ms
I/art: Background partial concurrent mark sweep GC freed 2102731(55MB) AllocSpace objects, 0(0B) LOS objects, 13% free, 101MB/117MB, paused 1.489ms total 335.563ms
I/art: Background sticky concurrent mark sweep GC freed 1455308(36MB) AllocSpace objects, 0(0B) LOS objects, 14% free, 97MB/113MB, paused 1.197ms total 149.252ms
I/art: Background sticky concurrent mark sweep GC freed 1179567(29MB) AllocSpace objects, 0(0B) LOS objects, 14% free, 96MB/112MB, paused 1.174ms total 121.109ms
I/art: Background sticky concurrent mark sweep GC freed 1078956(26MB) AllocSpace objects, 0(0B) LOS objects, 9% free, 101MB/112MB, paused 2.701ms total 133.635ms
I/art: Background partial concurrent mark sweep GC freed 1667817(44MB) AllocSpace objects, 0(0B) LOS objects, 13% free, 105MB/121MB, paused 2.724ms total 324.695ms
I/art: Background sticky concurrent mark sweep GC freed 1293052(31MB) AllocSpace objects, 0(0B) LOS objects, 13% free, 103MB/119MB, paused 1.038ms total 133.499ms
I/art: Background sticky concurrent mark sweep GC freed 1110186(27MB) AllocSpace objects, 0(0B) LOS objects, 13% free, 103MB/119MB, paused 1.072ms total 110.137ms
I/art: Background partial concurrent mark sweep GC freed 1963608(53MB) AllocSpace objects, 0(0B) LOS objects, 13% free, 102MB/118MB, paused 1.355ms total 232.204ms
I/art: Background partial concurrent mark sweep GC freed 1825125(49MB) AllocSpace objects, 0(0B) LOS objects, 13% free, 98MB/114MB, paused 1.243ms total 214.454ms
I/art: Background sticky concurrent mark sweep GC freed 1091837(27MB) AllocSpace objects, 0(0B) LOS objects, 13% free, 99MB/114MB, paused 1.307ms total 103.468ms
I/art: Background sticky concurrent mark sweep GC freed 1011188(24MB) AllocSpace objects, 0(0B) LOS objects, 11% free, 101MB/114MB, paused 5.775ms total 107.209ms
I/art: Background sticky concurrent mark sweep GC freed 498234(11MB) AllocSpace objects, 0(0B) LOS objects, 2% free, 111MB/114MB, paused 5.874ms total 101.012ms
I/art: Background partial concurrent mark sweep GC freed 1852294(50MB) AllocSpace objects, 0(0B) LOS objects, 14% free, 97MB/113MB, paused 3.535ms total 324.603ms
I/art: Background sticky concurrent mark sweep GC freed 1363619(33MB) AllocSpace objects, 0(0B) LOS objects, 14% free, 93MB/109MB, paused 996us total 137.287ms
I/art: Background sticky concurrent mark sweep GC freed 1144703(28MB) AllocSpace objects, 0(0B) LOS objects, 14% free, 94MB/109MB, paused 1.110ms total 120.665ms
I/art: Background sticky concurrent mark sweep GC freed 1050577(26MB) AllocSpace objects, 0(0B) LOS objects, 13% free, 94MB/109MB, paused 1.008ms total 108.061ms
I/art: Background sticky concurrent mark sweep GC freed 985921(24MB) AllocSpace objects, 0(0B) LOS objects, 11% free, 96MB/109MB, paused 1.446ms total 103.423ms
I/art: Background sticky concurrent mark sweep GC freed 880303(21MB) AllocSpace objects, 0(0B) LOS objects, 8% free, 100MB/109MB, paused 1.178ms total 110.276ms
I/art: Background partial concurrent mark sweep GC freed 1782041(46MB) AllocSpace objects, 0(0B) LOS objects, 13% free, 101MB/117MB, paused 1.578ms total 316.626ms
I/art: Background sticky concurrent mark sweep GC freed 1331116(32MB) AllocSpace objects, 0(0B) LOS objects, 13% free, 100MB/116MB, paused 1.804ms total 136.824ms
I/art: Background sticky concurrent mark sweep GC freed 1140291(28MB) AllocSpace objects, 0(0B) LOS objects, 13% free, 100MB/116MB, paused 1.229ms total 113.411ms
I/art: Background sticky concurrent mark sweep GC freed 1003457(24MB) AllocSpace objects, 0(0B) LOS objects, 10% free, 104MB/116MB, paused 3.973ms total 113.125ms
I/art: Background partial concurrent mark sweep GC freed 1888957(51MB) AllocSpace objects, 0(0B) LOS objects, 13% free, 102MB/118MB, paused 3.965ms total 314.579ms
I/art: Background sticky concurrent mark sweep GC freed 1342659(32MB) AllocSpace objects, 0(0B) LOS objects, 13% free, 102MB/118MB, paused 826us total 112.299ms
I/art: Background partial concurrent mark sweep GC freed 1913991(52MB) AllocSpace objects, 0(0B) LOS objects, 14% free, 98MB/114MB, paused 1.283ms total 227.199ms
I/art: Background partial concurrent mark sweep GC freed 1521133(41MB) AllocSpace objects, 0(0B) LOS objects, 13% free, 105MB/121MB, paused 4.048ms total 273.820ms
I/art: Background sticky concurrent mark sweep GC freed 1188782(29MB) AllocSpace objects, 0(0B) LOS objects, 10% free, 108MB/121MB, paused 1.045ms total 143.470ms
I/art: Background sticky concurrent mark sweep GC freed 965858(23MB) AllocSpace objects, 0(0B) LOS objects, 11% free, 108MB/121MB, paused 3.910ms total 105.501ms
I/art: Background sticky concurrent mark sweep GC freed 896829(22MB) AllocSpace objects, 0(0B) LOS objects, 8% free, 111MB/121MB, paused 2.204ms total 112.044ms
I/art: Background partial concurrent mark sweep GC freed 2097054(56MB) AllocSpace objects, 0(0B) LOS objects, 13% free, 102MB/118MB, paused 1.646ms total 316.092ms
I/art: Background sticky concurrent mark sweep GC freed 1437483(35MB) AllocSpace objects, 0(0B) LOS objects, 14% free, 97MB/113MB, paused 996us total 129.575ms
I/art: Background sticky concurrent mark sweep GC freed 1136624(28MB) AllocSpace objects, 0(0B) LOS objects, 13% free, 98MB/113MB, paused 906us total 107.001ms
I/art: Background sticky concurrent mark sweep GC freed 1041174(25MB) AllocSpace objects, 0(0B) LOS objects, 12% free, 100MB/113MB, paused 1.484ms total 104.460ms
I/art: Background partial concurrent mark sweep GC freed 1786932(48MB) AllocSpace objects, 0(0B) LOS objects, 13% free, 99MB/115MB, paused 2.237ms total 302.750ms
I/art: Background sticky concurrent mark sweep GC freed 1296554(32MB) AllocSpace objects, 0(0B) LOS objects, 14% free, 98MB/114MB, paused 2.211ms total 131.744ms
I/art: Background sticky concurrent mark sweep GC freed 1125662(27MB) AllocSpace objects, 0(0B) LOS objects, 12% free, 100MB/114MB, paused 1.179ms total 125.673ms
I/art: Background sticky concurrent mark sweep GC freed 970027(24MB) AllocSpace objects, 0(0B) LOS objects, 11% free, 101MB/114MB, paused 1.128ms total 101.684ms
I/art: Background partial concurrent mark sweep GC freed 1734657(45MB) AllocSpace objects, 0(0B) LOS objects, 12% free, 110MB/126MB, paused 3.458ms total 358.598ms
I/art: Background sticky concurrent mark sweep GC freed 1315582(32MB) AllocSpace objects, 0(0B) LOS objects, 12% free, 107MB/123MB, paused 1.500ms total 128.763ms
I/art: Background partial concurrent mark sweep GC freed 2146268(58MB) AllocSpace objects, 0(0B) LOS objects, 13% free, 104MB/120MB, paused 1.127ms total 236.318ms
I/art: Background sticky concurrent mark sweep GC freed 1036994(24MB) AllocSpace objects, 0(0B) LOS objects, 5% free, 109MB/115MB, paused 2.053ms total 117.205ms
I/art: Background partial concurrent mark sweep GC freed 1706526(46MB) AllocSpace objects, 0(0B) LOS objects, 13% free, 100MB/116MB, paused 1.828ms total 212.799ms
I/art: Background sticky concurrent mark sweep GC freed 1095728(27MB) AllocSpace objects, 0(0B) LOS objects, 13% free, 100MB/116MB, paused 1.114ms total 108.666ms
I/art: Background sticky concurrent mark sweep GC freed 1006328(24MB) AllocSpace objects, 0(0B) LOS objects, 10% free, 103MB/116MB, paused 3.329ms total 111.419ms
I/art: Background partial concurrent mark sweep GC freed 1985621(53MB) AllocSpace objects, 0(0B) LOS objects, 13% free, 99MB/115MB, paused 1.385ms total 330.820ms
I/art: Background sticky concurrent mark sweep GC freed 1437141(35MB) AllocSpace objects, 0(0B) LOS objects, 14% free, 94MB/110MB, paused 1.270ms total 147.315ms
I/art: Background sticky concurrent mark sweep GC freed 1173788(28MB) AllocSpace objects, 0(0B) LOS objects, 14% free, 95MB/110MB, paused 1.410ms total 128.184ms
I/art: Background sticky concurrent mark sweep GC freed 1053553(26MB) AllocSpace objects, 0(0B) LOS objects, 13% free, 95MB/110MB, paused 1.021ms total 109.815ms
I/art: Background sticky concurrent mark sweep GC freed 962673(23MB) AllocSpace objects, 0(0B) LOS objects, 10% free, 98MB/110MB, paused 1.986ms total 105.647ms
I/art: Background sticky concurrent mark sweep GC freed 849872(20MB) AllocSpace objects, 0(0B) LOS objects, 8% free, 101MB/110MB, paused 1.200ms total 107.304ms
I/art: Background partial concurrent mark sweep GC freed 1728571(46MB) AllocSpace objects, 0(0B) LOS objects, 13% free, 102MB/118MB, paused 2.417ms total 319.138ms
I/art: Background sticky concurrent mark sweep GC freed 1271585(30MB) AllocSpace objects, 0(0B) LOS objects, 11% free, 105MB/118MB, paused 3.756ms total 145.737ms
I/art: Background sticky concurrent mark sweep GC freed 984535(23MB) AllocSpace objects, 0(0B) LOS objects, 8% free, 108MB/118MB, paused 1.277ms total 128.877ms
I/art: Background partial concurrent mark sweep GC freed 2153854(56MB) AllocSpace objects, 0(0B) LOS objects, 13% free, 102MB/118MB, paused 1.483ms total 347.992ms
I/art: Background sticky concurrent mark sweep GC freed 1487245(36MB) AllocSpace objects, 0(0B) LOS objects, 14% free, 97MB/113MB, paused 1.199ms total 157.399ms
I/art: Background sticky concurrent mark sweep GC freed 1189020(29MB) AllocSpace objects, 0(0B) LOS objects, 14% free, 96MB/112MB, paused 842us total 119.516ms
I/art: Background sticky concurrent mark sweep GC freed 1061386(25MB) AllocSpace objects, 0(0B) LOS objects, 11% free, 99MB/112MB, paused 1.090ms total 121.079ms
I/art: Background partial concurrent mark sweep GC freed 1519206(41MB) AllocSpace objects, 0(0B) LOS objects, 12% free, 107MB/123MB, paused 3.693ms total 246.651ms
I/art: Background partial concurrent mark sweep GC freed 2010408(54MB) AllocSpace objects, 0(0B) LOS objects, 13% free, 103MB/119MB, paused 1.782ms total 230.048ms
I/art: Background sticky concurrent mark sweep GC freed 1000717(23MB) AllocSpace objects, 0(0B) LOS objects, 3% free, 111MB/116MB, paused 3.556ms total 168.303ms
I/art: Background partial concurrent mark sweep GC freed 2039249(53MB) AllocSpace objects, 0(0B) LOS objects, 13% free, 100MB/116MB, paused 1.816ms total 332.015ms
I/art: Background sticky concurrent mark sweep GC freed 1446753(35MB) AllocSpace objects, 0(0B) LOS objects, 14% free, 96MB/112MB, paused 1.147ms total 150.105ms
I/art: Background sticky concurrent mark sweep GC freed 1181373(29MB) AllocSpace objects, 0(0B) LOS objects, 14% free, 95MB/111MB, paused 1.079ms total 116.078ms
I/art: Background sticky concurrent mark sweep GC freed 1063298(26MB) AllocSpace objects, 0(0B) LOS objects, 13% free, 97MB/111MB, paused 1.490ms total 107.827ms
I/art: Background sticky concurrent mark sweep GC freed 951198(23MB) AllocSpace objects, 0(0B) LOS objects, 8% free, 102MB/111MB, paused 1.323ms total 126.671ms
I/art: Background partial concurrent mark sweep GC freed 1745269(45MB) AllocSpace objects, 0(0B) LOS objects, 13% free, 100MB/116MB, paused 1.513ms total 309.052ms
I/art: Background sticky concurrent mark sweep GC freed 1306124(32MB) AllocSpace objects, 0(0B) LOS objects, 13% free, 99MB/115MB, paused 1.027ms total 133.315ms
I/art: Background sticky concurrent mark sweep GC freed 1127813(27MB) AllocSpace objects, 0(0B) LOS objects, 13% free, 99MB/115MB, paused 1.061ms total 112.947ms
I/art: Background sticky concurrent mark sweep GC freed 979071(23MB) AllocSpace objects, 0(0B) LOS objects, 9% free, 103MB/115MB, paused 3.994ms total 113.362ms
I/art: Background partial concurrent mark sweep GC freed 1898926(50MB) AllocSpace objects, 0(0B) LOS objects, 13% free, 100MB/116MB, paused 3.131ms total 319.324ms
I/art: Background sticky concurrent mark sweep GC freed 1309129(32MB) AllocSpace objects, 0(0B) LOS objects, 13% free, 100MB/116MB, paused 4.381ms total 137.925ms
I/art: Background sticky concurrent mark sweep GC freed 1175653(29MB) AllocSpace objects, 0(0B) LOS objects, 13% free, 100MB/116MB, paused 1.298ms total 121.137ms
I/art: Background sticky concurrent mark sweep GC freed 1056946(26MB) AllocSpace objects, 0(0B) LOS objects, 12% free, 101MB/116MB, paused 1.061ms total 109.517ms
I/art: Background sticky concurrent mark sweep GC freed 958409(23MB) AllocSpace objects, 0(0B) LOS objects, 10% free, 103MB/116MB, paused 1.117ms total 101.264ms
I/art: Background sticky concurrent mark sweep GC freed 389320(9MB) AllocSpace objects, 0(0B) LOS objects, 0% free, 115MB/116MB, paused 8.827ms total 77.476ms
I/art: Background partial concurrent mark sweep GC freed 1832990(50MB) AllocSpace objects, 0(0B) LOS objects, 14% free, 97MB/113MB, paused 1.202ms total 227.657ms
I/art: Background sticky concurrent mark sweep GC freed 1342901(33MB) AllocSpace objects, 0(0B) LOS objects, 14% free, 93MB/109MB, paused 718us total 103.577ms
I/art: Background partial concurrent mark sweep GC freed 1542262(42MB) AllocSpace objects, 0(0B) LOS objects, 13% free, 99MB/115MB, paused 1.131ms total 211.458ms
I/art: Background sticky concurrent mark sweep GC freed 1000249(23MB) AllocSpace objects, 0(0B) LOS objects, 7% free, 107MB/115MB, paused 11.081ms total 111.147ms
I/art: Background partial concurrent mark sweep GC freed 1863605(50MB) AllocSpace objects, 0(0B) LOS objects, 13% free, 99MB/115MB, paused 1.655ms total 298.519ms
I/art: Background sticky concurrent mark sweep GC freed 1288755(31MB) AllocSpace objects, 0(0B) LOS objects, 13% free, 99MB/115MB, paused 2.087ms total 141.778ms
I/art: Background sticky concurrent mark sweep GC freed 1095465(27MB) AllocSpace objects, 0(0B) LOS objects, 13% free, 100MB/115MB, paused 2.200ms total 111.289ms
I/art: Background sticky concurrent mark sweep GC freed 1014492(25MB) AllocSpace objects, 0(0B) LOS objects, 11% free, 102MB/115MB, paused 972us total 105.210ms
I/art: Background sticky concurrent mark sweep GC freed 481296(11MB) AllocSpace objects, 0(0B) LOS objects, 1% free, 113MB/115MB, paused 8.251ms total 106.801ms
I/art: Background partial concurrent mark sweep GC freed 1891541(51MB) AllocSpace objects, 0(0B) LOS objects, 13% free, 98MB/114MB, paused 1.418ms total 314.685ms
I/art: Background sticky concurrent mark sweep GC freed 1384467(34MB) AllocSpace objects, 0(0B) LOS objects, 14% free, 94MB/110MB, paused 1.146ms total 145.427ms
I/art: Background sticky concurrent mark sweep GC freed 1147628(28MB) AllocSpace objects, 0(0B) LOS objects, 14% free, 94MB/110MB, paused 1.319ms total 119.550ms
I/art: Background sticky concurrent mark sweep GC freed 1053728(26MB) AllocSpace objects, 0(0B) LOS objects, 13% free, 95MB/110MB, paused 1.088ms total 110.819ms
I/art: Background sticky concurrent mark sweep GC freed 953333(23MB) AllocSpace objects, 0(0B) LOS objects, 10% free, 99MB/110MB, paused 2.759ms total 108.615ms
I/art: Background sticky concurrent mark sweep GC freed 822773(20MB) AllocSpace objects, 0(0B) LOS objects, 8% free, 101MB/110MB, paused 2.097ms total 103.906ms
I/art: Background partial concurrent mark sweep GC freed 1734916(46MB) AllocSpace objects, 0(0B) LOS objects, 13% free, 103MB/119MB, paused 2.321ms total 309.378ms
I/art: Background sticky concurrent mark sweep GC freed 1256788(30MB) AllocSpace objects, 0(0B) LOS objects, 12% free, 104MB/119MB, paused 3.056ms total 137.494ms
I/art: Background sticky concurrent mark sweep GC freed 1000873(24MB) AllocSpace objects, 0(0B) LOS objects, 8% free, 109MB/119MB, paused 1.366ms total 134.236ms
I/art: Background partial concurrent mark sweep GC freed 2118497(55MB) AllocSpace objects, 0(0B) LOS objects, 13% free, 101MB/117MB, paused 1.296ms total 310.750ms
I/art: Background sticky concurrent mark sweep GC freed 1476160(36MB) AllocSpace objects, 0(0B) LOS objects, 14% free, 96MB/112MB, paused 845us total 114.049ms
I/art: Background sticky concurrent mark sweep GC freed 1078324(26MB) AllocSpace objects, 0(0B) LOS objects, 9% free, 100MB/111MB, paused 1.600ms total 103.122ms
I/art: Background partial concurrent mark sweep GC freed 1653663(44MB) AllocSpace objects, 0(0B) LOS objects, 13% free, 105MB/121MB, paused 1.467ms total 240.571ms
I/art: Background partial concurrent mark sweep GC freed 1983086(53MB) AllocSpace objects, 0(0B) LOS objects, 13% free, 105MB/121MB, paused 2.464ms total 325.557ms
I/art: Background sticky concurrent mark sweep GC freed 1406302(34MB) AllocSpace objects, 0(0B) LOS objects, 13% free, 101MB/117MB, paused 1.155ms total 123.380ms
I/art: Background sticky concurrent mark sweep GC freed 1013400(24MB) AllocSpace objects, 0(0B) LOS objects, 9% free, 106MB/117MB, paused 7.355ms total 126.060ms
I/art: Background sticky concurrent mark sweep GC freed 786879(19MB) AllocSpace objects, 0(0B) LOS objects, 7% free, 108MB/117MB, paused 1.533ms total 102.274ms
I/art: Background partial concurrent mark sweep GC freed 2049800(54MB) AllocSpace objects, 0(0B) LOS objects, 13% free, 101MB/117MB, paused 1.563ms total 325.433ms
I/art: Background sticky concurrent mark sweep GC freed 1425650(35MB) AllocSpace objects, 0(0B) LOS objects, 14% free, 97MB/113MB, paused 1.488ms total 141.065ms
I/art: Background sticky concurrent mark sweep GC freed 1185858(29MB) AllocSpace objects, 0(0B) LOS objects, 14% free, 97MB/113MB, paused 1.558ms total 119.617ms
I/art: Background sticky concurrent mark sweep GC freed 1101204(26MB) AllocSpace objects, 0(0B) LOS objects, 9% free, 102MB/113MB, paused 2.389ms total 136.827ms
I/art: Background partial concurrent mark sweep GC freed 1542470(40MB) AllocSpace objects, 0(0B) LOS objects, 12% free, 111MB/127MB, paused 22.988ms total 350.918ms
I/art: Background sticky concurrent mark sweep GC freed 1213330(30MB) AllocSpace objects, 0(0B) LOS objects, 12% free, 110MB/126MB, paused 1.459ms total 117.576ms
I/art: Background sticky concurrent mark sweep GC freed 1078459(26MB) AllocSpace objects, 0(0B) LOS objects, 12% free, 110MB/126MB, paused 2.250ms total 102.231ms
I/art: Background sticky concurrent mark sweep GC freed 969138(23MB) AllocSpace objects, 0(0B) LOS objects, 10% free, 113MB/126MB, paused 1.225ms total 110.754ms
I/art: Background partial concurrent mark sweep GC freed 2255931(60MB) AllocSpace objects, 0(0B) LOS objects, 13% free, 105MB/121MB, paused 1.562ms total 350.290ms
I/art: Background sticky concurrent mark sweep GC freed 1492476(37MB) AllocSpace objects, 0(0B) LOS objects, 13% free, 100MB/116MB, paused 1.289ms total 140.951ms
I/art: Background sticky concurrent mark sweep GC freed 1214125(30MB) AllocSpace objects, 0(0B) LOS objects, 13% free, 99MB/115MB, paused 1.496ms total 112.240ms
I/art: Background sticky concurrent mark sweep GC freed 1079923(26MB) AllocSpace objects, 0(0B) LOS objects, 12% free, 100MB/115MB, paused 1.677ms total 104.735ms
I/art: Background sticky concurrent mark sweep GC freed 903193(21MB) AllocSpace objects, 0(0B) LOS objects, 2% free, 112MB/115MB, paused 2.915ms total 160.589ms
I/art: Background partial concurrent mark sweep GC freed 1946172(51MB) AllocSpace objects, 0(0B) LOS objects, 13% free, 99MB/115MB, paused 1.789ms total 321.377ms
I/art: Background sticky concurrent mark sweep GC freed 1393298(34MB) AllocSpace objects, 0(0B) LOS objects, 14% free, 96MB/112MB, paused 1.561ms total 146.926ms
I/art: Background sticky concurrent mark sweep GC freed 638679(15MB) AllocSpace objects, 0(0B) LOS objects, 6% free, 104MB/112MB, paused 5.760ms total 61.141ms
I/art: Background partial concurrent mark sweep GC freed 1561523(42MB) AllocSpace objects, 0(0B) LOS objects, 13% free, 103MB/119MB, paused 1.479ms total 229.787ms
I/art: Background partial concurrent mark sweep GC freed 1926705(52MB) AllocSpace objects, 0(0B) LOS objects, 13% free, 102MB/118MB, paused 1.646ms total 303.511ms
I/art: Background sticky concurrent mark sweep GC freed 1374294(34MB) AllocSpace objects, 0(0B) LOS objects, 13% free, 99MB/115MB, paused 1.088ms total 127.086ms
I/art: Background sticky concurrent mark sweep GC freed 989937(23MB) AllocSpace objects, 0(0B) LOS objects, 7% free, 107MB/115MB, paused 7.857ms total 136.423ms
I/art: Background partial concurrent mark sweep GC freed 2007280(52MB) AllocSpace objects, 0(0B) LOS objects, 13% free, 100MB/116MB, paused 4.276ms total 331.761ms
I/art: Background sticky concurrent mark sweep GC freed 1466978(36MB) AllocSpace objects, 0(0B) LOS objects, 14% free, 97MB/113MB, paused 1.469ms total 154.393ms
I/art: Background sticky concurrent mark sweep GC freed 1193421(29MB) AllocSpace objects, 0(0B) LOS objects, 14% free, 96MB/112MB, paused 1.071ms total 120.606ms
I/art: Background sticky concurrent mark sweep GC freed 1076788(26MB) AllocSpace objects, 0(0B) LOS objects, 13% free, 96MB/112MB, paused 1.621ms total 108.224ms
I/art: Background sticky concurrent mark sweep GC freed 974449(23MB) AllocSpace objects, 0(0B) LOS objects, 10% free, 100MB/112MB, paused 900us total 112.240ms
I/art: Background partial concurrent mark sweep GC freed 1523783(41MB) AllocSpace objects, 0(0B) LOS objects, 12% free, 107MB/123MB, paused 2.462ms total 332.373ms
I/art: Background sticky concurrent mark sweep GC freed 1224850(30MB) AllocSpace objects, 0(0B) LOS objects, 13% free, 106MB/122MB, paused 1.223ms total 111.571ms
I/art: Background sticky concurrent mark sweep GC freed 1100768(27MB) AllocSpace objects, 0(0B) LOS objects, 11% free, 108MB/122MB, paused 1.932ms total 117.033ms
I/art: Background partial concurrent mark sweep GC freed 2087627(55MB) AllocSpace objects, 0(0B) LOS objects, 13% free, 104MB/120MB, paused 1.717ms total 322.713ms
I/art: Background sticky concurrent mark sweep GC freed 1433016(35MB) AllocSpace objects, 0(0B) LOS objects, 13% free, 100MB/116MB, paused 1.308ms total 134.121ms
I/art: Background sticky concurrent mark sweep GC freed 1177907(29MB) AllocSpace objects, 0(0B) LOS objects, 13% free, 99MB/115MB, paused 1.253ms total 108.430ms
I/art: Background sticky concurrent mark sweep GC freed 1035268(25MB) AllocSpace objects, 0(0B) LOS objects, 10% free, 103MB/115MB, paused 2.991ms total 109.561ms
I/art: Background partial concurrent mark sweep GC freed 1790518(49MB) AllocSpace objects, 0(0B) LOS objects, 13% free, 102MB/118MB, paused 1.911ms total 234.079ms
I/art: Background sticky concurrent mark sweep GC freed 713831(16MB) AllocSpace objects, 0(0B) LOS objects, 6% free, 108MB/115MB, paused 15.099ms total 103.695ms
I/art: Background partial concurrent mark sweep GC freed 1909510(51MB) AllocSpace objects, 0(0B) LOS objects, 13% free, 98MB/114MB, paused 1.433ms total 315.459ms
I/art: Background sticky concurrent mark sweep GC freed 1397150(34MB) AllocSpace objects, 0(0B) LOS objects, 14% free, 94MB/110MB, paused 1.096ms total 142.629ms
I/art: Background sticky concurrent mark sweep GC freed 1156907(28MB) AllocSpace objects, 0(0B) LOS objects, 14% free, 94MB/110MB, paused 984us total 119.273ms
I/art: Background sticky concurrent mark sweep GC freed 1055887(26MB) AllocSpace objects, 0(0B) LOS objects, 13% free, 95MB/110MB, paused 1.492ms total 107.481ms
I/art: Background sticky concurrent mark sweep GC freed 940760(23MB) AllocSpace objects, 0(0B) LOS objects, 11% free, 98MB/110MB, paused 2.954ms total 101.709ms
I/art: Background sticky concurrent mark sweep GC freed 857327(21MB) AllocSpace objects, 0(0B) LOS objects, 8% free, 100MB/110MB, paused 983us total 107.131ms
I/art: Background partial concurrent mark sweep GC freed 1737362(46MB) AllocSpace objects, 0(0B) LOS objects, 13% free, 102MB/118MB, paused 1.491ms total 310.404ms
I/art: Background sticky concurrent mark sweep GC freed 1287846(31MB) AllocSpace objects, 0(0B) LOS objects, 13% free, 101MB/117MB, paused 3.375ms total 127.502ms
I/art: Background sticky concurrent mark sweep GC freed 1109336(26MB) AllocSpace objects, 0(0B) LOS objects, 12% free, 102MB/117MB, paused 2.085ms total 118.148ms
I/art: Background sticky concurrent mark sweep GC freed 954256(23MB) AllocSpace objects, 0(0B) LOS objects, 10% free, 104MB/117MB, paused 4.810ms total 100.350ms
I/art: Background sticky concurrent mark sweep GC freed 473864(11MB) AllocSpace objects, 0(0B) LOS objects, 3% free, 113MB/117MB, paused 5.086ms total 80.346ms
I/art: Background partial concurrent mark sweep GC freed 1908430(52MB) AllocSpace objects, 0(0B) LOS objects, 13% free, 101MB/117MB, paused 1.605ms total 307.341ms
I/art: Background sticky concurrent mark sweep GC freed 1345349(33MB) AllocSpace objects, 0(0B) LOS objects, 14% free, 98MB/114MB, paused 1.050ms total 126.121ms
I/art: Background sticky concurrent mark sweep GC freed 1134711(27MB) AllocSpace objects, 0(0B) LOS objects, 13% free, 98MB/114MB, paused 988us total 111.933ms
I/art: Background sticky concurrent mark sweep GC freed 1022668(25MB) AllocSpace objects, 0(0B) LOS objects, 12% free, 99MB/114MB, paused 3.281ms total 102.206ms
I/art: Background sticky concurrent mark sweep GC freed 734029(17MB) AllocSpace objects, 0(0B) LOS objects, 2% free, 111MB/114MB, paused 2.591ms total 138.054ms
I/art: Background partial concurrent mark sweep GC freed 1836313(49MB) AllocSpace objects, 0(0B) LOS objects, 13% free, 98MB/114MB, paused 3.265ms total 302.937ms
I/art: Background sticky concurrent mark sweep GC freed 1332626(33MB) AllocSpace objects, 0(0B) LOS objects, 14% free, 96MB/112MB, paused 1.773ms total 129.642ms
I/art: Background partial concurrent mark sweep GC freed 1661315(44MB) AllocSpace objects, 0(0B) LOS objects, 13% free, 104MB/120MB, paused 1.483ms total 239.174ms
I/art: Background partial concurrent mark sweep GC freed 1942620(52MB) AllocSpace objects, 0(0B) LOS objects, 13% free, 103MB/119MB, paused 3.278ms total 314.260ms
I/art: Background sticky concurrent mark sweep GC freed 1383325(34MB) AllocSpace objects, 0(0B) LOS objects, 13% free, 100MB/116MB, paused 1.516ms total 125.454ms
I/art: Background sticky concurrent mark sweep GC freed 1002026(23MB) AllocSpace objects, 0(0B) LOS objects, 8% free, 106MB/116MB, paused 7.627ms total 131.652ms
I/art: Background partial concurrent mark sweep GC freed 1979978(51MB) AllocSpace objects, 0(0B) LOS objects, 13% free, 100MB/116MB, paused 1.674ms total 329.026ms
I/art: Background sticky concurrent mark sweep GC freed 1401679(34MB) AllocSpace objects, 0(0B) LOS objects, 14% free, 96MB/112MB, paused 2.808ms total 141.973ms
I/art: Background sticky concurrent mark sweep GC freed 1179727(29MB) AllocSpace objects, 0(0B) LOS objects, 14% free, 95MB/111MB, paused 1.057ms total 120.789ms
I/art: Background sticky concurrent mark sweep GC freed 1071711(26MB) AllocSpace objects, 0(0B) LOS objects, 13% free, 96MB/111MB, paused 1.325ms total 114.476ms
I/art: Background sticky concurrent mark sweep GC freed 969624(23MB) AllocSpace objects, 0(0B) LOS objects, 10% free, 100MB/111MB, paused 1.034ms total 112.519ms
I/art: Background partial concurrent mark sweep GC freed 1692725(44MB) AllocSpace objects, 0(0B) LOS objects, 13% free, 105MB/121MB, paused 8.153ms total 325.617ms
I/art: Background sticky concurrent mark sweep GC freed 1298917(31MB) AllocSpace objects, 0(0B) LOS objects, 13% free, 104MB/120MB, paused 908us total 130.184ms
I/art: Background sticky concurrent mark sweep GC freed 1106195(27MB) AllocSpace objects, 0(0B) LOS objects, 13% free, 103MB/119MB, paused 975us total 108.590ms
I/art: Background sticky concurrent mark sweep GC freed 1004676(24MB) AllocSpace objects, 0(0B) LOS objects, 10% free, 107MB/119MB, paused 2.431ms total 109.112ms
I/art: Background partial concurrent mark sweep GC freed 2075863(55MB) AllocSpace objects, 0(0B) LOS objects, 13% free, 103MB/119MB, paused 1.809ms total 333.778ms
I/art: Background sticky concurrent mark sweep GC freed 1442468(35MB) AllocSpace objects, 0(0B) LOS objects, 13% free, 99MB/115MB, paused 962us total 131.651ms
I/art: Background sticky concurrent mark sweep GC freed 1183473(29MB) AllocSpace objects, 0(0B) LOS objects, 14% free, 97MB/113MB, paused 1.047ms total 107.616ms
I/art: Background sticky concurrent mark sweep GC freed 1073096(26MB) AllocSpace objects, 0(0B) LOS objects, 12% free, 99MB/113MB, paused 1.049ms total 100.743ms
I/art: Background sticky concurrent mark sweep GC freed 819047(19MB) AllocSpace objects, 0(0B) LOS objects, 6% free, 106MB/113MB, paused 8.685ms total 122.159ms
I/art: Background partial concurrent mark sweep GC freed 1850547(49MB) AllocSpace objects, 0(0B) LOS objects, 13% free, 98MB/114MB, paused 1.655ms total 309.880ms
I/art: Background sticky concurrent mark sweep GC freed 1368361(33MB) AllocSpace objects, 0(0B) LOS objects, 14% free, 95MB/111MB, paused 2.345ms total 142.075ms
I/art: Background sticky concurrent mark sweep GC freed 1124021(27MB) AllocSpace objects, 0(0B) LOS objects, 13% free, 96MB/111MB, paused 1.221ms total 129.883ms
I/art: Background partial concurrent mark sweep GC freed 1398732(37MB) AllocSpace objects, 0(0B) LOS objects, 12% free, 111MB/127MB, paused 15.607ms total 253.776ms
I/art: Background sticky concurrent mark sweep GC freed 715460(17MB) AllocSpace objects, 0(0B) LOS objects, 4% free, 121MB/127MB, paused 2.649ms total 111.781ms
I/art: Background partial concurrent mark sweep GC freed 2256392(60MB) AllocSpace objects, 0(0B) LOS objects, 13% free, 105MB/121MB, paused 5.528ms total 354.758ms
I/art: Background sticky concurrent mark sweep GC freed 1515366(37MB) AllocSpace objects, 0(0B) LOS objects, 13% free, 100MB/116MB, paused 1.636ms total 143.292ms
I/art: Background sticky concurrent mark sweep GC freed 1211231(30MB) AllocSpace objects, 0(0B) LOS objects, 13% free, 99MB/115MB, paused 1.223ms total 118.160ms
I/art: Background sticky concurrent mark sweep GC freed 1082839(26MB) AllocSpace objects, 0(0B) LOS objects, 12% free, 100MB/115MB, paused 1.099ms total 103.446ms
I/art: Background sticky concurrent mark sweep GC freed 841050(19MB) AllocSpace objects, 0(0B) LOS objects, 5% free, 109MB/115MB, paused 8.716ms total 128.554ms
I/art: Background partial concurrent mark sweep GC freed 1948623(51MB) AllocSpace objects, 0(0B) LOS objects, 13% free, 99MB/115MB, paused 3.003ms total 317.723ms
I/art: Background sticky concurrent mark sweep GC freed 1364534(33MB) AllocSpace objects, 0(0B) LOS objects, 14% free, 96MB/112MB, paused 1.775ms total 142.019ms
I/art: Background sticky concurrent mark sweep GC freed 1150244(28MB) AllocSpace objects, 0(0B) LOS objects, 13% free, 97MB/112MB, paused 1.180ms total 120.119ms
I/art: Background sticky concurrent mark sweep GC freed 1046604(25MB) AllocSpace objects, 0(0B) LOS objects, 12% free, 98MB/112MB, paused 985us total 107.972ms
I/art: Background sticky concurrent mark sweep GC freed 957043(23MB) AllocSpace objects, 0(0B) LOS objects, 10% free, 101MB/112MB, paused 1.067ms total 108.465ms
I/art: Background partial concurrent mark sweep GC freed 1737795(46MB) AllocSpace objects, 0(0B) LOS objects, 13% free, 102MB/118MB, paused 2.673ms total 323.137ms
I/art: Background sticky concurrent mark sweep GC freed 1270895(30MB) AllocSpace objects, 0(0B) LOS objects, 11% free, 104MB/118MB, paused 3.285ms total 144.969ms
I/art: Background sticky concurrent mark sweep GC freed 990053(23MB) AllocSpace objects, 0(0B) LOS objects, 8% free, 108MB/118MB, paused 1.580ms total 136.433ms
I/art: Background partial concurrent mark sweep GC freed 2155569(56MB) AllocSpace objects, 0(0B) LOS objects, 13% free, 101MB/117MB, paused 1.634ms total 349.465ms
I/art: Background sticky concurrent mark sweep GC freed 1495801(37MB) AllocSpace objects, 0(0B) LOS objects, 14% free, 97MB/113MB, paused 1.667ms total 157.416ms
I/art: Background sticky concurrent mark sweep GC freed 1192669(29MB) AllocSpace objects, 0(0B) LOS objects, 14% free, 96MB/112MB, paused 1.020ms total 122.333ms
I/art: Background sticky concurrent mark sweep GC freed 1063926(25MB) AllocSpace objects, 0(0B) LOS objects, 11% free, 99MB/112MB, paused 996us total 119.156ms
I/art: Background partial concurrent mark sweep GC freed 1609069(43MB) AllocSpace objects, 0(0B) LOS objects, 12% free, 108MB/124MB, paused 2.814ms total 253.944ms
I/art: Background partial concurrent mark sweep GC freed 2035527(55MB) AllocSpace objects, 0(0B) LOS objects, 13% free, 104MB/120MB, paused 1.867ms total 322.622ms
I/art: Background sticky concurrent mark sweep GC freed 1390988(34MB) AllocSpace objects, 0(0B) LOS objects, 13% free, 103MB/119MB, paused 3.140ms total 137.353ms
I/art: Background sticky concurrent mark sweep GC freed 1161058(28MB) AllocSpace objects, 0(0B) LOS objects, 13% free, 102MB/118MB, paused 1.692ms total 107.537ms
I/art: Background sticky concurrent mark sweep GC freed 880596(21MB) AllocSpace objects, 0(0B) LOS objects, 9% free, 107MB/118MB, paused 1.444ms total 102.007ms
I/art: Background partial concurrent mark sweep GC freed 2001872(54MB) AllocSpace objects, 0(0B) LOS objects, 13% free, 102MB/118MB, paused 2.476ms total 312.219ms
I/art: Background sticky concurrent mark sweep GC freed 1407585(34MB) AllocSpace objects, 0(0B) LOS objects, 13% free, 99MB/115MB, paused 2.671ms total 131.364ms
I/art: Background sticky concurrent mark sweep GC freed 1143705(28MB) AllocSpace objects, 0(0B) LOS objects, 12% free, 100MB/115MB, paused 2.181ms total 121.163ms
I/art: Background sticky concurrent mark sweep GC freed 868817(20MB) AllocSpace objects, 0(0B) LOS objects, 7% free, 106MB/115MB, paused 2.801ms total 107.514ms
I/art: Background partial concurrent mark sweep GC freed 1951541(52MB) AllocSpace objects, 0(0B) LOS objects, 13% free, 100MB/116MB, paused 5.044ms total 320.654ms
I/art: Background sticky concurrent mark sweep GC freed 1375257(34MB) AllocSpace objects, 0(0B) LOS objects, 14% free, 96MB/112MB, paused 2.610ms total 132.891ms
I/art: Background sticky concurrent mark sweep GC freed 1166094(29MB) AllocSpace objects, 0(0B) LOS objects, 14% free, 96MB/112MB, paused 1.533ms total 113.750ms
I/art: Background sticky concurrent mark sweep GC freed 1060378(26MB) AllocSpace objects, 0(0B) LOS objects, 13% free, 97MB/112MB, paused 958us total 107.431ms
I/art: Background sticky concurrent mark sweep GC freed 960015(23MB) AllocSpace objects, 0(0B) LOS objects, 10% free, 100MB/112MB, paused 2.059ms total 109.805ms
I/art: Background partial concurrent mark sweep GC freed 1584632(42MB) AllocSpace objects, 0(0B) LOS objects, 13% free, 104MB/120MB, paused 1.601ms total 231.078ms
I/art: Background partial concurrent mark sweep GC freed 1940087(52MB) AllocSpace objects, 0(0B) LOS objects, 13% free, 103MB/119MB, paused 3.417ms total 237.861ms
I/art: Background sticky concurrent mark sweep GC freed 1324219(32MB) AllocSpace objects, 0(0B) LOS objects, 13% free, 102MB/118MB, paused 4.843ms total 129.768ms
I/art: Background sticky concurrent mark sweep GC freed 1151755(28MB) AllocSpace objects, 0(0B) LOS objects, 13% free, 102MB/118MB, paused 1.042ms total 100.441ms
I/art: Background sticky concurrent mark sweep GC freed 902294(21MB) AllocSpace objects, 0(0B) LOS objects, 5% free, 111MB/118MB, paused 22.025ms total 149.734ms
I/art: Background partial concurrent mark sweep GC freed 2047784(54MB) AllocSpace objects, 0(0B) LOS objects, 13% free, 101MB/117MB, paused 1.734ms total 330.261ms
I/art: Background sticky concurrent mark sweep GC freed 1465925(36MB) AllocSpace objects, 0(0B) LOS objects, 14% free, 97MB/113MB, paused 1.550ms total 154.605ms
I/art: Background sticky concurrent mark sweep GC freed 1175321(29MB) AllocSpace objects, 0(0B) LOS objects, 14% free, 96MB/112MB, paused 1.789ms total 117.421ms
I/art: Background sticky concurrent mark sweep GC freed 1087873(27MB) AllocSpace objects, 0(0B) LOS objects, 13% free, 97MB/112MB, paused 1.706ms total 109.084ms
I/art: Background sticky concurrent mark sweep GC freed 1000875(24MB) AllocSpace objects, 0(0B) LOS objects, 10% free, 101MB/112MB, paused 1.193ms total 115.292ms
I/art: Background partial concurrent mark sweep GC freed 1566235(41MB) AllocSpace objects, 0(0B) LOS objects, 12% free, 108MB/124MB, paused 3.507ms total 330.496ms
I/art: Background sticky concurrent mark sweep GC freed 1237805(30MB) AllocSpace objects, 0(0B) LOS objects, 13% free, 106MB/122MB, paused 1.157ms total 109.715ms
I/art: Background sticky concurrent mark sweep GC freed 1062219(26MB) AllocSpace objects, 0(0B) LOS objects, 12% free, 107MB/122MB, paused 2.479ms total 102.988ms
I/art: Background partial concurrent mark sweep GC freed 2126770(56MB) AllocSpace objects, 0(0B) LOS objects, 13% free, 104MB/120MB, paused 2.242ms total 325.258ms
I/art: Background sticky concurrent mark sweep GC freed 1448602(35MB) AllocSpace objects, 0(0B) LOS objects, 13% free, 101MB/117MB, paused 3.344ms total 142.267ms
I/art: Background sticky concurrent mark sweep GC freed 1172999(29MB) AllocSpace objects, 0(0B) LOS objects, 13% free, 100MB/116MB, paused 975us total 106.505ms
I/art: Background sticky concurrent mark sweep GC freed 1021661(25MB) AllocSpace objects, 0(0B) LOS objects, 10% free, 103MB/116MB, paused 3.644ms total 102.943ms
I/art: Background partial concurrent mark sweep GC freed 1950707(52MB) AllocSpace objects, 0(0B) LOS objects, 13% free, 101MB/117MB, paused 1.995ms total 321.047ms
I/art: Background sticky concurrent mark sweep GC freed 1424599(34MB) AllocSpace objects, 0(0B) LOS objects, 13% free, 101MB/117MB, paused 2.451ms total 167.011ms
I/art: Background sticky concurrent mark sweep GC freed 1165138(28MB) AllocSpace objects, 0(0B) LOS objects, 13% free, 100MB/116MB, paused 908us total 109.296ms
I/art: Background sticky concurrent mark sweep GC freed 1074202(26MB) AllocSpace objects, 0(0B) LOS objects, 12% free, 101MB/116MB, paused 1.186ms total 102.035ms
I/art: Background sticky concurrent mark sweep GC freed 995079(24MB) AllocSpace objects, 0(0B) LOS objects, 11% free, 103MB/116MB, paused 1.196ms total 104.266ms
I/art: Background partial concurrent mark sweep GC freed 1879118(51MB) AllocSpace objects, 0(0B) LOS objects, 14% free, 97MB/113MB, paused 972us total 234.773ms
I/art: Background sticky concurrent mark sweep GC freed 1374729(34MB) AllocSpace objects, 0(0B) LOS objects, 14% free, 93MB/109MB, paused 709us total 102.346ms
I/art: Background partial concurrent mark sweep GC freed 1674761(45MB) AllocSpace objects, 0(0B) LOS objects, 13% free, 102MB/118MB, paused 1.822ms total 307.459ms
I/art: Background sticky concurrent mark sweep GC freed 1182463(28MB) AllocSpace objects, 0(0B) LOS objects, 11% free, 104MB/118MB, paused 5.934ms total 130.801ms
I/art: Background sticky concurrent mark sweep GC freed 969792(23MB) AllocSpace objects, 0(0B) LOS objects, 9% free, 107MB/118MB, paused 1.631ms total 115.113ms
I/art: Background partial concurrent mark sweep GC freed 1898738(50MB) AllocSpace objects, 0(0B) LOS objects, 13% free, 105MB/121MB, paused 16.223ms total 343.055ms
I/art: Background sticky concurrent mark sweep GC freed 1383654(34MB) AllocSpace objects, 0(0B) LOS objects, 13% free, 102MB/118MB, paused 1.071ms total 125.847ms
I/art: Background sticky concurrent mark sweep GC freed 1145349(28MB) AllocSpace objects, 0(0B) LOS objects, 13% free, 102MB/118MB, paused 2.082ms total 110.221ms
I/art: Background sticky concurrent mark sweep GC freed 1040846(25MB) AllocSpace objects, 0(0B) LOS objects, 12% free, 103MB/118MB, paused 1.346ms total 103.486ms
I/art: Background sticky concurrent mark sweep GC freed 657621(15MB) AllocSpace objects, 0(0B) LOS objects, 2% free, 115MB/118MB, paused 2.558ms total 132.201ms
I/art: Background partial concurrent mark sweep GC freed 1944697(52MB) AllocSpace objects, 0(0B) LOS objects, 13% free, 98MB/114MB, paused 1.502ms total 311.809ms
I/art: Background sticky concurrent mark sweep GC freed 1375723(34MB) AllocSpace objects, 0(0B) LOS objects, 14% free, 95MB/111MB, paused 1.550ms total 142.475ms
I/art: Background sticky concurrent mark sweep GC freed 1138369(28MB) AllocSpace objects, 0(0B) LOS objects, 13% free, 96MB/111MB, paused 1.559ms total 123.559ms
I/art: Background sticky concurrent mark sweep GC freed 1024345(25MB) AllocSpace objects, 0(0B) LOS objects, 12% free, 97MB/111MB, paused 1.210ms total 105.870ms
I/art: Background sticky concurrent mark sweep GC freed 948415(22MB) AllocSpace objects, 0(0B) LOS objects, 8% free, 102MB/111MB, paused 2.295ms total 122.714ms
I/art: Background partial concurrent mark sweep GC freed 1681434(44MB) AllocSpace objects, 0(0B) LOS objects, 13% free, 102MB/118MB, paused 3.793ms total 311.288ms
I/art: Background sticky concurrent mark sweep GC freed 1287430(31MB) AllocSpace objects, 0(0B) LOS objects, 13% free, 101MB/117MB, paused 1.600ms total 130.965ms
I/art: Background sticky concurrent mark sweep GC freed 1060999(25MB) AllocSpace objects, 0(0B) LOS objects, 4% free, 111MB/117MB, paused 3.410ms total 146.090ms
I/art: Background partial concurrent mark sweep GC freed 2036675(53MB) AllocSpace objects, 0(0B) LOS objects, 13% free, 100MB/116MB, paused 2.462ms total 242.402ms
I/art: Background sticky concurrent mark sweep GC freed 1435062(35MB) AllocSpace objects, 0(0B) LOS objects, 14% free, 96MB/112MB, paused 925us total 106.890ms
I/art: Background partial concurrent mark sweep GC freed 1304714(35MB) AllocSpace objects, 0(0B) LOS objects, 12% free, 108MB/124MB, paused 18.634ms total 289.601ms
I/art: Background sticky concurrent mark sweep GC freed 1132971(28MB) AllocSpace objects, 0(0B) LOS objects, 12% free, 108MB/124MB, paused 983us total 107.262ms
I/art: Background sticky concurrent mark sweep GC freed 1062962(26MB) AllocSpace objects, 0(0B) LOS objects, 12% free, 109MB/124MB, paused 1.051ms total 103.260ms
I/art: Background sticky concurrent mark sweep GC freed 973344(23MB) AllocSpace objects, 0(0B) LOS objects, 10% free, 111MB/124MB, paused 1.024ms total 103.516ms
I/art: Background sticky concurrent mark sweep GC freed 717780(17MB) AllocSpace objects, 0(0B) LOS objects, 4% free, 118MB/124MB, paused 2.173ms total 110.008ms
I/art: Background partial concurrent mark sweep GC freed 2142858(57MB) AllocSpace objects, 0(0B) LOS objects, 13% free, 104MB/120MB, paused 1.843ms total 339.479ms
I/art: Background sticky concurrent mark sweep GC freed 1468815(36MB) AllocSpace objects, 0(0B) LOS objects, 13% free, 100MB/116MB, paused 1.643ms total 143.367ms
I/art: Background sticky concurrent mark sweep GC freed 1169168(28MB) AllocSpace objects, 0(0B) LOS objects, 13% free, 100MB/116MB, paused 4.731ms total 116.312ms
I/art: Background sticky concurrent mark sweep GC freed 1075236(26MB) AllocSpace objects, 0(0B) LOS objects, 13% free, 101MB/116MB, paused 1.642ms total 103.538ms
I/art: Background sticky concurrent mark sweep GC freed 860658(20MB) AllocSpace objects, 0(0B) LOS objects, 7% free, 108MB/116MB, paused 6.958ms total 116.924ms
I/art: Background partial concurrent mark sweep GC freed 2015342(53MB) AllocSpace objects, 0(0B) LOS objects, 13% free, 100MB/116MB, paused 1.647ms total 325.662ms
I/art: Background sticky concurrent mark sweep GC freed 1423846(35MB) AllocSpace objects, 0(0B) LOS objects, 14% free, 96MB/112MB, paused 2.968ms total 154.456ms
I/art: Background sticky concurrent mark sweep GC freed 1168323(28MB) AllocSpace objects, 0(0B) LOS objects, 13% free, 97MB/112MB, paused 1.510ms total 127.580ms
I/art: Background sticky concurrent mark sweep GC freed 1050074(26MB) AllocSpace objects, 0(0B) LOS objects, 13% free, 98MB/112MB, paused 1.554ms total 111.466ms
I/art: Background sticky concurrent mark sweep GC freed 958036(23MB) AllocSpace objects, 0(0B) LOS objects, 10% free, 101MB/112MB, paused 994us total 110.738ms
I/art: Background partial concurrent mark sweep GC freed 1816915(48MB) AllocSpace objects, 0(0B) LOS objects, 13% free, 103MB/119MB, paused 1.870ms total 327.362ms
I/art: Background sticky concurrent mark sweep GC freed 1269096(30MB) AllocSpace objects, 0(0B) LOS objects, 13% free, 103MB/119MB, paused 3.931ms total 140.758ms
I/art: Background sticky concurrent mark sweep GC freed 1044021(25MB) AllocSpace objects, 0(0B) LOS objects, 9% free, 107MB/119MB, paused 1.145ms total 137.439ms
I/art: Background partial concurrent mark sweep GC freed 1993340(53MB) AllocSpace objects, 0(0B) LOS objects, 13% free, 104MB/120MB, paused 2.660ms total 330.996ms
I/art: Background sticky concurrent mark sweep GC freed 1400861(34MB) AllocSpace objects, 0(0B) LOS objects, 13% free, 102MB/118MB, paused 5.113ms total 153.596ms
I/art: Background sticky concurrent mark sweep GC freed 1166588(28MB) AllocSpace objects, 0(0B) LOS objects, 13% free, 102MB/118MB, paused 2.720ms total 113.557ms
I/art: Background sticky concurrent mark sweep GC freed 1062325(26MB) AllocSpace objects, 0(0B) LOS objects, 11% free, 105MB/118MB, paused 1.173ms total 119.916ms
I/art: Background sticky concurrent mark sweep GC freed 924411(22MB) AllocSpace objects, 0(0B) LOS objects, 10% free, 105MB/118MB, paused 3.074ms total 101.749ms
I/art: Background sticky concurrent mark sweep GC freed 530673(12MB) AllocSpace objects, 0(0B) LOS objects, 1% free, 116MB/118MB, paused 5.952ms total 88.859ms
I/art: Background partial concurrent mark sweep GC freed 1954083(53MB) AllocSpace objects, 0(0B) LOS objects, 13% free, 98MB/114MB, paused 1.059ms total 238.223ms
I/art: Background sticky concurrent mark sweep GC freed 1397821(34MB) AllocSpace objects, 0(0B) LOS objects, 14% free, 94MB/110MB, paused 881us total 106.318ms
I/art: Background partial concurrent mark sweep GC freed 1540029(41MB) AllocSpace objects, 0(0B) LOS objects, 13% free, 104MB/120MB, paused 3.358ms total 286.405ms
I/art: Background sticky concurrent mark sweep GC freed 1246534(30MB) AllocSpace objects, 0(0B) LOS objects, 13% free, 103MB/119MB, paused 1.076ms total 118.188ms
I/art: Background sticky concurrent mark sweep GC freed 1078422(26MB) AllocSpace objects, 0(0B) LOS objects, 13% free, 103MB/119MB, paused 1.015ms total 103.910ms
I/art: Background sticky concurrent mark sweep GC freed 998700(24MB) AllocSpace objects, 0(0B) LOS objects, 10% free, 106MB/119MB, paused 2.256ms total 104.356ms
I/art: Background partial concurrent mark sweep GC freed 1977543(53MB) AllocSpace objects, 0(0B) LOS objects, 13% free, 102MB/118MB, paused 1.785ms total 322.222ms
I/art: Background sticky concurrent mark sweep GC freed 1408319(34MB) AllocSpace objects, 0(0B) LOS objects, 13% free, 99MB/115MB, paused 1.414ms total 143.266ms
I/art: Background sticky concurrent mark sweep GC freed 1163297(28MB) AllocSpace objects, 0(0B) LOS objects, 13% free, 99MB/115MB, paused 5.292ms total 118.176ms
I/art: Background sticky concurrent mark sweep GC freed 1082858(26MB) AllocSpace objects, 0(0B) LOS objects, 12% free, 100MB/115MB, paused 1.029ms total 101.103ms
I/art: Background sticky concurrent mark sweep GC freed 870784(20MB) AllocSpace objects, 0(0B) LOS objects, 6% free, 108MB/115MB, paused 7.427ms total 124.969ms
I/art: Background partial concurrent mark sweep GC freed 1959900(51MB) AllocSpace objects, 0(0B) LOS objects, 13% free, 99MB/115MB, paused 1.838ms total 321.978ms
I/art: Background sticky concurrent mark sweep GC freed 1407871(34MB) AllocSpace objects, 0(0B) LOS objects, 14% free, 96MB/112MB, paused 3.832ms total 151.637ms
I/art: Background sticky concurrent mark sweep GC freed 1168931(28MB) AllocSpace objects, 0(0B) LOS objects, 13% free, 97MB/112MB, paused 1.138ms total 126.280ms
I/art: Background sticky concurrent mark sweep GC freed 1061220(26MB) AllocSpace objects, 0(0B) LOS objects, 13% free, 98MB/112MB, paused 2.279ms total 115.307ms
I/art: Background sticky concurrent mark sweep GC freed 966787(23MB) AllocSpace objects, 0(0B) LOS objects, 10% free, 101MB/112MB, paused 1.010ms total 111.219ms
I/art: Background partial concurrent mark sweep GC freed 1818525(48MB) AllocSpace objects, 0(0B) LOS objects, 13% free, 103MB/119MB, paused 1.888ms total 325.940ms
I/art: Background sticky concurrent mark sweep GC freed 1286007(31MB) AllocSpace objects, 0(0B) LOS objects, 12% free, 104MB/119MB, paused 4.387ms total 139.552ms
I/art: Background sticky concurrent mark sweep GC freed 1077879(26MB) AllocSpace objects, 0(0B) LOS objects, 10% free, 107MB/119MB, paused 1.296ms total 138.480ms
I/art: Background partial concurrent mark sweep GC freed 2067736(54MB) AllocSpace objects, 0(0B) LOS objects, 13% free, 102MB/118MB, paused 1.749ms total 317.166ms
I/art: Background sticky concurrent mark sweep GC freed 1418815(34MB) AllocSpace objects, 0(0B) LOS objects, 13% free, 100MB/116MB, paused 1.574ms total 139.341ms
I/art: Background sticky concurrent mark sweep GC freed 1189688(29MB) AllocSpace objects, 0(0B) LOS objects, 13% free, 99MB/115MB, paused 1.251ms total 104.384ms
I/art: Background sticky concurrent mark sweep GC freed 1070030(26MB) AllocSpace objects, 0(0B) LOS objects, 11% free, 101MB/115MB, paused 2.690ms total 100.245ms
I/art: Background partial concurrent mark sweep GC freed 1886720(51MB) AllocSpace objects, 0(0B) LOS objects, 13% free, 98MB/114MB, paused 2.595ms total 242.192ms
I/art: Background sticky concurrent mark sweep GC freed 1407830(34MB) AllocSpace objects, 0(0B) LOS objects, 14% free, 94MB/110MB, paused 881us total 106.649ms
I/art: Background partial concurrent mark sweep GC freed 1504097(40MB) AllocSpace objects, 0(0B) LOS objects, 12% free, 109MB/125MB, paused 6.589ms total 331.886ms
I/art: Background sticky concurrent mark sweep GC freed 1247963(30MB) AllocSpace objects, 0(0B) LOS objects, 12% free, 110MB/125MB, paused 1.056ms total 136.716ms
I/art: Background sticky concurrent mark sweep GC freed 1067957(26MB) AllocSpace objects, 0(0B) LOS objects, 12% free, 110MB/125MB, paused 1.311ms total 108.179ms
I/art: Background sticky concurrent mark sweep GC freed 984149(24MB) AllocSpace objects, 0(0B) LOS objects, 9% free, 112MB/125MB, paused 1.304ms total 108.257ms
I/art: Background sticky concurrent mark sweep GC freed 731392(17MB) AllocSpace objects, 0(0B) LOS objects, 4% free, 119MB/125MB, paused 1.811ms total 113.001ms
I/art: Background partial concurrent mark sweep GC freed 2147099(57MB) AllocSpace objects, 0(0B) LOS objects, 13% free, 104MB/120MB, paused 1.832ms total 340.970ms
I/art: Background sticky concurrent mark sweep GC freed 1461032(36MB) AllocSpace objects, 0(0B) LOS objects, 13% free, 100MB/116MB, paused 1.539ms total 143.510ms
I/art: Background sticky concurrent mark sweep GC freed 1174992(29MB) AllocSpace objects, 0(0B) LOS objects, 13% free, 100MB/116MB, paused 5.222ms total 115.005ms
I/art: Background sticky concurrent mark sweep GC freed 1072090(26MB) AllocSpace objects, 0(0B) LOS objects, 13% free, 100MB/116MB, paused 1.549ms total 100.284ms
I/art: Background sticky concurrent mark sweep GC freed 875305(20MB) AllocSpace objects, 0(0B) LOS objects, 6% free, 108MB/116MB, paused 7.015ms total 118.535ms
I/art: Background partial concurrent mark sweep GC freed 1995806(52MB) AllocSpace objects, 0(0B) LOS objects, 13% free, 99MB/115MB, paused 1.649ms total 327.286ms
I/art: Background sticky concurrent mark sweep GC freed 1423616(35MB) AllocSpace objects, 0(0B) LOS objects, 14% free, 96MB/112MB, paused 2.364ms total 150.293ms
I/art: Background sticky concurrent mark sweep GC freed 1163046(28MB) AllocSpace objects, 0(0B) LOS objects, 13% free, 96MB/112MB, paused 1.036ms total 125.927ms
I/art: Background sticky concurrent mark sweep GC freed 1050354(26MB) AllocSpace objects, 0(0B) LOS objects, 13% free, 97MB/112MB, paused 1.336ms total 110.239ms
I/art: Background sticky concurrent mark sweep GC freed 970720(23MB) AllocSpace objects, 0(0B) LOS objects, 10% free, 101MB/112MB, paused 1.097ms total 112.170ms
I/art: Background partial concurrent mark sweep GC freed 1800246(47MB) AllocSpace objects, 0(0B) LOS objects, 13% free, 103MB/119MB, paused 1.625ms total 324.656ms
I/art: Background sticky concurrent mark sweep GC freed 1274124(31MB) AllocSpace objects, 0(0B) LOS objects, 13% free, 103MB/119MB, paused 4.500ms total 135.838ms
